Archive member included to satisfy reference by file (symbol)

c:/intelfpga_lite/23.1std/nios2eds/bin/gnu/h-x86_64-mingw32/bin/../lib/gcc/nios2-elf/12.3.1\libgcc.a(lib2-divmod.o)
                              obj/default/imported_source/ecatslv.o (__divsi3)
c:/intelfpga_lite/23.1std/nios2eds/bin/gnu/h-x86_64-mingw32/bin/../lib/gcc/nios2-elf/12.3.1/../../../../../H-x86_64-mingw32/nios2-elf/lib\libsmallc.a(libc_a-malloc.o)
                              obj/default/imported_source/ecatcoe.o (malloc)
c:/intelfpga_lite/23.1std/nios2eds/bin/gnu/h-x86_64-mingw32/bin/../lib/gcc/nios2-elf/12.3.1/../../../../../H-x86_64-mingw32/nios2-elf/lib\libsmallc.a(libc_a-mallocr.o)
                              c:/intelfpga_lite/23.1std/nios2eds/bin/gnu/h-x86_64-mingw32/bin/../lib/gcc/nios2-elf/12.3.1/../../../../../H-x86_64-mingw32/nios2-elf/lib\libsmallc.a(libc_a-malloc.o) (_malloc_r)
c:/intelfpga_lite/23.1std/nios2eds/bin/gnu/h-x86_64-mingw32/bin/../lib/gcc/nios2-elf/12.3.1/../../../../../H-x86_64-mingw32/nios2-elf/lib\libsmallc.a(libc_a-puts.o)
                              obj/default/hello_world_small.o (puts)
c:/intelfpga_lite/23.1std/nios2eds/bin/gnu/h-x86_64-mingw32/bin/../lib/gcc/nios2-elf/12.3.1/../../../../../H-x86_64-mingw32/nios2-elf/lib\libsmallc.a(libc_a-memcpy.o)
                              obj/default/imported_source/ax58100_hw.o (memcpy)
c:/intelfpga_lite/23.1std/nios2eds/bin/gnu/h-x86_64-mingw32/bin/../lib/gcc/nios2-elf/12.3.1/../../../../../H-x86_64-mingw32/nios2-elf/lib\libsmallc.a(libc_a-memset.o)
                              obj/default/imported_source/ax58100_hw.o (memset)
c:/intelfpga_lite/23.1std/nios2eds/bin/gnu/h-x86_64-mingw32/bin/../lib/gcc/nios2-elf/12.3.1/../../../../../H-x86_64-mingw32/nios2-elf/lib\libsmallc.a(libc_a-strlen.o)
                              obj/default/imported_source/objdef.o (strlen)
c:/intelfpga_lite/23.1std/nios2eds/bin/gnu/h-x86_64-mingw32/bin/../lib/gcc/nios2-elf/12.3.1/../../../../../H-x86_64-mingw32/nios2-elf/lib\libsmallc.a(libc_a-impure.o)
                              c:/intelfpga_lite/23.1std/nios2eds/bin/gnu/h-x86_64-mingw32/bin/../lib/gcc/nios2-elf/12.3.1/../../../../../H-x86_64-mingw32/nios2-elf/lib\libsmallc.a(libc_a-malloc.o) (_impure_ptr)
c:/intelfpga_lite/23.1std/nios2eds/bin/gnu/h-x86_64-mingw32/bin/../lib/gcc/nios2-elf/12.3.1/../../../../../H-x86_64-mingw32/nios2-elf/lib\libsmallc.a(libc_a-sbrkr.o)
                              c:/intelfpga_lite/23.1std/nios2eds/bin/gnu/h-x86_64-mingw32/bin/../lib/gcc/nios2-elf/12.3.1/../../../../../H-x86_64-mingw32/nios2-elf/lib\libsmallc.a(libc_a-mallocr.o) (_sbrk_r)
c:/intelfpga_lite/23.1std/nios2eds/bin/gnu/h-x86_64-mingw32/bin/../lib/gcc/nios2-elf/12.3.1/../../../../../H-x86_64-mingw32/nios2-elf/lib\libsmallc.a(libc_a-freer.o)
                              c:/intelfpga_lite/23.1std/nios2eds/bin/gnu/h-x86_64-mingw32/bin/../lib/gcc/nios2-elf/12.3.1/../../../../../H-x86_64-mingw32/nios2-elf/lib\libsmallc.a(libc_a-malloc.o) (_free_r)
c:/intelfpga_lite/23.1std/nios2eds/bin/gnu/h-x86_64-mingw32/bin/../lib/gcc/nios2-elf/12.3.1/../../../../../H-x86_64-mingw32/nios2-elf/lib\libsmallc.a(libc_a-fvwrite_small_dev.o)
                              c:/intelfpga_lite/23.1std/nios2eds/bin/gnu/h-x86_64-mingw32/bin/../lib/gcc/nios2-elf/12.3.1/../../../../../H-x86_64-mingw32/nios2-elf/lib\libsmallc.a(libc_a-puts.o) (__sfvwrite_small_dev)
c:/intelfpga_lite/23.1std/nios2eds/bin/gnu/h-x86_64-mingw32/bin/../lib/gcc/nios2-elf/12.3.1/../../../../../H-x86_64-mingw32/nios2-elf/lib\libsmallc.a(libc_a-int_errno.o)
                              c:/intelfpga_lite/23.1std/nios2eds/bin/gnu/h-x86_64-mingw32/bin/../lib/gcc/nios2-elf/12.3.1/../../../../../H-x86_64-mingw32/nios2-elf/lib\libsmallc.a(libc_a-sbrkr.o) (errno)
c:/intelfpga_lite/23.1std/nios2eds/bin/gnu/h-x86_64-mingw32/bin/../lib/gcc/nios2-elf/12.3.1/../../../../../H-x86_64-mingw32/nios2-elf/lib\libsmallc.a(libc_a-writer.o)
                              c:/intelfpga_lite/23.1std/nios2eds/bin/gnu/h-x86_64-mingw32/bin/../lib/gcc/nios2-elf/12.3.1/../../../../../H-x86_64-mingw32/nios2-elf/lib\libsmallc.a(libc_a-fvwrite_small_dev.o) (_write_r)
c:/Users/guan-ming.dennis-won/Documents/Code/SPI_4_Wire_Serial_Intel_FPGA_IP/software/NIOS_Project_Small_bsp/\libhal_bsp.a(alt_iic.o)
                              obj/default/nios_it/nios_it.o (alt_ic_isr_register)
c:/Users/guan-ming.dennis-won/Documents/Code/SPI_4_Wire_Serial_Intel_FPGA_IP/software/NIOS_Project_Small_bsp/\libhal_bsp.a(alt_iic_isr_register.o)
                              c:/Users/guan-ming.dennis-won/Documents/Code/SPI_4_Wire_Serial_Intel_FPGA_IP/software/NIOS_Project_Small_bsp/\libhal_bsp.a(alt_iic.o) (alt_iic_isr_register)
c:/Users/guan-ming.dennis-won/Documents/Code/SPI_4_Wire_Serial_Intel_FPGA_IP/software/NIOS_Project_Small_bsp/\libhal_bsp.a(alt_irq_entry.o)
[...]
Memory Configuration

Name             Origin             Length             Attributes
reset            0x00020000         0x00000020
RAM              0x00020020         0x00013fe0
*default*        0x00000000         0xffffffff

Linker script and memory map

LOAD c:/Users/guan-ming.dennis-won/Documents/Code/SPI_4_Wire_Serial_Intel_FPGA_IP/software/NIOS_Project_Small_bsp//obj/HAL/src/crt0.o
LOAD obj/default/hello_world_small.o
LOAD obj/default/imported_source/TENCL040_ESC.o
LOAD obj/default/imported_source/ax58100_hw.o
LOAD obj/default/imported_source/coeappl.o
LOAD obj/default/imported_source/ecatappl.o
LOAD obj/default/imported_source/ecatcoe.o
LOAD obj/default/imported_source/ecatslv.o
LOAD obj/default/imported_source/mailbox.o
LOAD obj/default/imported_source/objdef.o
LOAD obj/default/imported_source/sdoserv.o
LOAD obj/default/nios_it/nios_it.o
LOAD obj/default/peripheral/peripheral_linker.o
LOAD c:/intelfpga_lite/23.1std/nios2eds/bin/gnu/h-x86_64-mingw32/bin/../lib/gcc/nios2-elf/12.3.1/../../../../../H-x86_64-mingw32/nios2-elf/lib\libstdc++.a
LOAD c:/intelfpga_lite/23.1std/nios2eds/bin/gnu/h-x86_64-mingw32/bin/../lib/gcc/nios2-elf/12.3.1/../../../../../H-x86_64-mingw32/nios2-elf/lib\libm.a
LOAD c:/intelfpga_lite/23.1std/nios2eds/bin/gnu/h-x86_64-mingw32/bin/../lib/gcc/nios2-elf/12.3.1\libgcc.a
START GROUP
LOAD c:/intelfpga_lite/23.1std/nios2eds/bin/gnu/h-x86_64-mingw32/bin/../lib/gcc/nios2-elf/12.3.1/../../../../../H-x86_64-mingw32/nios2-elf/lib\libsmallc.a
LOAD c:/intelfpga_lite/23.1std/nios2eds/bin/gnu/h-x86_64-mingw32/bin/../lib/gcc/nios2-elf/12.3.1\libgcc.a
LOAD c:/Users/guan-ming.dennis-won/Documents/Code/SPI_4_Wire_Serial_Intel_FPGA_IP/software/NIOS_Project_Small_bsp/\libhal_bsp.a
LOAD c:/intelfpga_lite/23.1std/nios2eds/bin/gnu/h-x86_64-mingw32/bin/../lib/gcc/nios2-elf/12.3.1/../../../../../H-x86_64-mingw32/nios2-elf/lib\libm.a
END GROUP
LOAD c:/intelfpga_lite/23.1std/nios2eds/bin/gnu/h-x86_64-mingw32/bin/../lib/gcc/nios2-elf/12.3.1\libgcc.a
                0x00020000                        __alt_mem_RAM = 0x20000

.entry          0x00020000       0x20
 *(.entry)
 .entry         0x00020000       0x20 c:/Users/guan-ming.dennis-won/Documents/Code/SPI_4_Wire_Serial_Intel_FPGA_IP/software/NIOS_Project_Small_bsp//obj/HAL/src/crt0.o
                0x00020000                __reset
                0x0002001c                _exit

.exceptions     0x00020020      0x168
                0x00020020                        PROVIDE (__ram_exceptions_start = ABSOLUTE (.))
                0x00020020                        . = ALIGN (0x20)
 *(.irq)
 *(.exceptions.entry.label)
 .exceptions.entry.label
                0x00020020        0x0 c:/Users/guan-ming.dennis-won/Documents/Code/SPI_4_Wire_Serial_Intel_FPGA_IP/software/NIOS_Project_Small_bsp/\libhal_bsp.a(alt_irq_entry.o)
                0x00020020                alt_irq_entry
 .exceptions.entry.label
                0x00020020        0x0 c:/Users/guan-ming.dennis-won/Documents/Code/SPI_4_Wire_Serial_Intel_FPGA_IP/software/NIOS_Project_Small_bsp/\libhal_bsp.a(alt_exception_entry.o)
                0x00020020                alt_exception
 *(.exceptions.entry.user)
 *(.exceptions.entry.ecc_fatal)
 *(.exceptions.entry)
 .exceptions.entry
                0x00020020       0x54 c:/Users/guan-ming.dennis-won/Documents/Code/SPI_4_Wire_Serial_Intel_FPGA_IP/software/NIOS_Project_Small_bsp/\libhal_bsp.a(alt_exception_entry.o)
 *(.exceptions.irqtest.user)
 *(.exceptions.irqtest)
 .exceptions.irqtest
                0x00020074       0x10 c:/Users/guan-ming.dennis-won/Documents/Code/SPI_4_Wire_Serial_Intel_FPGA_IP/software/NIOS_Project_Small_bsp/\libhal_bsp.a(alt_irq_entry.o)
 *(.exceptions.irqhandler.user)
 *(.exceptions.irqhandler)
 .exceptions.irqhandler
                0x00020084        0x4 c:/Users/guan-ming.dennis-won/Documents/Code/SPI_4_Wire_Serial_Intel_FPGA_IP/software/NIOS_Project_Small_bsp/\libhal_bsp.a(alt_irq_entry.o)
 *(.exceptions.irqreturn.user)
 *(.exceptions.irqreturn)
 .exceptions.irqreturn
                0x00020088        0x4 c:/Users/guan-ming.dennis-won/Documents/Code/SPI_4_Wire_Serial_Intel_FPGA_IP/software/NIOS_Project_Small_bsp/\libhal_bsp.a(alt_irq_entry.o)
 *(.exceptions.notirq.label)
 .exceptions.notirq.label
                0x0002008c        0x0 c:/Users/guan-ming.dennis-won/Documents/Code/SPI_4_Wire_Serial_Intel_FPGA_IP/software/NIOS_Project_Small_bsp/\libhal_bsp.a(alt_irq_entry.o)
 *(.exceptions.notirq.user)
 *(.exceptions.notirq)
 .exceptions.notirq
                0x0002008c        0x8 c:/Users/guan-ming.dennis-won/Documents/Code/SPI_4_Wire_Serial_Intel_FPGA_IP/software/NIOS_Project_Small_bsp/\libhal_bsp.a(alt_exception_entry.o)
 *(.exceptions.soft.user)
 *(.exceptions.soft)
 *(.exceptions.unknown.user)
 *(.exceptions.unknown)
 .exceptions.unknown
                0x00020094       0x14 c:/Users/guan-ming.dennis-won/Documents/Code/SPI_4_Wire_Serial_Intel_FPGA_IP/software/NIOS_Project_Small_bsp/\libhal_bsp.a(alt_exception_entry.o)
 *(.exceptions.exit.label)
 .exceptions.exit.label
                0x000200a8        0x0 c:/Users/guan-ming.dennis-won/Documents/Code/SPI_4_Wire_Serial_Intel_FPGA_IP/software/NIOS_Project_Small_bsp/\libhal_bsp.a(alt_irq_entry.o)
 .exceptions.exit.label
                0x000200a8        0x0 c:/Users/guan-ming.dennis-won/Documents/Code/SPI_4_Wire_Serial_Intel_FPGA_IP/software/NIOS_Project_Small_bsp/\libhal_bsp.a(alt_exception_entry.o)
 *(.exceptions.exit.user)
 *(.exceptions.exit)
 .exceptions.exit
                0x000200a8       0x54 c:/Users/guan-ming.dennis-won/Documents/Code/SPI_4_Wire_Serial_Intel_FPGA_IP/software/NIOS_Project_Small_bsp/\libhal_bsp.a(alt_exception_entry.o)
 *(.exceptions)
 .exceptions    0x000200fc       0x60 c:/Users/guan-ming.dennis-won/Documents/Code/SPI_4_Wire_Serial_Intel_FPGA_IP/software/NIOS_Project_Small_bsp/\libhal_bsp.a(alt_irq_handler.o)
                0x000200fc                alt_irq_handler
 .exceptions    0x0002015c       0x2c c:/Users/guan-ming.dennis-won/Documents/Code/SPI_4_Wire_Serial_Intel_FPGA_IP/software/NIOS_Project_Small_bsp/\libhal_bsp.a(alt_instruction_exception_entry.o)
                0x0002015c                alt_instruction_exception_entry
                0x00020188                        PROVIDE (__ram_exceptions_end = ABSOLUTE (.))
                0x00020020                        PROVIDE (__flash_exceptions_start = LOADADDR (.exceptions))

.text           0x00020188     0x74b4
                [!provide]                        PROVIDE (stext = ABSOLUTE (.))
 *(.interp)
 *(.hash)
 *(.dynsym)
 *(.dynstr)
 *(.gnu.version)
 *(.gnu.version_d)
 *(.gnu.version_r)
 *(.rel.init)
 *(.rela.init)
 *(.rel.text .rel.text.* .rel.gnu.linkonce.t.*)
 *(.rela.text .rela.text.* .rela.gnu.linkonce.t.*)
 *(.rel.fini)
 *(.rela.fini)
 *(.rel.rodata .rel.rodata.* .rel.gnu.linkonce.r.*)
 *(.rela.rodata .rela.rodata.* .rela.gnu.linkonce.r.*)
 *(.rel.data .rel.data.* .rel.gnu.linkonce.d.*)
 *(.rela.data .rela.data.* .rela.gnu.linkonce.d.*)
 *(.rel.tdata .rel.tdata.* .rel.gnu.linkonce.td.*)
 *(.rela.tdata .rela.tdata.* .rela.gnu.linkonce.td.*)
 *(.rel.tbss .rel.tbss.* .rel.gnu.linkonce.tb.*)
 *(.rela.tbss .rela.tbss.* .rela.gnu.linkonce.tb.*)
 *(.rel.ctors)
 *(.rela.ctors)
 *(.rel.dtors)
 *(.rela.dtors)
 *(.rel.got)
 *(.rela.got)
 *(.rel.sdata .rel.sdata.* .rel.gnu.linkonce.s.*)
 *(.rela.sdata .rela.sdata.* .rela.gnu.linkonce.s.*)
 *(.rel.sbss .rel.sbss.* .rel.gnu.linkonce.sb.*)
 *(.rela.sbss .rela.sbss.* .rela.gnu.linkonce.sb.*)
 *(.rel.sdata2 .rel.sdata2.* .rel.gnu.linkonce.s2.*)
 *(.rela.sdata2 .rela.sdata2.* .rela.gnu.linkonce.s2.*)
 *(.rel.sbss2 .rel.sbss2.* .rel.gnu.linkonce.sb2.*)
 *(.rela.sbss2 .rela.sbss2.* .rela.gnu.linkonce.sb2.*)
 *(.rel.bss .rel.bss.* .rel.gnu.linkonce.b.*)
 *(.rela.bss .rela.bss.* .rela.gnu.linkonce.b.*)
 *(.rel.plt)
 *(.rela.plt)
 *(.rel.dyn)
 *(.init)
 *(.plt)
 *(.text .stub .text.* .gnu.linkonce.t.*)
 .text          0x00020188       0x4c c:/Users/guan-ming.dennis-won/Documents/Code/SPI_4_Wire_Serial_Intel_FPGA_IP/software/NIOS_Project_Small_bsp//obj/HAL/src/crt0.o
                0x00020188                _start
 .text          0x000201d4        0x0 obj/default/hello_world_small.o
 .text.startup  0x000201d4       0x28 obj/default/hello_world_small.o
                0x000201d4                main
 .text          0x000201fc      0x2f0 obj/default/imported_source/TENCL040_ESC.o
                0x000201fc                APPL_AckErrorInd
                0x00020200                APPL_StartMailboxHandler
                0x00020208                APPL_StopMailboxHandler
                0x00020210                APPL_StartInputHandler
                0x00020218                APPL_StopInputHandler
                0x00020220                APPL_StartOutputHandler
                0x00020228                APPL_StopOutputHandler
                0x00020230                APPL_GenerateMapping
                0x000203f0                APPL_InputMapping
                0x00020458                APPL_OutputMapping
                0x000204a4                APPL_Application
                0x000204b0                APPL_GetDeviceID
                0x000204b8                main_initial
 .text          0x000204ec      0x3ec obj/default/imported_source/ax58100_hw.o
                0x00020748                HW_Release
                0x0002074c                HW_GetALEventRegister_Isr
                0x00020774                HW_EscRead
                0x000207ac                HW_GetALEventRegister
                0x000207ec                HW_EscReadIsr
                0x000207f8                HW_EscWrite
                0x00020830                HW_Init
                0x000208c0                HW_EscWriteIsr
                0x000208cc                HW_SYNC0_IRQHandler
                0x000208d0                HW_SYNC1_IRQHandler
                0x000208d4                HW_TIMETASK_IRQHandler
 .text          0x000208d8      0x510 obj/default/imported_source/coeappl.o
                0x000208d8                COE_SyncTimeStamp
                0x00020944                Read0x10F8
                0x000209dc                COE_GetObjectDictionary
                0x000209e4                COE_UpdateSyncErrorStatus
                0x00020a40                COE_AddObjectToDic
                0x00020acc                COE_RemoveDicEntry
                0x00020b20                COE_ClearObjDictionary
                0x00020b5c                AddObjectsToObjDictionary
                0x00020bac                COE_ObjDictionaryInit
                0x00020bec                COE_ObjInit
                0x00020d1c                COE_Main
 .text          0x00020de8      0xb0c obj/default/imported_source/ecatappl.o
                0x00020de8                ECAT_CheckTimer
                0x00020e78                GetSystemTimeDelay
                0x00020ee0                PDO_InputMapping
                0x00020f90                HandleCycleTimeMeasurement
                0x00020ffc                PDO_OutputMapping
                0x000210bc                Sync1_Isr
                0x00021110                MainInit
                0x000211f8                ECAT_Application
                0x00021234                Sync0_Isr
                0x00021394                PDI_Isr
                0x00021554                MainLoop
                0x00021628                ESC_EepromAccess
                0x00021844                ESC_EepromWriteCRC
 .text          0x000218f4       0xbc obj/default/imported_source/ecatcoe.o
                0x000218f4                COE_Init
                0x00021900                COE_ServiceInd
                0x00021948                COE_ContinueInd
 .text          0x000219b0     0x1e48 obj/default/imported_source/ecatslv.o
                0x000219b0                ResetALEventMask
                0x000219fc                SetALEventMask
                0x00021a48                UpdateEEPROMLoadedState
                0x00021a80                GetSyncMan
                0x00021ab0                DisableSyncManChannel
                0x00021b10                EnableSyncManChannel
                0x00021b6c                CheckSmSettings
                0x00021ddc                StartInputHandler
                0x0002251c                StartOutputHandler
                0x00022578                StopOutputHandler
                0x00022584                StopInputHandler
                0x00022624                BackToInitTransition
                0x0002262c                SetALStatus
                0x000226d0                AL_ControlInd
                0x00022eec                AL_ControlRes
                0x000231f4                DC_CheckWatchdog
                0x000232b4                CheckIfEcatError
                0x0002338c                ECAT_StateChange
                0x00023570                ECAT_Init
                0x00023650                ECAT_Main
 .text          0x000237f8      0x94c obj/default/imported_source/mailbox.o
                0x000237f8                PutInMbxQueue
                0x00023848                GetOutOfMbxQueue
                0x0002388c                MBX_Init
                0x0002393c                MBX_StartMailboxHandler
                0x00023a10                MBX_StopMailboxHandler
                0x00023b18                MailboxServiceInd
                0x00023b38                MBX_CopyToSendMailbox
                0x00023c84                MBX_MailboxReadInd
                0x00023d24                MBX_MailboxRepeatReq
                0x00023d8c                MBX_MailboxSendReq
                0x00023e6c                MBX_MailboxWriteInd
                0x00023f4c                MBX_CheckAndCopyMailbox
                0x00024080                MBX_Main
 .text          0x00024144     0x152c obj/default/imported_source/objdef.o
                0x00024144                OBJ_GetObjectHandle
                0x00024180                OBJ_GetObjectLength
                0x00024264                OBJ_CopyNumberToString
                0x000242e4                OBJ_GetDesc
                0x0002441c                OBJ_GetEntryDesc
                0x00024450                OBJ_GetNoOfObjects
                0x00024508                OBJ_GetObjectList
                0x00024650                OBJ_GetObjDesc
                0x00024658                OBJ_GetEntryOffset
                0x00024814                CheckSyncTypeValue
                0x00024920                OBJ_Read
                0x00024f30                OBJ_Write
 .text          0x00025670      0xfb4 obj/default/imported_source/sdoserv.o
                0x00025670                SdoRes
                0x000257d0                SDOS_SdoInd
                0x000260c4                SDOS_SdoRes
                0x000261d4                SDOS_ClearPendingResponse
                0x0002624c                SDOS_SdoInfoInd
 .text          0x00026624       0x70 obj/default/nios_it/nios_it.o
                0x00026624                exti0_isr
                0x0002664c                init_exti0_it
 .text          0x00026694      0x394 obj/default/peripheral/peripheral_linker.o
                0x00026694                delay_ms
                0x0002669c                adc_init
                0x00026804                appTimerRun
                0x00026828                spi_transmit_receive
                0x0002691c                adc_init_spi_transmit_receive
 .text          0x00026a28      0x1b4 c:/intelfpga_lite/23.1std/nios2eds/bin/gnu/h-x86_64-mingw32/bin/../lib/gcc/nios2-elf/12.3.1\libgcc.a(lib2-divmod.o)
                0x00026a28                __divsi3
                0x00026aa8                __modsi3
                0x00026b1c                __udivsi3
                0x00026b80                __umodsi3
 .text          0x00026bdc        0x0 c:/intelfpga_lite/23.1std/nios2eds/bin/gnu/h-x86_64-mingw32/bin/../lib/gcc/nios2-elf/12.3.1/../../../../../H-x86_64-mingw32/nios2-elf/lib\libsmallc.a(libc_a-malloc.o)
 .text.malloc   0x00026bdc       0x10 c:/intelfpga_lite/23.1std/nios2eds/bin/gnu/h-x86_64-mingw32/bin/../lib/gcc/nios2-elf/12.3.1/../../../../../H-x86_64-mingw32/nios2-elf/lib\libsmallc.a(libc_a-malloc.o)
                0x00026bdc                malloc
 .text.free     0x00026bec       0x10 c:/intelfpga_lite/23.1std/nios2eds/bin/gnu/h-x86_64-mingw32/bin/../lib/gcc/nios2-elf/12.3.1/../../../../../H-x86_64-mingw32/nios2-elf/lib\libsmallc.a(libc_a-malloc.o)
                0x00026bec                free
 .text          0x00026bfc        0x0 c:/intelfpga_lite/23.1std/nios2eds/bin/gnu/h-x86_64-mingw32/bin/../lib/gcc/nios2-elf/12.3.1/../../../../../H-x86_64-mingw32/nios2-elf/lib\libsmallc.a(libc_a-mallocr.o)
 .text.sbrk_aligned
                0x00026bfc       0x8c c:/intelfpga_lite/23.1std/nios2eds/bin/gnu/h-x86_64-mingw32/bin/../lib/gcc/nios2-elf/12.3.1/../../../../../H-x86_64-mingw32/nios2-elf/lib\libsmallc.a(libc_a-mallocr.o)
 .text._malloc_r
                0x00026c88      0x1cc c:/intelfpga_lite/23.1std/nios2eds/bin/gnu/h-x86_64-mingw32/bin/../lib/gcc/nios2-elf/12.3.1/../../../../../H-x86_64-mingw32/nios2-elf/lib\libsmallc.a(libc_a-mallocr.o)
                0x00026c88                _malloc_r
 .text          0x00026e54        0x0 c:/intelfpga_lite/23.1std/nios2eds/bin/gnu/h-x86_64-mingw32/bin/../lib/gcc/nios2-elf/12.3.1/../../../../../H-x86_64-mingw32/nios2-elf/lib\libsmallc.a(libc_a-puts.o)
 .text._puts_r  0x00026e54       0x80 c:/intelfpga_lite/23.1std/nios2eds/bin/gnu/h-x86_64-mingw32/bin/../lib/gcc/nios2-elf/12.3.1/../../../../../H-x86_64-mingw32/nios2-elf/lib\libsmallc.a(libc_a-puts.o)
                0x00026e54                _puts_r
 .text.puts     0x00026ed4       0x10 c:/intelfpga_lite/23.1std/nios2eds/bin/gnu/h-x86_64-mingw32/bin/../lib/gcc/nios2-elf/12.3.1/../../../../../H-x86_64-mingw32/nios2-elf/lib\libsmallc.a(libc_a-puts.o)
                0x00026ed4                puts
 .text          0x00026ee4        0x0 c:/intelfpga_lite/23.1std/nios2eds/bin/gnu/h-x86_64-mingw32/bin/../lib/gcc/nios2-elf/12.3.1/../../../../../H-x86_64-mingw32/nios2-elf/lib\libsmallc.a(libc_a-memcpy.o)
 .text.memcpy   0x00026ee4       0x28 c:/intelfpga_lite/23.1std/nios2eds/bin/gnu/h-x86_64-mingw32/bin/../lib/gcc/nios2-elf/12.3.1/../../../../../H-x86_64-mingw32/nios2-elf/lib\libsmallc.a(libc_a-memcpy.o)
                0x00026ee4                memcpy
 .text          0x00026f0c        0x0 c:/intelfpga_lite/23.1std/nios2eds/bin/gnu/h-x86_64-mingw32/bin/../lib/gcc/nios2-elf/12.3.1/../../../../../H-x86_64-mingw32/nios2-elf/lib\libsmallc.a(libc_a-memset.o)
 .text.memset   0x00026f0c       0x20 c:/intelfpga_lite/23.1std/nios2eds/bin/gnu/h-x86_64-mingw32/bin/../lib/gcc/nios2-elf/12.3.1/../../../../../H-x86_64-mingw32/nios2-elf/lib\libsmallc.a(libc_a-memset.o)
                0x00026f0c                memset
 .text          0x00026f2c        0x0 c:/intelfpga_lite/23.1std/nios2eds/bin/gnu/h-x86_64-mingw32/bin/../lib/gcc/nios2-elf/12.3.1/../../../../../H-x86_64-mingw32/nios2-elf/lib\libsmallc.a(libc_a-strlen.o)
 .text.strlen   0x00026f2c       0x1c c:/intelfpga_lite/23.1std/nios2eds/bin/gnu/h-x86_64-mingw32/bin/../lib/gcc/nios2-elf/12.3.1/../../../../../H-x86_64-mingw32/nios2-elf/lib\libsmallc.a(libc_a-strlen.o)
                0x00026f2c                strlen
 .text          0x00026f48        0x0 c:/intelfpga_lite/23.1std/nios2eds/bin/gnu/h-x86_64-mingw32/bin/../lib/gcc/nios2-elf/12.3.1/../../../../../H-x86_64-mingw32/nios2-elf/lib\libsmallc.a(libc_a-impure.o)
 .text          0x00026f48        0x0 c:/intelfpga_lite/23.1std/nios2eds/bin/gnu/h-x86_64-mingw32/bin/../lib/gcc/nios2-elf/12.3.1/../../../../../H-x86_64-mingw32/nios2-elf/lib\libsmallc.a(libc_a-sbrkr.o)
 .text._sbrk_r  0x00026f48       0x48 c:/intelfpga_lite/23.1std/nios2eds/bin/gnu/h-x86_64-mingw32/bin/../lib/gcc/nios2-elf/12.3.1/../../../../../H-x86_64-mingw32/nios2-elf/lib\libsmallc.a(libc_a-sbrkr.o)
                0x00026f48                _sbrk_r
 .text          0x00026f90        0x0 c:/intelfpga_lite/23.1std/nios2eds/bin/gnu/h-x86_64-mingw32/bin/../lib/gcc/nios2-elf/12.3.1/../../../../../H-x86_64-mingw32/nios2-elf/lib\libsmallc.a(libc_a-freer.o)
 .text._free_r  0x00026f90      0x100 c:/intelfpga_lite/23.1std/nios2eds/bin/gnu/h-x86_64-mingw32/bin/../lib/gcc/nios2-elf/12.3.1/../../../../../H-x86_64-mingw32/nios2-elf/lib\libsmallc.a(libc_a-freer.o)
                0x00026f90                _free_r
 .text          0x00027090        0x0 c:/intelfpga_lite/23.1std/nios2eds/bin/gnu/h-x86_64-mingw32/bin/../lib/gcc/nios2-elf/12.3.1/../../../../../H-x86_64-mingw32/nios2-elf/lib\libsmallc.a(libc_a-fvwrite_small_dev.o)
 .text.__sfvwrite_small_dev
                0x00027090       0xa8 c:/intelfpga_lite/23.1std/nios2eds/bin/gnu/h-x86_64-mingw32/bin/../lib/gcc/nios2-elf/12.3.1/../../../../../H-x86_64-mingw32/nios2-elf/lib\libsmallc.a(libc_a-fvwrite_small_dev.o)
                0x00027090                __sfvwrite_small_dev
 .text          0x00027138        0x0 c:/intelfpga_lite/23.1std/nios2eds/bin/gnu/h-x86_64-mingw32/bin/../lib/gcc/nios2-elf/12.3.1/../../../../../H-x86_64-mingw32/nios2-elf/lib\libsmallc.a(libc_a-int_errno.o)
 .text          0x00027138        0x0 c:/intelfpga_lite/23.1std/nios2eds/bin/gnu/h-x86_64-mingw32/bin/../lib/gcc/nios2-elf/12.3.1/../../../../../H-x86_64-mingw32/nios2-elf/lib\libsmallc.a(libc_a-writer.o)
 .text._write_r
                0x00027138       0x50 c:/intelfpga_lite/23.1std/nios2eds/bin/gnu/h-x86_64-mingw32/bin/../lib/gcc/nios2-elf/12.3.1/../../../../../H-x86_64-mingw32/nios2-elf/lib\libsmallc.a(libc_a-writer.o)
                0x00027138                _write_r
 .text          0x00027188       0x8c c:/Users/guan-ming.dennis-won/Documents/Code/SPI_4_Wire_Serial_Intel_FPGA_IP/software/NIOS_Project_Small_bsp/\libhal_bsp.a(alt_iic.o)
                0x00027188                alt_ic_isr_register
                0x0002718c                alt_ic_irq_enable
                0x000271c4                alt_ic_irq_disable
                0x000271fc                alt_ic_irq_enabled
 .text          0x00027214       0x68 c:/Users/guan-ming.dennis-won/Documents/Code/SPI_4_Wire_Serial_Intel_FPGA_IP/software/NIOS_Project_Small_bsp/\libhal_bsp.a(alt_iic_isr_register.o)
                0x00027214                alt_iic_isr_register
 .text          0x0002727c        0x0 c:/Users/guan-ming.dennis-won/Documents/Code/SPI_4_Wire_Serial_Intel_FPGA_IP/software/NIOS_Project_Small_bsp/\libhal_bsp.a(alt_irq_entry.o)
 .text          0x0002727c        0x0 c:/Users/guan-ming.dennis-won/Documents/Code/SPI_4_Wire_Serial_Intel_FPGA_IP/software/NIOS_Project_Small_bsp/\libhal_bsp.a(alt_irq_handler.o)
 .text          0x0002727c        0x0 c:/Users/guan-ming.dennis-won/Documents/Code/SPI_4_Wire_Serial_Intel_FPGA_IP/software/NIOS_Project_Small_bsp/\libhal_bsp.a(alt_irq_vars.o)
 .text          0x0002727c       0x84 c:/Users/guan-ming.dennis-won/Documents/Code/SPI_4_Wire_Serial_Intel_FPGA_IP/software/NIOS_Project_Small_bsp/\libhal_bsp.a(alt_load.o)
                0x0002727c                alt_load
 .text          0x00027300       0x2c c:/Users/guan-ming.dennis-won/Documents/Code/SPI_4_Wire_Serial_Intel_FPGA_IP/software/NIOS_Project_Small_bsp/\libhal_bsp.a(alt_main.o)
                0x00027300                alt_main
 .text          0x0002732c        0x8 c:/Users/guan-ming.dennis-won/Documents/Code/SPI_4_Wire_Serial_Intel_FPGA_IP/software/NIOS_Project_Small_bsp/\libhal_bsp.a(alt_malloc_lock.o)
                0x0002732c                __malloc_lock
                0x00027330                __malloc_unlock
 .text          0x00027334       0x4c c:/Users/guan-ming.dennis-won/Documents/Code/SPI_4_Wire_Serial_Intel_FPGA_IP/software/NIOS_Project_Small_bsp/\libhal_bsp.a(alt_sbrk.o)
                0x00027334                sbrk
 .text          0x00027380        0x4 c:/Users/guan-ming.dennis-won/Documents/Code/SPI_4_Wire_Serial_Intel_FPGA_IP/software/NIOS_Project_Small_bsp/\libhal_bsp.a(alt_usleep.o)
                0x00027380                usleep
 .text          0x00027384       0x5c c:/Users/guan-ming.dennis-won/Documents/Code/SPI_4_Wire_Serial_Intel_FPGA_IP/software/NIOS_Project_Small_bsp/\libhal_bsp.a(alt_write.o)
                0x00027384                write
 .text          0x000273e0       0x24 c:/Users/guan-ming.dennis-won/Documents/Code/SPI_4_Wire_Serial_Intel_FPGA_IP/software/NIOS_Project_Small_bsp/\libhal_bsp.a(alt_sys_init.o)
                0x000273e0                alt_irq_init
                0x00027400                alt_sys_init
 .text          0x00027404       0x30 c:/Users/guan-ming.dennis-won/Documents/Code/SPI_4_Wire_Serial_Intel_FPGA_IP/software/NIOS_Project_Small_bsp/\libhal_bsp.a(altera_avalon_jtag_uart_write.o)
                0x00027404                altera_avalon_jtag_uart_write
 .text          0x00027434       0xd8 c:/Users/guan-ming.dennis-won/Documents/Code/SPI_4_Wire_Serial_Intel_FPGA_IP/software/NIOS_Project_Small_bsp/\libhal_bsp.a(altera_avalon_spi.o)
                0x00027434                alt_avalon_spi_command
 .text          0x0002750c       0x84 c:/Users/guan-ming.dennis-won/Documents/Code/SPI_4_Wire_Serial_Intel_FPGA_IP/software/NIOS_Project_Small_bsp/\libhal_bsp.a(alt_busy_sleep.o)
                0x0002750c                alt_busy_sleep
 .text          0x00027590       0x18 c:/Users/guan-ming.dennis-won/Documents/Code/SPI_4_Wire_Serial_Intel_FPGA_IP/software/NIOS_Project_Small_bsp/\libhal_bsp.a(alt_dcache_flush_all.o)
                0x00027590                alt_dcache_flush_all
 .text          0x000275a8        0x0 c:/Users/guan-ming.dennis-won/Documents/Code/SPI_4_Wire_Serial_Intel_FPGA_IP/software/NIOS_Project_Small_bsp/\libhal_bsp.a(alt_errno.o)
 .text          0x000275a8        0x0 c:/Users/guan-ming.dennis-won/Documents/Code/SPI_4_Wire_Serial_Intel_FPGA_IP/software/NIOS_Project_Small_bsp/\libhal_bsp.a(alt_exception_entry.o)
 .text          0x000275a8        0xc c:/Users/guan-ming.dennis-won/Documents/Code/SPI_4_Wire_Serial_Intel_FPGA_IP/software/NIOS_Project_Small_bsp/\libhal_bsp.a(alt_icache_flush_all.o)
                0x000275a8                alt_icache_flush_all
 .text          0x000275b4       0x24 c:/Users/guan-ming.dennis-won/Documents/Code/SPI_4_Wire_Serial_Intel_FPGA_IP/software/NIOS_Project_Small_bsp/\libhal_bsp.a(alt_instruction_exception_entry.o)
                0x000275b4                alt_exception_cause_generated_bad_addr
 .text          0x000275d8        0x8 c:/Users/guan-ming.dennis-won/Documents/Code/SPI_4_Wire_Serial_Intel_FPGA_IP/software/NIOS_Project_Small_bsp/\libhal_bsp.a(altera_nios2_gen2_irq.o)
                0x000275d8                altera_nios2_gen2_irq_init
 .text          0x000275e0       0x5c c:/Users/guan-ming.dennis-won/Documents/Code/SPI_4_Wire_Serial_Intel_FPGA_IP/software/NIOS_Project_Small_bsp/\libhal_bsp.a(alt_icache_flush.o)
                0x000275e0                alt_icache_flush
 *(.gnu.warning.*)
 *(.fini)
                [!provide]                        PROVIDE (__etext = ABSOLUTE (.))
                [!provide]                        PROVIDE (_etext = ABSOLUTE (.))
                [!provide]                        PROVIDE (etext = ABSOLUTE (.))
 *(.eh_frame_hdr)
                0x0002763c                        . = ALIGN (0x4)
                [!provide]                        PROVIDE (__preinit_array_start = ABSOLUTE (.))
 *(.preinit_array)
                [!provide]                        PROVIDE (__preinit_array_end = ABSOLUTE (.))
                [!provide]                        PROVIDE (__init_array_start = ABSOLUTE (.))
 *(SORT_BY_INIT_PRIORITY(.init_array.*))
 *(.init_array)
                [!provide]                        PROVIDE (__init_array_end = ABSOLUTE (.))
                [!provide]                        PROVIDE (__fini_array_start = ABSOLUTE (.))
 *(.fini_array)
                [!provide]                        PROVIDE (__fini_array_end = ABSOLUTE (.))
 *(.eh_frame)
 *(.gcc_except_table .gcc_except_table.*)
 *(.dynamic)
                [!provide]                        PROVIDE (__CTOR_LIST__ = ABSOLUTE (.))
 *(.ctors)
 *(SORT_BY_NAME(.ctors.*))
                [!provide]                        PROVIDE (__CTOR_END__ = ABSOLUTE (.))
                [!provide]                        PROVIDE (__DTOR_LIST__ = ABSOLUTE (.))
 *(.dtors)
 *(SORT_BY_NAME(.dtors.*))
                [!provide]                        PROVIDE (__DTOR_END__ = ABSOLUTE (.))
 *(.jcr)
                0x0002763c                        . = ALIGN (0x4)

.rodata         0x0002763c      0x658
                0x0002763c                        PROVIDE (__ram_rodata_start = ABSOLUTE (.))
                0x0002763c                        . = ALIGN (0x4)
 *(.rodata .rodata.* .gnu.linkonce.r.*)
 .rodata.str1.4
                0x0002763c       0x14 obj/default/hello_world_small.o
 .rodata        0x00027650      0x5a8 obj/default/imported_source/coeappl.o
                0x00027650                aName0x1C33
                0x00027758                aName0x1C32
                0x00027860                asEntryDesc0x1C3x
                0x00027928                aName0x1C00
                0x0002793a                asEntryDesc0x1C00
                0x00027948                aName0x10F8
                0x0002795c                aName0x10F1
                0x0002799c                asEntryDesc0x10F1
                0x000279b0                aName0x1018
                0x000279f8                asEntryDesc0x1018
                0x00027a18                aName0x100A
                0x00027a38                aName0x1009
                0x00027a58                aName0x1008
                0x00027a64                aName0x1001
                0x00027a74                aName0x1000
                0x00027a80                aName0x7000
                0x00027a9c                asEntryDesc0x7000
                0x00027aa8                aName0x6008
                0x00027abe                asEntryDesc0x6008
                0x00027acc                aName0x6000
                0x00027ae6                asEntryDesc0x6000
                0x00027af4                aName0x1C13
                0x00027b10                asEntryDesc0x1C13
                0x00027b1c                aName0x1C12
                0x00027b38                asEntryDesc0x1C12
                0x00027b44                aName0x1A01
                0x00027b72                asEntryDesc0x1A01
                0x00027b80                aName0x1A00
                0x00027bb0                asEntryDesc0x1A00
                0x00027bbc                aName0x1600
                0x00027bec                asEntryDesc0x1600
 .rodata        0x00027bf8       0x20 obj/default/imported_source/objdef.o
                0x00027bf8                cBitMask
 .rodata        0x00027c18       0x78 obj/default/imported_source/sdoserv.o
                0x00027c18                cAbortCode
 .rodata._puts_r.str1.4
                0x00027c90        0x2 c:/intelfpga_lite/23.1std/nios2eds/bin/gnu/h-x86_64-mingw32/bin/../lib/gcc/nios2-elf/12.3.1/../../../../../H-x86_64-mingw32/nios2-elf/lib\libsmallc.a(libc_a-puts.o)
 *(.rodata1)
                0x00027c94                        . = ALIGN (0x4)
 *fill*         0x00027c92        0x2 
                0x00027c94                        PROVIDE (__ram_rodata_end = ABSOLUTE (.))
                0x0002763c                        PROVIDE (__flash_rodata_start = LOADADDR (.rodata))

.rwdata         0x00027c94      0x460 load address 0x000280f4
                0x00027c94                        PROVIDE (__ram_rwdata_start = ABSOLUTE (.))
                0x00027c94                        . = ALIGN (0x4)
 *(.got.plt)
 *(.got)
 *(.data1)
 *(.data .data.* .gnu.linkonce.d.*)
 .data          0x00027c94        0x0 c:/Users/guan-ming.dennis-won/Documents/Code/SPI_4_Wire_Serial_Intel_FPGA_IP/software/NIOS_Project_Small_bsp//obj/HAL/src/crt0.o
 .data          0x00027c94        0x0 obj/default/hello_world_small.o
 .data          0x00027c94        0x0 obj/default/imported_source/TENCL040_ESC.o
 .data          0x00027c94        0x0 obj/default/imported_source/ax58100_hw.o
 .data          0x00027c94      0x36c obj/default/imported_source/coeappl.o
                0x00027c94                GenObjDic
                0x00027e74                sIdentity
                0x00027e88                acDevicename
                0x00027e98                ApplicationObjDic
 .data          0x00028000        0x0 obj/default/imported_source/ecatappl.o
 .data          0x00028000        0x0 obj/default/imported_source/ecatcoe.o
 .data          0x00028000        0x0 obj/default/imported_source/ecatslv.o
 .data          0x00028000        0x0 obj/default/imported_source/mailbox.o
 .data          0x00028000       0x1c obj/default/imported_source/objdef.o
                0x00028000                aSubindexDesc
                0x00028010                sErrorSettings
 .data          0x0002801c        0x0 obj/default/imported_source/sdoserv.o
 .data          0x0002801c        0x0 obj/default/nios_it/nios_it.o
 .data          0x0002801c        0x0 obj/default/peripheral/peripheral_linker.o
 .data          0x0002801c        0x0 c:/intelfpga_lite/23.1std/nios2eds/bin/gnu/h-x86_64-mingw32/bin/../lib/gcc/nios2-elf/12.3.1\libgcc.a(lib2-divmod.o)
 .data          0x0002801c        0x0 c:/intelfpga_lite/23.1std/nios2eds/bin/gnu/h-x86_64-mingw32/bin/../lib/gcc/nios2-elf/12.3.1/../../../../../H-x86_64-mingw32/nios2-elf/lib\libsmallc.a(libc_a-malloc.o)
 .data          0x0002801c        0x0 c:/intelfpga_lite/23.1std/nios2eds/bin/gnu/h-x86_64-mingw32/bin/../lib/gcc/nios2-elf/12.3.1/../../../../../H-x86_64-mingw32/nios2-elf/lib\libsmallc.a(libc_a-mallocr.o)
 .data          0x0002801c        0x0 c:/intelfpga_lite/23.1std/nios2eds/bin/gnu/h-x86_64-mingw32/bin/../lib/gcc/nios2-elf/12.3.1/../../../../../H-x86_64-mingw32/nios2-elf/lib\libsmallc.a(libc_a-puts.o)
 .data          0x0002801c        0x0 c:/intelfpga_lite/23.1std/nios2eds/bin/gnu/h-x86_64-mingw32/bin/../lib/gcc/nios2-elf/12.3.1/../../../../../H-x86_64-mingw32/nios2-elf/lib\libsmallc.a(libc_a-memcpy.o)
 .data          0x0002801c        0x0 c:/intelfpga_lite/23.1std/nios2eds/bin/gnu/h-x86_64-mingw32/bin/../lib/gcc/nios2-elf/12.3.1/../../../../../H-x86_64-mingw32/nios2-elf/lib\libsmallc.a(libc_a-memset.o)
 .data          0x0002801c        0x0 c:/intelfpga_lite/23.1std/nios2eds/bin/gnu/h-x86_64-mingw32/bin/../lib/gcc/nios2-elf/12.3.1/../../../../../H-x86_64-mingw32/nios2-elf/lib\libsmallc.a(libc_a-strlen.o)
 .data          0x0002801c        0x0 c:/intelfpga_lite/23.1std/nios2eds/bin/gnu/h-x86_64-mingw32/bin/../lib/gcc/nios2-elf/12.3.1/../../../../../H-x86_64-mingw32/nios2-elf/lib\libsmallc.a(libc_a-impure.o)
 .data._impure_data
                0x0002801c       0x54 c:/intelfpga_lite/23.1std/nios2eds/bin/gnu/h-x86_64-mingw32/bin/../lib/gcc/nios2-elf/12.3.1/../../../../../H-x86_64-mingw32/nios2-elf/lib\libsmallc.a(libc_a-impure.o)
                0x0002801c                _impure_data
 .data          0x00028070        0x0 c:/intelfpga_lite/23.1std/nios2eds/bin/gnu/h-x86_64-mingw32/bin/../lib/gcc/nios2-elf/12.3.1/../../../../../H-x86_64-mingw32/nios2-elf/lib\libsmallc.a(libc_a-sbrkr.o)
 .data          0x00028070        0x0 c:/intelfpga_lite/23.1std/nios2eds/bin/gnu/h-x86_64-mingw32/bin/../lib/gcc/nios2-elf/12.3.1/../../../../../H-x86_64-mingw32/nios2-elf/lib\libsmallc.a(libc_a-freer.o)
 .data          0x00028070        0x0 c:/intelfpga_lite/23.1std/nios2eds/bin/gnu/h-x86_64-mingw32/bin/../lib/gcc/nios2-elf/12.3.1/../../../../../H-x86_64-mingw32/nios2-elf/lib\libsmallc.a(libc_a-fvwrite_small_dev.o)
 .data          0x00028070        0x0 c:/intelfpga_lite/23.1std/nios2eds/bin/gnu/h-x86_64-mingw32/bin/../lib/gcc/nios2-elf/12.3.1/../../../../../H-x86_64-mingw32/nios2-elf/lib\libsmallc.a(libc_a-int_errno.o)
 .data          0x00028070        0x0 c:/intelfpga_lite/23.1std/nios2eds/bin/gnu/h-x86_64-mingw32/bin/../lib/gcc/nios2-elf/12.3.1/../../../../../H-x86_64-mingw32/nios2-elf/lib\libsmallc.a(libc_a-writer.o)
 .data          0x00028070        0x0 c:/Users/guan-ming.dennis-won/Documents/Code/SPI_4_Wire_Serial_Intel_FPGA_IP/software/NIOS_Project_Small_bsp/\libhal_bsp.a(alt_iic.o)
 .data          0x00028070        0x0 c:/Users/guan-ming.dennis-won/Documents/Code/SPI_4_Wire_Serial_Intel_FPGA_IP/software/NIOS_Project_Small_bsp/\libhal_bsp.a(alt_iic_isr_register.o)
 .data          0x00028070        0x0 c:/Users/guan-ming.dennis-won/Documents/Code/SPI_4_Wire_Serial_Intel_FPGA_IP/software/NIOS_Project_Small_bsp/\libhal_bsp.a(alt_irq_entry.o)
 .data          0x00028070        0x0 c:/Users/guan-ming.dennis-won/Documents/Code/SPI_4_Wire_Serial_Intel_FPGA_IP/software/NIOS_Project_Small_bsp/\libhal_bsp.a(alt_irq_handler.o)
 .data          0x00028070        0x0 c:/Users/guan-ming.dennis-won/Documents/Code/SPI_4_Wire_Serial_Intel_FPGA_IP/software/NIOS_Project_Small_bsp/\libhal_bsp.a(alt_irq_vars.o)
 .data          0x00028070        0x0 c:/Users/guan-ming.dennis-won/Documents/Code/SPI_4_Wire_Serial_Intel_FPGA_IP/software/NIOS_Project_Small_bsp/\libhal_bsp.a(alt_load.o)
 .data          0x00028070        0x0 c:/Users/guan-ming.dennis-won/Documents/Code/SPI_4_Wire_Serial_Intel_FPGA_IP/software/NIOS_Project_Small_bsp/\libhal_bsp.a(alt_main.o)
 .data          0x00028070        0x0 c:/Users/guan-ming.dennis-won/Documents/Code/SPI_4_Wire_Serial_Intel_FPGA_IP/software/NIOS_Project_Small_bsp/\libhal_bsp.a(alt_malloc_lock.o)
 .data          0x00028070        0x0 c:/Users/guan-ming.dennis-won/Documents/Code/SPI_4_Wire_Serial_Intel_FPGA_IP/software/NIOS_Project_Small_bsp/\libhal_bsp.a(alt_sbrk.o)
 .data          0x00028070        0x0 c:/Users/guan-ming.dennis-won/Documents/Code/SPI_4_Wire_Serial_Intel_FPGA_IP/software/NIOS_Project_Small_bsp/\libhal_bsp.a(alt_usleep.o)
 .data          0x00028070        0x0 c:/Users/guan-ming.dennis-won/Documents/Code/SPI_4_Wire_Serial_Intel_FPGA_IP/software/NIOS_Project_Small_bsp/\libhal_bsp.a(alt_write.o)
 .data          0x00028070        0x0 c:/Users/guan-ming.dennis-won/Documents/Code/SPI_4_Wire_Serial_Intel_FPGA_IP/software/NIOS_Project_Small_bsp/\libhal_bsp.a(alt_sys_init.o)
 .data          0x00028070        0x0 c:/Users/guan-ming.dennis-won/Documents/Code/SPI_4_Wire_Serial_Intel_FPGA_IP/software/NIOS_Project_Small_bsp/\libhal_bsp.a(altera_avalon_jtag_uart_write.o)
 .data          0x00028070        0x0 c:/Users/guan-ming.dennis-won/Documents/Code/SPI_4_Wire_Serial_Intel_FPGA_IP/software/NIOS_Project_Small_bsp/\libhal_bsp.a(altera_avalon_spi.o)
 .data          0x00028070        0x0 c:/Users/guan-ming.dennis-won/Documents/Code/SPI_4_Wire_Serial_Intel_FPGA_IP/software/NIOS_Project_Small_bsp/\libhal_bsp.a(alt_busy_sleep.o)
 .data          0x00028070        0x0 c:/Users/guan-ming.dennis-won/Documents/Code/SPI_4_Wire_Serial_Intel_FPGA_IP/software/NIOS_Project_Small_bsp/\libhal_bsp.a(alt_dcache_flush_all.o)
 .data          0x00028070        0x0 c:/Users/guan-ming.dennis-won/Documents/Code/SPI_4_Wire_Serial_Intel_FPGA_IP/software/NIOS_Project_Small_bsp/\libhal_bsp.a(alt_errno.o)
 .data          0x00028070        0x0 c:/Users/guan-ming.dennis-won/Documents/Code/SPI_4_Wire_Serial_Intel_FPGA_IP/software/NIOS_Project_Small_bsp/\libhal_bsp.a(alt_exception_entry.o)
 .data          0x00028070        0x0 c:/Users/guan-ming.dennis-won/Documents/Code/SPI_4_Wire_Serial_Intel_FPGA_IP/software/NIOS_Project_Small_bsp/\libhal_bsp.a(alt_icache_flush_all.o)
 .data          0x00028070        0x0 c:/Users/guan-ming.dennis-won/Documents/Code/SPI_4_Wire_Serial_Intel_FPGA_IP/software/NIOS_Project_Small_bsp/\libhal_bsp.a(alt_instruction_exception_entry.o)
 .data          0x00028070        0x0 c:/Users/guan-ming.dennis-won/Documents/Code/SPI_4_Wire_Serial_Intel_FPGA_IP/software/NIOS_Project_Small_bsp/\libhal_bsp.a(altera_nios2_gen2_irq.o)
 .data          0x00028070        0x0 c:/Users/guan-ming.dennis-won/Documents/Code/SPI_4_Wire_Serial_Intel_FPGA_IP/software/NIOS_Project_Small_bsp/\libhal_bsp.a(alt_icache_flush.o)
                0x00030070                        _gp = ABSOLUTE ((. + 0x8000))
                [!provide]                        PROVIDE (gp = _gp)
 *(.rwdata .rwdata.*)
 *(.sdata .sdata.* .gnu.linkonce.s.*)
 .sdata         0x00028070        0x1 obj/default/hello_world_small.o
 *fill*         0x00028071        0x3 
 .sdata         0x00028074       0x30 obj/default/imported_source/TENCL040_ESC.o
                0x00028074                OUT_GENERIC0x7000
                0x00028078                DeviceID0x6008
                0x0002807c                IN_GENERIC0x6000
                0x00028080                sTxPDOassign
                0x00028086                sRxPDOassign
                0x0002808c                DeviceIDProcessDataMapping0x1A01
                0x00028094                IN_GENERICProcessDataMapping0x1A00
                0x0002809c                OUT_GENERICProcessDataMapping0x1600
 .sdata         0x000280a4       0x3c obj/default/imported_source/coeappl.o
                0x000280a4                sSyncmanagertype
                0x000280aa                sEntryDesc0x10F8
                0x000280b0                sEntryDesc0x100A
                0x000280b8                acSoftwareversion
                0x000280be                sEntryDesc0x1009
                0x000280c4                acHardwareversion
                0x000280ca                sEntryDesc0x1008
                0x000280d0                sEntryDesc0x1001
                0x000280d6                sEntryDesc0x1000
                0x000280dc                u32Devicetype
 .sdata._impure_ptr
                0x000280e0        0x4 c:/intelfpga_lite/23.1std/nios2eds/bin/gnu/h-x86_64-mingw32/bin/../lib/gcc/nios2-elf/12.3.1/../../../../../H-x86_64-mingw32/nios2-elf/lib\libsmallc.a(libc_a-impure.o)
                0x000280e0                _impure_ptr
 .sdata         0x000280e4        0x4 c:/Users/guan-ming.dennis-won/Documents/Code/SPI_4_Wire_Serial_Intel_FPGA_IP/software/NIOS_Project_Small_bsp/\libhal_bsp.a(alt_irq_vars.o)
                0x000280e4                alt_priority_mask
 .sdata         0x000280e8        0x4 c:/Users/guan-ming.dennis-won/Documents/Code/SPI_4_Wire_Serial_Intel_FPGA_IP/software/NIOS_Project_Small_bsp/\libhal_bsp.a(alt_sbrk.o)
 .sdata         0x000280ec        0x4 c:/Users/guan-ming.dennis-won/Documents/Code/SPI_4_Wire_Serial_Intel_FPGA_IP/software/NIOS_Project_Small_bsp/\libhal_bsp.a(alt_sys_init.o)
                0x000280ec                DEBUG
 .sdata         0x000280f0        0x4 c:/Users/guan-ming.dennis-won/Documents/Code/SPI_4_Wire_Serial_Intel_FPGA_IP/software/NIOS_Project_Small_bsp/\libhal_bsp.a(alt_errno.o)
                0x000280f0                alt_errno
 *(.sdata2 .sdata2.* .gnu.linkonce.s2.*)
                0x000280f4                        . = ALIGN (0x4)
                0x000280f4                        _edata = ABSOLUTE (.)
                [!provide]                        PROVIDE (edata = ABSOLUTE (.))
                0x000280f4                        PROVIDE (__ram_rwdata_end = ABSOLUTE (.))
                0x000280f4                        PROVIDE (__flash_rwdata_start = LOADADDR (.rwdata))

.bss            0x00028554      0x3ac
                0x00028554                        __bss_start = ABSOLUTE (.)
                [!provide]                        PROVIDE (__sbss_start = ABSOLUTE (.))
                [!provide]                        PROVIDE (___sbss_start = ABSOLUTE (.))
 *(.dynsbss)
 *(.sbss .sbss.* .gnu.linkonce.sb.*)
 .sbss          0x00028554        0x4 obj/default/imported_source/ax58100_hw.o
                0x00028554                bootSwitchID
                0x00028556                EscALEvent
 .sbss          0x00028558       0x18 obj/default/imported_source/coeappl.o
                0x00028558                ObjDicList
                0x0002855c                u16ErrorRegister
                0x00028560                u32CheckForDcOverrunCnt
                0x00028564                u32LastDc32Value
                0x00028568                u64Timestamp
 .sbss          0x00028570       0x28 obj/default/imported_source/ecatappl.o
                0x00028570                bInitFinished
                0x00028574                u32MinCycleTimeValue
                0x00028578                bMinCycleTimeMeasurementStarted
                0x0002857c                u32SystemTimeReadFailure
                0x00028580                u32MinCycleTimeStartValue
                0x00028584                u32CycleTimeStartValue
                0x00028588                pAPPL_MainLoop
                0x0002858c                pAPPL_CoeWriteInd
                0x00028590                pAPPL_CoeReadInd
                0x00028594                bRunApplication
                0x00028595                bEtherCATErrorLed
                0x00028596                bEtherCATRunLed
                0x00028597                bEcatWaitForInputUpdate
 .sbss          0x00028598        0x4 obj/default/imported_source/ecatcoe.o
                0x00028598                pCoeSendStored
 .sbss          0x0002859c       0x4b obj/default/imported_source/ecatslv.o
                0x0002859c                EepromLoaded
                0x0002859e                SyncManInfo
                0x000285a6                SMActivate
                0x000285a7                u8dummy
                0x000285a8                u16IdValue
                0x000285aa                u16ALEventMask
                0x000285ac                nEscAddrInputData
                0x000285ae                nEscAddrOutputData
                0x000285b0                EcatWdValue
                0x000285b2                bExplicitDevIdRequested
                0x000285b3                nAlStatus
                0x000285b4                nMaxEscAddress
                0x000285b6                nMaxSyncMan
                0x000285b8                nPdOutputSize
                0x000285ba                nPdInputSize
                0x000285bc                nEcatStateTrans
                0x000285be                bEcatWaitForAlControlRes
                0x000285bf                bApplEsmPending
                0x000285c0                u8LocalErrorState
                0x000285c2                u16LocalErrorCode
                0x000285c4                b3BufferMode
                0x000285c5                bEscIntEnabled
                0x000285c6                b32BitDc
                0x000285c8                LatchInputSync0Counter
                0x000285ca                LatchInputSync0Value
                0x000285cc                Sync1WdValue
                0x000285ce                Sync1WdCounter
                0x000285d0                Sync0WdValue
                0x000285d2                Sync0WdCounter
                0x000285d4                i16WaitForPllRunningCnt
                0x000285d6                i16WaitForPllRunningTimeout
                0x000285d8                bSmSyncSequenceValid
                0x000285da                u16SmSync0Value
                0x000285dc                u16SmSync0Counter
                0x000285de                bDcRunning
                0x000285e0                EsmTimeoutCounter
                0x000285e2                bDcSyncActive
                0x000285e3                bWdTrigger
                0x000285e4                bEcatFirstOutputsReceived
                0x000285e5                bEcatInputUpdateRunning
                0x000285e6                bEcatOutputUpdateRunning
 *fill*         0x000285e7        0x1 
 .sbss          0x000285e8       0x24 obj/default/imported_source/mailbox.o
                0x000285e8                bNoMbxMemoryAvailable
                0x000285ec                psStoreMbx
                0x000285f0                psRepeatMbx
                0x000285f4                psReadMbx
                0x000285f8                psWriteMbx
                0x000285fc                u8MailboxSendReqStored
                0x000285fd                u8MbxReadCounter
                0x000285fe                u8MbxWriteCounter
                0x00028600                u16EscAddrSendMbx
                0x00028602                u16EscAddrReceiveMbx
                0x00028604                u16ReceiveMbxSize
                0x00028606                u16SendMbxSize
                0x00028608                bMbxRepeatToggle
                0x00028609                bMbxRunning
                0x0002860a                bSendMbxIsFull
                0x0002860b                bReceiveMbxIsLocked
 .sbss          0x0002860c        0x3 obj/default/imported_source/objdef.o
                0x0002860c                sCycleDiag
                0x0002860e                bSyncSetByUser
 *fill*         0x0002860f        0x1 
 .sbss          0x00028610       0x39 obj/default/imported_source/sdoserv.o
                0x00028610                pSdoSegObjEntry
                0x00028614                nSdoSegCompleteSize
                0x00028618                bSdoSegLastToggle
                0x0002861c                nSdoSegBytesToHandle
                0x00028620                nSdoSegSubindex
                0x00028622                nSdoSegIndex
                0x00028624                bSdoSegAccess
                0x00028625                bSdoSegFollows
                0x00028626                nSdoSegService
                0x00028627                bSdoInWork
                0x00028628                pSdoResStored
                0x0002862c                pSdoInfoObjEntry
                0x00028630                nSdoInfoIndex
                0x00028632                nSdoInfoFragmentsLeft
                0x00028634                pSdoSegData
                0x00028638                pSdoPendFunc
                0x0002863c                pStoreData
                0x00028640                u32StoreDataSize
                0x00028644                u16StoreIndex
                0x00028646                u8StoreSubindex
                0x00028647                bStoreCompleteAccess
                0x00028648                u8PendingSdo
 *fill*         0x00028649        0x3 
 .sbss          0x0002864c        0x4 obj/default/nios_it/nios_it.o
                0x0002864c                edge_capture
 .sbss          0x00028650        0x4 obj/default/peripheral/peripheral_linker.o
                0x00028650                timerCounter
 .sbss.__malloc_sbrk_start
                0x00028654        0x4 c:/intelfpga_lite/23.1std/nios2eds/bin/gnu/h-x86_64-mingw32/bin/../lib/gcc/nios2-elf/12.3.1/../../../../../H-x86_64-mingw32/nios2-elf/lib\libsmallc.a(libc_a-mallocr.o)
                0x00028654                __malloc_sbrk_start
 .sbss.__malloc_free_list
                0x00028658        0x4 c:/intelfpga_lite/23.1std/nios2eds/bin/gnu/h-x86_64-mingw32/bin/../lib/gcc/nios2-elf/12.3.1/../../../../../H-x86_64-mingw32/nios2-elf/lib\libsmallc.a(libc_a-mallocr.o)
                0x00028658                __malloc_free_list
 .sbss.errno    0x0002865c        0x4 c:/intelfpga_lite/23.1std/nios2eds/bin/gnu/h-x86_64-mingw32/bin/../lib/gcc/nios2-elf/12.3.1/../../../../../H-x86_64-mingw32/nios2-elf/lib\libsmallc.a(libc_a-int_errno.o)
                0x0002865c                errno
 .sbss          0x00028660        0x4 c:/Users/guan-ming.dennis-won/Documents/Code/SPI_4_Wire_Serial_Intel_FPGA_IP/software/NIOS_Project_Small_bsp/\libhal_bsp.a(alt_irq_vars.o)
                0x00028660                alt_irq_active
 .sbss          0x00028664        0xc c:/Users/guan-ming.dennis-won/Documents/Code/SPI_4_Wire_Serial_Intel_FPGA_IP/software/NIOS_Project_Small_bsp/\libhal_bsp.a(alt_main.o)
                0x00028664                alt_envp
                0x00028668                alt_argv
                0x0002866c                alt_argc
 .sbss          0x00028670        0x4 c:/Users/guan-ming.dennis-won/Documents/Code/SPI_4_Wire_Serial_Intel_FPGA_IP/software/NIOS_Project_Small_bsp/\libhal_bsp.a(alt_instruction_exception_entry.o)
                0x00028670                alt_instruction_exception_handler
 *(.sbss2 .sbss2.* .gnu.linkonce.sb2.*)
 *(.scommon)
                [!provide]                        PROVIDE (__sbss_end = ABSOLUTE (.))
                [!provide]                        PROVIDE (___sbss_end = ABSOLUTE (.))
 *(.dynbss)
 *(.bss .bss.* .gnu.linkonce.b.*)
 .bss           0x00028674        0x0 c:/Users/guan-ming.dennis-won/Documents/Code/SPI_4_Wire_Serial_Intel_FPGA_IP/software/NIOS_Project_Small_bsp//obj/HAL/src/crt0.o
 .bss           0x00028674        0x0 obj/default/hello_world_small.o
 .bss           0x00028674        0x0 obj/default/imported_source/TENCL040_ESC.o
 .bss           0x00028674       0x18 obj/default/imported_source/ax58100_hw.o
                0x00028674                spiRxBuf
                0x00028680                spiTxBuf
 .bss           0x0002868c        0x0 obj/default/imported_source/coeappl.o
 .bss           0x0002868c       0x74 obj/default/imported_source/ecatappl.o
                0x0002868c                aPdInputData
                0x000286f4                aPdOutputData
 .bss           0x00028700        0x0 obj/default/imported_source/ecatcoe.o
 .bss           0x00028700        0x0 obj/default/imported_source/ecatslv.o
 .bss           0x00028700       0x68 obj/default/imported_source/mailbox.o
                0x00028700                sMbxReceiveQueue
                0x00028734                sMbxSendQueue
 .bss           0x00028768       0x88 obj/default/imported_source/objdef.o
                0x00028768                sSyncManInPar
                0x000287ac                sSyncManOutPar
 .bss           0x000287f0       0x10 obj/default/imported_source/sdoserv.o
                0x000287f0                aSdoInfoHeader
 .bss           0x00028800        0x0 obj/default/nios_it/nios_it.o
 .bss           0x00028800        0x0 obj/default/peripheral/peripheral_linker.o
 .bss           0x00028800        0x0 c:/intelfpga_lite/23.1std/nios2eds/bin/gnu/h-x86_64-mingw32/bin/../lib/gcc/nios2-elf/12.3.1\libgcc.a(lib2-divmod.o)
 .bss           0x00028800        0x0 c:/intelfpga_lite/23.1std/nios2eds/bin/gnu/h-x86_64-mingw32/bin/../lib/gcc/nios2-elf/12.3.1/../../../../../H-x86_64-mingw32/nios2-elf/lib\libsmallc.a(libc_a-malloc.o)
 .bss           0x00028800        0x0 c:/intelfpga_lite/23.1std/nios2eds/bin/gnu/h-x86_64-mingw32/bin/../lib/gcc/nios2-elf/12.3.1/../../../../../H-x86_64-mingw32/nios2-elf/lib\libsmallc.a(libc_a-mallocr.o)
 .bss           0x00028800        0x0 c:/intelfpga_lite/23.1std/nios2eds/bin/gnu/h-x86_64-mingw32/bin/../lib/gcc/nios2-elf/12.3.1/../../../../../H-x86_64-mingw32/nios2-elf/lib\libsmallc.a(libc_a-puts.o)
 .bss           0x00028800        0x0 c:/intelfpga_lite/23.1std/nios2eds/bin/gnu/h-x86_64-mingw32/bin/../lib/gcc/nios2-elf/12.3.1/../../../../../H-x86_64-mingw32/nios2-elf/lib\libsmallc.a(libc_a-memcpy.o)
 .bss           0x00028800        0x0 c:/intelfpga_lite/23.1std/nios2eds/bin/gnu/h-x86_64-mingw32/bin/../lib/gcc/nios2-elf/12.3.1/../../../../../H-x86_64-mingw32/nios2-elf/lib\libsmallc.a(libc_a-memset.o)
 .bss           0x00028800        0x0 c:/intelfpga_lite/23.1std/nios2eds/bin/gnu/h-x86_64-mingw32/bin/../lib/gcc/nios2-elf/12.3.1/../../../../../H-x86_64-mingw32/nios2-elf/lib\libsmallc.a(libc_a-strlen.o)
 .bss           0x00028800        0x0 c:/intelfpga_lite/23.1std/nios2eds/bin/gnu/h-x86_64-mingw32/bin/../lib/gcc/nios2-elf/12.3.1/../../../../../H-x86_64-mingw32/nios2-elf/lib\libsmallc.a(libc_a-impure.o)
 .bss           0x00028800        0x0 c:/intelfpga_lite/23.1std/nios2eds/bin/gnu/h-x86_64-mingw32/bin/../lib/gcc/nios2-elf/12.3.1/../../../../../H-x86_64-mingw32/nios2-elf/lib\libsmallc.a(libc_a-sbrkr.o)
 .bss           0x00028800        0x0 c:/intelfpga_lite/23.1std/nios2eds/bin/gnu/h-x86_64-mingw32/bin/../lib/gcc/nios2-elf/12.3.1/../../../../../H-x86_64-mingw32/nios2-elf/lib\libsmallc.a(libc_a-freer.o)
 .bss           0x00028800        0x0 c:/intelfpga_lite/23.1std/nios2eds/bin/gnu/h-x86_64-mingw32/bin/../lib/gcc/nios2-elf/12.3.1/../../../../../H-x86_64-mingw32/nios2-elf/lib\libsmallc.a(libc_a-fvwrite_small_dev.o)
 .bss           0x00028800        0x0 c:/intelfpga_lite/23.1std/nios2eds/bin/gnu/h-x86_64-mingw32/bin/../lib/gcc/nios2-elf/12.3.1/../../../../../H-x86_64-mingw32/nios2-elf/lib\libsmallc.a(libc_a-int_errno.o)
 .bss           0x00028800        0x0 c:/intelfpga_lite/23.1std/nios2eds/bin/gnu/h-x86_64-mingw32/bin/../lib/gcc/nios2-elf/12.3.1/../../../../../H-x86_64-mingw32/nios2-elf/lib\libsmallc.a(libc_a-writer.o)
 .bss           0x00028800        0x0 c:/Users/guan-ming.dennis-won/Documents/Code/SPI_4_Wire_Serial_Intel_FPGA_IP/software/NIOS_Project_Small_bsp/\libhal_bsp.a(alt_iic.o)
 .bss           0x00028800        0x0 c:/Users/guan-ming.dennis-won/Documents/Code/SPI_4_Wire_Serial_Intel_FPGA_IP/software/NIOS_Project_Small_bsp/\libhal_bsp.a(alt_iic_isr_register.o)
 .bss           0x00028800        0x0 c:/Users/guan-ming.dennis-won/Documents/Code/SPI_4_Wire_Serial_Intel_FPGA_IP/software/NIOS_Project_Small_bsp/\libhal_bsp.a(alt_irq_entry.o)
 .bss           0x00028800      0x100 c:/Users/guan-ming.dennis-won/Documents/Code/SPI_4_Wire_Serial_Intel_FPGA_IP/software/NIOS_Project_Small_bsp/\libhal_bsp.a(alt_irq_handler.o)
                0x00028800                alt_irq
 .bss           0x00028900        0x0 c:/Users/guan-ming.dennis-won/Documents/Code/SPI_4_Wire_Serial_Intel_FPGA_IP/software/NIOS_Project_Small_bsp/\libhal_bsp.a(alt_irq_vars.o)
 .bss           0x00028900        0x0 c:/Users/guan-ming.dennis-won/Documents/Code/SPI_4_Wire_Serial_Intel_FPGA_IP/software/NIOS_Project_Small_bsp/\libhal_bsp.a(alt_load.o)
 .bss           0x00028900        0x0 c:/Users/guan-ming.dennis-won/Documents/Code/SPI_4_Wire_Serial_Intel_FPGA_IP/software/NIOS_Project_Small_bsp/\libhal_bsp.a(alt_main.o)
 .bss           0x00028900        0x0 c:/Users/guan-ming.dennis-won/Documents/Code/SPI_4_Wire_Serial_Intel_FPGA_IP/software/NIOS_Project_Small_bsp/\libhal_bsp.a(alt_malloc_lock.o)
 .bss           0x00028900        0x0 c:/Users/guan-ming.dennis-won/Documents/Code/SPI_4_Wire_Serial_Intel_FPGA_IP/software/NIOS_Project_Small_bsp/\libhal_bsp.a(alt_sbrk.o)
 .bss           0x00028900        0x0 c:/Users/guan-ming.dennis-won/Documents/Code/SPI_4_Wire_Serial_Intel_FPGA_IP/software/NIOS_Project_Small_bsp/\libhal_bsp.a(alt_usleep.o)
 .bss           0x00028900        0x0 c:/Users/guan-ming.dennis-won/Documents/Code/SPI_4_Wire_Serial_Intel_FPGA_IP/software/NIOS_Project_Small_bsp/\libhal_bsp.a(alt_write.o)
 .bss           0x00028900        0x0 c:/Users/guan-ming.dennis-won/Documents/Code/SPI_4_Wire_Serial_Intel_FPGA_IP/software/NIOS_Project_Small_bsp/\libhal_bsp.a(alt_sys_init.o)
 .bss           0x00028900        0x0 c:/Users/guan-ming.dennis-won/Documents/Code/SPI_4_Wire_Serial_Intel_FPGA_IP/software/NIOS_Project_Small_bsp/\libhal_bsp.a(altera_avalon_jtag_uart_write.o)
 .bss           0x00028900        0x0 c:/Users/guan-ming.dennis-won/Documents/Code/SPI_4_Wire_Serial_Intel_FPGA_IP/software/NIOS_Project_Small_bsp/\libhal_bsp.a(altera_avalon_spi.o)
 .bss           0x00028900        0x0 c:/Users/guan-ming.dennis-won/Documents/Code/SPI_4_Wire_Serial_Intel_FPGA_IP/software/NIOS_Project_Small_bsp/\libhal_bsp.a(alt_busy_sleep.o)
 .bss           0x00028900        0x0 c:/Users/guan-ming.dennis-won/Documents/Code/SPI_4_Wire_Serial_Intel_FPGA_IP/software/NIOS_Project_Small_bsp/\libhal_bsp.a(alt_dcache_flush_all.o)
 .bss           0x00028900        0x0 c:/Users/guan-ming.dennis-won/Documents/Code/SPI_4_Wire_Serial_Intel_FPGA_IP/software/NIOS_Project_Small_bsp/\libhal_bsp.a(alt_errno.o)
 .bss           0x00028900        0x0 c:/Users/guan-ming.dennis-won/Documents/Code/SPI_4_Wire_Serial_Intel_FPGA_IP/software/NIOS_Project_Small_bsp/\libhal_bsp.a(alt_exception_entry.o)
 .bss           0x00028900        0x0 c:/Users/guan-ming.dennis-won/Documents/Code/SPI_4_Wire_Serial_Intel_FPGA_IP/software/NIOS_Project_Small_bsp/\libhal_bsp.a(alt_icache_flush_all.o)
 .bss           0x00028900        0x0 c:/Users/guan-ming.dennis-won/Documents/Code/SPI_4_Wire_Serial_Intel_FPGA_IP/software/NIOS_Project_Small_bsp/\libhal_bsp.a(alt_instruction_exception_entry.o)
 .bss           0x00028900        0x0 c:/Users/guan-ming.dennis-won/Documents/Code/SPI_4_Wire_Serial_Intel_FPGA_IP/software/NIOS_Project_Small_bsp/\libhal_bsp.a(altera_nios2_gen2_irq.o)
 .bss           0x00028900        0x0 c:/Users/guan-ming.dennis-won/Documents/Code/SPI_4_Wire_Serial_Intel_FPGA_IP/software/NIOS_Project_Small_bsp/\libhal_bsp.a(alt_icache_flush.o)
 *(COMMON)
                0x00028900                        . = ALIGN (0x4)
                0x00028900                        __bss_end = ABSOLUTE (.)

.RAM            0x00028900        0x0
                [!provide]                        PROVIDE (_alt_partition_RAM_start = ABSOLUTE (.))
 *(.RAM .RAM. RAM.*)
                0x00028900                        . = ALIGN (0x4)
                [!provide]                        PROVIDE (_alt_partition_RAM_end = ABSOLUTE (.))
                0x00028900                        _end = ABSOLUTE (.)
                0x00028900                        end = ABSOLUTE (.)
                0x00028900                        __alt_stack_base = ABSOLUTE (.)
                [!provide]                        PROVIDE (_alt_partition_RAM_load_addr = LOADADDR (.RAM))

.stab
 *(.stab)

.stabstr
 *(.stabstr)

.stab.excl
 *(.stab.excl)

.stab.exclstr
 *(.stab.exclstr)

.stab.index
 *(.stab.index)

.stab.indexstr
 *(.stab.indexstr)

.comment        0x00000000       0x2d
 *(.comment)
 .comment       0x00000000       0x2d obj/default/hello_world_small.o
                                 0x2e (size before relaxing)
 .comment       0x0000002d       0x2e obj/default/imported_source/TENCL040_ESC.o
 .comment       0x0000002d       0x2e obj/default/imported_source/ax58100_hw.o
 .comment       0x0000002d       0x2e obj/default/imported_source/coeappl.o
 .comment       0x0000002d       0x2e obj/default/imported_source/ecatappl.o
 .comment       0x0000002d       0x2e obj/default/imported_source/ecatcoe.o
 .comment       0x0000002d       0x2e obj/default/imported_source/ecatslv.o
 .comment       0x0000002d       0x2e obj/default/imported_source/mailbox.o
 .comment       0x0000002d       0x2e obj/default/imported_source/objdef.o
 .comment       0x0000002d       0x2e obj/default/imported_source/sdoserv.o
 .comment       0x0000002d       0x2e obj/default/nios_it/nios_it.o
 .comment       0x0000002d       0x2e obj/default/peripheral/peripheral_linker.o
 .comment       0x0000002d       0x2e c:/intelfpga_lite/23.1std/nios2eds/bin/gnu/h-x86_64-mingw32/bin/../lib/gcc/nios2-elf/12.3.1\libgcc.a(lib2-divmod.o)
 .comment       0x0000002d       0x2e c:/intelfpga_lite/23.1std/nios2eds/bin/gnu/h-x86_64-mingw32/bin/../lib/gcc/nios2-elf/12.3.1/../../../../../H-x86_64-mingw32/nios2-elf/lib\libsmallc.a(libc_a-malloc.o)
 .comment       0x0000002d       0x2e c:/intelfpga_lite/23.1std/nios2eds/bin/gnu/h-x86_64-mingw32/bin/../lib/gcc/nios2-elf/12.3.1/../../../../../H-x86_64-mingw32/nios2-elf/lib\libsmallc.a(libc_a-mallocr.o)
 .comment       0x0000002d       0x2e c:/intelfpga_lite/23.1std/nios2eds/bin/gnu/h-x86_64-mingw32/bin/../lib/gcc/nios2-elf/12.3.1/../../../../../H-x86_64-mingw32/nios2-elf/lib\libsmallc.a(libc_a-puts.o)
 .comment       0x0000002d       0x2e c:/intelfpga_lite/23.1std/nios2eds/bin/gnu/h-x86_64-mingw32/bin/../lib/gcc/nios2-elf/12.3.1/../../../../../H-x86_64-mingw32/nios2-elf/lib\libsmallc.a(libc_a-memcpy.o)
 .comment       0x0000002d       0x2e c:/intelfpga_lite/23.1std/nios2eds/bin/gnu/h-x86_64-mingw32/bin/../lib/gcc/nios2-elf/12.3.1/../../../../../H-x86_64-mingw32/nios2-elf/lib\libsmallc.a(libc_a-memset.o)
 .comment       0x0000002d       0x2e c:/intelfpga_lite/23.1std/nios2eds/bin/gnu/h-x86_64-mingw32/bin/../lib/gcc/nios2-elf/12.3.1/../../../../../H-x86_64-mingw32/nios2-elf/lib\libsmallc.a(libc_a-strlen.o)
 .comment       0x0000002d       0x2e c:/intelfpga_lite/23.1std/nios2eds/bin/gnu/h-x86_64-mingw32/bin/../lib/gcc/nios2-elf/12.3.1/../../../../../H-x86_64-mingw32/nios2-elf/lib\libsmallc.a(libc_a-impure.o)
 .comment       0x0000002d       0x2e c:/intelfpga_lite/23.1std/nios2eds/bin/gnu/h-x86_64-mingw32/bin/../lib/gcc/nios2-elf/12.3.1/../../../../../H-x86_64-mingw32/nios2-elf/lib\libsmallc.a(libc_a-sbrkr.o)
 .comment       0x0000002d       0x2e c:/intelfpga_lite/23.1std/nios2eds/bin/gnu/h-x86_64-mingw32/bin/../lib/gcc/nios2-elf/12.3.1/../../../../../H-x86_64-mingw32/nios2-elf/lib\libsmallc.a(libc_a-freer.o)
 .comment       0x0000002d       0x2e c:/intelfpga_lite/23.1std/nios2eds/bin/gnu/h-x86_64-mingw32/bin/../lib/gcc/nios2-elf/12.3.1/../../../../../H-x86_64-mingw32/nios2-elf/lib\libsmallc.a(libc_a-fvwrite_small_dev.o)
 .comment       0x0000002d       0x2e c:/intelfpga_lite/23.1std/nios2eds/bin/gnu/h-x86_64-mingw32/bin/../lib/gcc/nios2-elf/12.3.1/../../../../../H-x86_64-mingw32/nios2-elf/lib\libsmallc.a(libc_a-int_errno.o)
 .comment       0x0000002d       0x2e c:/intelfpga_lite/23.1std/nios2eds/bin/gnu/h-x86_64-mingw32/bin/../lib/gcc/nios2-elf/12.3.1/../../../../../H-x86_64-mingw32/nios2-elf/lib\libsmallc.a(libc_a-writer.o)
 .comment       0x0000002d       0x2e c:/Users/guan-ming.dennis-won/Documents/Code/SPI_4_Wire_Serial_Intel_FPGA_IP/software/NIOS_Project_Small_bsp/\libhal_bsp.a(alt_iic.o)
 .comment       0x0000002d       0x2e c:/Users/guan-ming.dennis-won/Documents/Code/SPI_4_Wire_Serial_Intel_FPGA_IP/software/NIOS_Project_Small_bsp/\libhal_bsp.a(alt_iic_isr_register.o)
 .comment       0x0000002d       0x2e c:/Users/guan-ming.dennis-won/Documents/Code/SPI_4_Wire_Serial_Intel_FPGA_IP/software/NIOS_Project_Small_bsp/\libhal_bsp.a(alt_irq_handler.o)
 .comment       0x0000002d       0x2e c:/Users/guan-ming.dennis-won/Documents/Code/SPI_4_Wire_Serial_Intel_FPGA_IP/software/NIOS_Project_Small_bsp/\libhal_bsp.a(alt_irq_vars.o)
 .comment       0x0000002d       0x2e c:/Users/guan-ming.dennis-won/Documents/Code/SPI_4_Wire_Serial_Intel_FPGA_IP/software/NIOS_Project_Small_bsp/\libhal_bsp.a(alt_load.o)
 .comment       0x0000002d       0x2e c:/Users/guan-ming.dennis-won/Documents/Code/SPI_4_Wire_Serial_Intel_FPGA_IP/software/NIOS_Project_Small_bsp/\libhal_bsp.a(alt_main.o)
 .comment       0x0000002d       0x2e c:/Users/guan-ming.dennis-won/Documents/Code/SPI_4_Wire_Serial_Intel_FPGA_IP/software/NIOS_Project_Small_bsp/\libhal_bsp.a(alt_malloc_lock.o)
 .comment       0x0000002d       0x2e c:/Users/guan-ming.dennis-won/Documents/Code/SPI_4_Wire_Serial_Intel_FPGA_IP/software/NIOS_Project_Small_bsp/\libhal_bsp.a(alt_sbrk.o)
 .comment       0x0000002d       0x2e c:/Users/guan-ming.dennis-won/Documents/Code/SPI_4_Wire_Serial_Intel_FPGA_IP/software/NIOS_Project_Small_bsp/\libhal_bsp.a(alt_usleep.o)
 .comment       0x0000002d       0x2e c:/Users/guan-ming.dennis-won/Documents/Code/SPI_4_Wire_Serial_Intel_FPGA_IP/software/NIOS_Project_Small_bsp/\libhal_bsp.a(alt_write.o)
 .comment       0x0000002d       0x2e c:/Users/guan-ming.dennis-won/Documents/Code/SPI_4_Wire_Serial_Intel_FPGA_IP/software/NIOS_Project_Small_bsp/\libhal_bsp.a(alt_sys_init.o)
 .comment       0x0000002d       0x2e c:/Users/guan-ming.dennis-won/Documents/Code/SPI_4_Wire_Serial_Intel_FPGA_IP/software/NIOS_Project_Small_bsp/\libhal_bsp.a(altera_avalon_jtag_uart_write.o)
 .comment       0x0000002d       0x2e c:/Users/guan-ming.dennis-won/Documents/Code/SPI_4_Wire_Serial_Intel_FPGA_IP/software/NIOS_Project_Small_bsp/\libhal_bsp.a(altera_avalon_spi.o)
 .comment       0x0000002d       0x2e c:/Users/guan-ming.dennis-won/Documents/Code/SPI_4_Wire_Serial_Intel_FPGA_IP/software/NIOS_Project_Small_bsp/\libhal_bsp.a(alt_busy_sleep.o)
 .comment       0x0000002d       0x2e c:/Users/guan-ming.dennis-won/Documents/Code/SPI_4_Wire_Serial_Intel_FPGA_IP/software/NIOS_Project_Small_bsp/\libhal_bsp.a(alt_dcache_flush_all.o)
 .comment       0x0000002d       0x2e c:/Users/guan-ming.dennis-won/Documents/Code/SPI_4_Wire_Serial_Intel_FPGA_IP/software/NIOS_Project_Small_bsp/\libhal_bsp.a(alt_errno.o)
 .comment       0x0000002d       0x2e c:/Users/guan-ming.dennis-won/Documents/Code/SPI_4_Wire_Serial_Intel_FPGA_IP/software/NIOS_Project_Small_bsp/\libhal_bsp.a(alt_icache_flush_all.o)
 .comment       0x0000002d       0x2e c:/Users/guan-ming.dennis-won/Documents/Code/SPI_4_Wire_Serial_Intel_FPGA_IP/software/NIOS_Project_Small_bsp/\libhal_bsp.a(alt_instruction_exception_entry.o)
 .comment       0x0000002d       0x2e c:/Users/guan-ming.dennis-won/Documents/Code/SPI_4_Wire_Serial_Intel_FPGA_IP/software/NIOS_Project_Small_bsp/\libhal_bsp.a(altera_nios2_gen2_irq.o)
 .comment       0x0000002d       0x2e c:/Users/guan-ming.dennis-won/Documents/Code/SPI_4_Wire_Serial_Intel_FPGA_IP/software/NIOS_Project_Small_bsp/\libhal_bsp.a(alt_icache_flush.o)

.debug
 *(.debug)

.line
 *(.line)

.debug_srcinfo
 *(.debug_srcinfo)

.debug_sfnames
 *(.debug_sfnames)

.debug_aranges  0x00000000      0x628
 *(.debug_aranges)
 .debug_aranges
                0x00000000       0x28 c:/Users/guan-ming.dennis-won/Documents/Code/SPI_4_Wire_Serial_Intel_FPGA_IP/software/NIOS_Project_Small_bsp//obj/HAL/src/crt0.o
 .debug_aranges
                0x00000028       0x20 obj/default/hello_world_small.o
 .debug_aranges
                0x00000048       0x20 obj/default/imported_source/TENCL040_ESC.o
 .debug_aranges
                0x00000068       0x20 obj/default/imported_source/ax58100_hw.o
 .debug_aranges
                0x00000088       0x20 obj/default/imported_source/coeappl.o
 .debug_aranges
                0x000000a8       0x20 obj/default/imported_source/ecatappl.o
 .debug_aranges
                0x000000c8       0x20 obj/default/imported_source/ecatcoe.o
 .debug_aranges
                0x000000e8       0x20 obj/default/imported_source/ecatslv.o
 .debug_aranges
                0x00000108       0x20 obj/default/imported_source/mailbox.o
 .debug_aranges
                0x00000128       0x20 obj/default/imported_source/objdef.o
 .debug_aranges
                0x00000148       0x20 obj/default/imported_source/sdoserv.o
 .debug_aranges
                0x00000168       0x20 obj/default/nios_it/nios_it.o
 .debug_aranges
                0x00000188       0x20 obj/default/peripheral/peripheral_linker.o
 .debug_aranges
                0x000001a8       0x20 c:/intelfpga_lite/23.1std/nios2eds/bin/gnu/h-x86_64-mingw32/bin/../lib/gcc/nios2-elf/12.3.1\libgcc.a(lib2-divmod.o)
 .debug_aranges
                0x000001c8       0x28 c:/intelfpga_lite/23.1std/nios2eds/bin/gnu/h-x86_64-mingw32/bin/../lib/gcc/nios2-elf/12.3.1/../../../../../H-x86_64-mingw32/nios2-elf/lib\libsmallc.a(libc_a-malloc.o)
 .debug_aranges
                0x000001f0       0x28 c:/intelfpga_lite/23.1std/nios2eds/bin/gnu/h-x86_64-mingw32/bin/../lib/gcc/nios2-elf/12.3.1/../../../../../H-x86_64-mingw32/nios2-elf/lib\libsmallc.a(libc_a-mallocr.o)
 .debug_aranges
                0x00000218       0x28 c:/intelfpga_lite/23.1std/nios2eds/bin/gnu/h-x86_64-mingw32/bin/../lib/gcc/nios2-elf/12.3.1/../../../../../H-x86_64-mingw32/nios2-elf/lib\libsmallc.a(libc_a-puts.o)
 .debug_aranges
                0x00000240       0x20 c:/intelfpga_lite/23.1std/nios2eds/bin/gnu/h-x86_64-mingw32/bin/../lib/gcc/nios2-elf/12.3.1/../../../../../H-x86_64-mingw32/nios2-elf/lib\libsmallc.a(libc_a-memcpy.o)
 .debug_aranges
                0x00000260       0x20 c:/intelfpga_lite/23.1std/nios2eds/bin/gnu/h-x86_64-mingw32/bin/../lib/gcc/nios2-elf/12.3.1/../../../../../H-x86_64-mingw32/nios2-elf/lib\libsmallc.a(libc_a-memset.o)
 .debug_aranges
                0x00000280       0x20 c:/intelfpga_lite/23.1std/nios2eds/bin/gnu/h-x86_64-mingw32/bin/../lib/gcc/nios2-elf/12.3.1/../../../../../H-x86_64-mingw32/nios2-elf/lib\libsmallc.a(libc_a-strlen.o)
 .debug_aranges
                0x000002a0       0x18 c:/intelfpga_lite/23.1std/nios2eds/bin/gnu/h-x86_64-mingw32/bin/../lib/gcc/nios2-elf/12.3.1/../../../../../H-x86_64-mingw32/nios2-elf/lib\libsmallc.a(libc_a-impure.o)
 .debug_aranges
                0x000002b8       0x20 c:/intelfpga_lite/23.1std/nios2eds/bin/gnu/h-x86_64-mingw32/bin/../lib/gcc/nios2-elf/12.3.1/../../../../../H-x86_64-mingw32/nios2-elf/lib\libsmallc.a(libc_a-sbrkr.o)
 .debug_aranges
                0x000002d8       0x20 c:/intelfpga_lite/23.1std/nios2eds/bin/gnu/h-x86_64-mingw32/bin/../lib/gcc/nios2-elf/12.3.1/../../../../../H-x86_64-mingw32/nios2-elf/lib\libsmallc.a(libc_a-freer.o)
 .debug_aranges
                0x000002f8       0x20 c:/intelfpga_lite/23.1std/nios2eds/bin/gnu/h-x86_64-mingw32/bin/../lib/gcc/nios2-elf/12.3.1/../../../../../H-x86_64-mingw32/nios2-elf/lib\libsmallc.a(libc_a-fvwrite_small_dev.o)
 .debug_aranges
                0x00000318       0x18 c:/intelfpga_lite/23.1std/nios2eds/bin/gnu/h-x86_64-mingw32/bin/../lib/gcc/nios2-elf/12.3.1/../../../../../H-x86_64-mingw32/nios2-elf/lib\libsmallc.a(libc_a-int_errno.o)
 .debug_aranges
                0x00000330       0x20 c:/intelfpga_lite/23.1std/nios2eds/bin/gnu/h-x86_64-mingw32/bin/../lib/gcc/nios2-elf/12.3.1/../../../../../H-x86_64-mingw32/nios2-elf/lib\libsmallc.a(libc_a-writer.o)
 .debug_aranges
                0x00000350       0x20 c:/Users/guan-ming.dennis-won/Documents/Code/SPI_4_Wire_Serial_Intel_FPGA_IP/software/NIOS_Project_Small_bsp/\libhal_bsp.a(alt_iic.o)
 .debug_aranges
                0x00000370       0x20 c:/Users/guan-ming.dennis-won/Documents/Code/SPI_4_Wire_Serial_Intel_FPGA_IP/software/NIOS_Project_Small_bsp/\libhal_bsp.a(alt_iic_isr_register.o)
 .debug_aranges
                0x00000390       0x30 c:/Users/guan-ming.dennis-won/Documents/Code/SPI_4_Wire_Serial_Intel_FPGA_IP/software/NIOS_Project_Small_bsp/\libhal_bsp.a(alt_irq_entry.o)
 .debug_aranges
                0x000003c0       0x20 c:/Users/guan-ming.dennis-won/Documents/Code/SPI_4_Wire_Serial_Intel_FPGA_IP/software/NIOS_Project_Small_bsp/\libhal_bsp.a(alt_irq_handler.o)
 .debug_aranges
                0x000003e0       0x18 c:/Users/guan-ming.dennis-won/Documents/Code/SPI_4_Wire_Serial_Intel_FPGA_IP/software/NIOS_Project_Small_bsp/\libhal_bsp.a(alt_irq_vars.o)
 .debug_aranges
                0x000003f8       0x20 c:/Users/guan-ming.dennis-won/Documents/Code/SPI_4_Wire_Serial_Intel_FPGA_IP/software/NIOS_Project_Small_bsp/\libhal_bsp.a(alt_load.o)
 .debug_aranges
                0x00000418       0x20 c:/Users/guan-ming.dennis-won/Documents/Code/SPI_4_Wire_Serial_Intel_FPGA_IP/software/NIOS_Project_Small_bsp/\libhal_bsp.a(alt_main.o)
 .debug_aranges
                0x00000438       0x20 c:/Users/guan-ming.dennis-won/Documents/Code/SPI_4_Wire_Serial_Intel_FPGA_IP/software/NIOS_Project_Small_bsp/\libhal_bsp.a(alt_malloc_lock.o)
 .debug_aranges
                0x00000458       0x20 c:/Users/guan-ming.dennis-won/Documents/Code/SPI_4_Wire_Serial_Intel_FPGA_IP/software/NIOS_Project_Small_bsp/\libhal_bsp.a(alt_sbrk.o)
 .debug_aranges
                0x00000478       0x20 c:/Users/guan-ming.dennis-won/Documents/Code/SPI_4_Wire_Serial_Intel_FPGA_IP/software/NIOS_Project_Small_bsp/\libhal_bsp.a(alt_usleep.o)
 .debug_aranges
                0x00000498       0x20 c:/Users/guan-ming.dennis-won/Documents/Code/SPI_4_Wire_Serial_Intel_FPGA_IP/software/NIOS_Project_Small_bsp/\libhal_bsp.a(alt_write.o)
 .debug_aranges
                0x000004b8       0x20 c:/Users/guan-ming.dennis-won/Documents/Code/SPI_4_Wire_Serial_Intel_FPGA_IP/software/NIOS_Project_Small_bsp/\libhal_bsp.a(alt_sys_init.o)
 .debug_aranges
                0x000004d8       0x20 c:/Users/guan-ming.dennis-won/Documents/Code/SPI_4_Wire_Serial_Intel_FPGA_IP/software/NIOS_Project_Small_bsp/\libhal_bsp.a(altera_avalon_jtag_uart_write.o)
 .debug_aranges
                0x000004f8       0x20 c:/Users/guan-ming.dennis-won/Documents/Code/SPI_4_Wire_Serial_Intel_FPGA_IP/software/NIOS_Project_Small_bsp/\libhal_bsp.a(altera_avalon_spi.o)
 .debug_aranges
                0x00000518       0x20 c:/Users/guan-ming.dennis-won/Documents/Code/SPI_4_Wire_Serial_Intel_FPGA_IP/software/NIOS_Project_Small_bsp/\libhal_bsp.a(alt_busy_sleep.o)
 .debug_aranges
                0x00000538       0x20 c:/Users/guan-ming.dennis-won/Documents/Code/SPI_4_Wire_Serial_Intel_FPGA_IP/software/NIOS_Project_Small_bsp/\libhal_bsp.a(alt_dcache_flush_all.o)
 .debug_aranges
                0x00000558       0x18 c:/Users/guan-ming.dennis-won/Documents/Code/SPI_4_Wire_Serial_Intel_FPGA_IP/software/NIOS_Project_Small_bsp/\libhal_bsp.a(alt_errno.o)
 .debug_aranges
                0x00000570       0x30 c:/Users/guan-ming.dennis-won/Documents/Code/SPI_4_Wire_Serial_Intel_FPGA_IP/software/NIOS_Project_Small_bsp/\libhal_bsp.a(alt_exception_entry.o)
 .debug_aranges
                0x000005a0       0x20 c:/Users/guan-ming.dennis-won/Documents/Code/SPI_4_Wire_Serial_Intel_FPGA_IP/software/NIOS_Project_Small_bsp/\libhal_bsp.a(alt_icache_flush_all.o)
 .debug_aranges
                0x000005c0       0x28 c:/Users/guan-ming.dennis-won/Documents/Code/SPI_4_Wire_Serial_Intel_FPGA_IP/software/NIOS_Project_Small_bsp/\libhal_bsp.a(alt_instruction_exception_entry.o)
 .debug_aranges
                0x000005e8       0x20 c:/Users/guan-ming.dennis-won/Documents/Code/SPI_4_Wire_Serial_Intel_FPGA_IP/software/NIOS_Project_Small_bsp/\libhal_bsp.a(altera_nios2_gen2_irq.o)
 .debug_aranges
                0x00000608       0x20 c:/Users/guan-ming.dennis-won/Documents/Code/SPI_4_Wire_Serial_Intel_FPGA_IP/software/NIOS_Project_Small_bsp/\libhal_bsp.a(alt_icache_flush.o)

.debug_pubnames
 *(.debug_pubnames)

.debug_info     0x00000000     0xe384
 *(.debug_info .gnu.linkonce.wi.*)
 .debug_info    0x00000000       0x3f c:/Users/guan-ming.dennis-won/Documents/Code/SPI_4_Wire_Serial_Intel_FPGA_IP/software/NIOS_Project_Small_bsp//obj/HAL/src/crt0.o
 .debug_info    0x0000003f      0x116 obj/default/hello_world_small.o
 .debug_info    0x00000155      0x766 obj/default/imported_source/TENCL040_ESC.o
 .debug_info    0x000008bb      0x97c obj/default/imported_source/ax58100_hw.o
 .debug_info    0x00001237     0x10f7 obj/default/imported_source/coeappl.o
 .debug_info    0x0000232e      0xe1c obj/default/imported_source/ecatappl.o
 .debug_info    0x0000314a      0x55b obj/default/imported_source/ecatcoe.o
 .debug_info    0x000036a5     0x169f obj/default/imported_source/ecatslv.o
 .debug_info    0x00004d44      0xd01 obj/default/imported_source/mailbox.o
 .debug_info    0x00005a45     0x116c obj/default/imported_source/objdef.o
 .debug_info    0x00006bb1     0x14b3 obj/default/imported_source/sdoserv.o
 .debug_info    0x00008064      0x1eb obj/default/nios_it/nios_it.o
 .debug_info    0x0000824f      0x8fd obj/default/peripheral/peripheral_linker.o
 .debug_info    0x00008b4c      0x347 c:/intelfpga_lite/23.1std/nios2eds/bin/gnu/h-x86_64-mingw32/bin/../lib/gcc/nios2-elf/12.3.1\libgcc.a(lib2-divmod.o)
 .debug_info    0x00008e93      0x588 c:/intelfpga_lite/23.1std/nios2eds/bin/gnu/h-x86_64-mingw32/bin/../lib/gcc/nios2-elf/12.3.1/../../../../../H-x86_64-mingw32/nios2-elf/lib\libsmallc.a(libc_a-malloc.o)
 .debug_info    0x0000941b      0x7bd c:/intelfpga_lite/23.1std/nios2eds/bin/gnu/h-x86_64-mingw32/bin/../lib/gcc/nios2-elf/12.3.1/../../../../../H-x86_64-mingw32/nios2-elf/lib\libsmallc.a(libc_a-mallocr.o)
 .debug_info    0x00009bd8      0x5ec c:/intelfpga_lite/23.1std/nios2eds/bin/gnu/h-x86_64-mingw32/bin/../lib/gcc/nios2-elf/12.3.1/../../../../../H-x86_64-mingw32/nios2-elf/lib\libsmallc.a(libc_a-puts.o)
 .debug_info    0x0000a1c4      0x121 c:/intelfpga_lite/23.1std/nios2eds/bin/gnu/h-x86_64-mingw32/bin/../lib/gcc/nios2-elf/12.3.1/../../../../../H-x86_64-mingw32/nios2-elf/lib\libsmallc.a(libc_a-memcpy.o)
 .debug_info    0x0000a2e5       0xe6 c:/intelfpga_lite/23.1std/nios2eds/bin/gnu/h-x86_64-mingw32/bin/../lib/gcc/nios2-elf/12.3.1/../../../../../H-x86_64-mingw32/nios2-elf/lib\libsmallc.a(libc_a-memset.o)
 .debug_info    0x0000a3cb       0xd1 c:/intelfpga_lite/23.1std/nios2eds/bin/gnu/h-x86_64-mingw32/bin/../lib/gcc/nios2-elf/12.3.1/../../../../../H-x86_64-mingw32/nios2-elf/lib\libsmallc.a(libc_a-strlen.o)
 .debug_info    0x0000a49c      0x4eb c:/intelfpga_lite/23.1std/nios2eds/bin/gnu/h-x86_64-mingw32/bin/../lib/gcc/nios2-elf/12.3.1/../../../../../H-x86_64-mingw32/nios2-elf/lib\libsmallc.a(libc_a-impure.o)
 .debug_info    0x0000a987      0x569 c:/intelfpga_lite/23.1std/nios2eds/bin/gnu/h-x86_64-mingw32/bin/../lib/gcc/nios2-elf/12.3.1/../../../../../H-x86_64-mingw32/nios2-elf/lib\libsmallc.a(libc_a-sbrkr.o)
 .debug_info    0x0000aef0      0x638 c:/intelfpga_lite/23.1std/nios2eds/bin/gnu/h-x86_64-mingw32/bin/../lib/gcc/nios2-elf/12.3.1/../../../../../H-x86_64-mingw32/nios2-elf/lib\libsmallc.a(libc_a-freer.o)
 .debug_info    0x0000b528      0x5c4 c:/intelfpga_lite/23.1std/nios2eds/bin/gnu/h-x86_64-mingw32/bin/../lib/gcc/nios2-elf/12.3.1/../../../../../H-x86_64-mingw32/nios2-elf/lib\libsmallc.a(libc_a-fvwrite_small_dev.o)
 .debug_info    0x0000baec       0x85 c:/intelfpga_lite/23.1std/nios2eds/bin/gnu/h-x86_64-mingw32/bin/../lib/gcc/nios2-elf/12.3.1/../../../../../H-x86_64-mingw32/nios2-elf/lib\libsmallc.a(libc_a-int_errno.o)
 .debug_info    0x0000bb71      0x5a4 c:/intelfpga_lite/23.1std/nios2eds/bin/gnu/h-x86_64-mingw32/bin/../lib/gcc/nios2-elf/12.3.1/../../../../../H-x86_64-mingw32/nios2-elf/lib\libsmallc.a(libc_a-writer.o)
 .debug_info    0x0000c115      0x3d8 c:/Users/guan-ming.dennis-won/Documents/Code/SPI_4_Wire_Serial_Intel_FPGA_IP/software/NIOS_Project_Small_bsp/\libhal_bsp.a(alt_iic.o)
 .debug_info    0x0000c4ed      0x27f c:/Users/guan-ming.dennis-won/Documents/Code/SPI_4_Wire_Serial_Intel_FPGA_IP/software/NIOS_Project_Small_bsp/\libhal_bsp.a(alt_iic_isr_register.o)
 .debug_info    0x0000c76c       0x22 c:/Users/guan-ming.dennis-won/Documents/Code/SPI_4_Wire_Serial_Intel_FPGA_IP/software/NIOS_Project_Small_bsp/\libhal_bsp.a(alt_irq_entry.o)
 .debug_info    0x0000c78e      0x195 c:/Users/guan-ming.dennis-won/Documents/Code/SPI_4_Wire_Serial_Intel_FPGA_IP/software/NIOS_Project_Small_bsp/\libhal_bsp.a(alt_irq_handler.o)
 .debug_info    0x0000c923       0x88 c:/Users/guan-ming.dennis-won/Documents/Code/SPI_4_Wire_Serial_Intel_FPGA_IP/software/NIOS_Project_Small_bsp/\libhal_bsp.a(alt_irq_vars.o)
 .debug_info    0x0000c9ab      0x239 c:/Users/guan-ming.dennis-won/Documents/Code/SPI_4_Wire_Serial_Intel_FPGA_IP/software/NIOS_Project_Small_bsp/\libhal_bsp.a(alt_load.o)
 .debug_info    0x0000cbe4      0x13e c:/Users/guan-ming.dennis-won/Documents/Code/SPI_4_Wire_Serial_Intel_FPGA_IP/software/NIOS_Project_Small_bsp/\libhal_bsp.a(alt_main.o)
 .debug_info    0x0000cd22      0x72d c:/Users/guan-ming.dennis-won/Documents/Code/SPI_4_Wire_Serial_Intel_FPGA_IP/software/NIOS_Project_Small_bsp/\libhal_bsp.a(alt_malloc_lock.o)
 .debug_info    0x0000d44f      0x1c2 c:/Users/guan-ming.dennis-won/Documents/Code/SPI_4_Wire_Serial_Intel_FPGA_IP/software/NIOS_Project_Small_bsp/\libhal_bsp.a(alt_sbrk.o)
 .debug_info    0x0000d611       0xe4 c:/Users/guan-ming.dennis-won/Documents/Code/SPI_4_Wire_Serial_Intel_FPGA_IP/software/NIOS_Project_Small_bsp/\libhal_bsp.a(alt_usleep.o)
 .debug_info    0x0000d6f5      0x1a8 c:/Users/guan-ming.dennis-won/Documents/Code/SPI_4_Wire_Serial_Intel_FPGA_IP/software/NIOS_Project_Small_bsp/\libhal_bsp.a(alt_write.o)
 .debug_info    0x0000d89d      0x127 c:/Users/guan-ming.dennis-won/Documents/Code/SPI_4_Wire_Serial_Intel_FPGA_IP/software/NIOS_Project_Small_bsp/\libhal_bsp.a(alt_sys_init.o)
 .debug_info    0x0000d9c4      0x149 c:/Users/guan-ming.dennis-won/Documents/Code/SPI_4_Wire_Serial_Intel_FPGA_IP/software/NIOS_Project_Small_bsp/\libhal_bsp.a(altera_avalon_jtag_uart_write.o)
 .debug_info    0x0000db0d      0x1c2 c:/Users/guan-ming.dennis-won/Documents/Code/SPI_4_Wire_Serial_Intel_FPGA_IP/software/NIOS_Project_Small_bsp/\libhal_bsp.a(altera_avalon_spi.o)
 .debug_info    0x0000dccf       0xfa c:/Users/guan-ming.dennis-won/Documents/Code/SPI_4_Wire_Serial_Intel_FPGA_IP/software/NIOS_Project_Small_bsp/\libhal_bsp.a(alt_busy_sleep.o)
 .debug_info    0x0000ddc9       0xa6 c:/Users/guan-ming.dennis-won/Documents/Code/SPI_4_Wire_Serial_Intel_FPGA_IP/software/NIOS_Project_Small_bsp/\libhal_bsp.a(alt_dcache_flush_all.o)
 .debug_info    0x0000de6f       0xa8 c:/Users/guan-ming.dennis-won/Documents/Code/SPI_4_Wire_Serial_Intel_FPGA_IP/software/NIOS_Project_Small_bsp/\libhal_bsp.a(alt_errno.o)
 .debug_info    0x0000df17       0x22 c:/Users/guan-ming.dennis-won/Documents/Code/SPI_4_Wire_Serial_Intel_FPGA_IP/software/NIOS_Project_Small_bsp/\libhal_bsp.a(alt_exception_entry.o)
 .debug_info    0x0000df39       0xc9 c:/Users/guan-ming.dennis-won/Documents/Code/SPI_4_Wire_Serial_Intel_FPGA_IP/software/NIOS_Project_Small_bsp/\libhal_bsp.a(alt_icache_flush_all.o)
 .debug_info    0x0000e002      0x209 c:/Users/guan-ming.dennis-won/Documents/Code/SPI_4_Wire_Serial_Intel_FPGA_IP/software/NIOS_Project_Small_bsp/\libhal_bsp.a(alt_instruction_exception_entry.o)
 .debug_info    0x0000e20b       0x8d c:/Users/guan-ming.dennis-won/Documents/Code/SPI_4_Wire_Serial_Intel_FPGA_IP/software/NIOS_Project_Small_bsp/\libhal_bsp.a(altera_nios2_gen2_irq.o)
 .debug_info    0x0000e298       0xec c:/Users/guan-ming.dennis-won/Documents/Code/SPI_4_Wire_Serial_Intel_FPGA_IP/software/NIOS_Project_Small_bsp/\libhal_bsp.a(alt_icache_flush.o)

.debug_abbrev   0x00000000     0x4567
 *(.debug_abbrev)
 .debug_abbrev  0x00000000       0x1f c:/Users/guan-ming.dennis-won/Documents/Code/SPI_4_Wire_Serial_Intel_FPGA_IP/software/NIOS_Project_Small_bsp//obj/HAL/src/crt0.o
 .debug_abbrev  0x0000001f       0xc8 obj/default/hello_world_small.o
 .debug_abbrev  0x000000e7      0x328 obj/default/imported_source/TENCL040_ESC.o
 .debug_abbrev  0x0000040f      0x357 obj/default/imported_source/ax58100_hw.o
 .debug_abbrev  0x00000766      0x354 obj/default/imported_source/coeappl.o
 .debug_abbrev  0x00000aba      0x2c9 obj/default/imported_source/ecatappl.o
 .debug_abbrev  0x00000d83      0x20c obj/default/imported_source/ecatcoe.o
 .debug_abbrev  0x00000f8f      0x39c obj/default/imported_source/ecatslv.o
 .debug_abbrev  0x0000132b      0x334 obj/default/imported_source/mailbox.o
 .debug_abbrev  0x0000165f      0x390 obj/default/imported_source/objdef.o
 .debug_abbrev  0x000019ef      0x385 obj/default/imported_source/sdoserv.o
 .debug_abbrev  0x00001d74      0x126 obj/default/nios_it/nios_it.o
 .debug_abbrev  0x00001e9a      0x23a obj/default/peripheral/peripheral_linker.o
 .debug_abbrev  0x000020d4      0x10c c:/intelfpga_lite/23.1std/nios2eds/bin/gnu/h-x86_64-mingw32/bin/../lib/gcc/nios2-elf/12.3.1\libgcc.a(lib2-divmod.o)
 .debug_abbrev  0x000021e0      0x1cf c:/intelfpga_lite/23.1std/nios2eds/bin/gnu/h-x86_64-mingw32/bin/../lib/gcc/nios2-elf/12.3.1/../../../../../H-x86_64-mingw32/nios2-elf/lib\libsmallc.a(libc_a-malloc.o)
 .debug_abbrev  0x000023af      0x241 c:/intelfpga_lite/23.1std/nios2eds/bin/gnu/h-x86_64-mingw32/bin/../lib/gcc/nios2-elf/12.3.1/../../../../../H-x86_64-mingw32/nios2-elf/lib\libsmallc.a(libc_a-mallocr.o)
 .debug_abbrev  0x000025f0      0x1db c:/intelfpga_lite/23.1std/nios2eds/bin/gnu/h-x86_64-mingw32/bin/../lib/gcc/nios2-elf/12.3.1/../../../../../H-x86_64-mingw32/nios2-elf/lib\libsmallc.a(libc_a-puts.o)
 .debug_abbrev  0x000027cb       0xc1 c:/intelfpga_lite/23.1std/nios2eds/bin/gnu/h-x86_64-mingw32/bin/../lib/gcc/nios2-elf/12.3.1/../../../../../H-x86_64-mingw32/nios2-elf/lib\libsmallc.a(libc_a-memcpy.o)
 .debug_abbrev  0x0000288c       0x9e c:/intelfpga_lite/23.1std/nios2eds/bin/gnu/h-x86_64-mingw32/bin/../lib/gcc/nios2-elf/12.3.1/../../../../../H-x86_64-mingw32/nios2-elf/lib\libsmallc.a(libc_a-memset.o)
 .debug_abbrev  0x0000292a       0x8c c:/intelfpga_lite/23.1std/nios2eds/bin/gnu/h-x86_64-mingw32/bin/../lib/gcc/nios2-elf/12.3.1/../../../../../H-x86_64-mingw32/nios2-elf/lib\libsmallc.a(libc_a-strlen.o)
 .debug_abbrev  0x000029b6      0x142 c:/intelfpga_lite/23.1std/nios2eds/bin/gnu/h-x86_64-mingw32/bin/../lib/gcc/nios2-elf/12.3.1/../../../../../H-x86_64-mingw32/nios2-elf/lib\libsmallc.a(libc_a-impure.o)
 .debug_abbrev  0x00002af8      0x1c6 c:/intelfpga_lite/23.1std/nios2eds/bin/gnu/h-x86_64-mingw32/bin/../lib/gcc/nios2-elf/12.3.1/../../../../../H-x86_64-mingw32/nios2-elf/lib\libsmallc.a(libc_a-sbrkr.o)
 .debug_abbrev  0x00002cbe      0x23b c:/intelfpga_lite/23.1std/nios2eds/bin/gnu/h-x86_64-mingw32/bin/../lib/gcc/nios2-elf/12.3.1/../../../../../H-x86_64-mingw32/nios2-elf/lib\libsmallc.a(libc_a-freer.o)
 .debug_abbrev  0x00002ef9      0x1c9 c:/intelfpga_lite/23.1std/nios2eds/bin/gnu/h-x86_64-mingw32/bin/../lib/gcc/nios2-elf/12.3.1/../../../../../H-x86_64-mingw32/nios2-elf/lib\libsmallc.a(libc_a-fvwrite_small_dev.o)
 .debug_abbrev  0x000030c2       0x39 c:/intelfpga_lite/23.1std/nios2eds/bin/gnu/h-x86_64-mingw32/bin/../lib/gcc/nios2-elf/12.3.1/../../../../../H-x86_64-mingw32/nios2-elf/lib\libsmallc.a(libc_a-int_errno.o)
 .debug_abbrev  0x000030fb      0x1ae c:/intelfpga_lite/23.1std/nios2eds/bin/gnu/h-x86_64-mingw32/bin/../lib/gcc/nios2-elf/12.3.1/../../../../../H-x86_64-mingw32/nios2-elf/lib\libsmallc.a(libc_a-writer.o)
 .debug_abbrev  0x000032a9      0x1dd c:/Users/guan-ming.dennis-won/Documents/Code/SPI_4_Wire_Serial_Intel_FPGA_IP/software/NIOS_Project_Small_bsp/\libhal_bsp.a(alt_iic.o)
 .debug_abbrev  0x00003486      0x1d9 c:/Users/guan-ming.dennis-won/Documents/Code/SPI_4_Wire_Serial_Intel_FPGA_IP/software/NIOS_Project_Small_bsp/\libhal_bsp.a(alt_iic_isr_register.o)
 .debug_abbrev  0x0000365f       0x12 c:/Users/guan-ming.dennis-won/Documents/Code/SPI_4_Wire_Serial_Intel_FPGA_IP/software/NIOS_Project_Small_bsp/\libhal_bsp.a(alt_irq_entry.o)
 .debug_abbrev  0x00003671      0x147 c:/Users/guan-ming.dennis-won/Documents/Code/SPI_4_Wire_Serial_Intel_FPGA_IP/software/NIOS_Project_Small_bsp/\libhal_bsp.a(alt_irq_handler.o)
 .debug_abbrev  0x000037b8       0x46 c:/Users/guan-ming.dennis-won/Documents/Code/SPI_4_Wire_Serial_Intel_FPGA_IP/software/NIOS_Project_Small_bsp/\libhal_bsp.a(alt_irq_vars.o)
 .debug_abbrev  0x000037fe      0x12c c:/Users/guan-ming.dennis-won/Documents/Code/SPI_4_Wire_Serial_Intel_FPGA_IP/software/NIOS_Project_Small_bsp/\libhal_bsp.a(alt_load.o)
 .debug_abbrev  0x0000392a       0xeb c:/Users/guan-ming.dennis-won/Documents/Code/SPI_4_Wire_Serial_Intel_FPGA_IP/software/NIOS_Project_Small_bsp/\libhal_bsp.a(alt_main.o)
 .debug_abbrev  0x00003a15      0x1bc c:/Users/guan-ming.dennis-won/Documents/Code/SPI_4_Wire_Serial_Intel_FPGA_IP/software/NIOS_Project_Small_bsp/\libhal_bsp.a(alt_malloc_lock.o)
 .debug_abbrev  0x00003bd1      0x147 c:/Users/guan-ming.dennis-won/Documents/Code/SPI_4_Wire_Serial_Intel_FPGA_IP/software/NIOS_Project_Small_bsp/\libhal_bsp.a(alt_sbrk.o)
 .debug_abbrev  0x00003d18       0x9b c:/Users/guan-ming.dennis-won/Documents/Code/SPI_4_Wire_Serial_Intel_FPGA_IP/software/NIOS_Project_Small_bsp/\libhal_bsp.a(alt_usleep.o)
 .debug_abbrev  0x00003db3      0x117 c:/Users/guan-ming.dennis-won/Documents/Code/SPI_4_Wire_Serial_Intel_FPGA_IP/software/NIOS_Project_Small_bsp/\libhal_bsp.a(alt_write.o)
 .debug_abbrev  0x00003eca      0x107 c:/Users/guan-ming.dennis-won/Documents/Code/SPI_4_Wire_Serial_Intel_FPGA_IP/software/NIOS_Project_Small_bsp/\libhal_bsp.a(alt_sys_init.o)
 .debug_abbrev  0x00003fd1       0xdc c:/Users/guan-ming.dennis-won/Documents/Code/SPI_4_Wire_Serial_Intel_FPGA_IP/software/NIOS_Project_Small_bsp/\libhal_bsp.a(altera_avalon_jtag_uart_write.o)
 .debug_abbrev  0x000040ad       0xac c:/Users/guan-ming.dennis-won/Documents/Code/SPI_4_Wire_Serial_Intel_FPGA_IP/software/NIOS_Project_Small_bsp/\libhal_bsp.a(altera_avalon_spi.o)
 .debug_abbrev  0x00004159       0xb9 c:/Users/guan-ming.dennis-won/Documents/Code/SPI_4_Wire_Serial_Intel_FPGA_IP/software/NIOS_Project_Small_bsp/\libhal_bsp.a(alt_busy_sleep.o)
 .debug_abbrev  0x00004212       0x60 c:/Users/guan-ming.dennis-won/Documents/Code/SPI_4_Wire_Serial_Intel_FPGA_IP/software/NIOS_Project_Small_bsp/\libhal_bsp.a(alt_dcache_flush_all.o)
 .debug_abbrev  0x00004272       0x70 c:/Users/guan-ming.dennis-won/Documents/Code/SPI_4_Wire_Serial_Intel_FPGA_IP/software/NIOS_Project_Small_bsp/\libhal_bsp.a(alt_errno.o)
 .debug_abbrev  0x000042e2       0x12 c:/Users/guan-ming.dennis-won/Documents/Code/SPI_4_Wire_Serial_Intel_FPGA_IP/software/NIOS_Project_Small_bsp/\libhal_bsp.a(alt_exception_entry.o)
 .debug_abbrev  0x000042f4       0x8a c:/Users/guan-ming.dennis-won/Documents/Code/SPI_4_Wire_Serial_Intel_FPGA_IP/software/NIOS_Project_Small_bsp/\libhal_bsp.a(alt_icache_flush_all.o)
 .debug_abbrev  0x0000437e      0x106 c:/Users/guan-ming.dennis-won/Documents/Code/SPI_4_Wire_Serial_Intel_FPGA_IP/software/NIOS_Project_Small_bsp/\libhal_bsp.a(alt_instruction_exception_entry.o)
 .debug_abbrev  0x00004484       0x43 c:/Users/guan-ming.dennis-won/Documents/Code/SPI_4_Wire_Serial_Intel_FPGA_IP/software/NIOS_Project_Small_bsp/\libhal_bsp.a(altera_nios2_gen2_irq.o)
 .debug_abbrev  0x000044c7       0xa0 c:/Users/guan-ming.dennis-won/Documents/Code/SPI_4_Wire_Serial_Intel_FPGA_IP/software/NIOS_Project_Small_bsp/\libhal_bsp.a(alt_icache_flush.o)

.debug_line     0x00000000     0x81ec
 *(.debug_line)
 .debug_line    0x00000000       0x72 c:/Users/guan-ming.dennis-won/Documents/Code/SPI_4_Wire_Serial_Intel_FPGA_IP/software/NIOS_Project_Small_bsp//obj/HAL/src/crt0.o
 .debug_line    0x00000072       0x79 obj/default/hello_world_small.o
 .debug_line    0x000000eb      0x3c5 obj/default/imported_source/TENCL040_ESC.o
 .debug_line    0x000004b0      0x492 obj/default/imported_source/ax58100_hw.o
 .debug_line    0x00000942      0x5d7 obj/default/imported_source/coeappl.o
 .debug_line    0x00000f19      0x972 obj/default/imported_source/ecatappl.o
 .debug_line    0x0000188b      0x12a obj/default/imported_source/ecatcoe.o
 .debug_line    0x000019b5     0x1c15 obj/default/imported_source/ecatslv.o
 .debug_line    0x000035ca      0x92a obj/default/imported_source/mailbox.o
 .debug_line    0x00003ef4     0x12e3 obj/default/imported_source/objdef.o
 .debug_line    0x000051d7      0xf90 obj/default/imported_source/sdoserv.o
 .debug_line    0x00006167       0x8b obj/default/nios_it/nios_it.o
 .debug_line    0x000061f2      0x39a obj/default/peripheral/peripheral_linker.o
 .debug_line    0x0000658c      0x2e3 c:/intelfpga_lite/23.1std/nios2eds/bin/gnu/h-x86_64-mingw32/bin/../lib/gcc/nios2-elf/12.3.1\libgcc.a(lib2-divmod.o)
 .debug_line    0x0000686f       0x93 c:/intelfpga_lite/23.1std/nios2eds/bin/gnu/h-x86_64-mingw32/bin/../lib/gcc/nios2-elf/12.3.1/../../../../../H-x86_64-mingw32/nios2-elf/lib\libsmallc.a(libc_a-malloc.o)
 .debug_line    0x00006902      0x30c c:/intelfpga_lite/23.1std/nios2eds/bin/gnu/h-x86_64-mingw32/bin/../lib/gcc/nios2-elf/12.3.1/../../../../../H-x86_64-mingw32/nios2-elf/lib\libsmallc.a(libc_a-mallocr.o)
 .debug_line    0x00006c0e       0xc2 c:/intelfpga_lite/23.1std/nios2eds/bin/gnu/h-x86_64-mingw32/bin/../lib/gcc/nios2-elf/12.3.1/../../../../../H-x86_64-mingw32/nios2-elf/lib\libsmallc.a(libc_a-puts.o)