Archive member included to satisfy reference by file (symbol)

c:/intelfpga_lite/23.1std/nios2eds/bin/gnu/h-x86_64-mingw32/bin/../lib/gcc/nios2-elf/12.3.1/mno-hw-mul\libgcc.a(lib2-divmod.o)
                              obj/default/imported_source/ecatslv.o (__divsi3)
c:/intelfpga_lite/23.1std/nios2eds/bin/gnu/h-x86_64-mingw32/bin/../lib/gcc/nios2-elf/12.3.1/mno-hw-mul\libgcc.a(lib2-mul.o)
                              obj/default/imported_source/ecatslv.o (__mulsi3)
c:/intelfpga_lite/23.1std/nios2eds/bin/gnu/h-x86_64-mingw32/bin/../lib/gcc/nios2-elf/12.3.1/../../../../../H-x86_64-mingw32/nios2-elf/lib/mno-hw-mul\libsmallc.a(libc_a-malloc.o)
                              obj/default/imported_source/ecatcoe.o (malloc)
c:/intelfpga_lite/23.1std/nios2eds/bin/gnu/h-x86_64-mingw32/bin/../lib/gcc/nios2-elf/12.3.1/../../../../../H-x86_64-mingw32/nios2-elf/lib/mno-hw-mul\libsmallc.a(libc_a-mallocr.o)
                              c:/intelfpga_lite/23.1std/nios2eds/bin/gnu/h-x86_64-mingw32/bin/../lib/gcc/nios2-elf/12.3.1/../../../../../H-x86_64-mingw32/nios2-elf/lib/mno-hw-mul\libsmallc.a(libc_a-malloc.o) (_malloc_r)
c:/intelfpga_lite/23.1std/nios2eds/bin/gnu/h-x86_64-mingw32/bin/../lib/gcc/nios2-elf/12.3.1/../../../../../H-x86_64-mingw32/nios2-elf/lib/mno-hw-mul\libsmallc.a(libc_a-puts.o)
                              obj/default/hello_world_small.o (puts)
c:/intelfpga_lite/23.1std/nios2eds/bin/gnu/h-x86_64-mingw32/bin/../lib/gcc/nios2-elf/12.3.1/../../../../../H-x86_64-mingw32/nios2-elf/lib/mno-hw-mul\libsmallc.a(libc_a-memcpy.o)
                              obj/default/imported_source/ax58100_hw.o (memcpy)
c:/intelfpga_lite/23.1std/nios2eds/bin/gnu/h-x86_64-mingw32/bin/../lib/gcc/nios2-elf/12.3.1/../../../../../H-x86_64-mingw32/nios2-elf/lib/mno-hw-mul\libsmallc.a(libc_a-memset.o)
                              obj/default/imported_source/ax58100_hw.o (memset)
c:/intelfpga_lite/23.1std/nios2eds/bin/gnu/h-x86_64-mingw32/bin/../lib/gcc/nios2-elf/12.3.1/../../../../../H-x86_64-mingw32/nios2-elf/lib/mno-hw-mul\libsmallc.a(libc_a-strlen.o)
                              obj/default/imported_source/objdef.o (strlen)
c:/intelfpga_lite/23.1std/nios2eds/bin/gnu/h-x86_64-mingw32/bin/../lib/gcc/nios2-elf/12.3.1/../../../../../H-x86_64-mingw32/nios2-elf/lib/mno-hw-mul\libsmallc.a(libc_a-impure.o)
                              c:/intelfpga_lite/23.1std/nios2eds/bin/gnu/h-x86_64-mingw32/bin/../lib/gcc/nios2-elf/12.3.1/../../../../../H-x86_64-mingw32/nios2-elf/lib/mno-hw-mul\libsmallc.a(libc_a-malloc.o) (_impure_ptr)
c:/intelfpga_lite/23.1std/nios2eds/bin/gnu/h-x86_64-mingw32/bin/../lib/gcc/nios2-elf/12.3.1/../../../../../H-x86_64-mingw32/nios2-elf/lib/mno-hw-mul\libsmallc.a(libc_a-sbrkr.o)
                              c:/intelfpga_lite/23.1std/nios2eds/bin/gnu/h-x86_64-mingw32/bin/../lib/gcc/nios2-elf/12.3.1/../../../../../H-x86_64-mingw32/nios2-elf/lib/mno-hw-mul\libsmallc.a(libc_a-mallocr.o) (_sbrk_r)
c:/intelfpga_lite/23.1std/nios2eds/bin/gnu/h-x86_64-mingw32/bin/../lib/gcc/nios2-elf/12.3.1/../../../../../H-x86_64-mingw32/nios2-elf/lib/mno-hw-mul\libsmallc.a(libc_a-freer.o)
                              c:/intelfpga_lite/23.1std/nios2eds/bin/gnu/h-x86_64-mingw32/bin/../lib/gcc/nios2-elf/12.3.1/../../../../../H-x86_64-mingw32/nios2-elf/lib/mno-hw-mul\libsmallc.a(libc_a-malloc.o) (_free_r)
c:/intelfpga_lite/23.1std/nios2eds/bin/gnu/h-x86_64-mingw32/bin/../lib/gcc/nios2-elf/12.3.1/../../../../../H-x86_64-mingw32/nios2-elf/lib/mno-hw-mul\libsmallc.a(libc_a-fvwrite_small_dev.o)
                              c:/intelfpga_lite/23.1std/nios2eds/bin/gnu/h-x86_64-mingw32/bin/../lib/gcc/nios2-elf/12.3.1/../../../../../H-x86_64-mingw32/nios2-elf/lib/mno-hw-mul\libsmallc.a(libc_a-puts.o) (__sfvwrite_small_dev)
c:/intelfpga_lite/23.1std/nios2eds/bin/gnu/h-x86_64-mingw32/bin/../lib/gcc/nios2-elf/12.3.1/../../../../../H-x86_64-mingw32/nios2-elf/lib/mno-hw-mul\libsmallc.a(libc_a-int_errno.o)
                              c:/intelfpga_lite/23.1std/nios2eds/bin/gnu/h-x86_64-mingw32/bin/../lib/gcc/nios2-elf/12.3.1/../../../../../H-x86_64-mingw32/nios2-elf/lib/mno-hw-mul\libsmallc.a(libc_a-sbrkr.o) (errno)
c:/intelfpga_lite/23.1std/nios2eds/bin/gnu/h-x86_64-mingw32/bin/../lib/gcc/nios2-elf/12.3.1/../../../../../H-x86_64-mingw32/nios2-elf/lib/mno-hw-mul\libsmallc.a(libc_a-writer.o)
                              c:/intelfpga_lite/23.1std/nios2eds/bin/gnu/h-x86_64-mingw32/bin/../lib/gcc/nios2-elf/12.3.1/../../../../../H-x86_64-mingw32/nios2-elf/lib/mno-hw-mul\libsmallc.a(libc_a-fvwrite_small_dev.o) (_write_r)
c:/Users/guan-ming.dennis-won/Documents/Code/SPI_4_Wire_Serial_Intel_FPGA_IP/software/NIOS_Project_Small_bsp/\libhal_bsp.a(alt_iic.o)
                              obj/default/nios_it/nios_it.o (alt_ic_isr_register)
c:/Users/guan-ming.dennis-won/Documents/Code/SPI_4_Wire_Serial_Intel_FPGA_IP/software/NIOS_Project_Small_bsp/\libhal_bsp.a(alt_iic_isr_register.o)
[...]
Memory Configuration

Name             Origin             Length             Attributes
reset            0x00020000         0x00000020
RAM              0x00020020         0x00013fe0
*default*        0x00000000         0xffffffff

Linker script and memory map

LOAD c:/Users/guan-ming.dennis-won/Documents/Code/SPI_4_Wire_Serial_Intel_FPGA_IP/software/NIOS_Project_Small_bsp//obj/HAL/src/crt0.o
LOAD obj/default/hello_world_small.o
LOAD obj/default/imported_source/TENCL040_ESC.o
LOAD obj/default/imported_source/ax58100_hw.o
LOAD obj/default/imported_source/coeappl.o
LOAD obj/default/imported_source/ecatappl.o
LOAD obj/default/imported_source/ecatcoe.o
LOAD obj/default/imported_source/ecatslv.o
LOAD obj/default/imported_source/mailbox.o
LOAD obj/default/imported_source/objdef.o
LOAD obj/default/imported_source/sdoserv.o
LOAD obj/default/nios_it/nios_it.o
LOAD obj/default/peripheral/peripheral_linker.o
LOAD c:/intelfpga_lite/23.1std/nios2eds/bin/gnu/h-x86_64-mingw32/bin/../lib/gcc/nios2-elf/12.3.1/../../../../../H-x86_64-mingw32/nios2-elf/lib/mno-hw-mul\libstdc++.a
LOAD c:/intelfpga_lite/23.1std/nios2eds/bin/gnu/h-x86_64-mingw32/bin/../lib/gcc/nios2-elf/12.3.1/../../../../../H-x86_64-mingw32/nios2-elf/lib/mno-hw-mul\libm.a
LOAD c:/intelfpga_lite/23.1std/nios2eds/bin/gnu/h-x86_64-mingw32/bin/../lib/gcc/nios2-elf/12.3.1/mno-hw-mul\libgcc.a
START GROUP
LOAD c:/intelfpga_lite/23.1std/nios2eds/bin/gnu/h-x86_64-mingw32/bin/../lib/gcc/nios2-elf/12.3.1/../../../../../H-x86_64-mingw32/nios2-elf/lib/mno-hw-mul\libsmallc.a
LOAD c:/intelfpga_lite/23.1std/nios2eds/bin/gnu/h-x86_64-mingw32/bin/../lib/gcc/nios2-elf/12.3.1/mno-hw-mul\libgcc.a
LOAD c:/Users/guan-ming.dennis-won/Documents/Code/SPI_4_Wire_Serial_Intel_FPGA_IP/software/NIOS_Project_Small_bsp/\libhal_bsp.a
LOAD c:/intelfpga_lite/23.1std/nios2eds/bin/gnu/h-x86_64-mingw32/bin/../lib/gcc/nios2-elf/12.3.1/../../../../../H-x86_64-mingw32/nios2-elf/lib/mno-hw-mul\libm.a
END GROUP
LOAD c:/intelfpga_lite/23.1std/nios2eds/bin/gnu/h-x86_64-mingw32/bin/../lib/gcc/nios2-elf/12.3.1/mno-hw-mul\libgcc.a
                0x00020000                        __alt_mem_RAM = 0x20000

.entry          0x00020000       0x20
 *(.entry)
 .entry         0x00020000       0x20 c:/Users/guan-ming.dennis-won/Documents/Code/SPI_4_Wire_Serial_Intel_FPGA_IP/software/NIOS_Project_Small_bsp//obj/HAL/src/crt0.o
                0x00020000                __reset
                0x0002000c                _exit

.exceptions     0x00020020      0x160
                0x00020020                        PROVIDE (__ram_exceptions_start = ABSOLUTE (.))
                0x00020020                        . = ALIGN (0x20)
 *(.irq)
 *(.exceptions.entry.label)
 .exceptions.entry.label
                0x00020020        0x0 c:/Users/guan-ming.dennis-won/Documents/Code/SPI_4_Wire_Serial_Intel_FPGA_IP/software/NIOS_Project_Small_bsp/\libhal_bsp.a(alt_irq_entry.o)
                0x00020020                alt_irq_entry
 .exceptions.entry.label
                0x00020020        0x0 c:/Users/guan-ming.dennis-won/Documents/Code/SPI_4_Wire_Serial_Intel_FPGA_IP/software/NIOS_Project_Small_bsp/\libhal_bsp.a(alt_exception_entry.o)
                0x00020020                alt_exception
 *(.exceptions.entry.user)
 *(.exceptions.entry.ecc_fatal)
 *(.exceptions.entry)
 .exceptions.entry
                0x00020020       0x54 c:/Users/guan-ming.dennis-won/Documents/Code/SPI_4_Wire_Serial_Intel_FPGA_IP/software/NIOS_Project_Small_bsp/\libhal_bsp.a(alt_exception_entry.o)
 *(.exceptions.irqtest.user)
 *(.exceptions.irqtest)
 .exceptions.irqtest
                0x00020074       0x10 c:/Users/guan-ming.dennis-won/Documents/Code/SPI_4_Wire_Serial_Intel_FPGA_IP/software/NIOS_Project_Small_bsp/\libhal_bsp.a(alt_irq_entry.o)
 *(.exceptions.irqhandler.user)
 *(.exceptions.irqhandler)
 .exceptions.irqhandler
                0x00020084        0x4 c:/Users/guan-ming.dennis-won/Documents/Code/SPI_4_Wire_Serial_Intel_FPGA_IP/software/NIOS_Project_Small_bsp/\libhal_bsp.a(alt_irq_entry.o)
 *(.exceptions.irqreturn.user)
 *(.exceptions.irqreturn)
 .exceptions.irqreturn
                0x00020088        0x4 c:/Users/guan-ming.dennis-won/Documents/Code/SPI_4_Wire_Serial_Intel_FPGA_IP/software/NIOS_Project_Small_bsp/\libhal_bsp.a(alt_irq_entry.o)
 *(.exceptions.notirq.label)
 .exceptions.notirq.label
                0x0002008c        0x0 c:/Users/guan-ming.dennis-won/Documents/Code/SPI_4_Wire_Serial_Intel_FPGA_IP/software/NIOS_Project_Small_bsp/\libhal_bsp.a(alt_irq_entry.o)
 *(.exceptions.notirq.user)
 *(.exceptions.notirq)
 .exceptions.notirq
                0x0002008c        0x8 c:/Users/guan-ming.dennis-won/Documents/Code/SPI_4_Wire_Serial_Intel_FPGA_IP/software/NIOS_Project_Small_bsp/\libhal_bsp.a(alt_exception_entry.o)
 *(.exceptions.soft.user)
 *(.exceptions.soft)
 *(.exceptions.unknown.user)
 *(.exceptions.unknown)
 .exceptions.unknown
                0x00020094       0x14 c:/Users/guan-ming.dennis-won/Documents/Code/SPI_4_Wire_Serial_Intel_FPGA_IP/software/NIOS_Project_Small_bsp/\libhal_bsp.a(alt_exception_entry.o)
 *(.exceptions.exit.label)
 .exceptions.exit.label
                0x000200a8        0x0 c:/Users/guan-ming.dennis-won/Documents/Code/SPI_4_Wire_Serial_Intel_FPGA_IP/software/NIOS_Project_Small_bsp/\libhal_bsp.a(alt_irq_entry.o)
 .exceptions.exit.label
                0x000200a8        0x0 c:/Users/guan-ming.dennis-won/Documents/Code/SPI_4_Wire_Serial_Intel_FPGA_IP/software/NIOS_Project_Small_bsp/\libhal_bsp.a(alt_exception_entry.o)
 *(.exceptions.exit.user)
 *(.exceptions.exit)
 .exceptions.exit
                0x000200a8       0x54 c:/Users/guan-ming.dennis-won/Documents/Code/SPI_4_Wire_Serial_Intel_FPGA_IP/software/NIOS_Project_Small_bsp/\libhal_bsp.a(alt_exception_entry.o)
 *(.exceptions)
 .exceptions    0x000200fc       0x60 c:/Users/guan-ming.dennis-won/Documents/Code/SPI_4_Wire_Serial_Intel_FPGA_IP/software/NIOS_Project_Small_bsp/\libhal_bsp.a(alt_irq_handler.o)
                0x000200fc                alt_irq_handler
 .exceptions    0x0002015c       0x24 c:/Users/guan-ming.dennis-won/Documents/Code/SPI_4_Wire_Serial_Intel_FPGA_IP/software/NIOS_Project_Small_bsp/\libhal_bsp.a(alt_instruction_exception_entry.o)
                0x0002015c                alt_instruction_exception_entry
                0x00020180                        PROVIDE (__ram_exceptions_end = ABSOLUTE (.))
                0x00020020                        PROVIDE (__flash_exceptions_start = LOADADDR (.exceptions))

.text           0x00020180     0x73f0
                [!provide]                        PROVIDE (stext = ABSOLUTE (.))
 *(.interp)
 *(.hash)
 *(.dynsym)
 *(.dynstr)
 *(.gnu.version)
 *(.gnu.version_d)
 *(.gnu.version_r)
 *(.rel.init)
 *(.rela.init)
 *(.rel.text .rel.text.* .rel.gnu.linkonce.t.*)
 *(.rela.text .rela.text.* .rela.gnu.linkonce.t.*)
 *(.rel.fini)
 *(.rela.fini)
 *(.rel.rodata .rel.rodata.* .rel.gnu.linkonce.r.*)
 *(.rela.rodata .rela.rodata.* .rela.gnu.linkonce.r.*)
 *(.rel.data .rel.data.* .rel.gnu.linkonce.d.*)
 *(.rela.data .rela.data.* .rela.gnu.linkonce.d.*)
 *(.rel.tdata .rel.tdata.* .rel.gnu.linkonce.td.*)
 *(.rela.tdata .rela.tdata.* .rela.gnu.linkonce.td.*)
 *(.rel.tbss .rel.tbss.* .rel.gnu.linkonce.tb.*)
 *(.rela.tbss .rela.tbss.* .rela.gnu.linkonce.tb.*)
 *(.rel.ctors)
 *(.rela.ctors)
 *(.rel.dtors)
 *(.rela.dtors)
 *(.rel.got)
 *(.rela.got)
 *(.rel.sdata .rel.sdata.* .rel.gnu.linkonce.s.*)
 *(.rela.sdata .rela.sdata.* .rela.gnu.linkonce.s.*)
 *(.rel.sbss .rel.sbss.* .rel.gnu.linkonce.sb.*)
 *(.rela.sbss .rela.sbss.* .rela.gnu.linkonce.sb.*)
 *(.rel.sdata2 .rel.sdata2.* .rel.gnu.linkonce.s2.*)
 *(.rela.sdata2 .rela.sdata2.* .rela.gnu.linkonce.s2.*)
 *(.rel.sbss2 .rel.sbss2.* .rel.gnu.linkonce.sb2.*)
 *(.rela.sbss2 .rela.sbss2.* .rela.gnu.linkonce.sb2.*)
 *(.rel.bss .rel.bss.* .rel.gnu.linkonce.b.*)
 *(.rela.bss .rela.bss.* .rela.gnu.linkonce.b.*)
 *(.rel.plt)
 *(.rela.plt)
 *(.rel.dyn)
 *(.init)
 *(.plt)
 *(.text .stub .text.* .gnu.linkonce.t.*)
 .text          0x00020180       0x3c c:/Users/guan-ming.dennis-won/Documents/Code/SPI_4_Wire_Serial_Intel_FPGA_IP/software/NIOS_Project_Small_bsp//obj/HAL/src/crt0.o
                0x00020180                _start
 .text          0x000201bc        0x0 obj/default/hello_world_small.o
 .text.startup  0x000201bc       0x28 obj/default/hello_world_small.o
                0x000201bc                main
 .text          0x000201e4      0x284 obj/default/imported_source/TENCL040_ESC.o
                0x000201e4                APPL_AckErrorInd
                0x000201e8                APPL_StartMailboxHandler
                0x000201f0                APPL_StopMailboxHandler
                0x000201f8                APPL_StartInputHandler
                0x00020200                APPL_StopInputHandler
                0x00020208                APPL_StartOutputHandler
                0x00020210                APPL_StopOutputHandler
                0x00020218                APPL_GenerateMapping
                0x000203d4                APPL_InputMapping
                0x00020424                APPL_OutputMapping
                0x00020428                APPL_Application
                0x0002042c                APPL_GetDeviceID
                0x00020434                main_initial
 .text          0x00020468      0x3ec obj/default/imported_source/ax58100_hw.o
                0x000206c4                HW_Release
                0x000206c8                HW_GetALEventRegister_Isr
                0x000206f0                HW_EscRead
                0x00020728                HW_GetALEventRegister
                0x00020768                HW_EscReadIsr
                0x00020774                HW_EscWrite
                0x000207ac                HW_Init
                0x0002083c                HW_EscWriteIsr
                0x00020848                HW_SYNC0_IRQHandler
                0x0002084c                HW_SYNC1_IRQHandler
                0x00020850                HW_TIMETASK_IRQHandler
 .text          0x00020854      0x510 obj/default/imported_source/coeappl.o
                0x00020854                COE_SyncTimeStamp
                0x000208c0                Read0x10F8
                0x00020958                COE_GetObjectDictionary
                0x00020960                COE_UpdateSyncErrorStatus
                0x000209bc                COE_AddObjectToDic
                0x00020a48                COE_RemoveDicEntry
                0x00020a9c                COE_ClearObjDictionary
                0x00020ad8                AddObjectsToObjDictionary
                0x00020b28                COE_ObjDictionaryInit
                0x00020b68                COE_ObjInit
                0x00020c98                COE_Main
 .text          0x00020d64      0xb00 obj/default/imported_source/ecatappl.o
                0x00020d64                ECAT_CheckTimer
                0x00020df4                GetSystemTimeDelay
                0x00020e5c                PDO_InputMapping
                0x00020f0c                HandleCycleTimeMeasurement
                0x00020f78                PDO_OutputMapping
                0x00021030                Sync1_Isr
                0x00021084                MainInit
                0x0002116c                ECAT_Application
                0x000211a8                Sync0_Isr
                0x00021308                PDI_Isr
                0x000214c8                MainLoop
                0x0002159c                ESC_EepromAccess
                0x000217b4                ESC_EepromWriteCRC
 .text          0x00021864       0xbc obj/default/imported_source/ecatcoe.o
                0x00021864                COE_Init
                0x00021870                COE_ServiceInd
                0x000218b8                COE_ContinueInd
 .text          0x00021920     0x1e74 obj/default/imported_source/ecatslv.o
                0x00021920                ResetALEventMask
                0x0002196c                SetALEventMask
                0x000219b8                UpdateEEPROMLoadedState
                0x000219f0                GetSyncMan
                0x00021a20                DisableSyncManChannel
                0x00021a80                EnableSyncManChannel
                0x00021adc                CheckSmSettings
                0x00021d4c                StartInputHandler
                0x000224b8                StartOutputHandler
                0x00022514                StopOutputHandler
                0x00022520                StopInputHandler
                0x000225c0                BackToInitTransition
                0x000225c8                SetALStatus
                0x0002266c                AL_ControlInd
                0x00022e88                AL_ControlRes
                0x00023190                DC_CheckWatchdog
                0x00023250                CheckIfEcatError
                0x00023328                ECAT_StateChange
                0x0002350c                ECAT_Init
                0x000235ec                ECAT_Main
 .text          0x00023794      0x94c obj/default/imported_source/mailbox.o
                0x00023794                PutInMbxQueue
                0x000237e4                GetOutOfMbxQueue
                0x00023828                MBX_Init
                0x000238d8                MBX_StartMailboxHandler
                0x000239ac                MBX_StopMailboxHandler
                0x00023ab4                MailboxServiceInd
                0x00023ad4                MBX_CopyToSendMailbox
                0x00023c20                MBX_MailboxReadInd
                0x00023cc0                MBX_MailboxRepeatReq
                0x00023d28                MBX_MailboxSendReq
                0x00023e08                MBX_MailboxWriteInd
                0x00023ee8                MBX_CheckAndCopyMailbox
                0x0002401c                MBX_Main
 .text          0x000240e0     0x155c obj/default/imported_source/objdef.o
                0x000240e0                OBJ_GetObjectHandle
                0x0002411c                OBJ_GetObjectLength
                0x00024228                OBJ_CopyNumberToString
                0x000242a8                OBJ_GetDesc
                0x000243e0                OBJ_GetEntryDesc
                0x0002441c                OBJ_GetNoOfObjects
                0x000244d4                OBJ_GetObjectList
                0x0002461c                OBJ_GetObjDesc
                0x00024624                OBJ_GetEntryOffset
                0x000247e0                CheckSyncTypeValue
                0x000248ec                OBJ_Read
                0x00024efc                OBJ_Write
 .text          0x0002563c      0xfb4 obj/default/imported_source/sdoserv.o
                0x0002563c                SdoRes
                0x0002579c                SDOS_SdoInd
                0x00026090                SDOS_SdoRes
                0x000261a0                SDOS_ClearPendingResponse
                0x00026218                SDOS_SdoInfoInd
 .text          0x000265f0       0x6c obj/default/nios_it/nios_it.o
                0x000265f0                exti0_isr
                0x00026614                init_exti0_it
 .text          0x0002665c      0x344 obj/default/peripheral/peripheral_linker.o
                0x0002665c                delay_ms
                0x0002667c                adc_init
                0x000267e4                spi_transmit_receive
                0x00026894                adc_init_spi_transmit_receive
 .text          0x000269a0      0x1b4 c:/intelfpga_lite/23.1std/nios2eds/bin/gnu/h-x86_64-mingw32/bin/../lib/gcc/nios2-elf/12.3.1/mno-hw-mul\libgcc.a(lib2-divmod.o)
                0x000269a0                __divsi3
                0x00026a20                __modsi3
                0x00026a94                __udivsi3
                0x00026af8                __umodsi3
 .text          0x00026b54       0x28 c:/intelfpga_lite/23.1std/nios2eds/bin/gnu/h-x86_64-mingw32/bin/../lib/gcc/nios2-elf/12.3.1/mno-hw-mul\libgcc.a(lib2-mul.o)
                0x00026b54                __mulsi3
 .text          0x00026b7c        0x0 c:/intelfpga_lite/23.1std/nios2eds/bin/gnu/h-x86_64-mingw32/bin/../lib/gcc/nios2-elf/12.3.1/../../../../../H-x86_64-mingw32/nios2-elf/lib/mno-hw-mul\libsmallc.a(libc_a-malloc.o)
 .text.malloc   0x00026b7c       0x10 c:/intelfpga_lite/23.1std/nios2eds/bin/gnu/h-x86_64-mingw32/bin/../lib/gcc/nios2-elf/12.3.1/../../../../../H-x86_64-mingw32/nios2-elf/lib/mno-hw-mul\libsmallc.a(libc_a-malloc.o)
                0x00026b7c                malloc
 .text.free     0x00026b8c       0x10 c:/intelfpga_lite/23.1std/nios2eds/bin/gnu/h-x86_64-mingw32/bin/../lib/gcc/nios2-elf/12.3.1/../../../../../H-x86_64-mingw32/nios2-elf/lib/mno-hw-mul\libsmallc.a(libc_a-malloc.o)
                0x00026b8c                free
 .text          0x00026b9c        0x0 c:/intelfpga_lite/23.1std/nios2eds/bin/gnu/h-x86_64-mingw32/bin/../lib/gcc/nios2-elf/12.3.1/../../../../../H-x86_64-mingw32/nios2-elf/lib/mno-hw-mul\libsmallc.a(libc_a-mallocr.o)
 .text.sbrk_aligned
                0x00026b9c       0x8c c:/intelfpga_lite/23.1std/nios2eds/bin/gnu/h-x86_64-mingw32/bin/../lib/gcc/nios2-elf/12.3.1/../../../../../H-x86_64-mingw32/nios2-elf/lib/mno-hw-mul\libsmallc.a(libc_a-mallocr.o)
 .text._malloc_r
                0x00026c28      0x1cc c:/intelfpga_lite/23.1std/nios2eds/bin/gnu/h-x86_64-mingw32/bin/../lib/gcc/nios2-elf/12.3.1/../../../../../H-x86_64-mingw32/nios2-elf/lib/mno-hw-mul\libsmallc.a(libc_a-mallocr.o)
                0x00026c28                _malloc_r
 .text          0x00026df4        0x0 c:/intelfpga_lite/23.1std/nios2eds/bin/gnu/h-x86_64-mingw32/bin/../lib/gcc/nios2-elf/12.3.1/../../../../../H-x86_64-mingw32/nios2-elf/lib/mno-hw-mul\libsmallc.a(libc_a-puts.o)
 .text._puts_r  0x00026df4       0x80 c:/intelfpga_lite/23.1std/nios2eds/bin/gnu/h-x86_64-mingw32/bin/../lib/gcc/nios2-elf/12.3.1/../../../../../H-x86_64-mingw32/nios2-elf/lib/mno-hw-mul\libsmallc.a(libc_a-puts.o)
                0x00026df4                _puts_r
 .text.puts     0x00026e74       0x10 c:/intelfpga_lite/23.1std/nios2eds/bin/gnu/h-x86_64-mingw32/bin/../lib/gcc/nios2-elf/12.3.1/../../../../../H-x86_64-mingw32/nios2-elf/lib/mno-hw-mul\libsmallc.a(libc_a-puts.o)
                0x00026e74                puts
 .text          0x00026e84        0x0 c:/intelfpga_lite/23.1std/nios2eds/bin/gnu/h-x86_64-mingw32/bin/../lib/gcc/nios2-elf/12.3.1/../../../../../H-x86_64-mingw32/nios2-elf/lib/mno-hw-mul\libsmallc.a(libc_a-memcpy.o)
 .text.memcpy   0x00026e84       0x28 c:/intelfpga_lite/23.1std/nios2eds/bin/gnu/h-x86_64-mingw32/bin/../lib/gcc/nios2-elf/12.3.1/../../../../../H-x86_64-mingw32/nios2-elf/lib/mno-hw-mul\libsmallc.a(libc_a-memcpy.o)
                0x00026e84                memcpy
 .text          0x00026eac        0x0 c:/intelfpga_lite/23.1std/nios2eds/bin/gnu/h-x86_64-mingw32/bin/../lib/gcc/nios2-elf/12.3.1/../../../../../H-x86_64-mingw32/nios2-elf/lib/mno-hw-mul\libsmallc.a(libc_a-memset.o)
 .text.memset   0x00026eac       0x20 c:/intelfpga_lite/23.1std/nios2eds/bin/gnu/h-x86_64-mingw32/bin/../lib/gcc/nios2-elf/12.3.1/../../../../../H-x86_64-mingw32/nios2-elf/lib/mno-hw-mul\libsmallc.a(libc_a-memset.o)
                0x00026eac                memset
 .text          0x00026ecc        0x0 c:/intelfpga_lite/23.1std/nios2eds/bin/gnu/h-x86_64-mingw32/bin/../lib/gcc/nios2-elf/12.3.1/../../../../../H-x86_64-mingw32/nios2-elf/lib/mno-hw-mul\libsmallc.a(libc_a-strlen.o)
 .text.strlen   0x00026ecc       0x1c c:/intelfpga_lite/23.1std/nios2eds/bin/gnu/h-x86_64-mingw32/bin/../lib/gcc/nios2-elf/12.3.1/../../../../../H-x86_64-mingw32/nios2-elf/lib/mno-hw-mul\libsmallc.a(libc_a-strlen.o)
                0x00026ecc                strlen
 .text          0x00026ee8        0x0 c:/intelfpga_lite/23.1std/nios2eds/bin/gnu/h-x86_64-mingw32/bin/../lib/gcc/nios2-elf/12.3.1/../../../../../H-x86_64-mingw32/nios2-elf/lib/mno-hw-mul\libsmallc.a(libc_a-impure.o)
 .text          0x00026ee8        0x0 c:/intelfpga_lite/23.1std/nios2eds/bin/gnu/h-x86_64-mingw32/bin/../lib/gcc/nios2-elf/12.3.1/../../../../../H-x86_64-mingw32/nios2-elf/lib/mno-hw-mul\libsmallc.a(libc_a-sbrkr.o)
 .text._sbrk_r  0x00026ee8       0x48 c:/intelfpga_lite/23.1std/nios2eds/bin/gnu/h-x86_64-mingw32/bin/../lib/gcc/nios2-elf/12.3.1/../../../../../H-x86_64-mingw32/nios2-elf/lib/mno-hw-mul\libsmallc.a(libc_a-sbrkr.o)
                0x00026ee8                _sbrk_r
 .text          0x00026f30        0x0 c:/intelfpga_lite/23.1std/nios2eds/bin/gnu/h-x86_64-mingw32/bin/../lib/gcc/nios2-elf/12.3.1/../../../../../H-x86_64-mingw32/nios2-elf/lib/mno-hw-mul\libsmallc.a(libc_a-freer.o)
 .text._free_r  0x00026f30      0x100 c:/intelfpga_lite/23.1std/nios2eds/bin/gnu/h-x86_64-mingw32/bin/../lib/gcc/nios2-elf/12.3.1/../../../../../H-x86_64-mingw32/nios2-elf/lib/mno-hw-mul\libsmallc.a(libc_a-freer.o)
                0x00026f30                _free_r
 .text          0x00027030        0x0 c:/intelfpga_lite/23.1std/nios2eds/bin/gnu/h-x86_64-mingw32/bin/../lib/gcc/nios2-elf/12.3.1/../../../../../H-x86_64-mingw32/nios2-elf/lib/mno-hw-mul\libsmallc.a(libc_a-fvwrite_small_dev.o)
 .text.__sfvwrite_small_dev
                0x00027030       0xa8 c:/intelfpga_lite/23.1std/nios2eds/bin/gnu/h-x86_64-mingw32/bin/../lib/gcc/nios2-elf/12.3.1/../../../../../H-x86_64-mingw32/nios2-elf/lib/mno-hw-mul\libsmallc.a(libc_a-fvwrite_small_dev.o)
                0x00027030                __sfvwrite_small_dev
 .text          0x000270d8        0x0 c:/intelfpga_lite/23.1std/nios2eds/bin/gnu/h-x86_64-mingw32/bin/../lib/gcc/nios2-elf/12.3.1/../../../../../H-x86_64-mingw32/nios2-elf/lib/mno-hw-mul\libsmallc.a(libc_a-int_errno.o)
 .text          0x000270d8        0x0 c:/intelfpga_lite/23.1std/nios2eds/bin/gnu/h-x86_64-mingw32/bin/../lib/gcc/nios2-elf/12.3.1/../../../../../H-x86_64-mingw32/nios2-elf/lib/mno-hw-mul\libsmallc.a(libc_a-writer.o)
 .text._write_r
                0x000270d8       0x50 c:/intelfpga_lite/23.1std/nios2eds/bin/gnu/h-x86_64-mingw32/bin/../lib/gcc/nios2-elf/12.3.1/../../../../../H-x86_64-mingw32/nios2-elf/lib/mno-hw-mul\libsmallc.a(libc_a-writer.o)
                0x000270d8                _write_r
 .text          0x00027128       0x8c c:/Users/guan-ming.dennis-won/Documents/Code/SPI_4_Wire_Serial_Intel_FPGA_IP/software/NIOS_Project_Small_bsp/\libhal_bsp.a(alt_iic.o)
                0x00027128                alt_ic_isr_register
                0x0002712c                alt_ic_irq_enable
                0x00027164                alt_ic_irq_disable
                0x0002719c                alt_ic_irq_enabled
 .text          0x000271b4       0x68 c:/Users/guan-ming.dennis-won/Documents/Code/SPI_4_Wire_Serial_Intel_FPGA_IP/software/NIOS_Project_Small_bsp/\libhal_bsp.a(alt_iic_isr_register.o)
                0x000271b4                alt_iic_isr_register
 .text          0x0002721c        0x0 c:/Users/guan-ming.dennis-won/Documents/Code/SPI_4_Wire_Serial_Intel_FPGA_IP/software/NIOS_Project_Small_bsp/\libhal_bsp.a(alt_irq_entry.o)
 .text          0x0002721c        0x0 c:/Users/guan-ming.dennis-won/Documents/Code/SPI_4_Wire_Serial_Intel_FPGA_IP/software/NIOS_Project_Small_bsp/\libhal_bsp.a(alt_irq_handler.o)
 .text          0x0002721c        0x0 c:/Users/guan-ming.dennis-won/Documents/Code/SPI_4_Wire_Serial_Intel_FPGA_IP/software/NIOS_Project_Small_bsp/\libhal_bsp.a(alt_irq_vars.o)
 .text          0x0002721c       0x84 c:/Users/guan-ming.dennis-won/Documents/Code/SPI_4_Wire_Serial_Intel_FPGA_IP/software/NIOS_Project_Small_bsp/\libhal_bsp.a(alt_load.o)
                0x0002721c                alt_load
 .text          0x000272a0       0x2c c:/Users/guan-ming.dennis-won/Documents/Code/SPI_4_Wire_Serial_Intel_FPGA_IP/software/NIOS_Project_Small_bsp/\libhal_bsp.a(alt_main.o)
                0x000272a0                alt_main
 .text          0x000272cc        0x8 c:/Users/guan-ming.dennis-won/Documents/Code/SPI_4_Wire_Serial_Intel_FPGA_IP/software/NIOS_Project_Small_bsp/\libhal_bsp.a(alt_malloc_lock.o)
                0x000272cc                __malloc_lock
                0x000272d0                __malloc_unlock
 .text          0x000272d4       0x4c c:/Users/guan-ming.dennis-won/Documents/Code/SPI_4_Wire_Serial_Intel_FPGA_IP/software/NIOS_Project_Small_bsp/\libhal_bsp.a(alt_sbrk.o)
                0x000272d4                sbrk
 .text          0x00027320        0x4 c:/Users/guan-ming.dennis-won/Documents/Code/SPI_4_Wire_Serial_Intel_FPGA_IP/software/NIOS_Project_Small_bsp/\libhal_bsp.a(alt_usleep.o)
                0x00027320                usleep
 .text          0x00027324       0x5c c:/Users/guan-ming.dennis-won/Documents/Code/SPI_4_Wire_Serial_Intel_FPGA_IP/software/NIOS_Project_Small_bsp/\libhal_bsp.a(alt_write.o)
                0x00027324                write
 .text          0x00027380       0x24 c:/Users/guan-ming.dennis-won/Documents/Code/SPI_4_Wire_Serial_Intel_FPGA_IP/software/NIOS_Project_Small_bsp/\libhal_bsp.a(alt_sys_init.o)
                0x00027380                alt_irq_init
                0x000273a0                alt_sys_init
 .text          0x000273a4       0x30 c:/Users/guan-ming.dennis-won/Documents/Code/SPI_4_Wire_Serial_Intel_FPGA_IP/software/NIOS_Project_Small_bsp/\libhal_bsp.a(altera_avalon_jtag_uart_write.o)
                0x000273a4                altera_avalon_jtag_uart_write
 .text          0x000273d4       0xd8 c:/Users/guan-ming.dennis-won/Documents/Code/SPI_4_Wire_Serial_Intel_FPGA_IP/software/NIOS_Project_Small_bsp/\libhal_bsp.a(altera_avalon_spi.o)
                0x000273d4                alt_avalon_spi_command
 .text          0x000274ac       0x90 c:/Users/guan-ming.dennis-won/Documents/Code/SPI_4_Wire_Serial_Intel_FPGA_IP/software/NIOS_Project_Small_bsp/\libhal_bsp.a(alt_busy_sleep.o)
                0x000274ac                alt_busy_sleep
 .text          0x0002753c        0x4 c:/Users/guan-ming.dennis-won/Documents/Code/SPI_4_Wire_Serial_Intel_FPGA_IP/software/NIOS_Project_Small_bsp/\libhal_bsp.a(alt_dcache_flush_all.o)
                0x0002753c                alt_dcache_flush_all
 .text          0x00027540        0x0 c:/Users/guan-ming.dennis-won/Documents/Code/SPI_4_Wire_Serial_Intel_FPGA_IP/software/NIOS_Project_Small_bsp/\libhal_bsp.a(alt_errno.o)
 .text          0x00027540        0x0 c:/Users/guan-ming.dennis-won/Documents/Code/SPI_4_Wire_Serial_Intel_FPGA_IP/software/NIOS_Project_Small_bsp/\libhal_bsp.a(alt_exception_entry.o)
 .text          0x00027540        0x4 c:/Users/guan-ming.dennis-won/Documents/Code/SPI_4_Wire_Serial_Intel_FPGA_IP/software/NIOS_Project_Small_bsp/\libhal_bsp.a(alt_icache_flush_all.o)
                0x00027540                alt_icache_flush_all
 .text          0x00027544       0x24 c:/Users/guan-ming.dennis-won/Documents/Code/SPI_4_Wire_Serial_Intel_FPGA_IP/software/NIOS_Project_Small_bsp/\libhal_bsp.a(alt_instruction_exception_entry.o)
                0x00027544                alt_exception_cause_generated_bad_addr
 .text          0x00027568        0x8 c:/Users/guan-ming.dennis-won/Documents/Code/SPI_4_Wire_Serial_Intel_FPGA_IP/software/NIOS_Project_Small_bsp/\libhal_bsp.a(altera_nios2_gen2_irq.o)
                0x00027568                altera_nios2_gen2_irq_init
 *(.gnu.warning.*)
 *(.fini)
                [!provide]                        PROVIDE (__etext = ABSOLUTE (.))
                [!provide]                        PROVIDE (_etext = ABSOLUTE (.))
                [!provide]                        PROVIDE (etext = ABSOLUTE (.))
 *(.eh_frame_hdr)
                0x00027570                        . = ALIGN (0x4)
                [!provide]                        PROVIDE (__preinit_array_start = ABSOLUTE (.))
 *(.preinit_array)
                [!provide]                        PROVIDE (__preinit_array_end = ABSOLUTE (.))
                [!provide]                        PROVIDE (__init_array_start = ABSOLUTE (.))
 *(SORT_BY_INIT_PRIORITY(.init_array.*))
 *(.init_array)
                [!provide]                        PROVIDE (__init_array_end = ABSOLUTE (.))
                [!provide]                        PROVIDE (__fini_array_start = ABSOLUTE (.))
 *(.fini_array)
                [!provide]                        PROVIDE (__fini_array_end = ABSOLUTE (.))
 *(.eh_frame)
 *(.gcc_except_table .gcc_except_table.*)
 *(.dynamic)
                [!provide]                        PROVIDE (__CTOR_LIST__ = ABSOLUTE (.))
 *(.ctors)
 *(SORT_BY_NAME(.ctors.*))
                [!provide]                        PROVIDE (__CTOR_END__ = ABSOLUTE (.))
                [!provide]                        PROVIDE (__DTOR_LIST__ = ABSOLUTE (.))
 *(.dtors)
 *(SORT_BY_NAME(.dtors.*))
                [!provide]                        PROVIDE (__DTOR_END__ = ABSOLUTE (.))
 *(.jcr)
                0x00027570                        . = ALIGN (0x4)

.rodata         0x00027570     0x22b0
                0x00027570                        PROVIDE (__ram_rodata_start = ABSOLUTE (.))
                0x00027570                        . = ALIGN (0x4)
 *(.rodata .rodata.* .gnu.linkonce.r.*)
 .rodata.str1.4
                0x00027570       0x14 obj/default/hello_world_small.o
 .rodata        0x00027584     0x21fe obj/default/imported_source/coeappl.o
                0x00027584                aName0x1C33
                0x0002768c                aName0x1C32
                0x00027794                asEntryDesc0x1C3x
                0x0002785c                aName0x1C00
                0x0002786e                asEntryDesc0x1C00
                0x0002787c                aName0x10F8
                0x00027890                aName0x10F1
                0x000278d0                asEntryDesc0x10F1
                0x000278e4                aName0x1018
                0x0002792c                asEntryDesc0x1018
                0x0002794c                aName0x100A
                0x0002796c                aName0x1009
                0x0002798c                aName0x1008
                0x00027998                aName0x1001
                0x000279a8                aName0x1000
                0x000279b4                aName0x8128
                0x000279ce                asEntryDesc0x8128
                0x000279dc                aName0x8120
                0x00027a12                asEntryDesc0x8120
                0x00027a20                aName0x8118
                0x00027a56                asEntryDesc0x8118
                0x00027a64                aName0x8110
                0x00027a8a                asEntryDesc0x8110
                0x00027a98                aName0x8108
                0x00027ab6                asEntryDesc0x8108
                0x00027ac4                aName0x8100
                0x00027ae6                asEntryDesc0x8100
                0x00027af4                aName0x80F8
                0x00027b36                asEntryDesc0x80F8
                0x00027b44                aName0x80F0
                0x00027b88                asEntryDesc0x80F0
                0x00027b94                aName0x80E8
                0x00027bd6                asEntryDesc0x80E8
                0x00027be4                aName0x80E0
                0x00027c26                asEntryDesc0x80E0
                0x00027c34                aName0x80D8
                0x00027c72                asEntryDesc0x80D8
                0x00027c80                aName0x80D0
                0x00027cbc                asEntryDesc0x80D0
                0x00027cc8                aName0x80C8
                0x00027cfe                asEntryDesc0x80C8
                0x00027d0c                aName0x80C0
                0x00027d4a                asEntryDesc0x80C0
                0x00027d58                aName0x80B8
                0x00027d8c                asEntryDesc0x80B8
                0x00027d98                aName0x80B0
                0x00027dd6                asEntryDesc0x80B0
                0x00027de4                aName0x80A8
                0x00027e22                asEntryDesc0x80A8
                0x00027e30                aName0x80A0
                0x00027e6e                asEntryDesc0x80A0
                0x00027e7c                aName0x8098
                0x00027eba                asEntryDesc0x8098
                0x00027ec8                aName0x8090
                0x00027f06                asEntryDesc0x8090
                0x00027f14                aName0x8088
                0x00027f52                asEntryDesc0x8088
                0x00027f60                aName0x8080
                0x00027f9e                asEntryDesc0x8080
                0x00027fac                aName0x8078
                0x00027fea                asEntryDesc0x8078
                0x00027ff8                aName0x8070
                0x00028030                asEntryDesc0x8070
                0x0002803c                aName0x8068
                0x00028092                asEntryDesc0x8068
                0x000280a0                aName0x8060
                0x000280fc                asEntryDesc0x8060
                0x00028108                aName0x8058
                0x0002812e                asEntryDesc0x8058
                0x0002813c                aName0x8050
                0x00028178                asEntryDesc0x8050
                0x00028184                aName0x8048
                0x000281ba                asEntryDesc0x8048
                0x000281c8                aName0x8040
                0x0002824e                asEntryDesc0x8040
                0x0002825c                aName0x8038
                0x0002829c                asEntryDesc0x8038
                0x000282a8                aName0x8030
                0x000282cc                asEntryDesc0x8030
                0x000282d8                aName0x8028
                0x000282fc                asEntryDesc0x8028
                0x00028308                aName0x8020
                0x00028330                asEntryDesc0x8020
                0x0002833c                aName0x8018
                0x00028394                asEntryDesc0x8018
                0x000283a0                aName0x8010
                0x000283ec                asEntryDesc0x8010
                0x000283f8                aName0x8008
                0x00028450                asEntryDesc0x8008
                0x00028468                aName0x8000
                0x0002849a                asEntryDesc0x8000
                0x000284ac                aName0x7008
                0x000284ce                asEntryDesc0x7008
                0x000284dc                aName0x7000
                0x000284f4                asEntryDesc0x7000
                0x00028500                aName0x6088
                0x0002851a                asEntryDesc0x6088
                0x00028528                aName0x6080
                0x00028542                asEntryDesc0x6080
                0x00028550                aName0x6078
                0x0002856a                asEntryDesc0x6078
                0x00028578                aName0x6070
                0x00028592                asEntryDesc0x6070
                0x000285a0                aName0x6068
                0x000285ba                asEntryDesc0x6068
                0x000285c8                aName0x6060
                0x000285e2                asEntryDesc0x6060
                0x000285f0                aName0x6058
                0x0002860a                asEntryDesc0x6058
                0x00028618                aName0x6050
                0x00028632                asEntryDesc0x6050
                0x00028640                aName0x6048
                0x0002865a                asEntryDesc0x6048
                0x00028668                aName0x6040
                0x00028682                asEntryDesc0x6040
                0x00028690                aName0x6038
                0x000286aa                asEntryDesc0x6038
                0x000286b8                aName0x6030
                0x000286d2                asEntryDesc0x6030
                0x000286e0                aName0x6028
                0x000286fa                asEntryDesc0x6028
                0x00028708                aName0x6020
                0x00028722                asEntryDesc0x6020
                0x00028730                aName0x6018
                0x0002874a                asEntryDesc0x6018
                0x00028758                aName0x6010
                0x00028772                asEntryDesc0x6010
                0x00028780                aName0x6008
                0x0002879a                asEntryDesc0x6008
                0x000287a8                aName0x6000
                0x000287be                asEntryDesc0x6000
                0x000287cc                aName0x1C13
                0x000287e8                asEntryDesc0x1C13
                0x000287f4                aName0x1C12
                0x00028810                asEntryDesc0x1C12
                0x0002881c                aName0x1A11
                0x000288b2                asEntryDesc0x1A11
                0x000288e8                aName0x1A10
                0x0002897e                asEntryDesc0x1A10
                0x000289b4                aName0x1A0F
                0x00028a4a                asEntryDesc0x1A0F
                0x00028a80                aName0x1A0E
                0x00028b16                asEntryDesc0x1A0E
                0x00028b4c                aName0x1A0D
                0x00028be2                asEntryDesc0x1A0D
                0x00028c18                aName0x1A0C
                0x00028cae                asEntryDesc0x1A0C
                0x00028ce4                aName0x1A0B
                0x00028d7a                asEntryDesc0x1A0B
                0x00028db0                aName0x1A0A
                0x00028e46                asEntryDesc0x1A0A
                0x00028e7c                aName0x1A09
                0x00028f12                asEntryDesc0x1A09
                0x00028f48                aName0x1A08
                0x00028fde                asEntryDesc0x1A08
                0x00029014                aName0x1A07
                0x000290aa                asEntryDesc0x1A07
                0x000290e0                aName0x1A06
                0x00029176                asEntryDesc0x1A06
                0x000291ac                aName0x1A05
                0x00029242                asEntryDesc0x1A05
                0x00029278                aName0x1A04
                0x0002930e                asEntryDesc0x1A04
                0x00029344                aName0x1A03
                0x000293da                asEntryDesc0x1A03
                0x00029410                aName0x1A02
                0x000294a6                asEntryDesc0x1A02
                0x000294dc                aName0x1A01
                0x00029572                asEntryDesc0x1A01
                0x000295a8                aName0x1A00
                0x000295d6                asEntryDesc0x1A00
                0x000295e4                aName0x1601
                0x00029682                asEntryDesc0x1601
                0x000296b8                aName0x1600
                0x0002974c                asEntryDesc0x1600
 .rodata        0x00029782       0x20 obj/default/imported_source/objdef.o
                0x00029782                cBitMask
 *fill*         0x000297a2        0x2 
 .rodata        0x000297a4       0x78 obj/default/imported_source/sdoserv.o
                0x000297a4                cAbortCode
 .rodata._puts_r.str1.4
                0x0002981c        0x2 c:/intelfpga_lite/23.1std/nios2eds/bin/gnu/h-x86_64-mingw32/bin/../lib/gcc/nios2-elf/12.3.1/../../../../../H-x86_64-mingw32/nios2-elf/lib/mno-hw-mul\libsmallc.a(libc_a-puts.o)
 *(.rodata1)
                0x00029820                        . = ALIGN (0x4)
 *fill*         0x0002981e        0x2 
                0x00029820                        PROVIDE (__ram_rodata_end = ABSOLUTE (.))
                0x00027570                        PROVIDE (__flash_rodata_start = LOADADDR (.rodata))

.rwdata         0x00029820     0x18c0 load address 0x0002b0e0
                0x00029820                        PROVIDE (__ram_rwdata_start = ABSOLUTE (.))
                0x00029820                        . = ALIGN (0x4)
 *(.got.plt)
 *(.got)
 *(.data1)
 *(.data .data.* .gnu.linkonce.d.*)
 .data          0x00029820        0x0 c:/Users/guan-ming.dennis-won/Documents/Code/SPI_4_Wire_Serial_Intel_FPGA_IP/software/NIOS_Project_Small_bsp//obj/HAL/src/crt0.o
 .data          0x00029820        0x0 obj/default/hello_world_small.o
 .data          0x00029820      0x908 obj/default/imported_source/TENCL040_ESC.o
                0x00029820                GetTemperatureReading0x8128
                0x0002982c                ReadTargetedLightSourceInfo0x8100
                0x000298b0                ResetFallingEdgeChannelByDigitalInputGroupInputGroup0x80E8
                0x000298ba                ResetRisingEdgeChannelByDigitalInputGroupInputGroup0x80E0
                0x000298c4                DigitalInputGroupAndOutputGroupMappingOutputGroup0x80D8
                0x000298ce                DigitalInputChannelGroupMappingChannelRSTTRG0x80D0
                0x000298d8                AnalogOutputChannelConfigLightModeChannel0x80B8
                0x000298e2                AnalogOutputChannelConfigOperatingIntensityChannel80x80B0
                0x00029924                AnalogOutputChannelConfigOperatingIntensityChannel70x80A8
                0x00029966                AnalogOutputChannelConfigOperatingIntensityChannel60x80A0
                0x000299a8                AnalogOutputChannelConfigOperatingIntensityChannel50x8098
                0x000299ea                AnalogOutputChannelConfigOperatingIntensityChannel40x8090
                0x00029a2c                AnalogOutputChannelConfigOperatingIntensityChannel30x8088
                0x00029a6e                AnalogOutputChannelConfigOperatingIntensityChannel20x8080
                0x00029ab0                AnalogOutputChannelConfigOperatingIntensityChannel10x8078
                0x00029af2                AnalogOutputChannelConfigMaxIntensityChannel0x8070
                0x00029b04                AnalogOutputTriggerDelayGroup0x8058
                0x00029b28                AnalogOutputRetrieveOutputResetEventCounterGroup0x8050
                0x00029b4c                AnalogOutputPulseWidthLimitChannelOrGroup0x8048
                0x00029b70                AnalogOutputMinimumTriggerPulseWidthChannelOrGroup0x8038
                0x00029b94                AnalogOutputActiveFlagGroup0x8030
                0x00029bb8                AnalogOutputLightModeGroup0x8028
                0x00029bc2                AnalogOutputGroupMappingChannel0x8020
                0x00029bcc                ADCParameterSetting0x8008
                0x00029bd8                MLParameterSetting0x8000
                0x00029be4                MLControlChannel0x7000
                0x00029bf0                MLInferenceChannel0x6088
                0x00029c14                VoltageChannel7MV0x6080
                0x00029c38                VoltageChannel6MV0x6078
                0x00029c5c                VoltageChannel5MV0x6070
                0x00029c80                VoltageChannel4MV0x6068
                0x00029ca4                VoltageChannel3MV0x6060
                0x00029cc8                VoltageChannel2MV0x6058
                0x00029cec                VoltageChannel1MV0x6050
                0x00029d10                VoltageChannel0MV0x6048
                0x00029d34                CurrentChannel7MA0x6040
                0x00029d58                CurrentChannel6MA0x6038
                0x00029d7c                CurrentChannel5MA0x6030
                0x00029da0                CurrentChannel4MA0x6028
                0x00029dc4                CurrentChannel3MA0x6020
                0x00029de8                CurrentChannel2MA0x6018
                0x00029e0c                CurrentChannel1MA0x6010
                0x00029e30                CurrentChannel0MA0x6008
                0x00029e54                sTxPDOassign
                0x00029e7c                MLInferenceChannelProcessDataMapping0x1A11
                0x00029ea0                VoltageChannel7MVProcessDataMapping0x1A10
                0x00029ec4                VoltageChannel6MVProcessDataMapping0x1A0F
                0x00029ee8                VoltageChannel5MVProcessDataMapping0x1A0E
                0x00029f0c                VoltageChannel4MVProcessDataMapping0x1A0D
                0x00029f30                VoltageChannel3MVProcessDataMapping0x1A0C
                0x00029f54                VoltageChannel2MVProcessDataMapping0x1A0B
                0x00029f78                VoltageChannel1MVProcessDataMapping0x1A0A
                0x00029f9c                VoltageChannel0MVProcessDataMapping0x1A09
                0x00029fc0                CurrentChannel7MAProcessDataMapping0x1A08
                0x00029fe4                CurrentChannel6MAProcessDataMapping0x1A07
                0x0002a008                CurrentChannel5MAProcessDataMapping0x1A06
                0x0002a02c                CurrentChannel4MAProcessDataMapping0x1A05
                0x0002a050                CurrentChannel3MAProcessDataMapping0x1A04
                0x0002a074                CurrentChannel2MAProcessDataMapping0x1A03
                0x0002a098                CurrentChannel1MAProcessDataMapping0x1A02
                0x0002a0bc                CurrentChannel0MAProcessDataMapping0x1A01
                0x0002a0e0                OnOffContinuousModeGroupProcessDataMapping0x1601
                0x0002a104                MLControlChannelProcessDataMapping0x1600
 .data          0x0002a128        0x0 obj/default/imported_source/ax58100_hw.o
 .data          0x0002a128      0xeac obj/default/imported_source/coeappl.o
                0x0002a128                GenObjDic
                0x0002a308                sIdentity
                0x0002a31c                acDevicename
                0x0002a32c                ApplicationObjDic
 .data          0x0002afd4        0x0 obj/default/imported_source/ecatappl.o
 .data          0x0002afd4        0x0 obj/default/imported_source/ecatcoe.o
 .data          0x0002afd4        0x0 obj/default/imported_source/ecatslv.o
 .data          0x0002afd4        0x0 obj/default/imported_source/mailbox.o
 .data          0x0002afd4       0x1c obj/default/imported_source/objdef.o
                0x0002afd4                aSubindexDesc
                0x0002afe4                sErrorSettings
 .data          0x0002aff0        0x0 obj/default/imported_source/sdoserv.o
 .data          0x0002aff0        0x0 obj/default/nios_it/nios_it.o
 .data          0x0002aff0        0x0 obj/default/peripheral/peripheral_linker.o
 .data          0x0002aff0        0x0 c:/intelfpga_lite/23.1std/nios2eds/bin/gnu/h-x86_64-mingw32/bin/../lib/gcc/nios2-elf/12.3.1/mno-hw-mul\libgcc.a(lib2-divmod.o)
 .data          0x0002aff0        0x0 c:/intelfpga_lite/23.1std/nios2eds/bin/gnu/h-x86_64-mingw32/bin/../lib/gcc/nios2-elf/12.3.1/mno-hw-mul\libgcc.a(lib2-mul.o)
 .data          0x0002aff0        0x0 c:/intelfpga_lite/23.1std/nios2eds/bin/gnu/h-x86_64-mingw32/bin/../lib/gcc/nios2-elf/12.3.1/../../../../../H-x86_64-mingw32/nios2-elf/lib/mno-hw-mul\libsmallc.a(libc_a-malloc.o)
 .data          0x0002aff0        0x0 c:/intelfpga_lite/23.1std/nios2eds/bin/gnu/h-x86_64-mingw32/bin/../lib/gcc/nios2-elf/12.3.1/../../../../../H-x86_64-mingw32/nios2-elf/lib/mno-hw-mul\libsmallc.a(libc_a-mallocr.o)
 .data          0x0002aff0        0x0 c:/intelfpga_lite/23.1std/nios2eds/bin/gnu/h-x86_64-mingw32/bin/../lib/gcc/nios2-elf/12.3.1/../../../../../H-x86_64-mingw32/nios2-elf/lib/mno-hw-mul\libsmallc.a(libc_a-puts.o)
 .data          0x0002aff0        0x0 c:/intelfpga_lite/23.1std/nios2eds/bin/gnu/h-x86_64-mingw32/bin/../lib/gcc/nios2-elf/12.3.1/../../../../../H-x86_64-mingw32/nios2-elf/lib/mno-hw-mul\libsmallc.a(libc_a-memcpy.o)
 .data          0x0002aff0        0x0 c:/intelfpga_lite/23.1std/nios2eds/bin/gnu/h-x86_64-mingw32/bin/../lib/gcc/nios2-elf/12.3.1/../../../../../H-x86_64-mingw32/nios2-elf/lib/mno-hw-mul\libsmallc.a(libc_a-memset.o)
 .data          0x0002aff0        0x0 c:/intelfpga_lite/23.1std/nios2eds/bin/gnu/h-x86_64-mingw32/bin/../lib/gcc/nios2-elf/12.3.1/../../../../../H-x86_64-mingw32/nios2-elf/lib/mno-hw-mul\libsmallc.a(libc_a-strlen.o)
 .data          0x0002aff0        0x0 c:/intelfpga_lite/23.1std/nios2eds/bin/gnu/h-x86_64-mingw32/bin/../lib/gcc/nios2-elf/12.3.1/../../../../../H-x86_64-mingw32/nios2-elf/lib/mno-hw-mul\libsmallc.a(libc_a-impure.o)
 .data._impure_data
                0x0002aff0       0x54 c:/intelfpga_lite/23.1std/nios2eds/bin/gnu/h-x86_64-mingw32/bin/../lib/gcc/nios2-elf/12.3.1/../../../../../H-x86_64-mingw32/nios2-elf/lib/mno-hw-mul\libsmallc.a(libc_a-impure.o)
                0x0002aff0                _impure_data
 .data          0x0002b044        0x0 c:/intelfpga_lite/23.1std/nios2eds/bin/gnu/h-x86_64-mingw32/bin/../lib/gcc/nios2-elf/12.3.1/../../../../../H-x86_64-mingw32/nios2-elf/lib/mno-hw-mul\libsmallc.a(libc_a-sbrkr.o)
 .data          0x0002b044        0x0 c:/intelfpga_lite/23.1std/nios2eds/bin/gnu/h-x86_64-mingw32/bin/../lib/gcc/nios2-elf/12.3.1/../../../../../H-x86_64-mingw32/nios2-elf/lib/mno-hw-mul\libsmallc.a(libc_a-freer.o)
 .data          0x0002b044        0x0 c:/intelfpga_lite/23.1std/nios2eds/bin/gnu/h-x86_64-mingw32/bin/../lib/gcc/nios2-elf/12.3.1/../../../../../H-x86_64-mingw32/nios2-elf/lib/mno-hw-mul\libsmallc.a(libc_a-fvwrite_small_dev.o)
 .data          0x0002b044        0x0 c:/intelfpga_lite/23.1std/nios2eds/bin/gnu/h-x86_64-mingw32/bin/../lib/gcc/nios2-elf/12.3.1/../../../../../H-x86_64-mingw32/nios2-elf/lib/mno-hw-mul\libsmallc.a(libc_a-int_errno.o)
 .data          0x0002b044        0x0 c:/intelfpga_lite/23.1std/nios2eds/bin/gnu/h-x86_64-mingw32/bin/../lib/gcc/nios2-elf/12.3.1/../../../../../H-x86_64-mingw32/nios2-elf/lib/mno-hw-mul\libsmallc.a(libc_a-writer.o)
 .data          0x0002b044        0x0 c:/Users/guan-ming.dennis-won/Documents/Code/SPI_4_Wire_Serial_Intel_FPGA_IP/software/NIOS_Project_Small_bsp/\libhal_bsp.a(alt_iic.o)
 .data          0x0002b044        0x0 c:/Users/guan-ming.dennis-won/Documents/Code/SPI_4_Wire_Serial_Intel_FPGA_IP/software/NIOS_Project_Small_bsp/\libhal_bsp.a(alt_iic_isr_register.o)
 .data          0x0002b044        0x0 c:/Users/guan-ming.dennis-won/Documents/Code/SPI_4_Wire_Serial_Intel_FPGA_IP/software/NIOS_Project_Small_bsp/\libhal_bsp.a(alt_irq_entry.o)
 .data          0x0002b044        0x0 c:/Users/guan-ming.dennis-won/Documents/Code/SPI_4_Wire_Serial_Intel_FPGA_IP/software/NIOS_Project_Small_bsp/\libhal_bsp.a(alt_irq_handler.o)
 .data          0x0002b044        0x0 c:/Users/guan-ming.dennis-won/Documents/Code/SPI_4_Wire_Serial_Intel_FPGA_IP/software/NIOS_Project_Small_bsp/\libhal_bsp.a(alt_irq_vars.o)
 .data          0x0002b044        0x0 c:/Users/guan-ming.dennis-won/Documents/Code/SPI_4_Wire_Serial_Intel_FPGA_IP/software/NIOS_Project_Small_bsp/\libhal_bsp.a(alt_load.o)
 .data          0x0002b044        0x0 c:/Users/guan-ming.dennis-won/Documents/Code/SPI_4_Wire_Serial_Intel_FPGA_IP/software/NIOS_Project_Small_bsp/\libhal_bsp.a(alt_main.o)
 .data          0x0002b044        0x0 c:/Users/guan-ming.dennis-won/Documents/Code/SPI_4_Wire_Serial_Intel_FPGA_IP/software/NIOS_Project_Small_bsp/\libhal_bsp.a(alt_malloc_lock.o)
 .data          0x0002b044        0x0 c:/Users/guan-ming.dennis-won/Documents/Code/SPI_4_Wire_Serial_Intel_FPGA_IP/software/NIOS_Project_Small_bsp/\libhal_bsp.a(alt_sbrk.o)
 .data          0x0002b044        0x0 c:/Users/guan-ming.dennis-won/Documents/Code/SPI_4_Wire_Serial_Intel_FPGA_IP/software/NIOS_Project_Small_bsp/\libhal_bsp.a(alt_usleep.o)
 .data          0x0002b044        0x0 c:/Users/guan-ming.dennis-won/Documents/Code/SPI_4_Wire_Serial_Intel_FPGA_IP/software/NIOS_Project_Small_bsp/\libhal_bsp.a(alt_write.o)
 .data          0x0002b044        0x0 c:/Users/guan-ming.dennis-won/Documents/Code/SPI_4_Wire_Serial_Intel_FPGA_IP/software/NIOS_Project_Small_bsp/\libhal_bsp.a(alt_sys_init.o)
 .data          0x0002b044        0x0 c:/Users/guan-ming.dennis-won/Documents/Code/SPI_4_Wire_Serial_Intel_FPGA_IP/software/NIOS_Project_Small_bsp/\libhal_bsp.a(altera_avalon_jtag_uart_write.o)
 .data          0x0002b044        0x0 c:/Users/guan-ming.dennis-won/Documents/Code/SPI_4_Wire_Serial_Intel_FPGA_IP/software/NIOS_Project_Small_bsp/\libhal_bsp.a(altera_avalon_spi.o)
 .data          0x0002b044        0x0 c:/Users/guan-ming.dennis-won/Documents/Code/SPI_4_Wire_Serial_Intel_FPGA_IP/software/NIOS_Project_Small_bsp/\libhal_bsp.a(alt_busy_sleep.o)
 .data          0x0002b044        0x0 c:/Users/guan-ming.dennis-won/Documents/Code/SPI_4_Wire_Serial_Intel_FPGA_IP/software/NIOS_Project_Small_bsp/\libhal_bsp.a(alt_dcache_flush_all.o)
 .data          0x0002b044        0x0 c:/Users/guan-ming.dennis-won/Documents/Code/SPI_4_Wire_Serial_Intel_FPGA_IP/software/NIOS_Project_Small_bsp/\libhal_bsp.a(alt_errno.o)
 .data          0x0002b044        0x0 c:/Users/guan-ming.dennis-won/Documents/Code/SPI_4_Wire_Serial_Intel_FPGA_IP/software/NIOS_Project_Small_bsp/\libhal_bsp.a(alt_exception_entry.o)
 .data          0x0002b044        0x0 c:/Users/guan-ming.dennis-won/Documents/Code/SPI_4_Wire_Serial_Intel_FPGA_IP/software/NIOS_Project_Small_bsp/\libhal_bsp.a(alt_icache_flush_all.o)
 .data          0x0002b044        0x0 c:/Users/guan-ming.dennis-won/Documents/Code/SPI_4_Wire_Serial_Intel_FPGA_IP/software/NIOS_Project_Small_bsp/\libhal_bsp.a(alt_instruction_exception_entry.o)
 .data          0x0002b044        0x0 c:/Users/guan-ming.dennis-won/Documents/Code/SPI_4_Wire_Serial_Intel_FPGA_IP/software/NIOS_Project_Small_bsp/\libhal_bsp.a(altera_nios2_gen2_irq.o)
                0x00033044                        _gp = ABSOLUTE ((. + 0x8000))
                [!provide]                        PROVIDE (gp = _gp)
 *(.rwdata .rwdata.*)
 *(.sdata .sdata.* .gnu.linkonce.s.*)
 .sdata         0x0002b044        0x1 obj/default/hello_world_small.o
 *fill*         0x0002b045        0x3 
 .sdata         0x0002b048       0x48 obj/default/imported_source/TENCL040_ESC.o
                0x0002b048                GetTotalCurrentSetting0x8120
                0x0002b04c                FirmwareSemanticVersion0x8118
                0x0002b04e                FirmwareRevision0x8110
                0x0002b050                FactoryReset0x8108
                0x0002b054                SetTargetedLightSourceIndex0x80F8
                0x0002b058                NumberOfConnectedLightSource0x80F0
                0x0002b05c                DigitalInputGroupReset0x80C8
                0x0002b060                DigitalInputGroupingStatus0x80C0
                0x0002b064                AnalogOutputChannelConfigSaveSetting0x8068
                0x0002b068                AnalogOutputChannelConfigIntensityUnits0x8060
                0x0002b06c                AnalogOutputPulseWidthLimitClearOutputResetEventCounter0x8040
                0x0002b070                AnalogOutputChannelSaveGroupSetting0x8018
                0x0002b074                AnalogOutputChannelReleaseGroup0x8010
                0x0002b078                OnOffContinuousModeGroup0x7008
                0x0002b07c                DeviceID0x6000
                0x0002b080                sRxPDOassign
                0x0002b088                DeviceIDProcessDataMapping0x1A00
 .sdata         0x0002b090       0x3c obj/default/imported_source/coeappl.o
                0x0002b090                sSyncmanagertype
                0x0002b096                sEntryDesc0x10F8
                0x0002b09c                sEntryDesc0x100A
                0x0002b0a4                acSoftwareversion
                0x0002b0aa                sEntryDesc0x1009
                0x0002b0b0                acHardwareversion
                0x0002b0b6                sEntryDesc0x1008
                0x0002b0bc                sEntryDesc0x1001
                0x0002b0c2                sEntryDesc0x1000
                0x0002b0c8                u32Devicetype
 .sdata._impure_ptr
                0x0002b0cc        0x4 c:/intelfpga_lite/23.1std/nios2eds/bin/gnu/h-x86_64-mingw32/bin/../lib/gcc/nios2-elf/12.3.1/../../../../../H-x86_64-mingw32/nios2-elf/lib/mno-hw-mul\libsmallc.a(libc_a-impure.o)
                0x0002b0cc                _impure_ptr
 .sdata         0x0002b0d0        0x4 c:/Users/guan-ming.dennis-won/Documents/Code/SPI_4_Wire_Serial_Intel_FPGA_IP/software/NIOS_Project_Small_bsp/\libhal_bsp.a(alt_irq_vars.o)
                0x0002b0d0                alt_priority_mask
 .sdata         0x0002b0d4        0x4 c:/Users/guan-ming.dennis-won/Documents/Code/SPI_4_Wire_Serial_Intel_FPGA_IP/software/NIOS_Project_Small_bsp/\libhal_bsp.a(alt_sbrk.o)
 .sdata         0x0002b0d8        0x4 c:/Users/guan-ming.dennis-won/Documents/Code/SPI_4_Wire_Serial_Intel_FPGA_IP/software/NIOS_Project_Small_bsp/\libhal_bsp.a(alt_sys_init.o)
                0x0002b0d8                DEBUG
 .sdata         0x0002b0dc        0x4 c:/Users/guan-ming.dennis-won/Documents/Code/SPI_4_Wire_Serial_Intel_FPGA_IP/software/NIOS_Project_Small_bsp/\libhal_bsp.a(alt_errno.o)
                0x0002b0dc                alt_errno
 *(.sdata2 .sdata2.* .gnu.linkonce.s2.*)
                0x0002b0e0                        . = ALIGN (0x4)
                0x0002b0e0                        _edata = ABSOLUTE (.)
                [!provide]                        PROVIDE (edata = ABSOLUTE (.))
                0x0002b0e0                        PROVIDE (__ram_rwdata_end = ABSOLUTE (.))
                0x0002b0e0                        PROVIDE (__flash_rwdata_start = LOADADDR (.rwdata))

.bss            0x0002c9a0      0x3a0
                0x0002c9a0                        __bss_start = ABSOLUTE (.)
                [!provide]                        PROVIDE (__sbss_start = ABSOLUTE (.))
                [!provide]                        PROVIDE (___sbss_start = ABSOLUTE (.))
 *(.dynsbss)
 *(.sbss .sbss.* .gnu.linkonce.sb.*)
 .sbss          0x0002c9a0        0x4 obj/default/imported_source/ax58100_hw.o
                0x0002c9a0                bootSwitchID
                0x0002c9a2                EscALEvent
 .sbss          0x0002c9a4       0x18 obj/default/imported_source/coeappl.o
                0x0002c9a4                ObjDicList
                0x0002c9a8                u16ErrorRegister
                0x0002c9ac                u32CheckForDcOverrunCnt
                0x0002c9b0                u32LastDc32Value
                0x0002c9b4                u64Timestamp
 .sbss          0x0002c9bc       0x2c obj/default/imported_source/ecatappl.o
                0x0002c9bc                bInitFinished
                0x0002c9be                aPdOutputData
                0x0002c9c4                u32MinCycleTimeValue
                0x0002c9c8                bMinCycleTimeMeasurementStarted
                0x0002c9cc                u32SystemTimeReadFailure
                0x0002c9d0                u32MinCycleTimeStartValue
                0x0002c9d4                u32CycleTimeStartValue
                0x0002c9d8                pAPPL_MainLoop
                0x0002c9dc                pAPPL_CoeWriteInd
                0x0002c9e0                pAPPL_CoeReadInd
                0x0002c9e4                bRunApplication
                0x0002c9e5                bEtherCATErrorLed
                0x0002c9e6                bEtherCATRunLed
                0x0002c9e7                bEcatWaitForInputUpdate
 .sbss          0x0002c9e8        0x4 obj/default/imported_source/ecatcoe.o
                0x0002c9e8                pCoeSendStored
 .sbss          0x0002c9ec       0x4b obj/default/imported_source/ecatslv.o
                0x0002c9ec                EepromLoaded
                0x0002c9ee                SyncManInfo
                0x0002c9f6                SMActivate
                0x0002c9f7                u8dummy
                0x0002c9f8                u16IdValue
                0x0002c9fa                u16ALEventMask
                0x0002c9fc                nEscAddrInputData
                0x0002c9fe                nEscAddrOutputData
                0x0002ca00                EcatWdValue
                0x0002ca02                bExplicitDevIdRequested
                0x0002ca03                nAlStatus
                0x0002ca04                nMaxEscAddress
                0x0002ca06                nMaxSyncMan
                0x0002ca08                nPdOutputSize
                0x0002ca0a                nPdInputSize
                0x0002ca0c                nEcatStateTrans
                0x0002ca0e                bEcatWaitForAlControlRes
                0x0002ca0f                bApplEsmPending
                0x0002ca10                u8LocalErrorState
                0x0002ca12                u16LocalErrorCode
                0x0002ca14                b3BufferMode
                0x0002ca15                bEscIntEnabled
                0x0002ca16                b32BitDc
                0x0002ca18                LatchInputSync0Counter
                0x0002ca1a                LatchInputSync0Value
                0x0002ca1c                Sync1WdValue
                0x0002ca1e                Sync1WdCounter
                0x0002ca20                Sync0WdValue
                0x0002ca22                Sync0WdCounter
                0x0002ca24                i16WaitForPllRunningCnt
                0x0002ca26                i16WaitForPllRunningTimeout
                0x0002ca28                bSmSyncSequenceValid
                0x0002ca2a                u16SmSync0Value
                0x0002ca2c                u16SmSync0Counter
                0x0002ca2e                bDcRunning
                0x0002ca30                EsmTimeoutCounter
                0x0002ca32                bDcSyncActive
                0x0002ca33                bWdTrigger
                0x0002ca34                bEcatFirstOutputsReceived
                0x0002ca35                bEcatInputUpdateRunning
                0x0002ca36                bEcatOutputUpdateRunning
 *fill*         0x0002ca37        0x1 
 .sbss          0x0002ca38       0x24 obj/default/imported_source/mailbox.o
                0x0002ca38                bNoMbxMemoryAvailable
                0x0002ca3c                psStoreMbx
                0x0002ca40                psRepeatMbx
                0x0002ca44                psReadMbx
                0x0002ca48                psWriteMbx
                0x0002ca4c                u8MailboxSendReqStored
                0x0002ca4d                u8MbxReadCounter
                0x0002ca4e                u8MbxWriteCounter
                0x0002ca50                u16EscAddrSendMbx
                0x0002ca52                u16EscAddrReceiveMbx
                0x0002ca54                u16ReceiveMbxSize
                0x0002ca56                u16SendMbxSize
                0x0002ca58                bMbxRepeatToggle
                0x0002ca59                bMbxRunning
                0x0002ca5a                bSendMbxIsFull
                0x0002ca5b                bReceiveMbxIsLocked
 .sbss          0x0002ca5c        0x3 obj/default/imported_source/objdef.o
                0x0002ca5c                sCycleDiag
                0x0002ca5e                bSyncSetByUser
 *fill*         0x0002ca5f        0x1 
 .sbss          0x0002ca60       0x39 obj/default/imported_source/sdoserv.o
                0x0002ca60                pSdoSegObjEntry
                0x0002ca64                nSdoSegCompleteSize
                0x0002ca68                bSdoSegLastToggle
                0x0002ca6c                nSdoSegBytesToHandle
                0x0002ca70                nSdoSegSubindex
                0x0002ca72                nSdoSegIndex
                0x0002ca74                bSdoSegAccess
                0x0002ca75                bSdoSegFollows
                0x0002ca76                nSdoSegService
                0x0002ca77                bSdoInWork
                0x0002ca78                pSdoResStored
                0x0002ca7c                pSdoInfoObjEntry
                0x0002ca80                nSdoInfoIndex
                0x0002ca82                nSdoInfoFragmentsLeft
                0x0002ca84                pSdoSegData
                0x0002ca88                pSdoPendFunc
                0x0002ca8c                pStoreData
                0x0002ca90                u32StoreDataSize
                0x0002ca94                u16StoreIndex
                0x0002ca96                u8StoreSubindex
                0x0002ca97                bStoreCompleteAccess
                0x0002ca98                u8PendingSdo
 *fill*         0x0002ca99        0x3 
 .sbss          0x0002ca9c        0x4 obj/default/nios_it/nios_it.o
                0x0002ca9c                edge_capture
 .sbss.__malloc_sbrk_start
                0x0002caa0        0x4 c:/intelfpga_lite/23.1std/nios2eds/bin/gnu/h-x86_64-mingw32/bin/../lib/gcc/nios2-elf/12.3.1/../../../../../H-x86_64-mingw32/nios2-elf/lib/mno-hw-mul\libsmallc.a(libc_a-mallocr.o)
                0x0002caa0                __malloc_sbrk_start
 .sbss.__malloc_free_list
                0x0002caa4        0x4 c:/intelfpga_lite/23.1std/nios2eds/bin/gnu/h-x86_64-mingw32/bin/../lib/gcc/nios2-elf/12.3.1/../../../../../H-x86_64-mingw32/nios2-elf/lib/mno-hw-mul\libsmallc.a(libc_a-mallocr.o)
                0x0002caa4                __malloc_free_list
 .sbss.errno    0x0002caa8        0x4 c:/intelfpga_lite/23.1std/nios2eds/bin/gnu/h-x86_64-mingw32/bin/../lib/gcc/nios2-elf/12.3.1/../../../../../H-x86_64-mingw32/nios2-elf/lib/mno-hw-mul\libsmallc.a(libc_a-int_errno.o)
                0x0002caa8                errno
 .sbss          0x0002caac        0x4 c:/Users/guan-ming.dennis-won/Documents/Code/SPI_4_Wire_Serial_Intel_FPGA_IP/software/NIOS_Project_Small_bsp/\libhal_bsp.a(alt_irq_vars.o)
                0x0002caac                alt_irq_active
 .sbss          0x0002cab0        0xc c:/Users/guan-ming.dennis-won/Documents/Code/SPI_4_Wire_Serial_Intel_FPGA_IP/software/NIOS_Project_Small_bsp/\libhal_bsp.a(alt_main.o)
                0x0002cab0                alt_envp
                0x0002cab4                alt_argv
                0x0002cab8                alt_argc
 .sbss          0x0002cabc        0x4 c:/Users/guan-ming.dennis-won/Documents/Code/SPI_4_Wire_Serial_Intel_FPGA_IP/software/NIOS_Project_Small_bsp/\libhal_bsp.a(alt_instruction_exception_entry.o)
                0x0002cabc                alt_instruction_exception_handler
 *(.sbss2 .sbss2.* .gnu.linkonce.sb2.*)
 *(.scommon)
                [!provide]                        PROVIDE (__sbss_end = ABSOLUTE (.))
                [!provide]                        PROVIDE (___sbss_end = ABSOLUTE (.))
 *(.dynbss)
 *(.bss .bss.* .gnu.linkonce.b.*)
 .bss           0x0002cac0        0x0 c:/Users/guan-ming.dennis-won/Documents/Code/SPI_4_Wire_Serial_Intel_FPGA_IP/software/NIOS_Project_Small_bsp//obj/HAL/src/crt0.o
 .bss           0x0002cac0        0x0 obj/default/hello_world_small.o
 .bss           0x0002cac0        0x0 obj/default/imported_source/TENCL040_ESC.o
 .bss           0x0002cac0       0x18 obj/default/imported_source/ax58100_hw.o
                0x0002cac0                spiRxBuf
                0x0002cacc                spiTxBuf
 .bss           0x0002cad8        0x0 obj/default/imported_source/coeappl.o
 .bss           0x0002cad8       0x68 obj/default/imported_source/ecatappl.o
                0x0002cad8                aPdInputData
 .bss           0x0002cb40        0x0 obj/default/imported_source/ecatcoe.o
 .bss           0x0002cb40        0x0 obj/default/imported_source/ecatslv.o
 .bss           0x0002cb40       0x68 obj/default/imported_source/mailbox.o
                0x0002cb40                sMbxReceiveQueue
                0x0002cb74                sMbxSendQueue
 .bss           0x0002cba8       0x88 obj/default/imported_source/objdef.o
                0x0002cba8                sSyncManInPar
                0x0002cbec                sSyncManOutPar
 .bss           0x0002cc30       0x10 obj/default/imported_source/sdoserv.o
                0x0002cc30                aSdoInfoHeader
 .bss           0x0002cc40        0x0 obj/default/nios_it/nios_it.o
 .bss           0x0002cc40        0x0 obj/default/peripheral/peripheral_linker.o
 .bss           0x0002cc40        0x0 c:/intelfpga_lite/23.1std/nios2eds/bin/gnu/h-x86_64-mingw32/bin/../lib/gcc/nios2-elf/12.3.1/mno-hw-mul\libgcc.a(lib2-divmod.o)
 .bss           0x0002cc40        0x0 c:/intelfpga_lite/23.1std/nios2eds/bin/gnu/h-x86_64-mingw32/bin/../lib/gcc/nios2-elf/12.3.1/mno-hw-mul\libgcc.a(lib2-mul.o)
 .bss           0x0002cc40        0x0 c:/intelfpga_lite/23.1std/nios2eds/bin/gnu/h-x86_64-mingw32/bin/../lib/gcc/nios2-elf/12.3.1/../../../../../H-x86_64-mingw32/nios2-elf/lib/mno-hw-mul\libsmallc.a(libc_a-malloc.o)
 .bss           0x0002cc40        0x0 c:/intelfpga_lite/23.1std/nios2eds/bin/gnu/h-x86_64-mingw32/bin/../lib/gcc/nios2-elf/12.3.1/../../../../../H-x86_64-mingw32/nios2-elf/lib/mno-hw-mul\libsmallc.a(libc_a-mallocr.o)
 .bss           0x0002cc40        0x0 c:/intelfpga_lite/23.1std/nios2eds/bin/gnu/h-x86_64-mingw32/bin/../lib/gcc/nios2-elf/12.3.1/../../../../../H-x86_64-mingw32/nios2-elf/lib/mno-hw-mul\libsmallc.a(libc_a-puts.o)
 .bss           0x0002cc40        0x0 c:/intelfpga_lite/23.1std/nios2eds/bin/gnu/h-x86_64-mingw32/bin/../lib/gcc/nios2-elf/12.3.1/../../../../../H-x86_64-mingw32/nios2-elf/lib/mno-hw-mul\libsmallc.a(libc_a-memcpy.o)
 .bss           0x0002cc40        0x0 c:/intelfpga_lite/23.1std/nios2eds/bin/gnu/h-x86_64-mingw32/bin/../lib/gcc/nios2-elf/12.3.1/../../../../../H-x86_64-mingw32/nios2-elf/lib/mno-hw-mul\libsmallc.a(libc_a-memset.o)
 .bss           0x0002cc40        0x0 c:/intelfpga_lite/23.1std/nios2eds/bin/gnu/h-x86_64-mingw32/bin/../lib/gcc/nios2-elf/12.3.1/../../../../../H-x86_64-mingw32/nios2-elf/lib/mno-hw-mul\libsmallc.a(libc_a-strlen.o)
 .bss           0x0002cc40        0x0 c:/intelfpga_lite/23.1std/nios2eds/bin/gnu/h-x86_64-mingw32/bin/../lib/gcc/nios2-elf/12.3.1/../../../../../H-x86_64-mingw32/nios2-elf/lib/mno-hw-mul\libsmallc.a(libc_a-impure.o)
 .bss           0x0002cc40        0x0 c:/intelfpga_lite/23.1std/nios2eds/bin/gnu/h-x86_64-mingw32/bin/../lib/gcc/nios2-elf/12.3.1/../../../../../H-x86_64-mingw32/nios2-elf/lib/mno-hw-mul\libsmallc.a(libc_a-sbrkr.o)
 .bss           0x0002cc40        0x0 c:/intelfpga_lite/23.1std/nios2eds/bin/gnu/h-x86_64-mingw32/bin/../lib/gcc/nios2-elf/12.3.1/../../../../../H-x86_64-mingw32/nios2-elf/lib/mno-hw-mul\libsmallc.a(libc_a-freer.o)
 .bss           0x0002cc40        0x0 c:/intelfpga_lite/23.1std/nios2eds/bin/gnu/h-x86_64-mingw32/bin/../lib/gcc/nios2-elf/12.3.1/../../../../../H-x86_64-mingw32/nios2-elf/lib/mno-hw-mul\libsmallc.a(libc_a-fvwrite_small_dev.o)
 .bss           0x0002cc40        0x0 c:/intelfpga_lite/23.1std/nios2eds/bin/gnu/h-x86_64-mingw32/bin/../lib/gcc/nios2-elf/12.3.1/../../../../../H-x86_64-mingw32/nios2-elf/lib/mno-hw-mul\libsmallc.a(libc_a-int_errno.o)
 .bss           0x0002cc40        0x0 c:/intelfpga_lite/23.1std/nios2eds/bin/gnu/h-x86_64-mingw32/bin/../lib/gcc/nios2-elf/12.3.1/../../../../../H-x86_64-mingw32/nios2-elf/lib/mno-hw-mul\libsmallc.a(libc_a-writer.o)
 .bss           0x0002cc40        0x0 c:/Users/guan-ming.dennis-won/Documents/Code/SPI_4_Wire_Serial_Intel_FPGA_IP/software/NIOS_Project_Small_bsp/\libhal_bsp.a(alt_iic.o)
 .bss           0x0002cc40        0x0 c:/Users/guan-ming.dennis-won/Documents/Code/SPI_4_Wire_Serial_Intel_FPGA_IP/software/NIOS_Project_Small_bsp/\libhal_bsp.a(alt_iic_isr_register.o)
 .bss           0x0002cc40        0x0 c:/Users/guan-ming.dennis-won/Documents/Code/SPI_4_Wire_Serial_Intel_FPGA_IP/software/NIOS_Project_Small_bsp/\libhal_bsp.a(alt_irq_entry.o)
 .bss           0x0002cc40      0x100 c:/Users/guan-ming.dennis-won/Documents/Code/SPI_4_Wire_Serial_Intel_FPGA_IP/software/NIOS_Project_Small_bsp/\libhal_bsp.a(alt_irq_handler.o)
                0x0002cc40                alt_irq
 .bss           0x0002cd40        0x0 c:/Users/guan-ming.dennis-won/Documents/Code/SPI_4_Wire_Serial_Intel_FPGA_IP/software/NIOS_Project_Small_bsp/\libhal_bsp.a(alt_irq_vars.o)
 .bss           0x0002cd40        0x0 c:/Users/guan-ming.dennis-won/Documents/Code/SPI_4_Wire_Serial_Intel_FPGA_IP/software/NIOS_Project_Small_bsp/\libhal_bsp.a(alt_load.o)
 .bss           0x0002cd40        0x0 c:/Users/guan-ming.dennis-won/Documents/Code/SPI_4_Wire_Serial_Intel_FPGA_IP/software/NIOS_Project_Small_bsp/\libhal_bsp.a(alt_main.o)
 .bss           0x0002cd40        0x0 c:/Users/guan-ming.dennis-won/Documents/Code/SPI_4_Wire_Serial_Intel_FPGA_IP/software/NIOS_Project_Small_bsp/\libhal_bsp.a(alt_malloc_lock.o)
 .bss           0x0002cd40        0x0 c:/Users/guan-ming.dennis-won/Documents/Code/SPI_4_Wire_Serial_Intel_FPGA_IP/software/NIOS_Project_Small_bsp/\libhal_bsp.a(alt_sbrk.o)
 .bss           0x0002cd40        0x0 c:/Users/guan-ming.dennis-won/Documents/Code/SPI_4_Wire_Serial_Intel_FPGA_IP/software/NIOS_Project_Small_bsp/\libhal_bsp.a(alt_usleep.o)
 .bss           0x0002cd40        0x0 c:/Users/guan-ming.dennis-won/Documents/Code/SPI_4_Wire_Serial_Intel_FPGA_IP/software/NIOS_Project_Small_bsp/\libhal_bsp.a(alt_write.o)
 .bss           0x0002cd40        0x0 c:/Users/guan-ming.dennis-won/Documents/Code/SPI_4_Wire_Serial_Intel_FPGA_IP/software/NIOS_Project_Small_bsp/\libhal_bsp.a(alt_sys_init.o)
 .bss           0x0002cd40        0x0 c:/Users/guan-ming.dennis-won/Documents/Code/SPI_4_Wire_Serial_Intel_FPGA_IP/software/NIOS_Project_Small_bsp/\libhal_bsp.a(altera_avalon_jtag_uart_write.o)
 .bss           0x0002cd40        0x0 c:/Users/guan-ming.dennis-won/Documents/Code/SPI_4_Wire_Serial_Intel_FPGA_IP/software/NIOS_Project_Small_bsp/\libhal_bsp.a(altera_avalon_spi.o)
 .bss           0x0002cd40        0x0 c:/Users/guan-ming.dennis-won/Documents/Code/SPI_4_Wire_Serial_Intel_FPGA_IP/software/NIOS_Project_Small_bsp/\libhal_bsp.a(alt_busy_sleep.o)
 .bss           0x0002cd40        0x0 c:/Users/guan-ming.dennis-won/Documents/Code/SPI_4_Wire_Serial_Intel_FPGA_IP/software/NIOS_Project_Small_bsp/\libhal_bsp.a(alt_dcache_flush_all.o)
 .bss           0x0002cd40        0x0 c:/Users/guan-ming.dennis-won/Documents/Code/SPI_4_Wire_Serial_Intel_FPGA_IP/software/NIOS_Project_Small_bsp/\libhal_bsp.a(alt_errno.o)
 .bss           0x0002cd40        0x0 c:/Users/guan-ming.dennis-won/Documents/Code/SPI_4_Wire_Serial_Intel_FPGA_IP/software/NIOS_Project_Small_bsp/\libhal_bsp.a(alt_exception_entry.o)
 .bss           0x0002cd40        0x0 c:/Users/guan-ming.dennis-won/Documents/Code/SPI_4_Wire_Serial_Intel_FPGA_IP/software/NIOS_Project_Small_bsp/\libhal_bsp.a(alt_icache_flush_all.o)
 .bss           0x0002cd40        0x0 c:/Users/guan-ming.dennis-won/Documents/Code/SPI_4_Wire_Serial_Intel_FPGA_IP/software/NIOS_Project_Small_bsp/\libhal_bsp.a(alt_instruction_exception_entry.o)
 .bss           0x0002cd40        0x0 c:/Users/guan-ming.dennis-won/Documents/Code/SPI_4_Wire_Serial_Intel_FPGA_IP/software/NIOS_Project_Small_bsp/\libhal_bsp.a(altera_nios2_gen2_irq.o)
 *(COMMON)
                0x0002cd40                        . = ALIGN (0x4)
                0x0002cd40                        __bss_end = ABSOLUTE (.)

.RAM            0x0002cd40        0x0
                [!provide]                        PROVIDE (_alt_partition_RAM_start = ABSOLUTE (.))
 *(.RAM .RAM. RAM.*)
                0x0002cd40                        . = ALIGN (0x4)
                [!provide]                        PROVIDE (_alt_partition_RAM_end = ABSOLUTE (.))
                0x0002cd40                        _end = ABSOLUTE (.)
                0x0002cd40                        end = ABSOLUTE (.)
                0x0002cd40                        __alt_stack_base = ABSOLUTE (.)
                [!provide]                        PROVIDE (_alt_partition_RAM_load_addr = LOADADDR (.RAM))

.stab
 *(.stab)

.stabstr
 *(.stabstr)

.stab.excl
 *(.stab.excl)

.stab.exclstr
 *(.stab.exclstr)

.stab.index
 *(.stab.index)

.stab.indexstr
 *(.stab.indexstr)

.comment        0x00000000       0x2d
 *(.comment)
 .comment       0x00000000       0x2d obj/default/hello_world_small.o
                                 0x2e (size before relaxing)
 .comment       0x0000002d       0x2e obj/default/imported_source/TENCL040_ESC.o
 .comment       0x0000002d       0x2e obj/default/imported_source/ax58100_hw.o
 .comment       0x0000002d       0x2e obj/default/imported_source/coeappl.o
 .comment       0x0000002d       0x2e obj/default/imported_source/ecatappl.o
 .comment       0x0000002d       0x2e obj/default/imported_source/ecatcoe.o
 .comment       0x0000002d       0x2e obj/default/imported_source/ecatslv.o
 .comment       0x0000002d       0x2e obj/default/imported_source/mailbox.o
 .comment       0x0000002d       0x2e obj/default/imported_source/objdef.o
 .comment       0x0000002d       0x2e obj/default/imported_source/sdoserv.o
 .comment       0x0000002d       0x2e obj/default/nios_it/nios_it.o
 .comment       0x0000002d       0x2e obj/default/peripheral/peripheral_linker.o
 .comment       0x0000002d       0x2e c:/intelfpga_lite/23.1std/nios2eds/bin/gnu/h-x86_64-mingw32/bin/../lib/gcc/nios2-elf/12.3.1/mno-hw-mul\libgcc.a(lib2-divmod.o)
 .comment       0x0000002d       0x2e c:/intelfpga_lite/23.1std/nios2eds/bin/gnu/h-x86_64-mingw32/bin/../lib/gcc/nios2-elf/12.3.1/mno-hw-mul\libgcc.a(lib2-mul.o)
 .comment       0x0000002d       0x2e c:/intelfpga_lite/23.1std/nios2eds/bin/gnu/h-x86_64-mingw32/bin/../lib/gcc/nios2-elf/12.3.1/../../../../../H-x86_64-mingw32/nios2-elf/lib/mno-hw-mul\libsmallc.a(libc_a-malloc.o)
 .comment       0x0000002d       0x2e c:/intelfpga_lite/23.1std/nios2eds/bin/gnu/h-x86_64-mingw32/bin/../lib/gcc/nios2-elf/12.3.1/../../../../../H-x86_64-mingw32/nios2-elf/lib/mno-hw-mul\libsmallc.a(libc_a-mallocr.o)
 .comment       0x0000002d       0x2e c:/intelfpga_lite/23.1std/nios2eds/bin/gnu/h-x86_64-mingw32/bin/../lib/gcc/nios2-elf/12.3.1/../../../../../H-x86_64-mingw32/nios2-elf/lib/mno-hw-mul\libsmallc.a(libc_a-puts.o)
 .comment       0x0000002d       0x2e c:/intelfpga_lite/23.1std/nios2eds/bin/gnu/h-x86_64-mingw32/bin/../lib/gcc/nios2-elf/12.3.1/../../../../../H-x86_64-mingw32/nios2-elf/lib/mno-hw-mul\libsmallc.a(libc_a-memcpy.o)
 .comment       0x0000002d       0x2e c:/intelfpga_lite/23.1std/nios2eds/bin/gnu/h-x86_64-mingw32/bin/../lib/gcc/nios2-elf/12.3.1/../../../../../H-x86_64-mingw32/nios2-elf/lib/mno-hw-mul\libsmallc.a(libc_a-memset.o)
 .comment       0x0000002d       0x2e c:/intelfpga_lite/23.1std/nios2eds/bin/gnu/h-x86_64-mingw32/bin/../lib/gcc/nios2-elf/12.3.1/../../../../../H-x86_64-mingw32/nios2-elf/lib/mno-hw-mul\libsmallc.a(libc_a-strlen.o)
 .comment       0x0000002d       0x2e c:/intelfpga_lite/23.1std/nios2eds/bin/gnu/h-x86_64-mingw32/bin/../lib/gcc/nios2-elf/12.3.1/../../../../../H-x86_64-mingw32/nios2-elf/lib/mno-hw-mul\libsmallc.a(libc_a-impure.o)
 .comment       0x0000002d       0x2e c:/intelfpga_lite/23.1std/nios2eds/bin/gnu/h-x86_64-mingw32/bin/../lib/gcc/nios2-elf/12.3.1/../../../../../H-x86_64-mingw32/nios2-elf/lib/mno-hw-mul\libsmallc.a(libc_a-sbrkr.o)
 .comment       0x0000002d       0x2e c:/intelfpga_lite/23.1std/nios2eds/bin/gnu/h-x86_64-mingw32/bin/../lib/gcc/nios2-elf/12.3.1/../../../../../H-x86_64-mingw32/nios2-elf/lib/mno-hw-mul\libsmallc.a(libc_a-freer.o)
 .comment       0x0000002d       0x2e c:/intelfpga_lite/23.1std/nios2eds/bin/gnu/h-x86_64-mingw32/bin/../lib/gcc/nios2-elf/12.3.1/../../../../../H-x86_64-mingw32/nios2-elf/lib/mno-hw-mul\libsmallc.a(libc_a-fvwrite_small_dev.o)
 .comment       0x0000002d       0x2e c:/intelfpga_lite/23.1std/nios2eds/bin/gnu/h-x86_64-mingw32/bin/../lib/gcc/nios2-elf/12.3.1/../../../../../H-x86_64-mingw32/nios2-elf/lib/mno-hw-mul\libsmallc.a(libc_a-int_errno.o)
 .comment       0x0000002d       0x2e c:/intelfpga_lite/23.1std/nios2eds/bin/gnu/h-x86_64-mingw32/bin/../lib/gcc/nios2-elf/12.3.1/../../../../../H-x86_64-mingw32/nios2-elf/lib/mno-hw-mul\libsmallc.a(libc_a-writer.o)
 .comment       0x0000002d       0x2e c:/Users/guan-ming.dennis-won/Documents/Code/SPI_4_Wire_Serial_Intel_FPGA_IP/software/NIOS_Project_Small_bsp/\libhal_bsp.a(alt_iic.o)
 .comment       0x0000002d       0x2e c:/Users/guan-ming.dennis-won/Documents/Code/SPI_4_Wire_Serial_Intel_FPGA_IP/software/NIOS_Project_Small_bsp/\libhal_bsp.a(alt_iic_isr_register.o)
 .comment       0x0000002d       0x2e c:/Users/guan-ming.dennis-won/Documents/Code/SPI_4_Wire_Serial_Intel_FPGA_IP/software/NIOS_Project_Small_bsp/\libhal_bsp.a(alt_irq_handler.o)
 .comment       0x0000002d       0x2e c:/Users/guan-ming.dennis-won/Documents/Code/SPI_4_Wire_Serial_Intel_FPGA_IP/software/NIOS_Project_Small_bsp/\libhal_bsp.a(alt_irq_vars.o)
 .comment       0x0000002d       0x2e c:/Users/guan-ming.dennis-won/Documents/Code/SPI_4_Wire_Serial_Intel_FPGA_IP/software/NIOS_Project_Small_bsp/\libhal_bsp.a(alt_load.o)
 .comment       0x0000002d       0x2e c:/Users/guan-ming.dennis-won/Documents/Code/SPI_4_Wire_Serial_Intel_FPGA_IP/software/NIOS_Project_Small_bsp/\libhal_bsp.a(alt_main.o)
 .comment       0x0000002d       0x2e c:/Users/guan-ming.dennis-won/Documents/Code/SPI_4_Wire_Serial_Intel_FPGA_IP/software/NIOS_Project_Small_bsp/\libhal_bsp.a(alt_malloc_lock.o)
 .comment       0x0000002d       0x2e c:/Users/guan-ming.dennis-won/Documents/Code/SPI_4_Wire_Serial_Intel_FPGA_IP/software/NIOS_Project_Small_bsp/\libhal_bsp.a(alt_sbrk.o)
 .comment       0x0000002d       0x2e c:/Users/guan-ming.dennis-won/Documents/Code/SPI_4_Wire_Serial_Intel_FPGA_IP/software/NIOS_Project_Small_bsp/\libhal_bsp.a(alt_usleep.o)
 .comment       0x0000002d       0x2e c:/Users/guan-ming.dennis-won/Documents/Code/SPI_4_Wire_Serial_Intel_FPGA_IP/software/NIOS_Project_Small_bsp/\libhal_bsp.a(alt_write.o)
 .comment       0x0000002d       0x2e c:/Users/guan-ming.dennis-won/Documents/Code/SPI_4_Wire_Serial_Intel_FPGA_IP/software/NIOS_Project_Small_bsp/\libhal_bsp.a(alt_sys_init.o)
 .comment       0x0000002d       0x2e c:/Users/guan-ming.dennis-won/Documents/Code/SPI_4_Wire_Serial_Intel_FPGA_IP/software/NIOS_Project_Small_bsp/\libhal_bsp.a(altera_avalon_jtag_uart_write.o)
 .comment       0x0000002d       0x2e c:/Users/guan-ming.dennis-won/Documents/Code/SPI_4_Wire_Serial_Intel_FPGA_IP/software/NIOS_Project_Small_bsp/\libhal_bsp.a(altera_avalon_spi.o)
 .comment       0x0000002d       0x2e c:/Users/guan-ming.dennis-won/Documents/Code/SPI_4_Wire_Serial_Intel_FPGA_IP/software/NIOS_Project_Small_bsp/\libhal_bsp.a(alt_busy_sleep.o)
 .comment       0x0000002d       0x2e c:/Users/guan-ming.dennis-won/Documents/Code/SPI_4_Wire_Serial_Intel_FPGA_IP/software/NIOS_Project_Small_bsp/\libhal_bsp.a(alt_dcache_flush_all.o)
 .comment       0x0000002d       0x2e c:/Users/guan-ming.dennis-won/Documents/Code/SPI_4_Wire_Serial_Intel_FPGA_IP/software/NIOS_Project_Small_bsp/\libhal_bsp.a(alt_errno.o)
 .comment       0x0000002d       0x2e c:/Users/guan-ming.dennis-won/Documents/Code/SPI_4_Wire_Serial_Intel_FPGA_IP/software/NIOS_Project_Small_bsp/\libhal_bsp.a(alt_icache_flush_all.o)
 .comment       0x0000002d       0x2e c:/Users/guan-ming.dennis-won/Documents/Code/SPI_4_Wire_Serial_Intel_FPGA_IP/software/NIOS_Project_Small_bsp/\libhal_bsp.a(alt_instruction_exception_entry.o)
 .comment       0x0000002d       0x2e c:/Users/guan-ming.dennis-won/Documents/Code/SPI_4_Wire_Serial_Intel_FPGA_IP/software/NIOS_Project_Small_bsp/\libhal_bsp.a(altera_nios2_gen2_irq.o)

.debug
 *(.debug)

.line
 *(.line)

.debug_srcinfo
 *(.debug_srcinfo)

.debug_sfnames
 *(.debug_sfnames)

.debug_aranges  0x00000000      0x628
 *(.debug_aranges)
 .debug_aranges
                0x00000000       0x28 c:/Users/guan-ming.dennis-won/Documents/Code/SPI_4_Wire_Serial_Intel_FPGA_IP/software/NIOS_Project_Small_bsp//obj/HAL/src/crt0.o
 .debug_aranges
                0x00000028       0x20 obj/default/hello_world_small.o
 .debug_aranges
                0x00000048       0x20 obj/default/imported_source/TENCL040_ESC.o
 .debug_aranges
                0x00000068       0x20 obj/default/imported_source/ax58100_hw.o
 .debug_aranges
                0x00000088       0x20 obj/default/imported_source/coeappl.o
 .debug_aranges
                0x000000a8       0x20 obj/default/imported_source/ecatappl.o
 .debug_aranges
                0x000000c8       0x20 obj/default/imported_source/ecatcoe.o
 .debug_aranges
                0x000000e8       0x20 obj/default/imported_source/ecatslv.o
 .debug_aranges
                0x00000108       0x20 obj/default/imported_source/mailbox.o
 .debug_aranges
                0x00000128       0x20 obj/default/imported_source/objdef.o
 .debug_aranges
                0x00000148       0x20 obj/default/imported_source/sdoserv.o
 .debug_aranges
                0x00000168       0x20 obj/default/nios_it/nios_it.o
 .debug_aranges
                0x00000188       0x20 obj/default/peripheral/peripheral_linker.o
 .debug_aranges
                0x000001a8       0x20 c:/intelfpga_lite/23.1std/nios2eds/bin/gnu/h-x86_64-mingw32/bin/../lib/gcc/nios2-elf/12.3.1/mno-hw-mul\libgcc.a(lib2-divmod.o)
 .debug_aranges
                0x000001c8       0x20 c:/intelfpga_lite/23.1std/nios2eds/bin/gnu/h-x86_64-mingw32/bin/../lib/gcc/nios2-elf/12.3.1/mno-hw-mul\libgcc.a(lib2-mul.o)
 .debug_aranges
                0x000001e8       0x28 c:/intelfpga_lite/23.1std/nios2eds/bin/gnu/h-x86_64-mingw32/bin/../lib/gcc/nios2-elf/12.3.1/../../../../../H-x86_64-mingw32/nios2-elf/lib/mno-hw-mul\libsmallc.a(libc_a-malloc.o)
 .debug_aranges
                0x00000210       0x28 c:/intelfpga_lite/23.1std/nios2eds/bin/gnu/h-x86_64-mingw32/bin/../lib/gcc/nios2-elf/12.3.1/../../../../../H-x86_64-mingw32/nios2-elf/lib/mno-hw-mul\libsmallc.a(libc_a-mallocr.o)
 .debug_aranges
                0x00000238       0x28 c:/intelfpga_lite/23.1std/nios2eds/bin/gnu/h-x86_64-mingw32/bin/../lib/gcc/nios2-elf/12.3.1/../../../../../H-x86_64-mingw32/nios2-elf/lib/mno-hw-mul\libsmallc.a(libc_a-puts.o)
 .debug_aranges
                0x00000260       0x20 c:/intelfpga_lite/23.1std/nios2eds/bin/gnu/h-x86_64-mingw32/bin/../lib/gcc/nios2-elf/12.3.1/../../../../../H-x86_64-mingw32/nios2-elf/lib/mno-hw-mul\libsmallc.a(libc_a-memcpy.o)
 .debug_aranges
                0x00000280       0x20 c:/intelfpga_lite/23.1std/nios2eds/bin/gnu/h-x86_64-mingw32/bin/../lib/gcc/nios2-elf/12.3.1/../../../../../H-x86_64-mingw32/nios2-elf/lib/mno-hw-mul\libsmallc.a(libc_a-memset.o)
 .debug_aranges
                0x000002a0       0x20 c:/intelfpga_lite/23.1std/nios2eds/bin/gnu/h-x86_64-mingw32/bin/../lib/gcc/nios2-elf/12.3.1/../../../../../H-x86_64-mingw32/nios2-elf/lib/mno-hw-mul\libsmallc.a(libc_a-strlen.o)
 .debug_aranges
                0x000002c0       0x18 c:/intelfpga_lite/23.1std/nios2eds/bin/gnu/h-x86_64-mingw32/bin/../lib/gcc/nios2-elf/12.3.1/../../../../../H-x86_64-mingw32/nios2-elf/lib/mno-hw-mul\libsmallc.a(libc_a-impure.o)
 .debug_aranges
                0x000002d8       0x20 c:/intelfpga_lite/23.1std/nios2eds/bin/gnu/h-x86_64-mingw32/bin/../lib/gcc/nios2-elf/12.3.1/../../../../../H-x86_64-mingw32/nios2-elf/lib/mno-hw-mul\libsmallc.a(libc_a-sbrkr.o)
 .debug_aranges
                0x000002f8       0x20 c:/intelfpga_lite/23.1std/nios2eds/bin/gnu/h-x86_64-mingw32/bin/../lib/gcc/nios2-elf/12.3.1/../../../../../H-x86_64-mingw32/nios2-elf/lib/mno-hw-mul\libsmallc.a(libc_a-freer.o)
 .debug_aranges
                0x00000318       0x20 c:/intelfpga_lite/23.1std/nios2eds/bin/gnu/h-x86_64-mingw32/bin/../lib/gcc/nios2-elf/12.3.1/../../../../../H-x86_64-mingw32/nios2-elf/lib/mno-hw-mul\libsmallc.a(libc_a-fvwrite_small_dev.o)
 .debug_aranges
                0x00000338       0x18 c:/intelfpga_lite/23.1std/nios2eds/bin/gnu/h-x86_64-mingw32/bin/../lib/gcc/nios2-elf/12.3.1/../../../../../H-x86_64-mingw32/nios2-elf/lib/mno-hw-mul\libsmallc.a(libc_a-int_errno.o)
 .debug_aranges
                0x00000350       0x20 c:/intelfpga_lite/23.1std/nios2eds/bin/gnu/h-x86_64-mingw32/bin/../lib/gcc/nios2-elf/12.3.1/../../../../../H-x86_64-mingw32/nios2-elf/lib/mno-hw-mul\libsmallc.a(libc_a-writer.o)
 .debug_aranges
                0x00000370       0x20 c:/Users/guan-ming.dennis-won/Documents/Code/SPI_4_Wire_Serial_Intel_FPGA_IP/software/NIOS_Project_Small_bsp/\libhal_bsp.a(alt_iic.o)
 .debug_aranges
                0x00000390       0x20 c:/Users/guan-ming.dennis-won/Documents/Code/SPI_4_Wire_Serial_Intel_FPGA_IP/software/NIOS_Project_Small_bsp/\libhal_bsp.a(alt_iic_isr_register.o)
 .debug_aranges
                0x000003b0       0x30 c:/Users/guan-ming.dennis-won/Documents/Code/SPI_4_Wire_Serial_Intel_FPGA_IP/software/NIOS_Project_Small_bsp/\libhal_bsp.a(alt_irq_entry.o)
 .debug_aranges
                0x000003e0       0x20 c:/Users/guan-ming.dennis-won/Documents/Code/SPI_4_Wire_Serial_Intel_FPGA_IP/software/NIOS_Project_Small_bsp/\libhal_bsp.a(alt_irq_handler.o)
 .debug_aranges
                0x00000400       0x18 c:/Users/guan-ming.dennis-won/Documents/Code/SPI_4_Wire_Serial_Intel_FPGA_IP/software/NIOS_Project_Small_bsp/\libhal_bsp.a(alt_irq_vars.o)
 .debug_aranges
                0x00000418       0x20 c:/Users/guan-ming.dennis-won/Documents/Code/SPI_4_Wire_Serial_Intel_FPGA_IP/software/NIOS_Project_Small_bsp/\libhal_bsp.a(alt_load.o)
 .debug_aranges
                0x00000438       0x20 c:/Users/guan-ming.dennis-won/Documents/Code/SPI_4_Wire_Serial_Intel_FPGA_IP/software/NIOS_Project_Small_bsp/\libhal_bsp.a(alt_main.o)
 .debug_aranges
                0x00000458       0x20 c:/Users/guan-ming.dennis-won/Documents/Code/SPI_4_Wire_Serial_Intel_FPGA_IP/software/NIOS_Project_Small_bsp/\libhal_bsp.a(alt_malloc_lock.o)
 .debug_aranges
                0x00000478       0x20 c:/Users/guan-ming.dennis-won/Documents/Code/SPI_4_Wire_Serial_Intel_FPGA_IP/software/NIOS_Project_Small_bsp/\libhal_bsp.a(alt_sbrk.o)
 .debug_aranges
                0x00000498       0x20 c:/Users/guan-ming.dennis-won/Documents/Code/SPI_4_Wire_Serial_Intel_FPGA_IP/software/NIOS_Project_Small_bsp/\libhal_bsp.a(alt_usleep.o)
 .debug_aranges
                0x000004b8       0x20 c:/Users/guan-ming.dennis-won/Documents/Code/SPI_4_Wire_Serial_Intel_FPGA_IP/software/NIOS_Project_Small_bsp/\libhal_bsp.a(alt_write.o)
 .debug_aranges
                0x000004d8       0x20 c:/Users/guan-ming.dennis-won/Documents/Code/SPI_4_Wire_Serial_Intel_FPGA_IP/software/NIOS_Project_Small_bsp/\libhal_bsp.a(alt_sys_init.o)
 .debug_aranges
                0x000004f8       0x20 c:/Users/guan-ming.dennis-won/Documents/Code/SPI_4_Wire_Serial_Intel_FPGA_IP/software/NIOS_Project_Small_bsp/\libhal_bsp.a(altera_avalon_jtag_uart_write.o)
 .debug_aranges
                0x00000518       0x20 c:/Users/guan-ming.dennis-won/Documents/Code/SPI_4_Wire_Serial_Intel_FPGA_IP/software/NIOS_Project_Small_bsp/\libhal_bsp.a(altera_avalon_spi.o)
 .debug_aranges
                0x00000538       0x20 c:/Users/guan-ming.dennis-won/Documents/Code/SPI_4_Wire_Serial_Intel_FPGA_IP/software/NIOS_Project_Small_bsp/\libhal_bsp.a(alt_busy_sleep.o)
 .debug_aranges
                0x00000558       0x20 c:/Users/guan-ming.dennis-won/Documents/Code/SPI_4_Wire_Serial_Intel_FPGA_IP/software/NIOS_Project_Small_bsp/\libhal_bsp.a(alt_dcache_flush_all.o)
 .debug_aranges
                0x00000578       0x18 c:/Users/guan-ming.dennis-won/Documents/Code/SPI_4_Wire_Serial_Intel_FPGA_IP/software/NIOS_Project_Small_bsp/\libhal_bsp.a(alt_errno.o)
 .debug_aranges
                0x00000590       0x30 c:/Users/guan-ming.dennis-won/Documents/Code/SPI_4_Wire_Serial_Intel_FPGA_IP/software/NIOS_Project_Small_bsp/\libhal_bsp.a(alt_exception_entry.o)
 .debug_aranges
                0x000005c0       0x20 c:/Users/guan-ming.dennis-won/Documents/Code/SPI_4_Wire_Serial_Intel_FPGA_IP/software/NIOS_Project_Small_bsp/\libhal_bsp.a(alt_icache_flush_all.o)
 .debug_aranges
                0x000005e0       0x28 c:/Users/guan-ming.dennis-won/Documents/Code/SPI_4_Wire_Serial_Intel_FPGA_IP/software/NIOS_Project_Small_bsp/\libhal_bsp.a(alt_instruction_exception_entry.o)
 .debug_aranges
                0x00000608       0x20 c:/Users/guan-ming.dennis-won/Documents/Code/SPI_4_Wire_Serial_Intel_FPGA_IP/software/NIOS_Project_Small_bsp/\libhal_bsp.a(altera_nios2_gen2_irq.o)

.debug_pubnames
 *(.debug_pubnames)

.debug_info     0x00000000    0x12155
 *(.debug_info .gnu.linkonce.wi.*)
 .debug_info    0x00000000       0x3f c:/Users/guan-ming.dennis-won/Documents/Code/SPI_4_Wire_Serial_Intel_FPGA_IP/software/NIOS_Project_Small_bsp//obj/HAL/src/crt0.o
 .debug_info    0x0000003f      0x116 obj/default/hello_world_small.o
 .debug_info    0x00000155     0x20b5 obj/default/imported_source/TENCL040_ESC.o
 .debug_info    0x0000220a      0x9b0 obj/default/imported_source/ax58100_hw.o
 .debug_info    0x00002bba     0x364d obj/default/imported_source/coeappl.o
 .debug_info    0x00006207      0xe23 obj/default/imported_source/ecatappl.o
 .debug_info    0x0000702a      0x55b obj/default/imported_source/ecatcoe.o
 .debug_info    0x00007585     0x16ca obj/default/imported_source/ecatslv.o
 .debug_info    0x00008c4f      0xd01 obj/default/imported_source/mailbox.o
 .debug_info    0x00009950     0x1181 obj/default/imported_source/objdef.o
 .debug_info    0x0000aad1     0x14b3 obj/default/imported_source/sdoserv.o
 .debug_info    0x0000bf84      0x197 obj/default/nios_it/nios_it.o
 .debug_info    0x0000c11b      0x86e obj/default/peripheral/peripheral_linker.o
 .debug_info    0x0000c989      0x347 c:/intelfpga_lite/23.1std/nios2eds/bin/gnu/h-x86_64-mingw32/bin/../lib/gcc/nios2-elf/12.3.1/mno-hw-mul\libgcc.a(lib2-divmod.o)
 .debug_info    0x0000ccd0       0xc4 c:/intelfpga_lite/23.1std/nios2eds/bin/gnu/h-x86_64-mingw32/bin/../lib/gcc/nios2-elf/12.3.1/mno-hw-mul\libgcc.a(lib2-mul.o)
 .debug_info    0x0000cd94      0x588 c:/intelfpga_lite/23.1std/nios2eds/bin/gnu/h-x86_64-mingw32/bin/../lib/gcc/nios2-elf/12.3.1/../../../../../H-x86_64-mingw32/nios2-elf/lib/mno-hw-mul\libsmallc.a(libc_a-malloc.o)
 .debug_info    0x0000d31c      0x7bd c:/intelfpga_lite/23.1std/nios2eds/bin/gnu/h-x86_64-mingw32/bin/../lib/gcc/nios2-elf/12.3.1/../../../../../H-x86_64-mingw32/nios2-elf/lib/mno-hw-mul\libsmallc.a(libc_a-mallocr.o)
 .debug_info    0x0000dad9      0x5ec c:/intelfpga_lite/23.1std/nios2eds/bin/gnu/h-x86_64-mingw32/bin/../lib/gcc/nios2-elf/12.3.1/../../../../../H-x86_64-mingw32/nios2-elf/lib/mno-hw-mul\libsmallc.a(libc_a-puts.o)
 .debug_info    0x0000e0c5      0x121 c:/intelfpga_lite/23.1std/nios2eds/bin/gnu/h-x86_64-mingw32/bin/../lib/gcc/nios2-elf/12.3.1/../../../../../H-x86_64-mingw32/nios2-elf/lib/mno-hw-mul\libsmallc.a(libc_a-memcpy.o)
 .debug_info    0x0000e1e6       0xe6 c:/intelfpga_lite/23.1std/nios2eds/bin/gnu/h-x86_64-mingw32/bin/../lib/gcc/nios2-elf/12.3.1/../../../../../H-x86_64-mingw32/nios2-elf/lib/mno-hw-mul\libsmallc.a(libc_a-memset.o)