Archive member included to satisfy reference by file (symbol)

c:/intelfpga_lite/23.1std/nios2eds/bin/gnu/h-x86_64-mingw32/bin/../lib/gcc/nios2-elf/12.3.1/mno-hw-mul\libgcc.a(lib2-divmod.o)
                              obj/default/imported_source/ecatslv.o (__divsi3)
c:/intelfpga_lite/23.1std/nios2eds/bin/gnu/h-x86_64-mingw32/bin/../lib/gcc/nios2-elf/12.3.1/mno-hw-mul\libgcc.a(lib2-mul.o)
                              obj/default/imported_source/ecatslv.o (__mulsi3)
c:/intelfpga_lite/23.1std/nios2eds/bin/gnu/h-x86_64-mingw32/bin/../lib/gcc/nios2-elf/12.3.1/../../../../../H-x86_64-mingw32/nios2-elf/lib/mno-hw-mul\libsmallc.a(libc_a-malloc.o)
                              obj/default/imported_source/ecatcoe.o (malloc)
c:/intelfpga_lite/23.1std/nios2eds/bin/gnu/h-x86_64-mingw32/bin/../lib/gcc/nios2-elf/12.3.1/../../../../../H-x86_64-mingw32/nios2-elf/lib/mno-hw-mul\libsmallc.a(libc_a-mallocr.o)
                              c:/intelfpga_lite/23.1std/nios2eds/bin/gnu/h-x86_64-mingw32/bin/../lib/gcc/nios2-elf/12.3.1/../../../../../H-x86_64-mingw32/nios2-elf/lib/mno-hw-mul\libsmallc.a(libc_a-malloc.o) (_malloc_r)
c:/intelfpga_lite/23.1std/nios2eds/bin/gnu/h-x86_64-mingw32/bin/../lib/gcc/nios2-elf/12.3.1/../../../../../H-x86_64-mingw32/nios2-elf/lib/mno-hw-mul\libsmallc.a(libc_a-puts.o)
                              obj/default/hello_world_small.o (puts)
c:/intelfpga_lite/23.1std/nios2eds/bin/gnu/h-x86_64-mingw32/bin/../lib/gcc/nios2-elf/12.3.1/../../../../../H-x86_64-mingw32/nios2-elf/lib/mno-hw-mul\libsmallc.a(libc_a-memcpy.o)
                              obj/default/imported_source/ax58100_hw.o (memcpy)
c:/intelfpga_lite/23.1std/nios2eds/bin/gnu/h-x86_64-mingw32/bin/../lib/gcc/nios2-elf/12.3.1/../../../../../H-x86_64-mingw32/nios2-elf/lib/mno-hw-mul\libsmallc.a(libc_a-memset.o)
                              obj/default/imported_source/ax58100_hw.o (memset)
c:/intelfpga_lite/23.1std/nios2eds/bin/gnu/h-x86_64-mingw32/bin/../lib/gcc/nios2-elf/12.3.1/../../../../../H-x86_64-mingw32/nios2-elf/lib/mno-hw-mul\libsmallc.a(libc_a-strlen.o)
                              obj/default/imported_source/objdef.o (strlen)
c:/intelfpga_lite/23.1std/nios2eds/bin/gnu/h-x86_64-mingw32/bin/../lib/gcc/nios2-elf/12.3.1/../../../../../H-x86_64-mingw32/nios2-elf/lib/mno-hw-mul\libsmallc.a(libc_a-impure.o)
                              c:/intelfpga_lite/23.1std/nios2eds/bin/gnu/h-x86_64-mingw32/bin/../lib/gcc/nios2-elf/12.3.1/../../../../../H-x86_64-mingw32/nios2-elf/lib/mno-hw-mul\libsmallc.a(libc_a-malloc.o) (_impure_ptr)
c:/intelfpga_lite/23.1std/nios2eds/bin/gnu/h-x86_64-mingw32/bin/../lib/gcc/nios2-elf/12.3.1/../../../../../H-x86_64-mingw32/nios2-elf/lib/mno-hw-mul\libsmallc.a(libc_a-sbrkr.o)
                              c:/intelfpga_lite/23.1std/nios2eds/bin/gnu/h-x86_64-mingw32/bin/../lib/gcc/nios2-elf/12.3.1/../../../../../H-x86_64-mingw32/nios2-elf/lib/mno-hw-mul\libsmallc.a(libc_a-mallocr.o) (_sbrk_r)
c:/intelfpga_lite/23.1std/nios2eds/bin/gnu/h-x86_64-mingw32/bin/../lib/gcc/nios2-elf/12.3.1/../../../../../H-x86_64-mingw32/nios2-elf/lib/mno-hw-mul\libsmallc.a(libc_a-freer.o)
                              c:/intelfpga_lite/23.1std/nios2eds/bin/gnu/h-x86_64-mingw32/bin/../lib/gcc/nios2-elf/12.3.1/../../../../../H-x86_64-mingw32/nios2-elf/lib/mno-hw-mul\libsmallc.a(libc_a-malloc.o) (_free_r)
c:/intelfpga_lite/23.1std/nios2eds/bin/gnu/h-x86_64-mingw32/bin/../lib/gcc/nios2-elf/12.3.1/../../../../../H-x86_64-mingw32/nios2-elf/lib/mno-hw-mul\libsmallc.a(libc_a-fvwrite_small_dev.o)
                              c:/intelfpga_lite/23.1std/nios2eds/bin/gnu/h-x86_64-mingw32/bin/../lib/gcc/nios2-elf/12.3.1/../../../../../H-x86_64-mingw32/nios2-elf/lib/mno-hw-mul\libsmallc.a(libc_a-puts.o) (__sfvwrite_small_dev)
c:/intelfpga_lite/23.1std/nios2eds/bin/gnu/h-x86_64-mingw32/bin/../lib/gcc/nios2-elf/12.3.1/../../../../../H-x86_64-mingw32/nios2-elf/lib/mno-hw-mul\libsmallc.a(libc_a-int_errno.o)
                              c:/intelfpga_lite/23.1std/nios2eds/bin/gnu/h-x86_64-mingw32/bin/../lib/gcc/nios2-elf/12.3.1/../../../../../H-x86_64-mingw32/nios2-elf/lib/mno-hw-mul\libsmallc.a(libc_a-sbrkr.o) (errno)
c:/intelfpga_lite/23.1std/nios2eds/bin/gnu/h-x86_64-mingw32/bin/../lib/gcc/nios2-elf/12.3.1/../../../../../H-x86_64-mingw32/nios2-elf/lib/mno-hw-mul\libsmallc.a(libc_a-writer.o)
                              c:/intelfpga_lite/23.1std/nios2eds/bin/gnu/h-x86_64-mingw32/bin/../lib/gcc/nios2-elf/12.3.1/../../../../../H-x86_64-mingw32/nios2-elf/lib/mno-hw-mul\libsmallc.a(libc_a-fvwrite_small_dev.o) (_write_r)
c:/Users/guan-ming.dennis-won/Documents/Code/SPI_4_Wire_Serial_Intel_FPGA_IP/software/NIOS_Project_Small_bsp/\libhal_bsp.a(alt_load.o)
                              c:/Users/guan-ming.dennis-won/Documents/Code/SPI_4_Wire_Serial_Intel_FPGA_IP/software/NIOS_Project_Small_bsp//obj/HAL/src/crt0.o (alt_load)
c:/Users/guan-ming.dennis-won/Documents/Code/SPI_4_Wire_Serial_Intel_FPGA_IP/software/NIOS_Project_Small_bsp/\libhal_bsp.a(alt_main.o)
[...]
Memory Configuration

Name             Origin             Length             Attributes
reset            0x00020000         0x00000020
RAM              0x00020020         0x00013fe0
*default*        0x00000000         0xffffffff

Linker script and memory map

LOAD c:/Users/guan-ming.dennis-won/Documents/Code/SPI_4_Wire_Serial_Intel_FPGA_IP/software/NIOS_Project_Small_bsp//obj/HAL/src/crt0.o
LOAD obj/default/hello_world_small.o
LOAD obj/default/imported_source/ViCAT_LSC.o
LOAD obj/default/imported_source/ax58100_hw.o
LOAD obj/default/imported_source/bootmode.o
LOAD obj/default/imported_source/coeappl.o
LOAD obj/default/imported_source/ecatappl.o
LOAD obj/default/imported_source/ecatcoe.o
LOAD obj/default/imported_source/ecatfoe.o
LOAD obj/default/imported_source/ecatslv.o
LOAD obj/default/imported_source/foeappl.o
LOAD obj/default/imported_source/mailbox.o
LOAD obj/default/imported_source/objdef.o
LOAD obj/default/imported_source/sdoserv.o
LOAD obj/default/peripheral/peripheral_linker.o
LOAD c:/intelfpga_lite/23.1std/nios2eds/bin/gnu/h-x86_64-mingw32/bin/../lib/gcc/nios2-elf/12.3.1/../../../../../H-x86_64-mingw32/nios2-elf/lib/mno-hw-mul\libstdc++.a
LOAD c:/intelfpga_lite/23.1std/nios2eds/bin/gnu/h-x86_64-mingw32/bin/../lib/gcc/nios2-elf/12.3.1/../../../../../H-x86_64-mingw32/nios2-elf/lib/mno-hw-mul\libm.a
LOAD c:/intelfpga_lite/23.1std/nios2eds/bin/gnu/h-x86_64-mingw32/bin/../lib/gcc/nios2-elf/12.3.1/mno-hw-mul\libgcc.a
START GROUP
LOAD c:/intelfpga_lite/23.1std/nios2eds/bin/gnu/h-x86_64-mingw32/bin/../lib/gcc/nios2-elf/12.3.1/../../../../../H-x86_64-mingw32/nios2-elf/lib/mno-hw-mul\libsmallc.a
LOAD c:/intelfpga_lite/23.1std/nios2eds/bin/gnu/h-x86_64-mingw32/bin/../lib/gcc/nios2-elf/12.3.1/mno-hw-mul\libgcc.a
LOAD c:/Users/guan-ming.dennis-won/Documents/Code/SPI_4_Wire_Serial_Intel_FPGA_IP/software/NIOS_Project_Small_bsp/\libhal_bsp.a
LOAD c:/intelfpga_lite/23.1std/nios2eds/bin/gnu/h-x86_64-mingw32/bin/../lib/gcc/nios2-elf/12.3.1/../../../../../H-x86_64-mingw32/nios2-elf/lib/mno-hw-mul\libm.a
END GROUP
LOAD c:/intelfpga_lite/23.1std/nios2eds/bin/gnu/h-x86_64-mingw32/bin/../lib/gcc/nios2-elf/12.3.1/mno-hw-mul\libgcc.a
                0x00020000                        __alt_mem_RAM = 0x20000

.entry          0x00020000       0x20
 *(.entry)
 .entry         0x00020000       0x20 c:/Users/guan-ming.dennis-won/Documents/Code/SPI_4_Wire_Serial_Intel_FPGA_IP/software/NIOS_Project_Small_bsp//obj/HAL/src/crt0.o
                0x00020000                __reset
                0x0002000c                _exit

.exceptions     0x00020020        0x0
                0x00020020                        PROVIDE (__ram_exceptions_start = ABSOLUTE (.))
                0x00020020                        . = ALIGN (0x20)
 *(.irq)
 *(.exceptions.entry.label)
 *(.exceptions.entry.user)
 *(.exceptions.entry.ecc_fatal)
 *(.exceptions.entry)
 *(.exceptions.irqtest.user)
 *(.exceptions.irqtest)
 *(.exceptions.irqhandler.user)
 *(.exceptions.irqhandler)
 *(.exceptions.irqreturn.user)
 *(.exceptions.irqreturn)
 *(.exceptions.notirq.label)
 *(.exceptions.notirq.user)
 *(.exceptions.notirq)
 *(.exceptions.soft.user)
 *(.exceptions.soft)
 *(.exceptions.unknown.user)
 *(.exceptions.unknown)
 *(.exceptions.exit.label)
 *(.exceptions.exit.user)
 *(.exceptions.exit)
 *(.exceptions)
                0x00020020                        PROVIDE (__ram_exceptions_end = ABSOLUTE (.))
                0x00020020                        PROVIDE (__flash_exceptions_start = LOADADDR (.exceptions))

.text           0x00020020     0x7910
                [!provide]                        PROVIDE (stext = ABSOLUTE (.))
 *(.interp)
 *(.hash)
 *(.dynsym)
 *(.dynstr)
 *(.gnu.version)
 *(.gnu.version_d)
 *(.gnu.version_r)
 *(.rel.init)
 *(.rela.init)
 *(.rel.text .rel.text.* .rel.gnu.linkonce.t.*)
 *(.rela.text .rela.text.* .rela.gnu.linkonce.t.*)
 *(.rel.fini)
 *(.rela.fini)
 *(.rel.rodata .rel.rodata.* .rel.gnu.linkonce.r.*)
 *(.rela.rodata .rela.rodata.* .rela.gnu.linkonce.r.*)
 *(.rel.data .rel.data.* .rel.gnu.linkonce.d.*)
 *(.rela.data .rela.data.* .rela.gnu.linkonce.d.*)
 *(.rel.tdata .rel.tdata.* .rel.gnu.linkonce.td.*)
 *(.rela.tdata .rela.tdata.* .rela.gnu.linkonce.td.*)
 *(.rel.tbss .rel.tbss.* .rel.gnu.linkonce.tb.*)
 *(.rela.tbss .rela.tbss.* .rela.gnu.linkonce.tb.*)
 *(.rel.ctors)
 *(.rela.ctors)
 *(.rel.dtors)
 *(.rela.dtors)
 *(.rel.got)
 *(.rela.got)
 *(.rel.sdata .rel.sdata.* .rel.gnu.linkonce.s.*)
 *(.rela.sdata .rela.sdata.* .rela.gnu.linkonce.s.*)
 *(.rel.sbss .rel.sbss.* .rel.gnu.linkonce.sb.*)
 *(.rela.sbss .rela.sbss.* .rela.gnu.linkonce.sb.*)
 *(.rel.sdata2 .rel.sdata2.* .rel.gnu.linkonce.s2.*)
 *(.rela.sdata2 .rela.sdata2.* .rela.gnu.linkonce.s2.*)
 *(.rel.sbss2 .rel.sbss2.* .rel.gnu.linkonce.sb2.*)
 *(.rela.sbss2 .rela.sbss2.* .rela.gnu.linkonce.sb2.*)
 *(.rel.bss .rel.bss.* .rel.gnu.linkonce.b.*)
 *(.rela.bss .rela.bss.* .rela.gnu.linkonce.b.*)
 *(.rel.plt)
 *(.rela.plt)
 *(.rel.dyn)
 *(.init)
 *(.plt)
 *(.text .stub .text.* .gnu.linkonce.t.*)
 .text          0x00020020       0x3c c:/Users/guan-ming.dennis-won/Documents/Code/SPI_4_Wire_Serial_Intel_FPGA_IP/software/NIOS_Project_Small_bsp//obj/HAL/src/crt0.o
                0x00020020                _start
 .text          0x0002005c        0x0 obj/default/hello_world_small.o
 .text.startup  0x0002005c       0x28 obj/default/hello_world_small.o
                0x0002005c                main
 .text          0x00020084      0x2dc obj/default/imported_source/ViCAT_LSC.o
                0x00020084                APPL_AckErrorInd
                0x00020088                APPL_StartMailboxHandler
                0x00020090                APPL_StopMailboxHandler
                0x00020098                APPL_StartInputHandler
                0x000200a0                APPL_StopInputHandler
                0x000200a8                APPL_StartOutputHandler
                0x000200b0                APPL_StopOutputHandler
                0x000200b8                APPL_GenerateMapping
                0x00020278                APPL_InputMapping
                0x000202c4                APPL_OutputMapping
                0x00020310                APPL_Application
                0x00020324                APPL_GetDeviceID
                0x0002032c                main_initial
 .text          0x00020360      0x3f0 obj/default/imported_source/ax58100_hw.o
                0x000205bc                HW_Release
                0x000205c0                HW_GetALEventRegister_Isr
                0x000205e8                HW_EscRead
                0x00020620                HW_GetALEventRegister
                0x00020660                HW_EscReadIsr
                0x0002066c                HW_EscWrite
                0x000206a4                HW_Init
                0x00020730                HW_EscWriteIsr
                0x0002073c                HW_RestartTarget
                0x00020740                HW_ALEVENT_IRQHandler
                0x00020744                HW_SYNC0_IRQHandler
                0x00020748                HW_SYNC1_IRQHandler
                0x0002074c                HW_TIMETASK_IRQHandler
 .text          0x00020750       0x14 obj/default/imported_source/bootmode.o
                0x00020750                BL_Start
                0x00020754                BL_Stop
                0x00020758                BL_StartDownload
                0x0002075c                BL_Data
 .text          0x00020764      0x510 obj/default/imported_source/coeappl.o
                0x00020764                COE_SyncTimeStamp
                0x000207d0                Read0x10F8
                0x00020868                COE_GetObjectDictionary
                0x00020870                COE_UpdateSyncErrorStatus
                0x000208cc                COE_AddObjectToDic
                0x00020958                COE_RemoveDicEntry
                0x000209ac                COE_ClearObjDictionary
                0x000209e8                AddObjectsToObjDictionary
                0x00020a38                COE_ObjDictionaryInit
                0x00020a78                COE_ObjInit
                0x00020ba8                COE_Main
 .text          0x00020c74      0xb1c obj/default/imported_source/ecatappl.o
                0x00020c74                ECAT_CheckTimer
                0x00020d04                GetSystemTimeDelay
                0x00020d6c                PDO_InputMapping
                0x00020e1c                HandleCycleTimeMeasurement
                0x00020e88                PDO_OutputMapping
                0x00020f48                Sync1_Isr
                0x00020f9c                MainInit
                0x00021098                ECAT_Application
                0x000210d4                Sync0_Isr
                0x00021234                PDI_Isr
                0x000213f4                MainLoop
                0x000214c8                ESC_EepromAccess
                0x000216e0                ESC_EepromWriteCRC
 .text          0x00021790       0xbc obj/default/imported_source/ecatcoe.o
                0x00021790                COE_Init
                0x0002179c                COE_ServiceInd
                0x000217e4                COE_ContinueInd
 .text          0x0002184c      0x3e0 obj/default/imported_source/ecatfoe.o
                0x0002184c                FOE_Init
                0x0002185c                FOE_ServiceInd
                0x00021bf8                FOE_ContinueInd
 .text          0x00021c2c     0x1f70 obj/default/imported_source/ecatslv.o
                0x00021c2c                ResetALEventMask
                0x00021c78                SetALEventMask
                0x00021cc4                UpdateEEPROMLoadedState
                0x00021cfc                GetSyncMan
                0x00021d2c                DisableSyncManChannel
                0x00021d8c                EnableSyncManChannel
                0x00021de8                CheckSmSettings
                0x00022058                StartInputHandler
                0x000227c4                StartOutputHandler
                0x00022820                StopOutputHandler
                0x0002282c                StopInputHandler
                0x000228cc                BackToInitTransition
                0x000228d4                SetALStatus
                0x00022978                AL_ControlInd
                0x0002328c                AL_ControlRes
                0x00023594                DC_CheckWatchdog
                0x00023654                CheckIfEcatError
                0x0002372c                ECAT_StateChange
                0x00023910                ECAT_Init
                0x000239f4                ECAT_Main
 .text          0x00023b9c       0xe8 obj/default/imported_source/foeappl.o
                0x00023b9c                FOE_Read
                0x00023bd8                FOE_Write
                0x00023bf0                FOE_Data
                0x00023c4c                FOE_Ack
                0x00023c68                FOE_Busy
                0x00023c74                FOE_Error
 .text          0x00023c84      0x9a0 obj/default/imported_source/mailbox.o
                0x00023c84                PutInMbxQueue
                0x00023cd4                GetOutOfMbxQueue
                0x00023d18                MBX_Init
                0x00023dc8                MBX_StartMailboxHandler
                0x00023ea4                MBX_StopMailboxHandler
                0x00023fb0                MailboxServiceInd
                0x00023ff8                MBX_CopyToSendMailbox
                0x00024144                MBX_MailboxReadInd
                0x00024204                MBX_MailboxRepeatReq
                0x0002426c                MBX_MailboxSendReq
                0x0002434c                MBX_MailboxWriteInd
                0x0002442c                MBX_CheckAndCopyMailbox
                0x00024560                MBX_Main
 .text          0x00024624     0x155c obj/default/imported_source/objdef.o
                0x00024624                OBJ_GetObjectHandle
                0x00024660                OBJ_GetObjectLength
                0x0002476c                OBJ_CopyNumberToString
                0x000247ec                OBJ_GetDesc
                0x00024924                OBJ_GetEntryDesc
                0x00024960                OBJ_GetNoOfObjects
                0x00024a18                OBJ_GetObjectList
                0x00024b60                OBJ_GetObjDesc
                0x00024b68                OBJ_GetEntryOffset
                0x00024d24                CheckSyncTypeValue
                0x00024e30                OBJ_Read
                0x00025440                OBJ_Write
 .text          0x00025b80      0xfb4 obj/default/imported_source/sdoserv.o
                0x00025b80                SdoRes
                0x00025ce0                SDOS_SdoInd
                0x000265d4                SDOS_SdoRes
                0x000266e4                SDOS_ClearPendingResponse
                0x0002675c                SDOS_SdoInfoInd
 .text          0x00026b34      0x344 obj/default/peripheral/peripheral_linker.o
                0x00026b34                delay_ms
                0x00026b54                adc_init
                0x00026cbc                spi_transmit_receive
                0x00026d6c                adc_init_spi_transmit_receive
 .text          0x00026e78      0x1b4 c:/intelfpga_lite/23.1std/nios2eds/bin/gnu/h-x86_64-mingw32/bin/../lib/gcc/nios2-elf/12.3.1/mno-hw-mul\libgcc.a(lib2-divmod.o)
                0x00026e78                __divsi3
                0x00026ef8                __modsi3
                0x00026f6c                __udivsi3
                0x00026fd0                __umodsi3
 .text          0x0002702c       0x28 c:/intelfpga_lite/23.1std/nios2eds/bin/gnu/h-x86_64-mingw32/bin/../lib/gcc/nios2-elf/12.3.1/mno-hw-mul\libgcc.a(lib2-mul.o)
                0x0002702c                __mulsi3
 .text          0x00027054        0x0 c:/intelfpga_lite/23.1std/nios2eds/bin/gnu/h-x86_64-mingw32/bin/../lib/gcc/nios2-elf/12.3.1/../../../../../H-x86_64-mingw32/nios2-elf/lib/mno-hw-mul\libsmallc.a(libc_a-malloc.o)
 .text.malloc   0x00027054       0x10 c:/intelfpga_lite/23.1std/nios2eds/bin/gnu/h-x86_64-mingw32/bin/../lib/gcc/nios2-elf/12.3.1/../../../../../H-x86_64-mingw32/nios2-elf/lib/mno-hw-mul\libsmallc.a(libc_a-malloc.o)
                0x00027054                malloc
 .text.free     0x00027064       0x10 c:/intelfpga_lite/23.1std/nios2eds/bin/gnu/h-x86_64-mingw32/bin/../lib/gcc/nios2-elf/12.3.1/../../../../../H-x86_64-mingw32/nios2-elf/lib/mno-hw-mul\libsmallc.a(libc_a-malloc.o)
                0x00027064                free
 .text          0x00027074        0x0 c:/intelfpga_lite/23.1std/nios2eds/bin/gnu/h-x86_64-mingw32/bin/../lib/gcc/nios2-elf/12.3.1/../../../../../H-x86_64-mingw32/nios2-elf/lib/mno-hw-mul\libsmallc.a(libc_a-mallocr.o)
 .text.sbrk_aligned
                0x00027074       0x8c c:/intelfpga_lite/23.1std/nios2eds/bin/gnu/h-x86_64-mingw32/bin/../lib/gcc/nios2-elf/12.3.1/../../../../../H-x86_64-mingw32/nios2-elf/lib/mno-hw-mul\libsmallc.a(libc_a-mallocr.o)
 .text._malloc_r
                0x00027100      0x1cc c:/intelfpga_lite/23.1std/nios2eds/bin/gnu/h-x86_64-mingw32/bin/../lib/gcc/nios2-elf/12.3.1/../../../../../H-x86_64-mingw32/nios2-elf/lib/mno-hw-mul\libsmallc.a(libc_a-mallocr.o)
                0x00027100                _malloc_r
 .text          0x000272cc        0x0 c:/intelfpga_lite/23.1std/nios2eds/bin/gnu/h-x86_64-mingw32/bin/../lib/gcc/nios2-elf/12.3.1/../../../../../H-x86_64-mingw32/nios2-elf/lib/mno-hw-mul\libsmallc.a(libc_a-puts.o)
 .text._puts_r  0x000272cc       0x80 c:/intelfpga_lite/23.1std/nios2eds/bin/gnu/h-x86_64-mingw32/bin/../lib/gcc/nios2-elf/12.3.1/../../../../../H-x86_64-mingw32/nios2-elf/lib/mno-hw-mul\libsmallc.a(libc_a-puts.o)
                0x000272cc                _puts_r
 .text.puts     0x0002734c       0x10 c:/intelfpga_lite/23.1std/nios2eds/bin/gnu/h-x86_64-mingw32/bin/../lib/gcc/nios2-elf/12.3.1/../../../../../H-x86_64-mingw32/nios2-elf/lib/mno-hw-mul\libsmallc.a(libc_a-puts.o)
                0x0002734c                puts
 .text          0x0002735c        0x0 c:/intelfpga_lite/23.1std/nios2eds/bin/gnu/h-x86_64-mingw32/bin/../lib/gcc/nios2-elf/12.3.1/../../../../../H-x86_64-mingw32/nios2-elf/lib/mno-hw-mul\libsmallc.a(libc_a-memcpy.o)
 .text.memcpy   0x0002735c       0x28 c:/intelfpga_lite/23.1std/nios2eds/bin/gnu/h-x86_64-mingw32/bin/../lib/gcc/nios2-elf/12.3.1/../../../../../H-x86_64-mingw32/nios2-elf/lib/mno-hw-mul\libsmallc.a(libc_a-memcpy.o)
                0x0002735c                memcpy
 .text          0x00027384        0x0 c:/intelfpga_lite/23.1std/nios2eds/bin/gnu/h-x86_64-mingw32/bin/../lib/gcc/nios2-elf/12.3.1/../../../../../H-x86_64-mingw32/nios2-elf/lib/mno-hw-mul\libsmallc.a(libc_a-memset.o)
 .text.memset   0x00027384       0x20 c:/intelfpga_lite/23.1std/nios2eds/bin/gnu/h-x86_64-mingw32/bin/../lib/gcc/nios2-elf/12.3.1/../../../../../H-x86_64-mingw32/nios2-elf/lib/mno-hw-mul\libsmallc.a(libc_a-memset.o)
                0x00027384                memset
 .text          0x000273a4        0x0 c:/intelfpga_lite/23.1std/nios2eds/bin/gnu/h-x86_64-mingw32/bin/../lib/gcc/nios2-elf/12.3.1/../../../../../H-x86_64-mingw32/nios2-elf/lib/mno-hw-mul\libsmallc.a(libc_a-strlen.o)
 .text.strlen   0x000273a4       0x1c c:/intelfpga_lite/23.1std/nios2eds/bin/gnu/h-x86_64-mingw32/bin/../lib/gcc/nios2-elf/12.3.1/../../../../../H-x86_64-mingw32/nios2-elf/lib/mno-hw-mul\libsmallc.a(libc_a-strlen.o)
                0x000273a4                strlen
 .text          0x000273c0        0x0 c:/intelfpga_lite/23.1std/nios2eds/bin/gnu/h-x86_64-mingw32/bin/../lib/gcc/nios2-elf/12.3.1/../../../../../H-x86_64-mingw32/nios2-elf/lib/mno-hw-mul\libsmallc.a(libc_a-impure.o)
 .text          0x000273c0        0x0 c:/intelfpga_lite/23.1std/nios2eds/bin/gnu/h-x86_64-mingw32/bin/../lib/gcc/nios2-elf/12.3.1/../../../../../H-x86_64-mingw32/nios2-elf/lib/mno-hw-mul\libsmallc.a(libc_a-sbrkr.o)
 .text._sbrk_r  0x000273c0       0x48 c:/intelfpga_lite/23.1std/nios2eds/bin/gnu/h-x86_64-mingw32/bin/../lib/gcc/nios2-elf/12.3.1/../../../../../H-x86_64-mingw32/nios2-elf/lib/mno-hw-mul\libsmallc.a(libc_a-sbrkr.o)
                0x000273c0                _sbrk_r
 .text          0x00027408        0x0 c:/intelfpga_lite/23.1std/nios2eds/bin/gnu/h-x86_64-mingw32/bin/../lib/gcc/nios2-elf/12.3.1/../../../../../H-x86_64-mingw32/nios2-elf/lib/mno-hw-mul\libsmallc.a(libc_a-freer.o)
 .text._free_r  0x00027408      0x100 c:/intelfpga_lite/23.1std/nios2eds/bin/gnu/h-x86_64-mingw32/bin/../lib/gcc/nios2-elf/12.3.1/../../../../../H-x86_64-mingw32/nios2-elf/lib/mno-hw-mul\libsmallc.a(libc_a-freer.o)
                0x00027408                _free_r
 .text          0x00027508        0x0 c:/intelfpga_lite/23.1std/nios2eds/bin/gnu/h-x86_64-mingw32/bin/../lib/gcc/nios2-elf/12.3.1/../../../../../H-x86_64-mingw32/nios2-elf/lib/mno-hw-mul\libsmallc.a(libc_a-fvwrite_small_dev.o)
 .text.__sfvwrite_small_dev
                0x00027508       0xa8 c:/intelfpga_lite/23.1std/nios2eds/bin/gnu/h-x86_64-mingw32/bin/../lib/gcc/nios2-elf/12.3.1/../../../../../H-x86_64-mingw32/nios2-elf/lib/mno-hw-mul\libsmallc.a(libc_a-fvwrite_small_dev.o)
                0x00027508                __sfvwrite_small_dev
 .text          0x000275b0        0x0 c:/intelfpga_lite/23.1std/nios2eds/bin/gnu/h-x86_64-mingw32/bin/../lib/gcc/nios2-elf/12.3.1/../../../../../H-x86_64-mingw32/nios2-elf/lib/mno-hw-mul\libsmallc.a(libc_a-int_errno.o)
 .text          0x000275b0        0x0 c:/intelfpga_lite/23.1std/nios2eds/bin/gnu/h-x86_64-mingw32/bin/../lib/gcc/nios2-elf/12.3.1/../../../../../H-x86_64-mingw32/nios2-elf/lib/mno-hw-mul\libsmallc.a(libc_a-writer.o)
 .text._write_r
                0x000275b0       0x50 c:/intelfpga_lite/23.1std/nios2eds/bin/gnu/h-x86_64-mingw32/bin/../lib/gcc/nios2-elf/12.3.1/../../../../../H-x86_64-mingw32/nios2-elf/lib/mno-hw-mul\libsmallc.a(libc_a-writer.o)
                0x000275b0                _write_r
 .text          0x00027600       0x84 c:/Users/guan-ming.dennis-won/Documents/Code/SPI_4_Wire_Serial_Intel_FPGA_IP/software/NIOS_Project_Small_bsp/\libhal_bsp.a(alt_load.o)
                0x00027600                alt_load
 .text          0x00027684       0x2c c:/Users/guan-ming.dennis-won/Documents/Code/SPI_4_Wire_Serial_Intel_FPGA_IP/software/NIOS_Project_Small_bsp/\libhal_bsp.a(alt_main.o)
                0x00027684                alt_main
 .text          0x000276b0        0x8 c:/Users/guan-ming.dennis-won/Documents/Code/SPI_4_Wire_Serial_Intel_FPGA_IP/software/NIOS_Project_Small_bsp/\libhal_bsp.a(alt_malloc_lock.o)
                0x000276b0                __malloc_lock
                0x000276b4                __malloc_unlock
 .text          0x000276b8       0x4c c:/Users/guan-ming.dennis-won/Documents/Code/SPI_4_Wire_Serial_Intel_FPGA_IP/software/NIOS_Project_Small_bsp/\libhal_bsp.a(alt_sbrk.o)
                0x000276b8                sbrk
 .text          0x00027704        0x4 c:/Users/guan-ming.dennis-won/Documents/Code/SPI_4_Wire_Serial_Intel_FPGA_IP/software/NIOS_Project_Small_bsp/\libhal_bsp.a(alt_usleep.o)
                0x00027704                usleep
 .text          0x00027708       0x5c c:/Users/guan-ming.dennis-won/Documents/Code/SPI_4_Wire_Serial_Intel_FPGA_IP/software/NIOS_Project_Small_bsp/\libhal_bsp.a(alt_write.o)
                0x00027708                write
 .text          0x00027764       0x24 c:/Users/guan-ming.dennis-won/Documents/Code/SPI_4_Wire_Serial_Intel_FPGA_IP/software/NIOS_Project_Small_bsp/\libhal_bsp.a(alt_sys_init.o)
                0x00027764                alt_irq_init
                0x00027784                alt_sys_init
 .text          0x00027788       0x30 c:/Users/guan-ming.dennis-won/Documents/Code/SPI_4_Wire_Serial_Intel_FPGA_IP/software/NIOS_Project_Small_bsp/\libhal_bsp.a(altera_avalon_jtag_uart_write.o)
                0x00027788                altera_avalon_jtag_uart_write
 .text          0x000277b8       0xd8 c:/Users/guan-ming.dennis-won/Documents/Code/SPI_4_Wire_Serial_Intel_FPGA_IP/software/NIOS_Project_Small_bsp/\libhal_bsp.a(altera_avalon_spi.o)
                0x000277b8                alt_avalon_spi_command
 .text          0x00027890       0x90 c:/Users/guan-ming.dennis-won/Documents/Code/SPI_4_Wire_Serial_Intel_FPGA_IP/software/NIOS_Project_Small_bsp/\libhal_bsp.a(alt_busy_sleep.o)
                0x00027890                alt_busy_sleep
 .text          0x00027920        0x4 c:/Users/guan-ming.dennis-won/Documents/Code/SPI_4_Wire_Serial_Intel_FPGA_IP/software/NIOS_Project_Small_bsp/\libhal_bsp.a(alt_dcache_flush_all.o)
                0x00027920                alt_dcache_flush_all
 .text          0x00027924        0x0 c:/Users/guan-ming.dennis-won/Documents/Code/SPI_4_Wire_Serial_Intel_FPGA_IP/software/NIOS_Project_Small_bsp/\libhal_bsp.a(alt_errno.o)
 .text          0x00027924        0x4 c:/Users/guan-ming.dennis-won/Documents/Code/SPI_4_Wire_Serial_Intel_FPGA_IP/software/NIOS_Project_Small_bsp/\libhal_bsp.a(alt_icache_flush_all.o)
                0x00027924                alt_icache_flush_all
 .text          0x00027928        0x8 c:/Users/guan-ming.dennis-won/Documents/Code/SPI_4_Wire_Serial_Intel_FPGA_IP/software/NIOS_Project_Small_bsp/\libhal_bsp.a(altera_nios2_gen2_irq.o)
                0x00027928                altera_nios2_gen2_irq_init
 *(.gnu.warning.*)
 *(.fini)
                [!provide]                        PROVIDE (__etext = ABSOLUTE (.))
                [!provide]                        PROVIDE (_etext = ABSOLUTE (.))
                [!provide]                        PROVIDE (etext = ABSOLUTE (.))
 *(.eh_frame_hdr)
                0x00027930                        . = ALIGN (0x4)
                [!provide]                        PROVIDE (__preinit_array_start = ABSOLUTE (.))
 *(.preinit_array)
                [!provide]                        PROVIDE (__preinit_array_end = ABSOLUTE (.))
                [!provide]                        PROVIDE (__init_array_start = ABSOLUTE (.))
 *(SORT_BY_INIT_PRIORITY(.init_array.*))
 *(.init_array)
                [!provide]                        PROVIDE (__init_array_end = ABSOLUTE (.))
                [!provide]                        PROVIDE (__fini_array_start = ABSOLUTE (.))
 *(.fini_array)
                [!provide]                        PROVIDE (__fini_array_end = ABSOLUTE (.))
 *(.eh_frame)
 *(.gcc_except_table .gcc_except_table.*)
 *(.dynamic)
                [!provide]                        PROVIDE (__CTOR_LIST__ = ABSOLUTE (.))
 *(.ctors)
 *(SORT_BY_NAME(.ctors.*))
                [!provide]                        PROVIDE (__CTOR_END__ = ABSOLUTE (.))
                [!provide]                        PROVIDE (__DTOR_LIST__ = ABSOLUTE (.))
 *(.dtors)
 *(SORT_BY_NAME(.dtors.*))
                [!provide]                        PROVIDE (__DTOR_END__ = ABSOLUTE (.))
 *(.jcr)
                0x00027930                        . = ALIGN (0x4)

.rodata         0x00027930      0x6ac
                0x00027930                        PROVIDE (__ram_rodata_start = ABSOLUTE (.))
                0x00027930                        . = ALIGN (0x4)
 *(.rodata .rodata.* .gnu.linkonce.r.*)
 .rodata.str1.4
                0x00027930       0x14 obj/default/hello_world_small.o
 .rodata        0x00027944      0x5fc obj/default/imported_source/coeappl.o
                0x00027944                aName0x1C33
                0x00027a4c                aName0x1C32
                0x00027b54                asEntryDesc0x1C3x
                0x00027c1c                aName0x1C00
                0x00027c2e                asEntryDesc0x1C00
                0x00027c3c                aName0x10F8
                0x00027c50                aName0x10F1
                0x00027c90                asEntryDesc0x10F1
                0x00027ca4                aName0x1018
                0x00027cec                asEntryDesc0x1018
                0x00027d0c                aName0x100A
                0x00027d2c                aName0x1009
                0x00027d4c                aName0x1008
                0x00027d58                aName0x1001
                0x00027d68                aName0x1000
                0x00027d74                aName0x8008
                0x00027dcc                asEntryDesc0x8008
                0x00027de4                aName0x8000
                0x00027e16                asEntryDesc0x8000
                0x00027e28                aName0x7000
                0x00027e44                asEntryDesc0x7000
                0x00027e50                aName0x6000
                0x00027e6a                asEntryDesc0x6000
                0x00027e78                aName0x1C13
                0x00027e94                asEntryDesc0x1C13
                0x00027ea0                aName0x1C12
                0x00027ebc                asEntryDesc0x1C12
                0x00027ec8                aName0x1A00
                0x00027ef8                asEntryDesc0x1A00
                0x00027f04                aName0x1600
                0x00027f34                asEntryDesc0x1600
 .rodata        0x00027f40       0x20 obj/default/imported_source/objdef.o
                0x00027f40                cBitMask
 .rodata        0x00027f60       0x78 obj/default/imported_source/sdoserv.o
                0x00027f60                cAbortCode
 .rodata._puts_r.str1.4
                0x00027fd8        0x2 c:/intelfpga_lite/23.1std/nios2eds/bin/gnu/h-x86_64-mingw32/bin/../lib/gcc/nios2-elf/12.3.1/../../../../../H-x86_64-mingw32/nios2-elf/lib/mno-hw-mul\libsmallc.a(libc_a-puts.o)
 *(.rodata1)
                0x00027fdc                        . = ALIGN (0x4)
 *fill*         0x00027fda        0x2 
                0x00027fdc                        PROVIDE (__ram_rodata_end = ABSOLUTE (.))
                0x00027930                        PROVIDE (__flash_rodata_start = LOADADDR (.rodata))

.rwdata         0x00027fdc      0x460 load address 0x0002843c
                0x00027fdc                        PROVIDE (__ram_rwdata_start = ABSOLUTE (.))
                0x00027fdc                        . = ALIGN (0x4)
 *(.got.plt)
 *(.got)
 *(.data1)
 *(.data .data.* .gnu.linkonce.d.*)
 .data          0x00027fdc        0x0 c:/Users/guan-ming.dennis-won/Documents/Code/SPI_4_Wire_Serial_Intel_FPGA_IP/software/NIOS_Project_Small_bsp//obj/HAL/src/crt0.o
 .data          0x00027fdc        0x0 obj/default/hello_world_small.o
 .data          0x00027fdc       0x18 obj/default/imported_source/ViCAT_LSC.o
                0x00027fdc                ADCParameterSetting0x8008
                0x00027fe8                MLParameterSetting0x8000
 .data          0x00027ff4        0x0 obj/default/imported_source/ax58100_hw.o
 .data          0x00027ff4        0x0 obj/default/imported_source/bootmode.o
 .data          0x00027ff4      0x368 obj/default/imported_source/coeappl.o
                0x00027ff4                GenObjDic
                0x000281d4                sIdentity
                0x000281e8                acDevicename
                0x000281f4                ApplicationObjDic
 .data          0x0002835c        0x0 obj/default/imported_source/ecatappl.o
 .data          0x0002835c        0x0 obj/default/imported_source/ecatcoe.o
 .data          0x0002835c        0x0 obj/default/imported_source/ecatfoe.o
 .data          0x0002835c        0x0 obj/default/imported_source/ecatslv.o
 .data          0x0002835c        0x0 obj/default/imported_source/foeappl.o
 .data          0x0002835c        0x0 obj/default/imported_source/mailbox.o
 .data          0x0002835c       0x1c obj/default/imported_source/objdef.o
                0x0002835c                aSubindexDesc
                0x0002836c                sErrorSettings
 .data          0x00028378        0x0 obj/default/imported_source/sdoserv.o
 .data          0x00028378        0x0 obj/default/peripheral/peripheral_linker.o
 .data          0x00028378        0x0 c:/intelfpga_lite/23.1std/nios2eds/bin/gnu/h-x86_64-mingw32/bin/../lib/gcc/nios2-elf/12.3.1/mno-hw-mul\libgcc.a(lib2-divmod.o)
 .data          0x00028378        0x0 c:/intelfpga_lite/23.1std/nios2eds/bin/gnu/h-x86_64-mingw32/bin/../lib/gcc/nios2-elf/12.3.1/mno-hw-mul\libgcc.a(lib2-mul.o)
 .data          0x00028378        0x0 c:/intelfpga_lite/23.1std/nios2eds/bin/gnu/h-x86_64-mingw32/bin/../lib/gcc/nios2-elf/12.3.1/../../../../../H-x86_64-mingw32/nios2-elf/lib/mno-hw-mul\libsmallc.a(libc_a-malloc.o)
 .data          0x00028378        0x0 c:/intelfpga_lite/23.1std/nios2eds/bin/gnu/h-x86_64-mingw32/bin/../lib/gcc/nios2-elf/12.3.1/../../../../../H-x86_64-mingw32/nios2-elf/lib/mno-hw-mul\libsmallc.a(libc_a-mallocr.o)
 .data          0x00028378        0x0 c:/intelfpga_lite/23.1std/nios2eds/bin/gnu/h-x86_64-mingw32/bin/../lib/gcc/nios2-elf/12.3.1/../../../../../H-x86_64-mingw32/nios2-elf/lib/mno-hw-mul\libsmallc.a(libc_a-puts.o)
 .data          0x00028378        0x0 c:/intelfpga_lite/23.1std/nios2eds/bin/gnu/h-x86_64-mingw32/bin/../lib/gcc/nios2-elf/12.3.1/../../../../../H-x86_64-mingw32/nios2-elf/lib/mno-hw-mul\libsmallc.a(libc_a-memcpy.o)
 .data          0x00028378        0x0 c:/intelfpga_lite/23.1std/nios2eds/bin/gnu/h-x86_64-mingw32/bin/../lib/gcc/nios2-elf/12.3.1/../../../../../H-x86_64-mingw32/nios2-elf/lib/mno-hw-mul\libsmallc.a(libc_a-memset.o)
 .data          0x00028378        0x0 c:/intelfpga_lite/23.1std/nios2eds/bin/gnu/h-x86_64-mingw32/bin/../lib/gcc/nios2-elf/12.3.1/../../../../../H-x86_64-mingw32/nios2-elf/lib/mno-hw-mul\libsmallc.a(libc_a-strlen.o)
 .data          0x00028378        0x0 c:/intelfpga_lite/23.1std/nios2eds/bin/gnu/h-x86_64-mingw32/bin/../lib/gcc/nios2-elf/12.3.1/../../../../../H-x86_64-mingw32/nios2-elf/lib/mno-hw-mul\libsmallc.a(libc_a-impure.o)
 .data._impure_data
                0x00028378       0x54 c:/intelfpga_lite/23.1std/nios2eds/bin/gnu/h-x86_64-mingw32/bin/../lib/gcc/nios2-elf/12.3.1/../../../../../H-x86_64-mingw32/nios2-elf/lib/mno-hw-mul\libsmallc.a(libc_a-impure.o)
                0x00028378                _impure_data
 .data          0x000283cc        0x0 c:/intelfpga_lite/23.1std/nios2eds/bin/gnu/h-x86_64-mingw32/bin/../lib/gcc/nios2-elf/12.3.1/../../../../../H-x86_64-mingw32/nios2-elf/lib/mno-hw-mul\libsmallc.a(libc_a-sbrkr.o)
 .data          0x000283cc        0x0 c:/intelfpga_lite/23.1std/nios2eds/bin/gnu/h-x86_64-mingw32/bin/../lib/gcc/nios2-elf/12.3.1/../../../../../H-x86_64-mingw32/nios2-elf/lib/mno-hw-mul\libsmallc.a(libc_a-freer.o)
 .data          0x000283cc        0x0 c:/intelfpga_lite/23.1std/nios2eds/bin/gnu/h-x86_64-mingw32/bin/../lib/gcc/nios2-elf/12.3.1/../../../../../H-x86_64-mingw32/nios2-elf/lib/mno-hw-mul\libsmallc.a(libc_a-fvwrite_small_dev.o)
 .data          0x000283cc        0x0 c:/intelfpga_lite/23.1std/nios2eds/bin/gnu/h-x86_64-mingw32/bin/../lib/gcc/nios2-elf/12.3.1/../../../../../H-x86_64-mingw32/nios2-elf/lib/mno-hw-mul\libsmallc.a(libc_a-int_errno.o)
 .data          0x000283cc        0x0 c:/intelfpga_lite/23.1std/nios2eds/bin/gnu/h-x86_64-mingw32/bin/../lib/gcc/nios2-elf/12.3.1/../../../../../H-x86_64-mingw32/nios2-elf/lib/mno-hw-mul\libsmallc.a(libc_a-writer.o)
 .data          0x000283cc        0x0 c:/Users/guan-ming.dennis-won/Documents/Code/SPI_4_Wire_Serial_Intel_FPGA_IP/software/NIOS_Project_Small_bsp/\libhal_bsp.a(alt_load.o)
 .data          0x000283cc        0x0 c:/Users/guan-ming.dennis-won/Documents/Code/SPI_4_Wire_Serial_Intel_FPGA_IP/software/NIOS_Project_Small_bsp/\libhal_bsp.a(alt_main.o)
 .data          0x000283cc        0x0 c:/Users/guan-ming.dennis-won/Documents/Code/SPI_4_Wire_Serial_Intel_FPGA_IP/software/NIOS_Project_Small_bsp/\libhal_bsp.a(alt_malloc_lock.o)
 .data          0x000283cc        0x0 c:/Users/guan-ming.dennis-won/Documents/Code/SPI_4_Wire_Serial_Intel_FPGA_IP/software/NIOS_Project_Small_bsp/\libhal_bsp.a(alt_sbrk.o)
 .data          0x000283cc        0x0 c:/Users/guan-ming.dennis-won/Documents/Code/SPI_4_Wire_Serial_Intel_FPGA_IP/software/NIOS_Project_Small_bsp/\libhal_bsp.a(alt_usleep.o)
 .data          0x000283cc        0x0 c:/Users/guan-ming.dennis-won/Documents/Code/SPI_4_Wire_Serial_Intel_FPGA_IP/software/NIOS_Project_Small_bsp/\libhal_bsp.a(alt_write.o)
 .data          0x000283cc        0x0 c:/Users/guan-ming.dennis-won/Documents/Code/SPI_4_Wire_Serial_Intel_FPGA_IP/software/NIOS_Project_Small_bsp/\libhal_bsp.a(alt_sys_init.o)
 .data          0x000283cc        0x0 c:/Users/guan-ming.dennis-won/Documents/Code/SPI_4_Wire_Serial_Intel_FPGA_IP/software/NIOS_Project_Small_bsp/\libhal_bsp.a(altera_avalon_jtag_uart_write.o)
 .data          0x000283cc        0x0 c:/Users/guan-ming.dennis-won/Documents/Code/SPI_4_Wire_Serial_Intel_FPGA_IP/software/NIOS_Project_Small_bsp/\libhal_bsp.a(altera_avalon_spi.o)
 .data          0x000283cc        0x0 c:/Users/guan-ming.dennis-won/Documents/Code/SPI_4_Wire_Serial_Intel_FPGA_IP/software/NIOS_Project_Small_bsp/\libhal_bsp.a(alt_busy_sleep.o)
 .data          0x000283cc        0x0 c:/Users/guan-ming.dennis-won/Documents/Code/SPI_4_Wire_Serial_Intel_FPGA_IP/software/NIOS_Project_Small_bsp/\libhal_bsp.a(alt_dcache_flush_all.o)
 .data          0x000283cc        0x0 c:/Users/guan-ming.dennis-won/Documents/Code/SPI_4_Wire_Serial_Intel_FPGA_IP/software/NIOS_Project_Small_bsp/\libhal_bsp.a(alt_errno.o)
 .data          0x000283cc        0x0 c:/Users/guan-ming.dennis-won/Documents/Code/SPI_4_Wire_Serial_Intel_FPGA_IP/software/NIOS_Project_Small_bsp/\libhal_bsp.a(alt_icache_flush_all.o)
 .data          0x000283cc        0x0 c:/Users/guan-ming.dennis-won/Documents/Code/SPI_4_Wire_Serial_Intel_FPGA_IP/software/NIOS_Project_Small_bsp/\libhal_bsp.a(altera_nios2_gen2_irq.o)
                0x000303cc                        _gp = ABSOLUTE ((. + 0x8000))
                [!provide]                        PROVIDE (gp = _gp)
 *(.rwdata .rwdata.*)
 *(.sdata .sdata.* .gnu.linkonce.s.*)
 .sdata         0x000283cc        0x1 obj/default/hello_world_small.o
 *fill*         0x000283cd        0x3 
 .sdata         0x000283d0       0x20 obj/default/imported_source/ViCAT_LSC.o
                0x000283d0                OUT_GENERIC0x7000
                0x000283d4                IN_GENERIC0x6000
                0x000283d8                sTxPDOassign
                0x000283dc                sRxPDOassign
                0x000283e0                IN_GENERICProcessDataMapping0x1A00
                0x000283e8                OUT_GENERICProcessDataMapping0x1600
 .sdata         0x000283f0       0x3c obj/default/imported_source/coeappl.o
                0x000283f0                sSyncmanagertype
                0x000283f6                sEntryDesc0x10F8
                0x000283fc                sEntryDesc0x100A
                0x00028404                acSoftwareversion
                0x0002840a                sEntryDesc0x1009
                0x00028410                acHardwareversion
                0x00028416                sEntryDesc0x1008
                0x0002841c                sEntryDesc0x1001
                0x00028422                sEntryDesc0x1000
                0x00028428                u32Devicetype
 .sdata._impure_ptr
                0x0002842c        0x4 c:/intelfpga_lite/23.1std/nios2eds/bin/gnu/h-x86_64-mingw32/bin/../lib/gcc/nios2-elf/12.3.1/../../../../../H-x86_64-mingw32/nios2-elf/lib/mno-hw-mul\libsmallc.a(libc_a-impure.o)
                0x0002842c                _impure_ptr
 .sdata         0x00028430        0x4 c:/Users/guan-ming.dennis-won/Documents/Code/SPI_4_Wire_Serial_Intel_FPGA_IP/software/NIOS_Project_Small_bsp/\libhal_bsp.a(alt_sbrk.o)
 .sdata         0x00028434        0x4 c:/Users/guan-ming.dennis-won/Documents/Code/SPI_4_Wire_Serial_Intel_FPGA_IP/software/NIOS_Project_Small_bsp/\libhal_bsp.a(alt_sys_init.o)
                0x00028434                DEBUG
 .sdata         0x00028438        0x4 c:/Users/guan-ming.dennis-won/Documents/Code/SPI_4_Wire_Serial_Intel_FPGA_IP/software/NIOS_Project_Small_bsp/\libhal_bsp.a(alt_errno.o)
                0x00028438                alt_errno
 *(.sdata2 .sdata2.* .gnu.linkonce.s2.*)
                0x0002843c                        . = ALIGN (0x4)
                0x0002843c                        _edata = ABSOLUTE (.)
                [!provide]                        PROVIDE (edata = ABSOLUTE (.))
                0x0002843c                        PROVIDE (__ram_rwdata_end = ABSOLUTE (.))
                0x0002843c                        PROVIDE (__flash_rwdata_start = LOADADDR (.rwdata))

.bss            0x0002889c      0x48c
                0x0002889c                        __bss_start = ABSOLUTE (.)
                [!provide]                        PROVIDE (__sbss_start = ABSOLUTE (.))
                [!provide]                        PROVIDE (___sbss_start = ABSOLUTE (.))
 *(.dynsbss)
 *(.sbss .sbss.* .gnu.linkonce.sb.*)
 .sbss          0x0002889c        0x4 obj/default/imported_source/ViCAT_LSC.o
 .sbss          0x000288a0        0x4 obj/default/imported_source/ax58100_hw.o
                0x000288a0                bootSwitchID
                0x000288a2                EscALEvent
 .sbss          0x000288a4       0x18 obj/default/imported_source/coeappl.o
                0x000288a4                ObjDicList
                0x000288a8                u16ErrorRegister
                0x000288ac                u32CheckForDcOverrunCnt
                0x000288b0                u32LastDc32Value
                0x000288b4                u64Timestamp
 .sbss          0x000288bc       0x3c obj/default/imported_source/ecatappl.o
                0x000288bc                bInitFinished
                0x000288c0                u32MinCycleTimeValue
                0x000288c4                bMinCycleTimeMeasurementStarted
                0x000288c8                u32SystemTimeReadFailure
                0x000288cc                u32MinCycleTimeStartValue
                0x000288d0                u32CycleTimeStartValue
                0x000288d4                pAPPL_MainLoop
                0x000288d8                pAPPL_CoeWriteInd
                0x000288dc                pAPPL_CoeReadInd
                0x000288e0                pAPPL_FoeWriteData
                0x000288e4                pAPPL_FoeWrite
                0x000288e8                pAPPL_FoeError
                0x000288ec                pAPPL_FoeReadData
                0x000288f0                pAPPL_FoeRead
                0x000288f4                bRunApplication
                0x000288f5                bEtherCATErrorLed
                0x000288f6                bEtherCATRunLed
                0x000288f7                bEcatWaitForInputUpdate
 .sbss          0x000288f8        0x4 obj/default/imported_source/ecatcoe.o
                0x000288f8                pCoeSendStored
 .sbss          0x000288fc       0x18 obj/default/imported_source/ecatfoe.o
                0x000288fc                u16FoeMaxSendBlockSize
                0x00028900                pFoeSendStored
                0x00028904                u16FileAccessState
                0x00028908                u32LastFileOffset
                0x0002890c                u32FileOffset
                0x00028910                u32PacketNo
 .sbss          0x00028914       0x4c obj/default/imported_source/ecatslv.o
                0x00028914                EepromLoaded
                0x00028916                SyncManInfo
                0x0002891e                SMActivate
                0x0002891f                u8dummy
                0x00028920                u16IdValue
                0x00028922                u16ALEventMask
                0x00028924                nEscAddrInputData
                0x00028926                nEscAddrOutputData
                0x00028928                EcatWdValue
                0x0002892a                bExplicitDevIdRequested
                0x0002892b                nAlStatus
                0x0002892c                nMaxEscAddress
                0x0002892e                nMaxSyncMan
                0x00028930                nPdOutputSize
                0x00028932                nPdInputSize
                0x00028934                nEcatStateTrans
                0x00028936                bEcatWaitForAlControlRes
                0x00028937                bApplEsmPending
                0x00028938                u8LocalErrorState
                0x0002893a                u16LocalErrorCode
                0x0002893c                b3BufferMode
                0x0002893d                bEscIntEnabled
                0x0002893e                b32BitDc
                0x00028940                LatchInputSync0Counter
                0x00028942                LatchInputSync0Value
                0x00028944                Sync1WdValue
                0x00028946                Sync1WdCounter
                0x00028948                Sync0WdValue
                0x0002894a                Sync0WdCounter
                0x0002894c                i16WaitForPllRunningCnt
                0x0002894e                i16WaitForPllRunningTimeout
                0x00028950                bSmSyncSequenceValid
                0x00028952                u16SmSync0Value
                0x00028954                u16SmSync0Counter
                0x00028956                bDcRunning
                0x00028958                EsmTimeoutCounter
                0x0002895a                bDcSyncActive
                0x0002895b                bWdTrigger
                0x0002895c                bEcatFirstOutputsReceived
                0x0002895d                bEcatInputUpdateRunning
                0x0002895e                bEcatOutputUpdateRunning
                0x0002895f                bBootMode
 .sbss          0x00028960       0x24 obj/default/imported_source/mailbox.o
                0x00028960                bNoMbxMemoryAvailable
                0x00028964                psStoreMbx
                0x00028968                psRepeatMbx
                0x0002896c                psReadMbx
                0x00028970                psWriteMbx
                0x00028974                u8MailboxSendReqStored
                0x00028975                u8MbxReadCounter
                0x00028976                u8MbxWriteCounter
                0x00028978                u16EscAddrSendMbx
                0x0002897a                u16EscAddrReceiveMbx
                0x0002897c                u16ReceiveMbxSize
                0x0002897e                u16SendMbxSize
                0x00028980                bMbxRepeatToggle
                0x00028981                bMbxRunning
                0x00028982                bSendMbxIsFull
                0x00028983                bReceiveMbxIsLocked
 .sbss          0x00028984        0x3 obj/default/imported_source/objdef.o
                0x00028984                sCycleDiag
                0x00028986                bSyncSetByUser
 *fill*         0x00028987        0x1 
 .sbss          0x00028988       0x39 obj/default/imported_source/sdoserv.o
                0x00028988                pSdoSegObjEntry
                0x0002898c                nSdoSegCompleteSize
                0x00028990                bSdoSegLastToggle
                0x00028994                nSdoSegBytesToHandle
                0x00028998                nSdoSegSubindex
                0x0002899a                nSdoSegIndex
                0x0002899c                bSdoSegAccess
                0x0002899d                bSdoSegFollows
                0x0002899e                nSdoSegService
                0x0002899f                bSdoInWork
                0x000289a0                pSdoResStored
                0x000289a4                pSdoInfoObjEntry
                0x000289a8                nSdoInfoIndex
                0x000289aa                nSdoInfoFragmentsLeft
                0x000289ac                pSdoSegData
                0x000289b0                pSdoPendFunc
                0x000289b4                pStoreData
                0x000289b8                u32StoreDataSize
                0x000289bc                u16StoreIndex
                0x000289be                u8StoreSubindex
                0x000289bf                bStoreCompleteAccess
                0x000289c0                u8PendingSdo
 *fill*         0x000289c1        0x3 
 .sbss.__malloc_sbrk_start
                0x000289c4        0x4 c:/intelfpga_lite/23.1std/nios2eds/bin/gnu/h-x86_64-mingw32/bin/../lib/gcc/nios2-elf/12.3.1/../../../../../H-x86_64-mingw32/nios2-elf/lib/mno-hw-mul\libsmallc.a(libc_a-mallocr.o)
                0x000289c4                __malloc_sbrk_start
 .sbss.__malloc_free_list
                0x000289c8        0x4 c:/intelfpga_lite/23.1std/nios2eds/bin/gnu/h-x86_64-mingw32/bin/../lib/gcc/nios2-elf/12.3.1/../../../../../H-x86_64-mingw32/nios2-elf/lib/mno-hw-mul\libsmallc.a(libc_a-mallocr.o)
                0x000289c8                __malloc_free_list
 .sbss.errno    0x000289cc        0x4 c:/intelfpga_lite/23.1std/nios2eds/bin/gnu/h-x86_64-mingw32/bin/../lib/gcc/nios2-elf/12.3.1/../../../../../H-x86_64-mingw32/nios2-elf/lib/mno-hw-mul\libsmallc.a(libc_a-int_errno.o)
                0x000289cc                errno
 .sbss          0x000289d0        0xc c:/Users/guan-ming.dennis-won/Documents/Code/SPI_4_Wire_Serial_Intel_FPGA_IP/software/NIOS_Project_Small_bsp/\libhal_bsp.a(alt_main.o)
                0x000289d0                alt_envp
                0x000289d4                alt_argv
                0x000289d8                alt_argc
 *(.sbss2 .sbss2.* .gnu.linkonce.sb2.*)
 *(.scommon)
                [!provide]                        PROVIDE (__sbss_end = ABSOLUTE (.))
                [!provide]                        PROVIDE (___sbss_end = ABSOLUTE (.))
 *(.dynbss)
 *(.bss .bss.* .gnu.linkonce.b.*)
 .bss           0x000289dc        0x0 c:/Users/guan-ming.dennis-won/Documents/Code/SPI_4_Wire_Serial_Intel_FPGA_IP/software/NIOS_Project_Small_bsp//obj/HAL/src/crt0.o
 .bss           0x000289dc        0x0 obj/default/hello_world_small.o
 .bss           0x000289dc        0x0 obj/default/imported_source/ViCAT_LSC.o
 .bss           0x000289dc       0x18 obj/default/imported_source/ax58100_hw.o
                0x000289dc                spiRxBuf
                0x000289e8                spiTxBuf
 .bss           0x000289f4        0x0 obj/default/imported_source/bootmode.o
 .bss           0x000289f4        0x0 obj/default/imported_source/coeappl.o
 .bss           0x000289f4      0x234 obj/default/imported_source/ecatappl.o
                0x000289f4                aPdInputData
                0x00028c18                aPdOutputData
 .bss           0x00028c28        0x0 obj/default/imported_source/ecatcoe.o
 .bss           0x00028c28        0x0 obj/default/imported_source/ecatfoe.o
 .bss           0x00028c28        0x0 obj/default/imported_source/ecatslv.o
 .bss           0x00028c28        0x0 obj/default/imported_source/foeappl.o
 .bss           0x00028c28       0x68 obj/default/imported_source/mailbox.o
                0x00028c28                sMbxReceiveQueue
                0x00028c5c                sMbxSendQueue
 .bss           0x00028c90       0x88 obj/default/imported_source/objdef.o
                0x00028c90                sSyncManInPar
                0x00028cd4                sSyncManOutPar
 .bss           0x00028d18       0x10 obj/default/imported_source/sdoserv.o
                0x00028d18                aSdoInfoHeader
 .bss           0x00028d28        0x0 obj/default/peripheral/peripheral_linker.o
 .bss           0x00028d28        0x0 c:/intelfpga_lite/23.1std/nios2eds/bin/gnu/h-x86_64-mingw32/bin/../lib/gcc/nios2-elf/12.3.1/mno-hw-mul\libgcc.a(lib2-divmod.o)
 .bss           0x00028d28        0x0 c:/intelfpga_lite/23.1std/nios2eds/bin/gnu/h-x86_64-mingw32/bin/../lib/gcc/nios2-elf/12.3.1/mno-hw-mul\libgcc.a(lib2-mul.o)
 .bss           0x00028d28        0x0 c:/intelfpga_lite/23.1std/nios2eds/bin/gnu/h-x86_64-mingw32/bin/../lib/gcc/nios2-elf/12.3.1/../../../../../H-x86_64-mingw32/nios2-elf/lib/mno-hw-mul\libsmallc.a(libc_a-malloc.o)
 .bss           0x00028d28        0x0 c:/intelfpga_lite/23.1std/nios2eds/bin/gnu/h-x86_64-mingw32/bin/../lib/gcc/nios2-elf/12.3.1/../../../../../H-x86_64-mingw32/nios2-elf/lib/mno-hw-mul\libsmallc.a(libc_a-mallocr.o)
 .bss           0x00028d28        0x0 c:/intelfpga_lite/23.1std/nios2eds/bin/gnu/h-x86_64-mingw32/bin/../lib/gcc/nios2-elf/12.3.1/../../../../../H-x86_64-mingw32/nios2-elf/lib/mno-hw-mul\libsmallc.a(libc_a-puts.o)
 .bss           0x00028d28        0x0 c:/intelfpga_lite/23.1std/nios2eds/bin/gnu/h-x86_64-mingw32/bin/../lib/gcc/nios2-elf/12.3.1/../../../../../H-x86_64-mingw32/nios2-elf/lib/mno-hw-mul\libsmallc.a(libc_a-memcpy.o)
 .bss           0x00028d28        0x0 c:/intelfpga_lite/23.1std/nios2eds/bin/gnu/h-x86_64-mingw32/bin/../lib/gcc/nios2-elf/12.3.1/../../../../../H-x86_64-mingw32/nios2-elf/lib/mno-hw-mul\libsmallc.a(libc_a-memset.o)
 .bss           0x00028d28        0x0 c:/intelfpga_lite/23.1std/nios2eds/bin/gnu/h-x86_64-mingw32/bin/../lib/gcc/nios2-elf/12.3.1/../../../../../H-x86_64-mingw32/nios2-elf/lib/mno-hw-mul\libsmallc.a(libc_a-strlen.o)
 .bss           0x00028d28        0x0 c:/intelfpga_lite/23.1std/nios2eds/bin/gnu/h-x86_64-mingw32/bin/../lib/gcc/nios2-elf/12.3.1/../../../../../H-x86_64-mingw32/nios2-elf/lib/mno-hw-mul\libsmallc.a(libc_a-impure.o)
 .bss           0x00028d28        0x0 c:/intelfpga_lite/23.1std/nios2eds/bin/gnu/h-x86_64-mingw32/bin/../lib/gcc/nios2-elf/12.3.1/../../../../../H-x86_64-mingw32/nios2-elf/lib/mno-hw-mul\libsmallc.a(libc_a-sbrkr.o)
 .bss           0x00028d28        0x0 c:/intelfpga_lite/23.1std/nios2eds/bin/gnu/h-x86_64-mingw32/bin/../lib/gcc/nios2-elf/12.3.1/../../../../../H-x86_64-mingw32/nios2-elf/lib/mno-hw-mul\libsmallc.a(libc_a-freer.o)
 .bss           0x00028d28        0x0 c:/intelfpga_lite/23.1std/nios2eds/bin/gnu/h-x86_64-mingw32/bin/../lib/gcc/nios2-elf/12.3.1/../../../../../H-x86_64-mingw32/nios2-elf/lib/mno-hw-mul\libsmallc.a(libc_a-fvwrite_small_dev.o)
 .bss           0x00028d28        0x0 c:/intelfpga_lite/23.1std/nios2eds/bin/gnu/h-x86_64-mingw32/bin/../lib/gcc/nios2-elf/12.3.1/../../../../../H-x86_64-mingw32/nios2-elf/lib/mno-hw-mul\libsmallc.a(libc_a-int_errno.o)
 .bss           0x00028d28        0x0 c:/intelfpga_lite/23.1std/nios2eds/bin/gnu/h-x86_64-mingw32/bin/../lib/gcc/nios2-elf/12.3.1/../../../../../H-x86_64-mingw32/nios2-elf/lib/mno-hw-mul\libsmallc.a(libc_a-writer.o)
 .bss           0x00028d28        0x0 c:/Users/guan-ming.dennis-won/Documents/Code/SPI_4_Wire_Serial_Intel_FPGA_IP/software/NIOS_Project_Small_bsp/\libhal_bsp.a(alt_load.o)
 .bss           0x00028d28        0x0 c:/Users/guan-ming.dennis-won/Documents/Code/SPI_4_Wire_Serial_Intel_FPGA_IP/software/NIOS_Project_Small_bsp/\libhal_bsp.a(alt_main.o)
 .bss           0x00028d28        0x0 c:/Users/guan-ming.dennis-won/Documents/Code/SPI_4_Wire_Serial_Intel_FPGA_IP/software/NIOS_Project_Small_bsp/\libhal_bsp.a(alt_malloc_lock.o)
 .bss           0x00028d28        0x0 c:/Users/guan-ming.dennis-won/Documents/Code/SPI_4_Wire_Serial_Intel_FPGA_IP/software/NIOS_Project_Small_bsp/\libhal_bsp.a(alt_sbrk.o)
 .bss           0x00028d28        0x0 c:/Users/guan-ming.dennis-won/Documents/Code/SPI_4_Wire_Serial_Intel_FPGA_IP/software/NIOS_Project_Small_bsp/\libhal_bsp.a(alt_usleep.o)
 .bss           0x00028d28        0x0 c:/Users/guan-ming.dennis-won/Documents/Code/SPI_4_Wire_Serial_Intel_FPGA_IP/software/NIOS_Project_Small_bsp/\libhal_bsp.a(alt_write.o)
 .bss           0x00028d28        0x0 c:/Users/guan-ming.dennis-won/Documents/Code/SPI_4_Wire_Serial_Intel_FPGA_IP/software/NIOS_Project_Small_bsp/\libhal_bsp.a(alt_sys_init.o)
 .bss           0x00028d28        0x0 c:/Users/guan-ming.dennis-won/Documents/Code/SPI_4_Wire_Serial_Intel_FPGA_IP/software/NIOS_Project_Small_bsp/\libhal_bsp.a(altera_avalon_jtag_uart_write.o)
 .bss           0x00028d28        0x0 c:/Users/guan-ming.dennis-won/Documents/Code/SPI_4_Wire_Serial_Intel_FPGA_IP/software/NIOS_Project_Small_bsp/\libhal_bsp.a(altera_avalon_spi.o)
 .bss           0x00028d28        0x0 c:/Users/guan-ming.dennis-won/Documents/Code/SPI_4_Wire_Serial_Intel_FPGA_IP/software/NIOS_Project_Small_bsp/\libhal_bsp.a(alt_busy_sleep.o)
 .bss           0x00028d28        0x0 c:/Users/guan-ming.dennis-won/Documents/Code/SPI_4_Wire_Serial_Intel_FPGA_IP/software/NIOS_Project_Small_bsp/\libhal_bsp.a(alt_dcache_flush_all.o)
 .bss           0x00028d28        0x0 c:/Users/guan-ming.dennis-won/Documents/Code/SPI_4_Wire_Serial_Intel_FPGA_IP/software/NIOS_Project_Small_bsp/\libhal_bsp.a(alt_errno.o)
 .bss           0x00028d28        0x0 c:/Users/guan-ming.dennis-won/Documents/Code/SPI_4_Wire_Serial_Intel_FPGA_IP/software/NIOS_Project_Small_bsp/\libhal_bsp.a(alt_icache_flush_all.o)
 .bss           0x00028d28        0x0 c:/Users/guan-ming.dennis-won/Documents/Code/SPI_4_Wire_Serial_Intel_FPGA_IP/software/NIOS_Project_Small_bsp/\libhal_bsp.a(altera_nios2_gen2_irq.o)
 *(COMMON)
                0x00028d28                        . = ALIGN (0x4)
                0x00028d28                        __bss_end = ABSOLUTE (.)

.RAM            0x00028d28        0x0
                [!provide]                        PROVIDE (_alt_partition_RAM_start = ABSOLUTE (.))
 *(.RAM .RAM. RAM.*)
                0x00028d28                        . = ALIGN (0x4)
                [!provide]                        PROVIDE (_alt_partition_RAM_end = ABSOLUTE (.))
                0x00028d28                        _end = ABSOLUTE (.)
                0x00028d28                        end = ABSOLUTE (.)
                0x00028d28                        __alt_stack_base = ABSOLUTE (.)
                [!provide]                        PROVIDE (_alt_partition_RAM_load_addr = LOADADDR (.RAM))

.stab
 *(.stab)

.stabstr
 *(.stabstr)

.stab.excl
 *(.stab.excl)

.stab.exclstr
 *(.stab.exclstr)

.stab.index
 *(.stab.index)

.stab.indexstr
 *(.stab.indexstr)

.comment        0x00000000       0x2d
 *(.comment)
 .comment       0x00000000       0x2d obj/default/hello_world_small.o
                                 0x2e (size before relaxing)
 .comment       0x0000002d       0x2e obj/default/imported_source/ViCAT_LSC.o
 .comment       0x0000002d       0x2e obj/default/imported_source/ax58100_hw.o
 .comment       0x0000002d       0x2e obj/default/imported_source/bootmode.o
 .comment       0x0000002d       0x2e obj/default/imported_source/coeappl.o
 .comment       0x0000002d       0x2e obj/default/imported_source/ecatappl.o
 .comment       0x0000002d       0x2e obj/default/imported_source/ecatcoe.o
 .comment       0x0000002d       0x2e obj/default/imported_source/ecatfoe.o
 .comment       0x0000002d       0x2e obj/default/imported_source/ecatslv.o
 .comment       0x0000002d       0x2e obj/default/imported_source/foeappl.o
 .comment       0x0000002d       0x2e obj/default/imported_source/mailbox.o
 .comment       0x0000002d       0x2e obj/default/imported_source/objdef.o
 .comment       0x0000002d       0x2e obj/default/imported_source/sdoserv.o
 .comment       0x0000002d       0x2e obj/default/peripheral/peripheral_linker.o
 .comment       0x0000002d       0x2e c:/intelfpga_lite/23.1std/nios2eds/bin/gnu/h-x86_64-mingw32/bin/../lib/gcc/nios2-elf/12.3.1/mno-hw-mul\libgcc.a(lib2-divmod.o)
 .comment       0x0000002d       0x2e c:/intelfpga_lite/23.1std/nios2eds/bin/gnu/h-x86_64-mingw32/bin/../lib/gcc/nios2-elf/12.3.1/mno-hw-mul\libgcc.a(lib2-mul.o)
 .comment       0x0000002d       0x2e c:/intelfpga_lite/23.1std/nios2eds/bin/gnu/h-x86_64-mingw32/bin/../lib/gcc/nios2-elf/12.3.1/../../../../../H-x86_64-mingw32/nios2-elf/lib/mno-hw-mul\libsmallc.a(libc_a-malloc.o)
 .comment       0x0000002d       0x2e c:/intelfpga_lite/23.1std/nios2eds/bin/gnu/h-x86_64-mingw32/bin/../lib/gcc/nios2-elf/12.3.1/../../../../../H-x86_64-mingw32/nios2-elf/lib/mno-hw-mul\libsmallc.a(libc_a-mallocr.o)
 .comment       0x0000002d       0x2e c:/intelfpga_lite/23.1std/nios2eds/bin/gnu/h-x86_64-mingw32/bin/../lib/gcc/nios2-elf/12.3.1/../../../../../H-x86_64-mingw32/nios2-elf/lib/mno-hw-mul\libsmallc.a(libc_a-puts.o)
 .comment       0x0000002d       0x2e c:/intelfpga_lite/23.1std/nios2eds/bin/gnu/h-x86_64-mingw32/bin/../lib/gcc/nios2-elf/12.3.1/../../../../../H-x86_64-mingw32/nios2-elf/lib/mno-hw-mul\libsmallc.a(libc_a-memcpy.o)
 .comment       0x0000002d       0x2e c:/intelfpga_lite/23.1std/nios2eds/bin/gnu/h-x86_64-mingw32/bin/../lib/gcc/nios2-elf/12.3.1/../../../../../H-x86_64-mingw32/nios2-elf/lib/mno-hw-mul\libsmallc.a(libc_a-memset.o)
 .comment       0x0000002d       0x2e c:/intelfpga_lite/23.1std/nios2eds/bin/gnu/h-x86_64-mingw32/bin/../lib/gcc/nios2-elf/12.3.1/../../../../../H-x86_64-mingw32/nios2-elf/lib/mno-hw-mul\libsmallc.a(libc_a-strlen.o)
 .comment       0x0000002d       0x2e c:/intelfpga_lite/23.1std/nios2eds/bin/gnu/h-x86_64-mingw32/bin/../lib/gcc/nios2-elf/12.3.1/../../../../../H-x86_64-mingw32/nios2-elf/lib/mno-hw-mul\libsmallc.a(libc_a-impure.o)
 .comment       0x0000002d       0x2e c:/intelfpga_lite/23.1std/nios2eds/bin/gnu/h-x86_64-mingw32/bin/../lib/gcc/nios2-elf/12.3.1/../../../../../H-x86_64-mingw32/nios2-elf/lib/mno-hw-mul\libsmallc.a(libc_a-sbrkr.o)
 .comment       0x0000002d       0x2e c:/intelfpga_lite/23.1std/nios2eds/bin/gnu/h-x86_64-mingw32/bin/../lib/gcc/nios2-elf/12.3.1/../../../../../H-x86_64-mingw32/nios2-elf/lib/mno-hw-mul\libsmallc.a(libc_a-freer.o)
 .comment       0x0000002d       0x2e c:/intelfpga_lite/23.1std/nios2eds/bin/gnu/h-x86_64-mingw32/bin/../lib/gcc/nios2-elf/12.3.1/../../../../../H-x86_64-mingw32/nios2-elf/lib/mno-hw-mul\libsmallc.a(libc_a-fvwrite_small_dev.o)
 .comment       0x0000002d       0x2e c:/intelfpga_lite/23.1std/nios2eds/bin/gnu/h-x86_64-mingw32/bin/../lib/gcc/nios2-elf/12.3.1/../../../../../H-x86_64-mingw32/nios2-elf/lib/mno-hw-mul\libsmallc.a(libc_a-int_errno.o)
 .comment       0x0000002d       0x2e c:/intelfpga_lite/23.1std/nios2eds/bin/gnu/h-x86_64-mingw32/bin/../lib/gcc/nios2-elf/12.3.1/../../../../../H-x86_64-mingw32/nios2-elf/lib/mno-hw-mul\libsmallc.a(libc_a-writer.o)
 .comment       0x0000002d       0x2e c:/Users/guan-ming.dennis-won/Documents/Code/SPI_4_Wire_Serial_Intel_FPGA_IP/software/NIOS_Project_Small_bsp/\libhal_bsp.a(alt_load.o)
 .comment       0x0000002d       0x2e c:/Users/guan-ming.dennis-won/Documents/Code/SPI_4_Wire_Serial_Intel_FPGA_IP/software/NIOS_Project_Small_bsp/\libhal_bsp.a(alt_main.o)
 .comment       0x0000002d       0x2e c:/Users/guan-ming.dennis-won/Documents/Code/SPI_4_Wire_Serial_Intel_FPGA_IP/software/NIOS_Project_Small_bsp/\libhal_bsp.a(alt_malloc_lock.o)
 .comment       0x0000002d       0x2e c:/Users/guan-ming.dennis-won/Documents/Code/SPI_4_Wire_Serial_Intel_FPGA_IP/software/NIOS_Project_Small_bsp/\libhal_bsp.a(alt_sbrk.o)
 .comment       0x0000002d       0x2e c:/Users/guan-ming.dennis-won/Documents/Code/SPI_4_Wire_Serial_Intel_FPGA_IP/software/NIOS_Project_Small_bsp/\libhal_bsp.a(alt_usleep.o)
 .comment       0x0000002d       0x2e c:/Users/guan-ming.dennis-won/Documents/Code/SPI_4_Wire_Serial_Intel_FPGA_IP/software/NIOS_Project_Small_bsp/\libhal_bsp.a(alt_write.o)
 .comment       0x0000002d       0x2e c:/Users/guan-ming.dennis-won/Documents/Code/SPI_4_Wire_Serial_Intel_FPGA_IP/software/NIOS_Project_Small_bsp/\libhal_bsp.a(alt_sys_init.o)
 .comment       0x0000002d       0x2e c:/Users/guan-ming.dennis-won/Documents/Code/SPI_4_Wire_Serial_Intel_FPGA_IP/software/NIOS_Project_Small_bsp/\libhal_bsp.a(altera_avalon_jtag_uart_write.o)
 .comment       0x0000002d       0x2e c:/Users/guan-ming.dennis-won/Documents/Code/SPI_4_Wire_Serial_Intel_FPGA_IP/software/NIOS_Project_Small_bsp/\libhal_bsp.a(altera_avalon_spi.o)
 .comment       0x0000002d       0x2e c:/Users/guan-ming.dennis-won/Documents/Code/SPI_4_Wire_Serial_Intel_FPGA_IP/software/NIOS_Project_Small_bsp/\libhal_bsp.a(alt_busy_sleep.o)
 .comment       0x0000002d       0x2e c:/Users/guan-ming.dennis-won/Documents/Code/SPI_4_Wire_Serial_Intel_FPGA_IP/software/NIOS_Project_Small_bsp/\libhal_bsp.a(alt_dcache_flush_all.o)
 .comment       0x0000002d       0x2e c:/Users/guan-ming.dennis-won/Documents/Code/SPI_4_Wire_Serial_Intel_FPGA_IP/software/NIOS_Project_Small_bsp/\libhal_bsp.a(alt_errno.o)
 .comment       0x0000002d       0x2e c:/Users/guan-ming.dennis-won/Documents/Code/SPI_4_Wire_Serial_Intel_FPGA_IP/software/NIOS_Project_Small_bsp/\libhal_bsp.a(alt_icache_flush_all.o)
 .comment       0x0000002d       0x2e c:/Users/guan-ming.dennis-won/Documents/Code/SPI_4_Wire_Serial_Intel_FPGA_IP/software/NIOS_Project_Small_bsp/\libhal_bsp.a(altera_nios2_gen2_irq.o)

.debug
 *(.debug)

.line
 *(.line)

.debug_srcinfo
 *(.debug_srcinfo)

.debug_sfnames
 *(.debug_sfnames)

.debug_aranges  0x00000000      0x568
 *(.debug_aranges)
 .debug_aranges
                0x00000000       0x28 c:/Users/guan-ming.dennis-won/Documents/Code/SPI_4_Wire_Serial_Intel_FPGA_IP/software/NIOS_Project_Small_bsp//obj/HAL/src/crt0.o
 .debug_aranges
                0x00000028       0x20 obj/default/hello_world_small.o
 .debug_aranges
                0x00000048       0x20 obj/default/imported_source/ViCAT_LSC.o
 .debug_aranges
                0x00000068       0x20 obj/default/imported_source/ax58100_hw.o
 .debug_aranges
                0x00000088       0x20 obj/default/imported_source/bootmode.o
 .debug_aranges
                0x000000a8       0x20 obj/default/imported_source/coeappl.o
 .debug_aranges
                0x000000c8       0x20 obj/default/imported_source/ecatappl.o
 .debug_aranges
                0x000000e8       0x20 obj/default/imported_source/ecatcoe.o
 .debug_aranges
                0x00000108       0x20 obj/default/imported_source/ecatfoe.o
 .debug_aranges
                0x00000128       0x20 obj/default/imported_source/ecatslv.o
 .debug_aranges
                0x00000148       0x20 obj/default/imported_source/foeappl.o
 .debug_aranges
                0x00000168       0x20 obj/default/imported_source/mailbox.o
 .debug_aranges
                0x00000188       0x20 obj/default/imported_source/objdef.o
 .debug_aranges
                0x000001a8       0x20 obj/default/imported_source/sdoserv.o
 .debug_aranges
                0x000001c8       0x20 obj/default/peripheral/peripheral_linker.o
 .debug_aranges
                0x000001e8       0x20 c:/intelfpga_lite/23.1std/nios2eds/bin/gnu/h-x86_64-mingw32/bin/../lib/gcc/nios2-elf/12.3.1/mno-hw-mul\libgcc.a(lib2-divmod.o)
 .debug_aranges
                0x00000208       0x20 c:/intelfpga_lite/23.1std/nios2eds/bin/gnu/h-x86_64-mingw32/bin/../lib/gcc/nios2-elf/12.3.1/mno-hw-mul\libgcc.a(lib2-mul.o)
 .debug_aranges
                0x00000228       0x28 c:/intelfpga_lite/23.1std/nios2eds/bin/gnu/h-x86_64-mingw32/bin/../lib/gcc/nios2-elf/12.3.1/../../../../../H-x86_64-mingw32/nios2-elf/lib/mno-hw-mul\libsmallc.a(libc_a-malloc.o)
 .debug_aranges
                0x00000250       0x28 c:/intelfpga_lite/23.1std/nios2eds/bin/gnu/h-x86_64-mingw32/bin/../lib/gcc/nios2-elf/12.3.1/../../../../../H-x86_64-mingw32/nios2-elf/lib/mno-hw-mul\libsmallc.a(libc_a-mallocr.o)
 .debug_aranges
                0x00000278       0x28 c:/intelfpga_lite/23.1std/nios2eds/bin/gnu/h-x86_64-mingw32/bin/../lib/gcc/nios2-elf/12.3.1/../../../../../H-x86_64-mingw32/nios2-elf/lib/mno-hw-mul\libsmallc.a(libc_a-puts.o)
 .debug_aranges
                0x000002a0       0x20 c:/intelfpga_lite/23.1std/nios2eds/bin/gnu/h-x86_64-mingw32/bin/../lib/gcc/nios2-elf/12.3.1/../../../../../H-x86_64-mingw32/nios2-elf/lib/mno-hw-mul\libsmallc.a(libc_a-memcpy.o)
 .debug_aranges
                0x000002c0       0x20 c:/intelfpga_lite/23.1std/nios2eds/bin/gnu/h-x86_64-mingw32/bin/../lib/gcc/nios2-elf/12.3.1/../../../../../H-x86_64-mingw32/nios2-elf/lib/mno-hw-mul\libsmallc.a(libc_a-memset.o)
 .debug_aranges
                0x000002e0       0x20 c:/intelfpga_lite/23.1std/nios2eds/bin/gnu/h-x86_64-mingw32/bin/../lib/gcc/nios2-elf/12.3.1/../../../../../H-x86_64-mingw32/nios2-elf/lib/mno-hw-mul\libsmallc.a(libc_a-strlen.o)
 .debug_aranges
                0x00000300       0x18 c:/intelfpga_lite/23.1std/nios2eds/bin/gnu/h-x86_64-mingw32/bin/../lib/gcc/nios2-elf/12.3.1/../../../../../H-x86_64-mingw32/nios2-elf/lib/mno-hw-mul\libsmallc.a(libc_a-impure.o)
 .debug_aranges
                0x00000318       0x20 c:/intelfpga_lite/23.1std/nios2eds/bin/gnu/h-x86_64-mingw32/bin/../lib/gcc/nios2-elf/12.3.1/../../../../../H-x86_64-mingw32/nios2-elf/lib/mno-hw-mul\libsmallc.a(libc_a-sbrkr.o)
 .debug_aranges
                0x00000338       0x20 c:/intelfpga_lite/23.1std/nios2eds/bin/gnu/h-x86_64-mingw32/bin/../lib/gcc/nios2-elf/12.3.1/../../../../../H-x86_64-mingw32/nios2-elf/lib/mno-hw-mul\libsmallc.a(libc_a-freer.o)
 .debug_aranges
                0x00000358       0x20 c:/intelfpga_lite/23.1std/nios2eds/bin/gnu/h-x86_64-mingw32/bin/../lib/gcc/nios2-elf/12.3.1/../../../../../H-x86_64-mingw32/nios2-elf/lib/mno-hw-mul\libsmallc.a(libc_a-fvwrite_small_dev.o)
 .debug_aranges
                0x00000378       0x18 c:/intelfpga_lite/23.1std/nios2eds/bin/gnu/h-x86_64-mingw32/bin/../lib/gcc/nios2-elf/12.3.1/../../../../../H-x86_64-mingw32/nios2-elf/lib/mno-hw-mul\libsmallc.a(libc_a-int_errno.o)
 .debug_aranges
                0x00000390       0x20 c:/intelfpga_lite/23.1std/nios2eds/bin/gnu/h-x86_64-mingw32/bin/../lib/gcc/nios2-elf/12.3.1/../../../../../H-x86_64-mingw32/nios2-elf/lib/mno-hw-mul\libsmallc.a(libc_a-writer.o)
 .debug_aranges
                0x000003b0       0x20 c:/Users/guan-ming.dennis-won/Documents/Code/SPI_4_Wire_Serial_Intel_FPGA_IP/software/NIOS_Project_Small_bsp/\libhal_bsp.a(alt_load.o)
 .debug_aranges
                0x000003d0       0x20 c:/Users/guan-ming.dennis-won/Documents/Code/SPI_4_Wire_Serial_Intel_FPGA_IP/software/NIOS_Project_Small_bsp/\libhal_bsp.a(alt_main.o)
 .debug_aranges
                0x000003f0       0x20 c:/Users/guan-ming.dennis-won/Documents/Code/SPI_4_Wire_Serial_Intel_FPGA_IP/software/NIOS_Project_Small_bsp/\libhal_bsp.a(alt_malloc_lock.o)
 .debug_aranges
                0x00000410       0x20 c:/Users/guan-ming.dennis-won/Documents/Code/SPI_4_Wire_Serial_Intel_FPGA_IP/software/NIOS_Project_Small_bsp/\libhal_bsp.a(alt_sbrk.o)
 .debug_aranges
                0x00000430       0x20 c:/Users/guan-ming.dennis-won/Documents/Code/SPI_4_Wire_Serial_Intel_FPGA_IP/software/NIOS_Project_Small_bsp/\libhal_bsp.a(alt_usleep.o)
 .debug_aranges
                0x00000450       0x20 c:/Users/guan-ming.dennis-won/Documents/Code/SPI_4_Wire_Serial_Intel_FPGA_IP/software/NIOS_Project_Small_bsp/\libhal_bsp.a(alt_write.o)
 .debug_aranges
                0x00000470       0x20 c:/Users/guan-ming.dennis-won/Documents/Code/SPI_4_Wire_Serial_Intel_FPGA_IP/software/NIOS_Project_Small_bsp/\libhal_bsp.a(alt_sys_init.o)
 .debug_aranges
                0x00000490       0x20 c:/Users/guan-ming.dennis-won/Documents/Code/SPI_4_Wire_Serial_Intel_FPGA_IP/software/NIOS_Project_Small_bsp/\libhal_bsp.a(altera_avalon_jtag_uart_write.o)
 .debug_aranges
                0x000004b0       0x20 c:/Users/guan-ming.dennis-won/Documents/Code/SPI_4_Wire_Serial_Intel_FPGA_IP/software/NIOS_Project_Small_bsp/\libhal_bsp.a(altera_avalon_spi.o)
 .debug_aranges
                0x000004d0       0x20 c:/Users/guan-ming.dennis-won/Documents/Code/SPI_4_Wire_Serial_Intel_FPGA_IP/software/NIOS_Project_Small_bsp/\libhal_bsp.a(alt_busy_sleep.o)
 .debug_aranges
                0x000004f0       0x20 c:/Users/guan-ming.dennis-won/Documents/Code/SPI_4_Wire_Serial_Intel_FPGA_IP/software/NIOS_Project_Small_bsp/\libhal_bsp.a(alt_dcache_flush_all.o)
 .debug_aranges
                0x00000510       0x18 c:/Users/guan-ming.dennis-won/Documents/Code/SPI_4_Wire_Serial_Intel_FPGA_IP/software/NIOS_Project_Small_bsp/\libhal_bsp.a(alt_errno.o)
 .debug_aranges
                0x00000528       0x20 c:/Users/guan-ming.dennis-won/Documents/Code/SPI_4_Wire_Serial_Intel_FPGA_IP/software/NIOS_Project_Small_bsp/\libhal_bsp.a(alt_icache_flush_all.o)
 .debug_aranges
                0x00000548       0x20 c:/Users/guan-ming.dennis-won/Documents/Code/SPI_4_Wire_Serial_Intel_FPGA_IP/software/NIOS_Project_Small_bsp/\libhal_bsp.a(altera_nios2_gen2_irq.o)

.debug_pubnames
 *(.debug_pubnames)

.debug_info     0x00000000     0xe4b9
 *(.debug_info .gnu.linkonce.wi.*)
 .debug_info    0x00000000       0x3f c:/Users/guan-ming.dennis-won/Documents/Code/SPI_4_Wire_Serial_Intel_FPGA_IP/software/NIOS_Project_Small_bsp//obj/HAL/src/crt0.o
 .debug_info    0x0000003f      0x116 obj/default/hello_world_small.o
 .debug_info    0x00000155      0x7a2 obj/default/imported_source/ViCAT_LSC.o
 .debug_info    0x000008f7      0x9f8 obj/default/imported_source/ax58100_hw.o
 .debug_info    0x000012ef      0x10c obj/default/imported_source/bootmode.o
 .debug_info    0x000013fb     0x112b obj/default/imported_source/coeappl.o
 .debug_info    0x00002526      0xf00 obj/default/imported_source/ecatappl.o
 .debug_info    0x00003426      0x55b obj/default/imported_source/ecatcoe.o
 .debug_info    0x00003981      0x5ae obj/default/imported_source/ecatfoe.o
 .debug_info    0x00003f2f     0x17a8 obj/default/imported_source/ecatslv.o
 .debug_info    0x000056d7      0x3e8 obj/default/imported_source/foeappl.o
 .debug_info    0x00005abf      0xe4c obj/default/imported_source/mailbox.o
 .debug_info    0x0000690b     0x1181 obj/default/imported_source/objdef.o
 .debug_info    0x00007a8c     0x14b3 obj/default/imported_source/sdoserv.o
 .debug_info    0x00008f3f      0x86e obj/default/peripheral/peripheral_linker.o
 .debug_info    0x000097ad      0x347 c:/intelfpga_lite/23.1std/nios2eds/bin/gnu/h-x86_64-mingw32/bin/../lib/gcc/nios2-elf/12.3.1/mno-hw-mul\libgcc.a(lib2-divmod.o)
 .debug_info    0x00009af4       0xc4 c:/intelfpga_lite/23.1std/nios2eds/bin/gnu/h-x86_64-mingw32/bin/../lib/gcc/nios2-elf/12.3.1/mno-hw-mul\libgcc.a(lib2-mul.o)
 .debug_info    0x00009bb8      0x588 c:/intelfpga_lite/23.1std/nios2eds/bin/gnu/h-x86_64-mingw32/bin/../lib/gcc/nios2-elf/12.3.1/../../../../../H-x86_64-mingw32/nios2-elf/lib/mno-hw-mul\libsmallc.a(libc_a-malloc.o)
 .debug_info    0x0000a140      0x7bd c:/intelfpga_lite/23.1std/nios2eds/bin/gnu/h-x86_64-mingw32/bin/../lib/gcc/nios2-elf/12.3.1/../../../../../H-x86_64-mingw32/nios2-elf/lib/mno-hw-mul\libsmallc.a(libc_a-mallocr.o)
 .debug_info    0x0000a8fd      0x5ec c:/intelfpga_lite/23.1std/nios2eds/bin/gnu/h-x86_64-mingw32/bin/../lib/gcc/nios2-elf/12.3.1/../../../../../H-x86_64-mingw32/nios2-elf/lib/mno-hw-mul\libsmallc.a(libc_a-puts.o)
 .debug_info    0x0000aee9      0x121 c:/intelfpga_lite/23.1std/nios2eds/bin/gnu/h-x86_64-mingw32/bin/../lib/gcc/nios2-elf/12.3.1/../../../../../H-x86_64-mingw32/nios2-elf/lib/mno-hw-mul\libsmallc.a(libc_a-memcpy.o)
 .debug_info    0x0000b00a       0xe6 c:/intelfpga_lite/23.1std/nios2eds/bin/gnu/h-x86_64-mingw32/bin/../lib/gcc/nios2-elf/12.3.1/../../../../../H-x86_64-mingw32/nios2-elf/lib/mno-hw-mul\libsmallc.a(libc_a-memset.o)
 .debug_info    0x0000b0f0       0xd1 c:/intelfpga_lite/23.1std/nios2eds/bin/gnu/h-x86_64-mingw32/bin/../lib/gcc/nios2-elf/12.3.1/../../../../../H-x86_64-mingw32/nios2-elf/lib/mno-hw-mul\libsmallc.a(libc_a-strlen.o)
 .debug_info    0x0000b1c1      0x4eb c:/intelfpga_lite/23.1std/nios2eds/bin/gnu/h-x86_64-mingw32/bin/../lib/gcc/nios2-elf/12.3.1/../../../../../H-x86_64-mingw32/nios2-elf/lib/mno-hw-mul\libsmallc.a(libc_a-impure.o)
 .debug_info    0x0000b6ac      0x569 c:/intelfpga_lite/23.1std/nios2eds/bin/gnu/h-x86_64-mingw32/bin/../lib/gcc/nios2-elf/12.3.1/../../../../../H-x86_64-mingw32/nios2-elf/lib/mno-hw-mul\libsmallc.a(libc_a-sbrkr.o)
 .debug_info    0x0000bc15      0x638 c:/intelfpga_lite/23.1std/nios2eds/bin/gnu/h-x86_64-mingw32/bin/../lib/gcc/nios2-elf/12.3.1/../../../../../H-x86_64-mingw32/nios2-elf/lib/mno-hw-mul\libsmallc.a(libc_a-freer.o)
 .debug_info    0x0000c24d      0x5c4 c:/intelfpga_lite/23.1std/nios2eds/bin/gnu/h-x86_64-mingw32/bin/../lib/gcc/nios2-elf/12.3.1/../../../../../H-x86_64-mingw32/nios2-elf/lib/mno-hw-mul\libsmallc.a(libc_a-fvwrite_small_dev.o)
 .debug_info    0x0000c811       0x85 c:/intelfpga_lite/23.1std/nios2eds/bin/gnu/h-x86_64-mingw32/bin/../lib/gcc/nios2-elf/12.3.1/../../../../../H-x86_64-mingw32/nios2-elf/lib/mno-hw-mul\libsmallc.a(libc_a-int_errno.o)
 .debug_info    0x0000c896      0x5a4 c:/intelfpga_lite/23.1std/nios2eds/bin/gnu/h-x86_64-mingw32/bin/../lib/gcc/nios2-elf/12.3.1/../../../../../H-x86_64-mingw32/nios2-elf/lib/mno-hw-mul\libsmallc.a(libc_a-writer.o)
 .debug_info    0x0000ce3a      0x239 c:/Users/guan-ming.dennis-won/Documents/Code/SPI_4_Wire_Serial_Intel_FPGA_IP/software/NIOS_Project_Small_bsp/\libhal_bsp.a(alt_load.o)
 .debug_info    0x0000d073      0x13e c:/Users/guan-ming.dennis-won/Documents/Code/SPI_4_Wire_Serial_Intel_FPGA_IP/software/NIOS_Project_Small_bsp/\libhal_bsp.a(alt_main.o)
 .debug_info    0x0000d1b1      0x72d c:/Users/guan-ming.dennis-won/Documents/Code/SPI_4_Wire_Serial_Intel_FPGA_IP/software/NIOS_Project_Small_bsp/\libhal_bsp.a(alt_malloc_lock.o)
 .debug_info    0x0000d8de      0x1c2 c:/Users/guan-ming.dennis-won/Documents/Code/SPI_4_Wire_Serial_Intel_FPGA_IP/software/NIOS_Project_Small_bsp/\libhal_bsp.a(alt_sbrk.o)
 .debug_info    0x0000daa0       0xe4 c:/Users/guan-ming.dennis-won/Documents/Code/SPI_4_Wire_Serial_Intel_FPGA_IP/software/NIOS_Project_Small_bsp/\libhal_bsp.a(alt_usleep.o)
 .debug_info    0x0000db84      0x1a8 c:/Users/guan-ming.dennis-won/Documents/Code/SPI_4_Wire_Serial_Intel_FPGA_IP/software/NIOS_Project_Small_bsp/\libhal_bsp.a(alt_write.o)
 .debug_info    0x0000dd2c      0x127 c:/Users/guan-ming.dennis-won/Documents/Code/SPI_4_Wire_Serial_Intel_FPGA_IP/software/NIOS_Project_Small_bsp/\libhal_bsp.a(alt_sys_init.o)
 .debug_info    0x0000de53      0x149 c:/Users/guan-ming.dennis-won/Documents/Code/SPI_4_Wire_Serial_Intel_FPGA_IP/software/NIOS_Project_Small_bsp/\libhal_bsp.a(altera_avalon_jtag_uart_write.o)
 .debug_info    0x0000df9c      0x1c2 c:/Users/guan-ming.dennis-won/Documents/Code/SPI_4_Wire_Serial_Intel_FPGA_IP/software/NIOS_Project_Small_bsp/\libhal_bsp.a(altera_avalon_spi.o)
 .debug_info    0x0000e15e      0x10c c:/Users/guan-ming.dennis-won/Documents/Code/SPI_4_Wire_Serial_Intel_FPGA_IP/software/NIOS_Project_Small_bsp/\libhal_bsp.a(alt_busy_sleep.o)
 .debug_info    0x0000e26a       0x8d c:/Users/guan-ming.dennis-won/Documents/Code/SPI_4_Wire_Serial_Intel_FPGA_IP/software/NIOS_Project_Small_bsp/\libhal_bsp.a(alt_dcache_flush_all.o)
 .debug_info    0x0000e2f7       0xa8 c:/Users/guan-ming.dennis-won/Documents/Code/SPI_4_Wire_Serial_Intel_FPGA_IP/software/NIOS_Project_Small_bsp/\libhal_bsp.a(alt_errno.o)
 .debug_info    0x0000e39f       0x8d c:/Users/guan-ming.dennis-won/Documents/Code/SPI_4_Wire_Serial_Intel_FPGA_IP/software/NIOS_Project_Small_bsp/\libhal_bsp.a(alt_icache_flush_all.o)
 .debug_info    0x0000e42c       0x8d c:/Users/guan-ming.dennis-won/Documents/Code/SPI_4_Wire_Serial_Intel_FPGA_IP/software/NIOS_Project_Small_bsp/\libhal_bsp.a(altera_nios2_gen2_irq.o)

.debug_abbrev   0x00000000     0x411f
 *(.debug_abbrev)
 .debug_abbrev  0x00000000       0x1f c:/Users/guan-ming.dennis-won/Documents/Code/SPI_4_Wire_Serial_Intel_FPGA_IP/software/NIOS_Project_Small_bsp//obj/HAL/src/crt0.o
 .debug_abbrev  0x0000001f       0xc8 obj/default/hello_world_small.o
 .debug_abbrev  0x000000e7      0x31f obj/default/imported_source/ViCAT_LSC.o
 .debug_abbrev  0x00000406      0x331 obj/default/imported_source/ax58100_hw.o
 .debug_abbrev  0x00000737       0xaf obj/default/imported_source/bootmode.o
 .debug_abbrev  0x000007e6      0x354 obj/default/imported_source/coeappl.o
 .debug_abbrev  0x00000b3a      0x2dd obj/default/imported_source/ecatappl.o
 .debug_abbrev  0x00000e17      0x20c obj/default/imported_source/ecatcoe.o
 .debug_abbrev  0x00001023      0x22a obj/default/imported_source/ecatfoe.o
 .debug_abbrev  0x0000124d      0x39c obj/default/imported_source/ecatslv.o
 .debug_abbrev  0x000015e9      0x142 obj/default/imported_source/foeappl.o
 .debug_abbrev  0x0000172b      0x36a obj/default/imported_source/mailbox.o
 .debug_abbrev  0x00001a95      0x373 obj/default/imported_source/objdef.o
 .debug_abbrev  0x00001e08      0x385 obj/default/imported_source/sdoserv.o
 .debug_abbrev  0x0000218d      0x1f0 obj/default/peripheral/peripheral_linker.o
 .debug_abbrev  0x0000237d      0x10c c:/intelfpga_lite/23.1std/nios2eds/bin/gnu/h-x86_64-mingw32/bin/../lib/gcc/nios2-elf/12.3.1/mno-hw-mul\libgcc.a(lib2-divmod.o)
 .debug_abbrev  0x00002489       0x80 c:/intelfpga_lite/23.1std/nios2eds/bin/gnu/h-x86_64-mingw32/bin/../lib/gcc/nios2-elf/12.3.1/mno-hw-mul\libgcc.a(lib2-mul.o)
 .debug_abbrev  0x00002509      0x1cf c:/intelfpga_lite/23.1std/nios2eds/bin/gnu/h-x86_64-mingw32/bin/../lib/gcc/nios2-elf/12.3.1/../../../../../H-x86_64-mingw32/nios2-elf/lib/mno-hw-mul\libsmallc.a(libc_a-malloc.o)
 .debug_abbrev  0x000026d8      0x241 c:/intelfpga_lite/23.1std/nios2eds/bin/gnu/h-x86_64-mingw32/bin/../lib/gcc/nios2-elf/12.3.1/../../../../../H-x86_64-mingw32/nios2-elf/lib/mno-hw-mul\libsmallc.a(libc_a-mallocr.o)
 .debug_abbrev  0x00002919      0x1db c:/intelfpga_lite/23.1std/nios2eds/bin/gnu/h-x86_64-mingw32/bin/../lib/gcc/nios2-elf/12.3.1/../../../../../H-x86_64-mingw32/nios2-elf/lib/mno-hw-mul\libsmallc.a(libc_a-puts.o)
 .debug_abbrev  0x00002af4       0xc1 c:/intelfpga_lite/23.1std/nios2eds/bin/gnu/h-x86_64-mingw32/bin/../lib/gcc/nios2-elf/12.3.1/../../../../../H-x86_64-mingw32/nios2-elf/lib/mno-hw-mul\libsmallc.a(libc_a-memcpy.o)
 .debug_abbrev  0x00002bb5       0x9e c:/intelfpga_lite/23.1std/nios2eds/bin/gnu/h-x86_64-mingw32/bin/../lib/gcc/nios2-elf/12.3.1/../../../../../H-x86_64-mingw32/nios2-elf/lib/mno-hw-mul\libsmallc.a(libc_a-memset.o)
 .debug_abbrev  0x00002c53       0x8c c:/intelfpga_lite/23.1std/nios2eds/bin/gnu/h-x86_64-mingw32/bin/../lib/gcc/nios2-elf/12.3.1/../../../../../H-x86_64-mingw32/nios2-elf/lib/mno-hw-mul\libsmallc.a(libc_a-strlen.o)
 .debug_abbrev  0x00002cdf      0x142 c:/intelfpga_lite/23.1std/nios2eds/bin/gnu/h-x86_64-mingw32/bin/../lib/gcc/nios2-elf/12.3.1/../../../../../H-x86_64-mingw32/nios2-elf/lib/mno-hw-mul\libsmallc.a(libc_a-impure.o)
 .debug_abbrev  0x00002e21      0x1c6 c:/intelfpga_lite/23.1std/nios2eds/bin/gnu/h-x86_64-mingw32/bin/../lib/gcc/nios2-elf/12.3.1/../../../../../H-x86_64-mingw32/nios2-elf/lib/mno-hw-mul\libsmallc.a(libc_a-sbrkr.o)
 .debug_abbrev  0x00002fe7      0x23b c:/intelfpga_lite/23.1std/nios2eds/bin/gnu/h-x86_64-mingw32/bin/../lib/gcc/nios2-elf/12.3.1/../../../../../H-x86_64-mingw32/nios2-elf/lib/mno-hw-mul\libsmallc.a(libc_a-freer.o)
 .debug_abbrev  0x00003222      0x1c9 c:/intelfpga_lite/23.1std/nios2eds/bin/gnu/h-x86_64-mingw32/bin/../lib/gcc/nios2-elf/12.3.1/../../../../../H-x86_64-mingw32/nios2-elf/lib/mno-hw-mul\libsmallc.a(libc_a-fvwrite_small_dev.o)
 .debug_abbrev  0x000033eb       0x39 c:/intelfpga_lite/23.1std/nios2eds/bin/gnu/h-x86_64-mingw32/bin/../lib/gcc/nios2-elf/12.3.1/../../../../../H-x86_64-mingw32/nios2-elf/lib/mno-hw-mul\libsmallc.a(libc_a-int_errno.o)
 .debug_abbrev  0x00003424      0x1ae c:/intelfpga_lite/23.1std/nios2eds/bin/gnu/h-x86_64-mingw32/bin/../lib/gcc/nios2-elf/12.3.1/../../../../../H-x86_64-mingw32/nios2-elf/lib/mno-hw-mul\libsmallc.a(libc_a-writer.o)
 .debug_abbrev  0x000035d2      0x12c c:/Users/guan-ming.dennis-won/Documents/Code/SPI_4_Wire_Serial_Intel_FPGA_IP/software/NIOS_Project_Small_bsp/\libhal_bsp.a(alt_load.o)
 .debug_abbrev  0x000036fe       0xeb c:/Users/guan-ming.dennis-won/Documents/Code/SPI_4_Wire_Serial_Intel_FPGA_IP/software/NIOS_Project_Small_bsp/\libhal_bsp.a(alt_main.o)
 .debug_abbrev  0x000037e9      0x1bc c:/Users/guan-ming.dennis-won/Documents/Code/SPI_4_Wire_Serial_Intel_FPGA_IP/software/NIOS_Project_Small_bsp/\libhal_bsp.a(alt_malloc_lock.o)
 .debug_abbrev  0x000039a5      0x147 c:/Users/guan-ming.dennis-won/Documents/Code/SPI_4_Wire_Serial_Intel_FPGA_IP/software/NIOS_Project_Small_bsp/\libhal_bsp.a(alt_sbrk.o)
 .debug_abbrev  0x00003aec       0x9b c:/Users/guan-ming.dennis-won/Documents/Code/SPI_4_Wire_Serial_Intel_FPGA_IP/software/NIOS_Project_Small_bsp/\libhal_bsp.a(alt_usleep.o)
 .debug_abbrev  0x00003b87      0x117 c:/Users/guan-ming.dennis-won/Documents/Code/SPI_4_Wire_Serial_Intel_FPGA_IP/software/NIOS_Project_Small_bsp/\libhal_bsp.a(alt_write.o)
 .debug_abbrev  0x00003c9e      0x107 c:/Users/guan-ming.dennis-won/Documents/Code/SPI_4_Wire_Serial_Intel_FPGA_IP/software/NIOS_Project_Small_bsp/\libhal_bsp.a(alt_sys_init.o)
 .debug_abbrev  0x00003da5       0xdc c:/Users/guan-ming.dennis-won/Documents/Code/SPI_4_Wire_Serial_Intel_FPGA_IP/software/NIOS_Project_Small_bsp/\libhal_bsp.a(altera_avalon_jtag_uart_write.o)
 .debug_abbrev  0x00003e81       0xac c:/Users/guan-ming.dennis-won/Documents/Code/SPI_4_Wire_Serial_Intel_FPGA_IP/software/NIOS_Project_Small_bsp/\libhal_bsp.a(altera_avalon_spi.o)
 .debug_abbrev  0x00003f2d       0xb9 c:/Users/guan-ming.dennis-won/Documents/Code/SPI_4_Wire_Serial_Intel_FPGA_IP/software/NIOS_Project_Small_bsp/\libhal_bsp.a(alt_busy_sleep.o)
 .debug_abbrev  0x00003fe6       0x43 c:/Users/guan-ming.dennis-won/Documents/Code/SPI_4_Wire_Serial_Intel_FPGA_IP/software/NIOS_Project_Small_bsp/\libhal_bsp.a(alt_dcache_flush_all.o)
 .debug_abbrev  0x00004029       0x70 c:/Users/guan-ming.dennis-won/Documents/Code/SPI_4_Wire_Serial_Intel_FPGA_IP/software/NIOS_Project_Small_bsp/\libhal_bsp.a(alt_errno.o)
 .debug_abbrev  0x00004099       0x43 c:/Users/guan-ming.dennis-won/Documents/Code/SPI_4_Wire_Serial_Intel_FPGA_IP/software/NIOS_Project_Small_bsp/\libhal_bsp.a(alt_icache_flush_all.o)
 .debug_abbrev  0x000040dc       0x43 c:/Users/guan-ming.dennis-won/Documents/Code/SPI_4_Wire_Serial_Intel_FPGA_IP/software/NIOS_Project_Small_bsp/\libhal_bsp.a(altera_nios2_gen2_irq.o)

.debug_line     0x00000000     0x835b
 *(.debug_line)
 .debug_line    0x00000000       0x66 c:/Users/guan-ming.dennis-won/Documents/Code/SPI_4_Wire_Serial_Intel_FPGA_IP/software/NIOS_Project_Small_bsp//obj/HAL/src/crt0.o
 .debug_line    0x00000066       0x79 obj/default/hello_world_small.o
 .debug_line    0x000000df      0x3c9 obj/default/imported_source/ViCAT_LSC.o
 .debug_line    0x000004a8      0x4d9 obj/default/imported_source/ax58100_hw.o
 .debug_line    0x00000981       0x5c obj/default/imported_source/bootmode.o
 .debug_line    0x000009dd      0x5d7 obj/default/imported_source/coeappl.o
 .debug_line    0x00000fb4      0x99a obj/default/imported_source/ecatappl.o
 .debug_line    0x0000194e      0x12a obj/default/imported_source/ecatcoe.o
 .debug_line    0x00001a78      0x43d obj/default/imported_source/ecatfoe.o
 .debug_line    0x00001eb5     0x1d56 obj/default/imported_source/ecatslv.o
 .debug_line    0x00003c0b      0x151 obj/default/imported_source/foeappl.o
 .debug_line    0x00003d5c      0x98e obj/default/imported_source/mailbox.o
 .debug_line    0x000046ea     0x130a obj/default/imported_source/objdef.o
 .debug_line    0x000059f4      0xf90 obj/default/imported_source/sdoserv.o
 .debug_line    0x00006984      0x33f obj/default/peripheral/peripheral_linker.o
 .debug_line    0x00006cc3      0x2e3 c:/intelfpga_lite/23.1std/nios2eds/bin/gnu/h-x86_64-mingw32/bin/../lib/gcc/nios2-elf/12.3.1/mno-hw-mul\libgcc.a(lib2-divmod.o)
 .debug_line    0x00006fa6       0x88 c:/intelfpga_lite/23.1std/nios2eds/bin/gnu/h-x86_64-mingw32/bin/../lib/gcc/nios2-elf/12.3.1/mno-hw-mul\libgcc.a(lib2-mul.o)
 .debug_line    0x0000702e       0x93 c:/intelfpga_lite/23.1std/nios2eds/bin/gnu/h-x86_64-mingw32/bin/../lib/gcc/nios2-elf/12.3.1/../../../../../H-x86_64-mingw32/nios2-elf/lib/mno-hw-mul\libsmallc.a(libc_a-malloc.o)
 .debug_line    0x000070c1      0x30c c:/intelfpga_lite/23.1std/nios2eds/bin/gnu/h-x86_64-mingw32/bin/../lib/gcc/nios2-elf/12.3.1/../../../../../H-x86_64-mingw32/nios2-elf/lib/mno-hw-mul\libsmallc.a(libc_a-mallocr.o)
 .debug_line    0x000073cd       0xc2 c:/intelfpga_lite/23.1std/nios2eds/bin/gnu/h-x86_64-mingw32/bin/../lib/gcc/nios2-elf/12.3.1/../../../../../H-x86_64-mingw32/nios2-elf/lib/mno-hw-mul\libsmallc.a(libc_a-puts.o)
 .debug_line    0x0000748f       0x8c c:/intelfpga_lite/23.1std/nios2eds/bin/gnu/h-x86_64-mingw32/bin/../lib/gcc/nios2-elf/12.3.1/../../../../../H-x86_64-mingw32/nios2-elf/lib/mno-hw-mul\libsmallc.a(libc_a-memcpy.o)
 .debug_line    0x0000751b       0x87 c:/intelfpga_lite/23.1std/nios2eds/bin/gnu/h-x86_64-mingw32/bin/../lib/gcc/nios2-elf/12.3.1/../../../../../H-x86_64-mingw32/nios2-elf/lib/mno-hw-mul\libsmallc.a(libc_a-memset.o)
 .debug_line    0x000075a2       0x7c c:/intelfpga_lite/23.1std/nios2eds/bin/gnu/h-x86_64-mingw32/bin/../lib/gcc/nios2-elf/12.3.1/../../../../../H-x86_64-mingw32/nios2-elf/lib/mno-hw-mul\libsmallc.a(libc_a-strlen.o)
 .debug_line    0x0000761e       0x4c c:/intelfpga_lite/23.1std/nios2eds/bin/gnu/h-x86_64-mingw32/bin/../lib/gcc/nios2-elf/12.3.1/../../../../../H-x86_64-mingw32/nios2-elf/lib/mno-hw-mul\libsmallc.a(libc_a-impure.o)
 .debug_line    0x0000766a       0xa8 c:/intelfpga_lite/23.1std/nios2eds/bin/gnu/h-x86_64-mingw32/bin/../lib/gcc/nios2-elf/12.3.1/../../../../../H-x86_64-mingw32/nios2-elf/lib/mno-hw-mul\libsmallc.a(libc_a-sbrkr.o)
 .debug_line    0x00007712      0x1ac c:/intelfpga_lite/23.1std/nios2eds/bin/gnu/h-x86_64-mingw32/bin/../lib/gcc/nios2-elf/12.3.1/../../../../../H-x86_64-mingw32/nios2-elf/lib/mno-hw-mul\libsmallc.a(libc_a-freer.o)
 .debug_line    0x000078be       0xd7 c:/intelfpga_lite/23.1std/nios2eds/bin/gnu/h-x86_64-mingw32/bin/../lib/gcc/nios2-elf/12.3.1/../../../../../H-x86_64-mingw32/nios2-elf/lib/mno-hw-mul\libsmallc.a(libc_a-fvwrite_small_dev.o)
 .debug_line    0x00007995       0x3a c:/intelfpga_lite/23.1std/nios2eds/bin/gnu/h-x86_64-mingw32/bin/../lib/gcc/nios2-elf/12.3.1/../../../../../H-x86_64-mingw32/nios2-elf/lib/mno-hw-mul\libsmallc.a(libc_a-int_errno.o)
 .debug_line    0x000079cf       0xae c:/intelfpga_lite/23.1std/nios2eds/bin/gnu/h-x86_64-mingw32/bin/../lib/gcc/nios2-elf/12.3.1/../../../../../H-x86_64-mingw32/nios2-elf/lib/mno-hw-mul\libsmallc.a(libc_a-writer.o)
 .debug_line    0x00007a7d       0xd2 c:/Users/guan-ming.dennis-won/Documents/Code/SPI_4_Wire_Serial_Intel_FPGA_IP/software/NIOS_Project_Small_bsp/\libhal_bsp.a(alt_load.o)
 .debug_line    0x00007b4f       0xa2 c:/Users/guan-ming.dennis-won/Documents/Code/SPI_4_Wire_Serial_Intel_FPGA_IP/software/NIOS_Project_Small_bsp/\libhal_bsp.a(alt_main.o)
 .debug_line    0x00007bf1       0x6b c:/Users/guan-ming.dennis-won/Documents/Code/SPI_4_Wire_Serial_Intel_FPGA_IP/software/NIOS_Project_Small_bsp/\libhal_bsp.a(alt_malloc_lock.o)
 .debug_line    0x00007c5c       0xea c:/Users/guan-ming.dennis-won/Documents/Code/SPI_4_Wire_Serial_Intel_FPGA_IP/software/NIOS_Project_Small_bsp/\libhal_bsp.a(alt_sbrk.o)
 .debug_line    0x00007d46       0x70 c:/Users/guan-ming.dennis-won/Documents/Code/SPI_4_Wire_Serial_Intel_FPGA_IP/software/NIOS_Project_Small_bsp/\libhal_bsp.a(alt_usleep.o)
 .debug_line    0x00007db6       0xc5 c:/Users/guan-ming.dennis-won/Documents/Code/SPI_4_Wire_Serial_Intel_FPGA_IP/software/NIOS_Project_Small_bsp/\libhal_bsp.a(alt_write.o)
 .debug_line    0x00007e7b       0x94 c:/Users/guan-ming.dennis-won/Documents/Code/SPI_4_Wire_Serial_Intel_FPGA_IP/software/NIOS_Project_Small_bsp/\libhal_bsp.a(alt_sys_init.o)
 .debug_line    0x00007f0f       0x93 c:/Users/guan-ming.dennis-won/Documents/Code/SPI_4_Wire_Serial_Intel_FPGA_IP/software/NIOS_Project_Small_bsp/\libhal_bsp.a(altera_avalon_jtag_uart_write.o)
 .debug_line    0x00007fa2      0x19d c:/Users/guan-ming.dennis-won/Documents/Code/SPI_4_Wire_Serial_Intel_FPGA_IP/software/NIOS_Project_Small_bsp/\libhal_bsp.a(altera_avalon_spi.o)
 .debug_line    0x0000813f       0xe2 c:/Users/guan-ming.dennis-won/Documents/Code/SPI_4_Wire_Serial_Intel_FPGA_IP/software/NIOS_Project_Small_bsp/\libhal_bsp.a(alt_busy_sleep.o)
 .debug_line    0x00008221       0x4e c:/Users/guan-ming.dennis-won/Documents/Code/SPI_4_Wire_Serial_Intel_FPGA_IP/software/NIOS_Project_Small_bsp/\libhal_bsp.a(alt_dcache_flush_all.o)
 .debug_line    0x0000826f       0x4c c:/Users/guan-ming.dennis-won/Documents/Code/SPI_4_Wire_Serial_Intel_FPGA_IP/software/NIOS_Project_Small_bsp/\libhal_bsp.a(alt_errno.o)
 .debug_line    0x000082bb       0x4c c:/Users/guan-ming.dennis-won/Documents/Code/SPI_4_Wire_Serial_Intel_FPGA_IP/software/NIOS_Project_Small_bsp/\libhal_bsp.a(alt_icache_flush_all.o)
 .debug_line    0x00008307       0x54 c:/Users/guan-ming.dennis-won/Documents/Code/SPI_4_Wire_Serial_Intel_FPGA_IP/software/NIOS_Project_Small_bsp/\libhal_bsp.a(altera_nios2_gen2_irq.o)

.debug_frame    0x00000000     0x156c
 *(.debug_frame)
 .debug_frame   0x00000000       0x2c obj/default/hello_world_small.o
 .debug_frame   0x0000002c      0x120 obj/default/imported_source/ViCAT_LSC.o
 .debug_frame   0x0000014c      0x19c obj/default/imported_source/ax58100_hw.o
 .debug_frame   0x000002e8       0x50 obj/default/imported_source/bootmode.o
 .debug_frame   0x00000338      0x158 obj/default/imported_source/coeappl.o
 .debug_frame   0x00000490      0x200 obj/default/imported_source/ecatappl.o
 .debug_frame   0x00000690       0x50 obj/default/imported_source/ecatcoe.o
 .debug_frame   0x000006e0       0x68 obj/default/imported_source/ecatfoe.o
 .debug_frame   0x00000748      0x330 obj/default/imported_source/ecatslv.o
 .debug_frame   0x00000a78       0x94 obj/default/imported_source/foeappl.o
 .debug_frame   0x00000b0c      0x1f0 obj/default/imported_source/mailbox.o
 .debug_frame   0x00000cfc      0x244 obj/default/imported_source/objdef.o
 .debug_frame   0x00000f40      0x118 obj/default/imported_source/sdoserv.o
 .debug_frame   0x00001058       0x8c obj/default/peripheral/peripheral_linker.o
 .debug_frame   0x000010e4       0x50 c:/intelfpga_lite/23.1std/nios2eds/bin/gnu/h-x86_64-mingw32/bin/../lib/gcc/nios2-elf/12.3.1/mno-hw-mul\libgcc.a(lib2-divmod.o)
 .debug_frame   0x00001134       0x20 c:/intelfpga_lite/23.1std/nios2eds/bin/gnu/h-x86_64-mingw32/bin/../lib/gcc/nios2-elf/12.3.1/mno-hw-mul\libgcc.a(lib2-mul.o)
 .debug_frame   0x00001154       0x30 c:/intelfpga_lite/23.1std/nios2eds/bin/gnu/h-x86_64-mingw32/bin/../lib/gcc/nios2-elf/12.3.1/../../../../../H-x86_64-mingw32/nios2-elf/lib/mno-hw-mul\libsmallc.a(libc_a-malloc.o)
 .debug_frame   0x00001184       0x68 c:/intelfpga_lite/23.1std/nios2eds/bin/gnu/h-x86_64-mingw32/bin/../lib/gcc/nios2-elf/12.3.1/../../../../../H-x86_64-mingw32/nios2-elf/lib/mno-hw-mul\libsmallc.a(libc_a-mallocr.o)
 .debug_frame   0x000011ec       0x48 c:/intelfpga_lite/23.1std/nios2eds/bin/gnu/h-x86_64-mingw32/bin/../lib/gcc/nios2-elf/12.3.1/../../../../../H-x86_64-mingw32/nios2-elf/lib/mno-hw-mul\libsmallc.a(libc_a-puts.o)
 .debug_frame   0x00001234       0x20 c:/intelfpga_lite/23.1std/nios2eds/bin/gnu/h-x86_64-mingw32/bin/../lib/gcc/nios2-elf/12.3.1/../../../../../H-x86_64-mingw32/nios2-elf/lib/mno-hw-mul\libsmallc.a(libc_a-memcpy.o)
 .debug_frame   0x00001254       0x20 c:/intelfpga_lite/23.1std/nios2eds/bin/gnu/h-x86_64-mingw32/bin/../lib/gcc/nios2-elf/12.3.1/../../../../../H-x86_64-mingw32/nios2-elf/lib/mno-hw-mul\libsmallc.a(libc_a-memset.o)
 .debug_frame   0x00001274       0x20 c:/intelfpga_lite/23.1std/nios2eds/bin/gnu/h-x86_64-mingw32/bin/../lib/gcc/nios2-elf/12.3.1/../../../../../H-x86_64-mingw32/nios2-elf/lib/mno-hw-mul\libsmallc.a(libc_a-strlen.o)
 .debug_frame   0x00001294       0x30 c:/intelfpga_lite/23.1std/nios2eds/bin/gnu/h-x86_64-mingw32/bin/../lib/gcc/nios2-elf/12.3.1/../../../../../H-x86_64-mingw32/nios2-elf/lib/mno-hw-mul\libsmallc.a(libc_a-sbrkr.o)
 .debug_frame   0x000012c4       0x38 c:/intelfpga_lite/23.1std/nios2eds/bin/gnu/h-x86_64-mingw32/bin/../lib/gcc/nios2-elf/12.3.1/../../../../../H-x86_64-mingw32/nios2-elf/lib/mno-hw-mul\libsmallc.a(libc_a-freer.o)
 .debug_frame   0x000012fc       0x3c c:/intelfpga_lite/23.1std/nios2eds/bin/gnu/h-x86_64-mingw32/bin/../lib/gcc/nios2-elf/12.3.1/../../../../../H-x86_64-mingw32/nios2-elf/lib/mno-hw-mul\libsmallc.a(libc_a-fvwrite_small_dev.o)
 .debug_frame   0x00001338       0x30 c:/intelfpga_lite/23.1std/nios2eds/bin/gnu/h-x86_64-mingw32/bin/../lib/gcc/nios2-elf/12.3.1/../../../../../H-x86_64-mingw32/nios2-elf/lib/mno-hw-mul\libsmallc.a(libc_a-writer.o)
 .debug_frame   0x00001368       0x2c c:/Users/guan-ming.dennis-won/Documents/Code/SPI_4_Wire_Serial_Intel_FPGA_IP/software/NIOS_Project_Small_bsp/\libhal_bsp.a(alt_load.o)
 .debug_frame   0x00001394       0x2c c:/Users/guan-ming.dennis-won/Documents/Code/SPI_4_Wire_Serial_Intel_FPGA_IP/software/NIOS_Project_Small_bsp/\libhal_bsp.a(alt_main.o)
 .debug_frame   0x000013c0       0x30 c:/Users/guan-ming.dennis-won/Documents/Code/SPI_4_Wire_Serial_Intel_FPGA_IP/software/NIOS_Project_Small_bsp/\libhal_bsp.a(alt_malloc_lock.o)
 .debug_frame   0x000013f0       0x20 c:/Users/guan-ming.dennis-won/Documents/Code/SPI_4_Wire_Serial_Intel_FPGA_IP/software/NIOS_Project_Small_bsp/\libhal_bsp.a(alt_sbrk.o)
 .debug_frame   0x00001410       0x20 c:/Users/guan-ming.dennis-won/Documents/Code/SPI_4_Wire_Serial_Intel_FPGA_IP/software/NIOS_Project_Small_bsp/\libhal_bsp.a(alt_usleep.o)