Archive member included to satisfy reference by file (symbol)

c:/intelfpga_lite/23.1std/nios2eds/bin/gnu/h-x86_64-mingw32/bin/../lib/gcc/nios2-elf/12.3.1/mno-hw-mul\libgcc.a(lib2-divmod.o)
                              obj/default/imported_source/ecatslv.o (__divsi3)
c:/intelfpga_lite/23.1std/nios2eds/bin/gnu/h-x86_64-mingw32/bin/../lib/gcc/nios2-elf/12.3.1/mno-hw-mul\libgcc.a(lib2-mul.o)
                              obj/default/imported_source/ecatslv.o (__mulsi3)
c:/intelfpga_lite/23.1std/nios2eds/bin/gnu/h-x86_64-mingw32/bin/../lib/gcc/nios2-elf/12.3.1/../../../../../H-x86_64-mingw32/nios2-elf/lib/mno-hw-mul\libsmallc.a(libc_a-malloc.o)
                              obj/default/imported_source/ecatcoe.o (malloc)
c:/intelfpga_lite/23.1std/nios2eds/bin/gnu/h-x86_64-mingw32/bin/../lib/gcc/nios2-elf/12.3.1/../../../../../H-x86_64-mingw32/nios2-elf/lib/mno-hw-mul\libsmallc.a(libc_a-mallocr.o)
                              c:/intelfpga_lite/23.1std/nios2eds/bin/gnu/h-x86_64-mingw32/bin/../lib/gcc/nios2-elf/12.3.1/../../../../../H-x86_64-mingw32/nios2-elf/lib/mno-hw-mul\libsmallc.a(libc_a-malloc.o) (_malloc_r)
c:/intelfpga_lite/23.1std/nios2eds/bin/gnu/h-x86_64-mingw32/bin/../lib/gcc/nios2-elf/12.3.1/../../../../../H-x86_64-mingw32/nios2-elf/lib/mno-hw-mul\libsmallc.a(libc_a-puts.o)
                              obj/default/hello_world_small.o (puts)
c:/intelfpga_lite/23.1std/nios2eds/bin/gnu/h-x86_64-mingw32/bin/../lib/gcc/nios2-elf/12.3.1/../../../../../H-x86_64-mingw32/nios2-elf/lib/mno-hw-mul\libsmallc.a(libc_a-memcpy.o)
                              obj/default/imported_source/ax58100_hw.o (memcpy)
c:/intelfpga_lite/23.1std/nios2eds/bin/gnu/h-x86_64-mingw32/bin/../lib/gcc/nios2-elf/12.3.1/../../../../../H-x86_64-mingw32/nios2-elf/lib/mno-hw-mul\libsmallc.a(libc_a-memset.o)
                              obj/default/imported_source/ax58100_hw.o (memset)
c:/intelfpga_lite/23.1std/nios2eds/bin/gnu/h-x86_64-mingw32/bin/../lib/gcc/nios2-elf/12.3.1/../../../../../H-x86_64-mingw32/nios2-elf/lib/mno-hw-mul\libsmallc.a(libc_a-strlen.o)
                              obj/default/imported_source/objdef.o (strlen)
c:/intelfpga_lite/23.1std/nios2eds/bin/gnu/h-x86_64-mingw32/bin/../lib/gcc/nios2-elf/12.3.1/../../../../../H-x86_64-mingw32/nios2-elf/lib/mno-hw-mul\libsmallc.a(libc_a-impure.o)
                              c:/intelfpga_lite/23.1std/nios2eds/bin/gnu/h-x86_64-mingw32/bin/../lib/gcc/nios2-elf/12.3.1/../../../../../H-x86_64-mingw32/nios2-elf/lib/mno-hw-mul\libsmallc.a(libc_a-malloc.o) (_impure_ptr)
c:/intelfpga_lite/23.1std/nios2eds/bin/gnu/h-x86_64-mingw32/bin/../lib/gcc/nios2-elf/12.3.1/../../../../../H-x86_64-mingw32/nios2-elf/lib/mno-hw-mul\libsmallc.a(libc_a-sbrkr.o)
                              c:/intelfpga_lite/23.1std/nios2eds/bin/gnu/h-x86_64-mingw32/bin/../lib/gcc/nios2-elf/12.3.1/../../../../../H-x86_64-mingw32/nios2-elf/lib/mno-hw-mul\libsmallc.a(libc_a-mallocr.o) (_sbrk_r)
c:/intelfpga_lite/23.1std/nios2eds/bin/gnu/h-x86_64-mingw32/bin/../lib/gcc/nios2-elf/12.3.1/../../../../../H-x86_64-mingw32/nios2-elf/lib/mno-hw-mul\libsmallc.a(libc_a-freer.o)
                              c:/intelfpga_lite/23.1std/nios2eds/bin/gnu/h-x86_64-mingw32/bin/../lib/gcc/nios2-elf/12.3.1/../../../../../H-x86_64-mingw32/nios2-elf/lib/mno-hw-mul\libsmallc.a(libc_a-malloc.o) (_free_r)
c:/intelfpga_lite/23.1std/nios2eds/bin/gnu/h-x86_64-mingw32/bin/../lib/gcc/nios2-elf/12.3.1/../../../../../H-x86_64-mingw32/nios2-elf/lib/mno-hw-mul\libsmallc.a(libc_a-fvwrite_small_dev.o)
                              c:/intelfpga_lite/23.1std/nios2eds/bin/gnu/h-x86_64-mingw32/bin/../lib/gcc/nios2-elf/12.3.1/../../../../../H-x86_64-mingw32/nios2-elf/lib/mno-hw-mul\libsmallc.a(libc_a-puts.o) (__sfvwrite_small_dev)
c:/intelfpga_lite/23.1std/nios2eds/bin/gnu/h-x86_64-mingw32/bin/../lib/gcc/nios2-elf/12.3.1/../../../../../H-x86_64-mingw32/nios2-elf/lib/mno-hw-mul\libsmallc.a(libc_a-int_errno.o)
                              c:/intelfpga_lite/23.1std/nios2eds/bin/gnu/h-x86_64-mingw32/bin/../lib/gcc/nios2-elf/12.3.1/../../../../../H-x86_64-mingw32/nios2-elf/lib/mno-hw-mul\libsmallc.a(libc_a-sbrkr.o) (errno)
c:/intelfpga_lite/23.1std/nios2eds/bin/gnu/h-x86_64-mingw32/bin/../lib/gcc/nios2-elf/12.3.1/../../../../../H-x86_64-mingw32/nios2-elf/lib/mno-hw-mul\libsmallc.a(libc_a-writer.o)
                              c:/intelfpga_lite/23.1std/nios2eds/bin/gnu/h-x86_64-mingw32/bin/../lib/gcc/nios2-elf/12.3.1/../../../../../H-x86_64-mingw32/nios2-elf/lib/mno-hw-mul\libsmallc.a(libc_a-fvwrite_small_dev.o) (_write_r)
c:/Users/guan-ming.dennis-won/Documents/Code/SPI_4_Wire_Serial_Intel_FPGA_IP/software/NIOS_Project_Small_bsp/\libhal_bsp.a(alt_iic.o)
                              obj/default/nios_it/nios_it.o (alt_ic_isr_register)
c:/Users/guan-ming.dennis-won/Documents/Code/SPI_4_Wire_Serial_Intel_FPGA_IP/software/NIOS_Project_Small_bsp/\libhal_bsp.a(alt_iic_isr_register.o)
[...]
Memory Configuration

Name             Origin             Length             Attributes
reset            0x00020000         0x00000020
RAM              0x00020020         0x00013fe0
*default*        0x00000000         0xffffffff

Linker script and memory map

LOAD c:/Users/guan-ming.dennis-won/Documents/Code/SPI_4_Wire_Serial_Intel_FPGA_IP/software/NIOS_Project_Small_bsp//obj/HAL/src/crt0.o
LOAD obj/default/hello_world_small.o
LOAD obj/default/imported_source/TENCL040_ESC.o
LOAD obj/default/imported_source/ax58100_hw.o
LOAD obj/default/imported_source/coeappl.o
LOAD obj/default/imported_source/ecatappl.o
LOAD obj/default/imported_source/ecatcoe.o
LOAD obj/default/imported_source/ecatslv.o
LOAD obj/default/imported_source/mailbox.o
LOAD obj/default/imported_source/objdef.o
LOAD obj/default/imported_source/sdoserv.o
LOAD obj/default/nios_it/nios_it.o
LOAD obj/default/peripheral/peripheral_linker.o
LOAD c:/intelfpga_lite/23.1std/nios2eds/bin/gnu/h-x86_64-mingw32/bin/../lib/gcc/nios2-elf/12.3.1/../../../../../H-x86_64-mingw32/nios2-elf/lib/mno-hw-mul\libstdc++.a
LOAD c:/intelfpga_lite/23.1std/nios2eds/bin/gnu/h-x86_64-mingw32/bin/../lib/gcc/nios2-elf/12.3.1/../../../../../H-x86_64-mingw32/nios2-elf/lib/mno-hw-mul\libm.a
LOAD c:/intelfpga_lite/23.1std/nios2eds/bin/gnu/h-x86_64-mingw32/bin/../lib/gcc/nios2-elf/12.3.1/mno-hw-mul\libgcc.a
START GROUP
LOAD c:/intelfpga_lite/23.1std/nios2eds/bin/gnu/h-x86_64-mingw32/bin/../lib/gcc/nios2-elf/12.3.1/../../../../../H-x86_64-mingw32/nios2-elf/lib/mno-hw-mul\libsmallc.a
LOAD c:/intelfpga_lite/23.1std/nios2eds/bin/gnu/h-x86_64-mingw32/bin/../lib/gcc/nios2-elf/12.3.1/mno-hw-mul\libgcc.a
LOAD c:/Users/guan-ming.dennis-won/Documents/Code/SPI_4_Wire_Serial_Intel_FPGA_IP/software/NIOS_Project_Small_bsp/\libhal_bsp.a
LOAD c:/intelfpga_lite/23.1std/nios2eds/bin/gnu/h-x86_64-mingw32/bin/../lib/gcc/nios2-elf/12.3.1/../../../../../H-x86_64-mingw32/nios2-elf/lib/mno-hw-mul\libm.a
END GROUP
LOAD c:/intelfpga_lite/23.1std/nios2eds/bin/gnu/h-x86_64-mingw32/bin/../lib/gcc/nios2-elf/12.3.1/mno-hw-mul\libgcc.a
                0x00020000                        __alt_mem_RAM = 0x20000

.entry          0x00020000       0x20
 *(.entry)
 .entry         0x00020000       0x20 c:/Users/guan-ming.dennis-won/Documents/Code/SPI_4_Wire_Serial_Intel_FPGA_IP/software/NIOS_Project_Small_bsp//obj/HAL/src/crt0.o
                0x00020000                __reset
                0x0002000c                _exit

.exceptions     0x00020020      0x160
                0x00020020                        PROVIDE (__ram_exceptions_start = ABSOLUTE (.))
                0x00020020                        . = ALIGN (0x20)
 *(.irq)
 *(.exceptions.entry.label)
 .exceptions.entry.label
                0x00020020        0x0 c:/Users/guan-ming.dennis-won/Documents/Code/SPI_4_Wire_Serial_Intel_FPGA_IP/software/NIOS_Project_Small_bsp/\libhal_bsp.a(alt_irq_entry.o)
                0x00020020                alt_irq_entry
 .exceptions.entry.label
                0x00020020        0x0 c:/Users/guan-ming.dennis-won/Documents/Code/SPI_4_Wire_Serial_Intel_FPGA_IP/software/NIOS_Project_Small_bsp/\libhal_bsp.a(alt_exception_entry.o)
                0x00020020                alt_exception
 *(.exceptions.entry.user)
 *(.exceptions.entry.ecc_fatal)
 *(.exceptions.entry)
 .exceptions.entry
                0x00020020       0x54 c:/Users/guan-ming.dennis-won/Documents/Code/SPI_4_Wire_Serial_Intel_FPGA_IP/software/NIOS_Project_Small_bsp/\libhal_bsp.a(alt_exception_entry.o)
 *(.exceptions.irqtest.user)
 *(.exceptions.irqtest)
 .exceptions.irqtest
                0x00020074       0x10 c:/Users/guan-ming.dennis-won/Documents/Code/SPI_4_Wire_Serial_Intel_FPGA_IP/software/NIOS_Project_Small_bsp/\libhal_bsp.a(alt_irq_entry.o)
 *(.exceptions.irqhandler.user)
 *(.exceptions.irqhandler)
 .exceptions.irqhandler
                0x00020084        0x4 c:/Users/guan-ming.dennis-won/Documents/Code/SPI_4_Wire_Serial_Intel_FPGA_IP/software/NIOS_Project_Small_bsp/\libhal_bsp.a(alt_irq_entry.o)
 *(.exceptions.irqreturn.user)
 *(.exceptions.irqreturn)
 .exceptions.irqreturn
                0x00020088        0x4 c:/Users/guan-ming.dennis-won/Documents/Code/SPI_4_Wire_Serial_Intel_FPGA_IP/software/NIOS_Project_Small_bsp/\libhal_bsp.a(alt_irq_entry.o)
 *(.exceptions.notirq.label)
 .exceptions.notirq.label
                0x0002008c        0x0 c:/Users/guan-ming.dennis-won/Documents/Code/SPI_4_Wire_Serial_Intel_FPGA_IP/software/NIOS_Project_Small_bsp/\libhal_bsp.a(alt_irq_entry.o)
 *(.exceptions.notirq.user)
 *(.exceptions.notirq)
 .exceptions.notirq
                0x0002008c        0x8 c:/Users/guan-ming.dennis-won/Documents/Code/SPI_4_Wire_Serial_Intel_FPGA_IP/software/NIOS_Project_Small_bsp/\libhal_bsp.a(alt_exception_entry.o)
 *(.exceptions.soft.user)
 *(.exceptions.soft)
 *(.exceptions.unknown.user)
 *(.exceptions.unknown)
 .exceptions.unknown
                0x00020094       0x14 c:/Users/guan-ming.dennis-won/Documents/Code/SPI_4_Wire_Serial_Intel_FPGA_IP/software/NIOS_Project_Small_bsp/\libhal_bsp.a(alt_exception_entry.o)
 *(.exceptions.exit.label)
 .exceptions.exit.label
                0x000200a8        0x0 c:/Users/guan-ming.dennis-won/Documents/Code/SPI_4_Wire_Serial_Intel_FPGA_IP/software/NIOS_Project_Small_bsp/\libhal_bsp.a(alt_irq_entry.o)
 .exceptions.exit.label
                0x000200a8        0x0 c:/Users/guan-ming.dennis-won/Documents/Code/SPI_4_Wire_Serial_Intel_FPGA_IP/software/NIOS_Project_Small_bsp/\libhal_bsp.a(alt_exception_entry.o)
 *(.exceptions.exit.user)
 *(.exceptions.exit)
 .exceptions.exit
                0x000200a8       0x54 c:/Users/guan-ming.dennis-won/Documents/Code/SPI_4_Wire_Serial_Intel_FPGA_IP/software/NIOS_Project_Small_bsp/\libhal_bsp.a(alt_exception_entry.o)
 *(.exceptions)
 .exceptions    0x000200fc       0x60 c:/Users/guan-ming.dennis-won/Documents/Code/SPI_4_Wire_Serial_Intel_FPGA_IP/software/NIOS_Project_Small_bsp/\libhal_bsp.a(alt_irq_handler.o)
                0x000200fc                alt_irq_handler
 .exceptions    0x0002015c       0x24 c:/Users/guan-ming.dennis-won/Documents/Code/SPI_4_Wire_Serial_Intel_FPGA_IP/software/NIOS_Project_Small_bsp/\libhal_bsp.a(alt_instruction_exception_entry.o)
                0x0002015c                alt_instruction_exception_entry
                0x00020180                        PROVIDE (__ram_exceptions_end = ABSOLUTE (.))
                0x00020020                        PROVIDE (__flash_exceptions_start = LOADADDR (.exceptions))

.text           0x00020180     0x7440
                [!provide]                        PROVIDE (stext = ABSOLUTE (.))
 *(.interp)
 *(.hash)
 *(.dynsym)
 *(.dynstr)
 *(.gnu.version)
 *(.gnu.version_d)
 *(.gnu.version_r)
 *(.rel.init)
 *(.rela.init)
 *(.rel.text .rel.text.* .rel.gnu.linkonce.t.*)
 *(.rela.text .rela.text.* .rela.gnu.linkonce.t.*)
 *(.rel.fini)
 *(.rela.fini)
 *(.rel.rodata .rel.rodata.* .rel.gnu.linkonce.r.*)
 *(.rela.rodata .rela.rodata.* .rela.gnu.linkonce.r.*)
 *(.rel.data .rel.data.* .rel.gnu.linkonce.d.*)
 *(.rela.data .rela.data.* .rela.gnu.linkonce.d.*)
 *(.rel.tdata .rel.tdata.* .rel.gnu.linkonce.td.*)
 *(.rela.tdata .rela.tdata.* .rela.gnu.linkonce.td.*)
 *(.rel.tbss .rel.tbss.* .rel.gnu.linkonce.tb.*)
 *(.rela.tbss .rela.tbss.* .rela.gnu.linkonce.tb.*)
 *(.rel.ctors)
 *(.rela.ctors)
 *(.rel.dtors)
 *(.rela.dtors)
 *(.rel.got)
 *(.rela.got)
 *(.rel.sdata .rel.sdata.* .rel.gnu.linkonce.s.*)
 *(.rela.sdata .rela.sdata.* .rela.gnu.linkonce.s.*)
 *(.rel.sbss .rel.sbss.* .rel.gnu.linkonce.sb.*)
 *(.rela.sbss .rela.sbss.* .rela.gnu.linkonce.sb.*)
 *(.rel.sdata2 .rel.sdata2.* .rel.gnu.linkonce.s2.*)
 *(.rela.sdata2 .rela.sdata2.* .rela.gnu.linkonce.s2.*)
 *(.rel.sbss2 .rel.sbss2.* .rel.gnu.linkonce.sb2.*)
 *(.rela.sbss2 .rela.sbss2.* .rela.gnu.linkonce.sb2.*)
 *(.rel.bss .rel.bss.* .rel.gnu.linkonce.b.*)
 *(.rela.bss .rela.bss.* .rela.gnu.linkonce.b.*)
 *(.rel.plt)
 *(.rela.plt)
 *(.rel.dyn)
 *(.init)
 *(.plt)
 *(.text .stub .text.* .gnu.linkonce.t.*)
 .text          0x00020180       0x3c c:/Users/guan-ming.dennis-won/Documents/Code/SPI_4_Wire_Serial_Intel_FPGA_IP/software/NIOS_Project_Small_bsp//obj/HAL/src/crt0.o
                0x00020180                _start
 .text          0x000201bc        0x0 obj/default/hello_world_small.o
 .text.startup  0x000201bc       0x28 obj/default/hello_world_small.o
                0x000201bc                main
 .text          0x000201e4      0x2d4 obj/default/imported_source/TENCL040_ESC.o
                0x000201e4                APPL_AckErrorInd
                0x000201e8                APPL_StartMailboxHandler
                0x000201f0                APPL_StopMailboxHandler
                0x000201f8                APPL_StartInputHandler
                0x00020200                APPL_StopInputHandler
                0x00020208                APPL_StartOutputHandler
                0x00020210                APPL_StopOutputHandler
                0x00020218                APPL_GenerateMapping
                0x000203d8                APPL_InputMapping
                0x00020424                APPL_OutputMapping
                0x00020470                APPL_Application
                0x0002047c                APPL_GetDeviceID
                0x00020484                main_initial
 .text          0x000204b8      0x3ec obj/default/imported_source/ax58100_hw.o
                0x00020714                HW_Release
                0x00020718                HW_GetALEventRegister_Isr
                0x00020740                HW_EscRead
                0x00020778                HW_GetALEventRegister
                0x000207b8                HW_EscReadIsr
                0x000207c4                HW_EscWrite
                0x000207fc                HW_Init
                0x0002088c                HW_EscWriteIsr
                0x00020898                HW_SYNC0_IRQHandler
                0x0002089c                HW_SYNC1_IRQHandler
                0x000208a0                HW_TIMETASK_IRQHandler
 .text          0x000208a4      0x510 obj/default/imported_source/coeappl.o
                0x000208a4                COE_SyncTimeStamp
                0x00020910                Read0x10F8
                0x000209a8                COE_GetObjectDictionary
                0x000209b0                COE_UpdateSyncErrorStatus
                0x00020a0c                COE_AddObjectToDic
                0x00020a98                COE_RemoveDicEntry
                0x00020aec                COE_ClearObjDictionary
                0x00020b28                AddObjectsToObjDictionary
                0x00020b78                COE_ObjDictionaryInit
                0x00020bb8                COE_ObjInit
                0x00020ce8                COE_Main
 .text          0x00020db4      0xb00 obj/default/imported_source/ecatappl.o
                0x00020db4                ECAT_CheckTimer
                0x00020e44                GetSystemTimeDelay
                0x00020eac                PDO_InputMapping
                0x00020f5c                HandleCycleTimeMeasurement
                0x00020fc8                PDO_OutputMapping
                0x00021080                Sync1_Isr
                0x000210d4                MainInit
                0x000211bc                ECAT_Application
                0x000211f8                Sync0_Isr
                0x00021358                PDI_Isr
                0x00021518                MainLoop
                0x000215ec                ESC_EepromAccess
                0x00021804                ESC_EepromWriteCRC
 .text          0x000218b4       0xbc obj/default/imported_source/ecatcoe.o
                0x000218b4                COE_Init
                0x000218c0                COE_ServiceInd
                0x00021908                COE_ContinueInd
 .text          0x00021970     0x1e74 obj/default/imported_source/ecatslv.o
                0x00021970                ResetALEventMask
                0x000219bc                SetALEventMask
                0x00021a08                UpdateEEPROMLoadedState
                0x00021a40                GetSyncMan
                0x00021a70                DisableSyncManChannel
                0x00021ad0                EnableSyncManChannel
                0x00021b2c                CheckSmSettings
                0x00021d9c                StartInputHandler
                0x00022508                StartOutputHandler
                0x00022564                StopOutputHandler
                0x00022570                StopInputHandler
                0x00022610                BackToInitTransition
                0x00022618                SetALStatus
                0x000226bc                AL_ControlInd
                0x00022ed8                AL_ControlRes
                0x000231e0                DC_CheckWatchdog
                0x000232a0                CheckIfEcatError
                0x00023378                ECAT_StateChange
                0x0002355c                ECAT_Init
                0x0002363c                ECAT_Main
 .text          0x000237e4      0x94c obj/default/imported_source/mailbox.o
                0x000237e4                PutInMbxQueue
                0x00023834                GetOutOfMbxQueue
                0x00023878                MBX_Init
                0x00023928                MBX_StartMailboxHandler
                0x000239fc                MBX_StopMailboxHandler
                0x00023b04                MailboxServiceInd
                0x00023b24                MBX_CopyToSendMailbox
                0x00023c70                MBX_MailboxReadInd
                0x00023d10                MBX_MailboxRepeatReq
                0x00023d78                MBX_MailboxSendReq
                0x00023e58                MBX_MailboxWriteInd
                0x00023f38                MBX_CheckAndCopyMailbox
                0x0002406c                MBX_Main
 .text          0x00024130     0x155c obj/default/imported_source/objdef.o
                0x00024130                OBJ_GetObjectHandle
                0x0002416c                OBJ_GetObjectLength
                0x00024278                OBJ_CopyNumberToString
                0x000242f8                OBJ_GetDesc
                0x00024430                OBJ_GetEntryDesc
                0x0002446c                OBJ_GetNoOfObjects
                0x00024524                OBJ_GetObjectList
                0x0002466c                OBJ_GetObjDesc
                0x00024674                OBJ_GetEntryOffset
                0x00024830                CheckSyncTypeValue
                0x0002493c                OBJ_Read
                0x00024f4c                OBJ_Write
 .text          0x0002568c      0xfb4 obj/default/imported_source/sdoserv.o
                0x0002568c                SdoRes
                0x000257ec                SDOS_SdoInd
                0x000260e0                SDOS_SdoRes
                0x000261f0                SDOS_ClearPendingResponse
                0x00026268                SDOS_SdoInfoInd
 .text          0x00026640       0x6c obj/default/nios_it/nios_it.o
                0x00026640                exti0_isr
                0x00026664                init_exti0_it
 .text          0x000266ac      0x344 obj/default/peripheral/peripheral_linker.o
                0x000266ac                delay_ms
                0x000266cc                adc_init
                0x00026834                spi_transmit_receive
                0x000268e4                adc_init_spi_transmit_receive
 .text          0x000269f0      0x1b4 c:/intelfpga_lite/23.1std/nios2eds/bin/gnu/h-x86_64-mingw32/bin/../lib/gcc/nios2-elf/12.3.1/mno-hw-mul\libgcc.a(lib2-divmod.o)
                0x000269f0                __divsi3
                0x00026a70                __modsi3
                0x00026ae4                __udivsi3
                0x00026b48                __umodsi3
 .text          0x00026ba4       0x28 c:/intelfpga_lite/23.1std/nios2eds/bin/gnu/h-x86_64-mingw32/bin/../lib/gcc/nios2-elf/12.3.1/mno-hw-mul\libgcc.a(lib2-mul.o)
                0x00026ba4                __mulsi3
 .text          0x00026bcc        0x0 c:/intelfpga_lite/23.1std/nios2eds/bin/gnu/h-x86_64-mingw32/bin/../lib/gcc/nios2-elf/12.3.1/../../../../../H-x86_64-mingw32/nios2-elf/lib/mno-hw-mul\libsmallc.a(libc_a-malloc.o)
 .text.malloc   0x00026bcc       0x10 c:/intelfpga_lite/23.1std/nios2eds/bin/gnu/h-x86_64-mingw32/bin/../lib/gcc/nios2-elf/12.3.1/../../../../../H-x86_64-mingw32/nios2-elf/lib/mno-hw-mul\libsmallc.a(libc_a-malloc.o)
                0x00026bcc                malloc
 .text.free     0x00026bdc       0x10 c:/intelfpga_lite/23.1std/nios2eds/bin/gnu/h-x86_64-mingw32/bin/../lib/gcc/nios2-elf/12.3.1/../../../../../H-x86_64-mingw32/nios2-elf/lib/mno-hw-mul\libsmallc.a(libc_a-malloc.o)
                0x00026bdc                free
 .text          0x00026bec        0x0 c:/intelfpga_lite/23.1std/nios2eds/bin/gnu/h-x86_64-mingw32/bin/../lib/gcc/nios2-elf/12.3.1/../../../../../H-x86_64-mingw32/nios2-elf/lib/mno-hw-mul\libsmallc.a(libc_a-mallocr.o)
 .text.sbrk_aligned
                0x00026bec       0x8c c:/intelfpga_lite/23.1std/nios2eds/bin/gnu/h-x86_64-mingw32/bin/../lib/gcc/nios2-elf/12.3.1/../../../../../H-x86_64-mingw32/nios2-elf/lib/mno-hw-mul\libsmallc.a(libc_a-mallocr.o)
 .text._malloc_r
                0x00026c78      0x1cc c:/intelfpga_lite/23.1std/nios2eds/bin/gnu/h-x86_64-mingw32/bin/../lib/gcc/nios2-elf/12.3.1/../../../../../H-x86_64-mingw32/nios2-elf/lib/mno-hw-mul\libsmallc.a(libc_a-mallocr.o)
                0x00026c78                _malloc_r
 .text          0x00026e44        0x0 c:/intelfpga_lite/23.1std/nios2eds/bin/gnu/h-x86_64-mingw32/bin/../lib/gcc/nios2-elf/12.3.1/../../../../../H-x86_64-mingw32/nios2-elf/lib/mno-hw-mul\libsmallc.a(libc_a-puts.o)
 .text._puts_r  0x00026e44       0x80 c:/intelfpga_lite/23.1std/nios2eds/bin/gnu/h-x86_64-mingw32/bin/../lib/gcc/nios2-elf/12.3.1/../../../../../H-x86_64-mingw32/nios2-elf/lib/mno-hw-mul\libsmallc.a(libc_a-puts.o)
                0x00026e44                _puts_r
 .text.puts     0x00026ec4       0x10 c:/intelfpga_lite/23.1std/nios2eds/bin/gnu/h-x86_64-mingw32/bin/../lib/gcc/nios2-elf/12.3.1/../../../../../H-x86_64-mingw32/nios2-elf/lib/mno-hw-mul\libsmallc.a(libc_a-puts.o)
                0x00026ec4                puts
 .text          0x00026ed4        0x0 c:/intelfpga_lite/23.1std/nios2eds/bin/gnu/h-x86_64-mingw32/bin/../lib/gcc/nios2-elf/12.3.1/../../../../../H-x86_64-mingw32/nios2-elf/lib/mno-hw-mul\libsmallc.a(libc_a-memcpy.o)
 .text.memcpy   0x00026ed4       0x28 c:/intelfpga_lite/23.1std/nios2eds/bin/gnu/h-x86_64-mingw32/bin/../lib/gcc/nios2-elf/12.3.1/../../../../../H-x86_64-mingw32/nios2-elf/lib/mno-hw-mul\libsmallc.a(libc_a-memcpy.o)
                0x00026ed4                memcpy
 .text          0x00026efc        0x0 c:/intelfpga_lite/23.1std/nios2eds/bin/gnu/h-x86_64-mingw32/bin/../lib/gcc/nios2-elf/12.3.1/../../../../../H-x86_64-mingw32/nios2-elf/lib/mno-hw-mul\libsmallc.a(libc_a-memset.o)
 .text.memset   0x00026efc       0x20 c:/intelfpga_lite/23.1std/nios2eds/bin/gnu/h-x86_64-mingw32/bin/../lib/gcc/nios2-elf/12.3.1/../../../../../H-x86_64-mingw32/nios2-elf/lib/mno-hw-mul\libsmallc.a(libc_a-memset.o)
                0x00026efc                memset
 .text          0x00026f1c        0x0 c:/intelfpga_lite/23.1std/nios2eds/bin/gnu/h-x86_64-mingw32/bin/../lib/gcc/nios2-elf/12.3.1/../../../../../H-x86_64-mingw32/nios2-elf/lib/mno-hw-mul\libsmallc.a(libc_a-strlen.o)
 .text.strlen   0x00026f1c       0x1c c:/intelfpga_lite/23.1std/nios2eds/bin/gnu/h-x86_64-mingw32/bin/../lib/gcc/nios2-elf/12.3.1/../../../../../H-x86_64-mingw32/nios2-elf/lib/mno-hw-mul\libsmallc.a(libc_a-strlen.o)
                0x00026f1c                strlen
 .text          0x00026f38        0x0 c:/intelfpga_lite/23.1std/nios2eds/bin/gnu/h-x86_64-mingw32/bin/../lib/gcc/nios2-elf/12.3.1/../../../../../H-x86_64-mingw32/nios2-elf/lib/mno-hw-mul\libsmallc.a(libc_a-impure.o)
 .text          0x00026f38        0x0 c:/intelfpga_lite/23.1std/nios2eds/bin/gnu/h-x86_64-mingw32/bin/../lib/gcc/nios2-elf/12.3.1/../../../../../H-x86_64-mingw32/nios2-elf/lib/mno-hw-mul\libsmallc.a(libc_a-sbrkr.o)
 .text._sbrk_r  0x00026f38       0x48 c:/intelfpga_lite/23.1std/nios2eds/bin/gnu/h-x86_64-mingw32/bin/../lib/gcc/nios2-elf/12.3.1/../../../../../H-x86_64-mingw32/nios2-elf/lib/mno-hw-mul\libsmallc.a(libc_a-sbrkr.o)
                0x00026f38                _sbrk_r
 .text          0x00026f80        0x0 c:/intelfpga_lite/23.1std/nios2eds/bin/gnu/h-x86_64-mingw32/bin/../lib/gcc/nios2-elf/12.3.1/../../../../../H-x86_64-mingw32/nios2-elf/lib/mno-hw-mul\libsmallc.a(libc_a-freer.o)
 .text._free_r  0x00026f80      0x100 c:/intelfpga_lite/23.1std/nios2eds/bin/gnu/h-x86_64-mingw32/bin/../lib/gcc/nios2-elf/12.3.1/../../../../../H-x86_64-mingw32/nios2-elf/lib/mno-hw-mul\libsmallc.a(libc_a-freer.o)
                0x00026f80                _free_r
 .text          0x00027080        0x0 c:/intelfpga_lite/23.1std/nios2eds/bin/gnu/h-x86_64-mingw32/bin/../lib/gcc/nios2-elf/12.3.1/../../../../../H-x86_64-mingw32/nios2-elf/lib/mno-hw-mul\libsmallc.a(libc_a-fvwrite_small_dev.o)
 .text.__sfvwrite_small_dev
                0x00027080       0xa8 c:/intelfpga_lite/23.1std/nios2eds/bin/gnu/h-x86_64-mingw32/bin/../lib/gcc/nios2-elf/12.3.1/../../../../../H-x86_64-mingw32/nios2-elf/lib/mno-hw-mul\libsmallc.a(libc_a-fvwrite_small_dev.o)
                0x00027080                __sfvwrite_small_dev
 .text          0x00027128        0x0 c:/intelfpga_lite/23.1std/nios2eds/bin/gnu/h-x86_64-mingw32/bin/../lib/gcc/nios2-elf/12.3.1/../../../../../H-x86_64-mingw32/nios2-elf/lib/mno-hw-mul\libsmallc.a(libc_a-int_errno.o)
 .text          0x00027128        0x0 c:/intelfpga_lite/23.1std/nios2eds/bin/gnu/h-x86_64-mingw32/bin/../lib/gcc/nios2-elf/12.3.1/../../../../../H-x86_64-mingw32/nios2-elf/lib/mno-hw-mul\libsmallc.a(libc_a-writer.o)
 .text._write_r
                0x00027128       0x50 c:/intelfpga_lite/23.1std/nios2eds/bin/gnu/h-x86_64-mingw32/bin/../lib/gcc/nios2-elf/12.3.1/../../../../../H-x86_64-mingw32/nios2-elf/lib/mno-hw-mul\libsmallc.a(libc_a-writer.o)
                0x00027128                _write_r
 .text          0x00027178       0x8c c:/Users/guan-ming.dennis-won/Documents/Code/SPI_4_Wire_Serial_Intel_FPGA_IP/software/NIOS_Project_Small_bsp/\libhal_bsp.a(alt_iic.o)
                0x00027178                alt_ic_isr_register
                0x0002717c                alt_ic_irq_enable
                0x000271b4                alt_ic_irq_disable
                0x000271ec                alt_ic_irq_enabled
 .text          0x00027204       0x68 c:/Users/guan-ming.dennis-won/Documents/Code/SPI_4_Wire_Serial_Intel_FPGA_IP/software/NIOS_Project_Small_bsp/\libhal_bsp.a(alt_iic_isr_register.o)
                0x00027204                alt_iic_isr_register
 .text          0x0002726c        0x0 c:/Users/guan-ming.dennis-won/Documents/Code/SPI_4_Wire_Serial_Intel_FPGA_IP/software/NIOS_Project_Small_bsp/\libhal_bsp.a(alt_irq_entry.o)
 .text          0x0002726c        0x0 c:/Users/guan-ming.dennis-won/Documents/Code/SPI_4_Wire_Serial_Intel_FPGA_IP/software/NIOS_Project_Small_bsp/\libhal_bsp.a(alt_irq_handler.o)
 .text          0x0002726c        0x0 c:/Users/guan-ming.dennis-won/Documents/Code/SPI_4_Wire_Serial_Intel_FPGA_IP/software/NIOS_Project_Small_bsp/\libhal_bsp.a(alt_irq_vars.o)
 .text          0x0002726c       0x84 c:/Users/guan-ming.dennis-won/Documents/Code/SPI_4_Wire_Serial_Intel_FPGA_IP/software/NIOS_Project_Small_bsp/\libhal_bsp.a(alt_load.o)
                0x0002726c                alt_load
 .text          0x000272f0       0x2c c:/Users/guan-ming.dennis-won/Documents/Code/SPI_4_Wire_Serial_Intel_FPGA_IP/software/NIOS_Project_Small_bsp/\libhal_bsp.a(alt_main.o)
                0x000272f0                alt_main
 .text          0x0002731c        0x8 c:/Users/guan-ming.dennis-won/Documents/Code/SPI_4_Wire_Serial_Intel_FPGA_IP/software/NIOS_Project_Small_bsp/\libhal_bsp.a(alt_malloc_lock.o)
                0x0002731c                __malloc_lock
                0x00027320                __malloc_unlock
 .text          0x00027324       0x4c c:/Users/guan-ming.dennis-won/Documents/Code/SPI_4_Wire_Serial_Intel_FPGA_IP/software/NIOS_Project_Small_bsp/\libhal_bsp.a(alt_sbrk.o)
                0x00027324                sbrk
 .text          0x00027370        0x4 c:/Users/guan-ming.dennis-won/Documents/Code/SPI_4_Wire_Serial_Intel_FPGA_IP/software/NIOS_Project_Small_bsp/\libhal_bsp.a(alt_usleep.o)
                0x00027370                usleep
 .text          0x00027374       0x5c c:/Users/guan-ming.dennis-won/Documents/Code/SPI_4_Wire_Serial_Intel_FPGA_IP/software/NIOS_Project_Small_bsp/\libhal_bsp.a(alt_write.o)
                0x00027374                write
 .text          0x000273d0       0x24 c:/Users/guan-ming.dennis-won/Documents/Code/SPI_4_Wire_Serial_Intel_FPGA_IP/software/NIOS_Project_Small_bsp/\libhal_bsp.a(alt_sys_init.o)
                0x000273d0                alt_irq_init
                0x000273f0                alt_sys_init
 .text          0x000273f4       0x30 c:/Users/guan-ming.dennis-won/Documents/Code/SPI_4_Wire_Serial_Intel_FPGA_IP/software/NIOS_Project_Small_bsp/\libhal_bsp.a(altera_avalon_jtag_uart_write.o)
                0x000273f4                altera_avalon_jtag_uart_write
 .text          0x00027424       0xd8 c:/Users/guan-ming.dennis-won/Documents/Code/SPI_4_Wire_Serial_Intel_FPGA_IP/software/NIOS_Project_Small_bsp/\libhal_bsp.a(altera_avalon_spi.o)
                0x00027424                alt_avalon_spi_command
 .text          0x000274fc       0x90 c:/Users/guan-ming.dennis-won/Documents/Code/SPI_4_Wire_Serial_Intel_FPGA_IP/software/NIOS_Project_Small_bsp/\libhal_bsp.a(alt_busy_sleep.o)
                0x000274fc                alt_busy_sleep
 .text          0x0002758c        0x4 c:/Users/guan-ming.dennis-won/Documents/Code/SPI_4_Wire_Serial_Intel_FPGA_IP/software/NIOS_Project_Small_bsp/\libhal_bsp.a(alt_dcache_flush_all.o)
                0x0002758c                alt_dcache_flush_all
 .text          0x00027590        0x0 c:/Users/guan-ming.dennis-won/Documents/Code/SPI_4_Wire_Serial_Intel_FPGA_IP/software/NIOS_Project_Small_bsp/\libhal_bsp.a(alt_errno.o)
 .text          0x00027590        0x0 c:/Users/guan-ming.dennis-won/Documents/Code/SPI_4_Wire_Serial_Intel_FPGA_IP/software/NIOS_Project_Small_bsp/\libhal_bsp.a(alt_exception_entry.o)
 .text          0x00027590        0x4 c:/Users/guan-ming.dennis-won/Documents/Code/SPI_4_Wire_Serial_Intel_FPGA_IP/software/NIOS_Project_Small_bsp/\libhal_bsp.a(alt_icache_flush_all.o)
                0x00027590                alt_icache_flush_all
 .text          0x00027594       0x24 c:/Users/guan-ming.dennis-won/Documents/Code/SPI_4_Wire_Serial_Intel_FPGA_IP/software/NIOS_Project_Small_bsp/\libhal_bsp.a(alt_instruction_exception_entry.o)
                0x00027594                alt_exception_cause_generated_bad_addr
 .text          0x000275b8        0x8 c:/Users/guan-ming.dennis-won/Documents/Code/SPI_4_Wire_Serial_Intel_FPGA_IP/software/NIOS_Project_Small_bsp/\libhal_bsp.a(altera_nios2_gen2_irq.o)
                0x000275b8                altera_nios2_gen2_irq_init
 *(.gnu.warning.*)
 *(.fini)
                [!provide]                        PROVIDE (__etext = ABSOLUTE (.))
                [!provide]                        PROVIDE (_etext = ABSOLUTE (.))
                [!provide]                        PROVIDE (etext = ABSOLUTE (.))
 *(.eh_frame_hdr)
                0x000275c0                        . = ALIGN (0x4)
                [!provide]                        PROVIDE (__preinit_array_start = ABSOLUTE (.))
 *(.preinit_array)
                [!provide]                        PROVIDE (__preinit_array_end = ABSOLUTE (.))
                [!provide]                        PROVIDE (__init_array_start = ABSOLUTE (.))
 *(SORT_BY_INIT_PRIORITY(.init_array.*))
 *(.init_array)
                [!provide]                        PROVIDE (__init_array_end = ABSOLUTE (.))
                [!provide]                        PROVIDE (__fini_array_start = ABSOLUTE (.))
 *(.fini_array)
                [!provide]                        PROVIDE (__fini_array_end = ABSOLUTE (.))
 *(.eh_frame)
 *(.gcc_except_table .gcc_except_table.*)
 *(.dynamic)
                [!provide]                        PROVIDE (__CTOR_LIST__ = ABSOLUTE (.))
 *(.ctors)
 *(SORT_BY_NAME(.ctors.*))
                [!provide]                        PROVIDE (__CTOR_END__ = ABSOLUTE (.))
                [!provide]                        PROVIDE (__DTOR_LIST__ = ABSOLUTE (.))
 *(.dtors)
 *(SORT_BY_NAME(.dtors.*))
                [!provide]                        PROVIDE (__DTOR_END__ = ABSOLUTE (.))
 *(.jcr)
                0x000275c0                        . = ALIGN (0x4)

.rodata         0x000275c0      0x5f8
                0x000275c0                        PROVIDE (__ram_rodata_start = ABSOLUTE (.))
                0x000275c0                        . = ALIGN (0x4)
 *(.rodata .rodata.* .gnu.linkonce.r.*)
 .rodata.str1.4
                0x000275c0       0x14 obj/default/hello_world_small.o
 .rodata        0x000275d4      0x548 obj/default/imported_source/coeappl.o
                0x000275d4                aName0x1C33
                0x000276dc                aName0x1C32
                0x000277e4                asEntryDesc0x1C3x
                0x000278ac                aName0x1C00
                0x000278be                asEntryDesc0x1C00
                0x000278cc                aName0x10F8
                0x000278e0                aName0x10F1
                0x00027920                asEntryDesc0x10F1
                0x00027934                aName0x1018
                0x0002797c                asEntryDesc0x1018
                0x0002799c                aName0x100A
                0x000279bc                aName0x1009
                0x000279dc                aName0x1008
                0x000279e8                aName0x1001
                0x000279f8                aName0x1000
                0x00027a04                aName0x7000
                0x00027a20                asEntryDesc0x7000
                0x00027a2c                aName0x6000
                0x00027a46                asEntryDesc0x6000
                0x00027a54                aName0x1C13
                0x00027a70                asEntryDesc0x1C13
                0x00027a7c                aName0x1C12
                0x00027a98                asEntryDesc0x1C12
                0x00027aa4                aName0x1A00
                0x00027ad4                asEntryDesc0x1A00
                0x00027ae0                aName0x1600
                0x00027b10                asEntryDesc0x1600
 .rodata        0x00027b1c       0x20 obj/default/imported_source/objdef.o
                0x00027b1c                cBitMask
 .rodata        0x00027b3c       0x78 obj/default/imported_source/sdoserv.o
                0x00027b3c                cAbortCode
 .rodata._puts_r.str1.4
                0x00027bb4        0x2 c:/intelfpga_lite/23.1std/nios2eds/bin/gnu/h-x86_64-mingw32/bin/../lib/gcc/nios2-elf/12.3.1/../../../../../H-x86_64-mingw32/nios2-elf/lib/mno-hw-mul\libsmallc.a(libc_a-puts.o)
 *(.rodata1)
                0x00027bb8                        . = ALIGN (0x4)
 *fill*         0x00027bb6        0x2 
                0x00027bb8                        PROVIDE (__ram_rodata_end = ABSOLUTE (.))
                0x000275c0                        PROVIDE (__flash_rodata_start = LOADADDR (.rodata))

.rwdata         0x00027bb8      0x400 load address 0x00027fb8
                0x00027bb8                        PROVIDE (__ram_rwdata_start = ABSOLUTE (.))
                0x00027bb8                        . = ALIGN (0x4)
 *(.got.plt)
 *(.got)
 *(.data1)
 *(.data .data.* .gnu.linkonce.d.*)
 .data          0x00027bb8        0x0 c:/Users/guan-ming.dennis-won/Documents/Code/SPI_4_Wire_Serial_Intel_FPGA_IP/software/NIOS_Project_Small_bsp//obj/HAL/src/crt0.o
 .data          0x00027bb8        0x0 obj/default/hello_world_small.o
 .data          0x00027bb8        0x0 obj/default/imported_source/TENCL040_ESC.o
 .data          0x00027bb8        0x0 obj/default/imported_source/ax58100_hw.o
 .data          0x00027bb8      0x31c obj/default/imported_source/coeappl.o
                0x00027bb8                GenObjDic
                0x00027d98                sIdentity
                0x00027dac                acDevicename
                0x00027dbc                ApplicationObjDic
 .data          0x00027ed4        0x0 obj/default/imported_source/ecatappl.o
 .data          0x00027ed4        0x0 obj/default/imported_source/ecatcoe.o
 .data          0x00027ed4        0x0 obj/default/imported_source/ecatslv.o
 .data          0x00027ed4        0x0 obj/default/imported_source/mailbox.o
 .data          0x00027ed4       0x1c obj/default/imported_source/objdef.o
                0x00027ed4                aSubindexDesc
                0x00027ee4                sErrorSettings
 .data          0x00027ef0        0x0 obj/default/imported_source/sdoserv.o
 .data          0x00027ef0        0x0 obj/default/nios_it/nios_it.o
 .data          0x00027ef0        0x0 obj/default/peripheral/peripheral_linker.o
 .data          0x00027ef0        0x0 c:/intelfpga_lite/23.1std/nios2eds/bin/gnu/h-x86_64-mingw32/bin/../lib/gcc/nios2-elf/12.3.1/mno-hw-mul\libgcc.a(lib2-divmod.o)
 .data          0x00027ef0        0x0 c:/intelfpga_lite/23.1std/nios2eds/bin/gnu/h-x86_64-mingw32/bin/../lib/gcc/nios2-elf/12.3.1/mno-hw-mul\libgcc.a(lib2-mul.o)
 .data          0x00027ef0        0x0 c:/intelfpga_lite/23.1std/nios2eds/bin/gnu/h-x86_64-mingw32/bin/../lib/gcc/nios2-elf/12.3.1/../../../../../H-x86_64-mingw32/nios2-elf/lib/mno-hw-mul\libsmallc.a(libc_a-malloc.o)
 .data          0x00027ef0        0x0 c:/intelfpga_lite/23.1std/nios2eds/bin/gnu/h-x86_64-mingw32/bin/../lib/gcc/nios2-elf/12.3.1/../../../../../H-x86_64-mingw32/nios2-elf/lib/mno-hw-mul\libsmallc.a(libc_a-mallocr.o)
 .data          0x00027ef0        0x0 c:/intelfpga_lite/23.1std/nios2eds/bin/gnu/h-x86_64-mingw32/bin/../lib/gcc/nios2-elf/12.3.1/../../../../../H-x86_64-mingw32/nios2-elf/lib/mno-hw-mul\libsmallc.a(libc_a-puts.o)
 .data          0x00027ef0        0x0 c:/intelfpga_lite/23.1std/nios2eds/bin/gnu/h-x86_64-mingw32/bin/../lib/gcc/nios2-elf/12.3.1/../../../../../H-x86_64-mingw32/nios2-elf/lib/mno-hw-mul\libsmallc.a(libc_a-memcpy.o)
 .data          0x00027ef0        0x0 c:/intelfpga_lite/23.1std/nios2eds/bin/gnu/h-x86_64-mingw32/bin/../lib/gcc/nios2-elf/12.3.1/../../../../../H-x86_64-mingw32/nios2-elf/lib/mno-hw-mul\libsmallc.a(libc_a-memset.o)
 .data          0x00027ef0        0x0 c:/intelfpga_lite/23.1std/nios2eds/bin/gnu/h-x86_64-mingw32/bin/../lib/gcc/nios2-elf/12.3.1/../../../../../H-x86_64-mingw32/nios2-elf/lib/mno-hw-mul\libsmallc.a(libc_a-strlen.o)
 .data          0x00027ef0        0x0 c:/intelfpga_lite/23.1std/nios2eds/bin/gnu/h-x86_64-mingw32/bin/../lib/gcc/nios2-elf/12.3.1/../../../../../H-x86_64-mingw32/nios2-elf/lib/mno-hw-mul\libsmallc.a(libc_a-impure.o)
 .data._impure_data
                0x00027ef0       0x54 c:/intelfpga_lite/23.1std/nios2eds/bin/gnu/h-x86_64-mingw32/bin/../lib/gcc/nios2-elf/12.3.1/../../../../../H-x86_64-mingw32/nios2-elf/lib/mno-hw-mul\libsmallc.a(libc_a-impure.o)
                0x00027ef0                _impure_data
 .data          0x00027f44        0x0 c:/intelfpga_lite/23.1std/nios2eds/bin/gnu/h-x86_64-mingw32/bin/../lib/gcc/nios2-elf/12.3.1/../../../../../H-x86_64-mingw32/nios2-elf/lib/mno-hw-mul\libsmallc.a(libc_a-sbrkr.o)
 .data          0x00027f44        0x0 c:/intelfpga_lite/23.1std/nios2eds/bin/gnu/h-x86_64-mingw32/bin/../lib/gcc/nios2-elf/12.3.1/../../../../../H-x86_64-mingw32/nios2-elf/lib/mno-hw-mul\libsmallc.a(libc_a-freer.o)
 .data          0x00027f44        0x0 c:/intelfpga_lite/23.1std/nios2eds/bin/gnu/h-x86_64-mingw32/bin/../lib/gcc/nios2-elf/12.3.1/../../../../../H-x86_64-mingw32/nios2-elf/lib/mno-hw-mul\libsmallc.a(libc_a-fvwrite_small_dev.o)
 .data          0x00027f44        0x0 c:/intelfpga_lite/23.1std/nios2eds/bin/gnu/h-x86_64-mingw32/bin/../lib/gcc/nios2-elf/12.3.1/../../../../../H-x86_64-mingw32/nios2-elf/lib/mno-hw-mul\libsmallc.a(libc_a-int_errno.o)
 .data          0x00027f44        0x0 c:/intelfpga_lite/23.1std/nios2eds/bin/gnu/h-x86_64-mingw32/bin/../lib/gcc/nios2-elf/12.3.1/../../../../../H-x86_64-mingw32/nios2-elf/lib/mno-hw-mul\libsmallc.a(libc_a-writer.o)
 .data          0x00027f44        0x0 c:/Users/guan-ming.dennis-won/Documents/Code/SPI_4_Wire_Serial_Intel_FPGA_IP/software/NIOS_Project_Small_bsp/\libhal_bsp.a(alt_iic.o)
 .data          0x00027f44        0x0 c:/Users/guan-ming.dennis-won/Documents/Code/SPI_4_Wire_Serial_Intel_FPGA_IP/software/NIOS_Project_Small_bsp/\libhal_bsp.a(alt_iic_isr_register.o)
 .data          0x00027f44        0x0 c:/Users/guan-ming.dennis-won/Documents/Code/SPI_4_Wire_Serial_Intel_FPGA_IP/software/NIOS_Project_Small_bsp/\libhal_bsp.a(alt_irq_entry.o)
 .data          0x00027f44        0x0 c:/Users/guan-ming.dennis-won/Documents/Code/SPI_4_Wire_Serial_Intel_FPGA_IP/software/NIOS_Project_Small_bsp/\libhal_bsp.a(alt_irq_handler.o)
 .data          0x00027f44        0x0 c:/Users/guan-ming.dennis-won/Documents/Code/SPI_4_Wire_Serial_Intel_FPGA_IP/software/NIOS_Project_Small_bsp/\libhal_bsp.a(alt_irq_vars.o)
 .data          0x00027f44        0x0 c:/Users/guan-ming.dennis-won/Documents/Code/SPI_4_Wire_Serial_Intel_FPGA_IP/software/NIOS_Project_Small_bsp/\libhal_bsp.a(alt_load.o)
 .data          0x00027f44        0x0 c:/Users/guan-ming.dennis-won/Documents/Code/SPI_4_Wire_Serial_Intel_FPGA_IP/software/NIOS_Project_Small_bsp/\libhal_bsp.a(alt_main.o)
 .data          0x00027f44        0x0 c:/Users/guan-ming.dennis-won/Documents/Code/SPI_4_Wire_Serial_Intel_FPGA_IP/software/NIOS_Project_Small_bsp/\libhal_bsp.a(alt_malloc_lock.o)
 .data          0x00027f44        0x0 c:/Users/guan-ming.dennis-won/Documents/Code/SPI_4_Wire_Serial_Intel_FPGA_IP/software/NIOS_Project_Small_bsp/\libhal_bsp.a(alt_sbrk.o)
 .data          0x00027f44        0x0 c:/Users/guan-ming.dennis-won/Documents/Code/SPI_4_Wire_Serial_Intel_FPGA_IP/software/NIOS_Project_Small_bsp/\libhal_bsp.a(alt_usleep.o)
 .data          0x00027f44        0x0 c:/Users/guan-ming.dennis-won/Documents/Code/SPI_4_Wire_Serial_Intel_FPGA_IP/software/NIOS_Project_Small_bsp/\libhal_bsp.a(alt_write.o)
 .data          0x00027f44        0x0 c:/Users/guan-ming.dennis-won/Documents/Code/SPI_4_Wire_Serial_Intel_FPGA_IP/software/NIOS_Project_Small_bsp/\libhal_bsp.a(alt_sys_init.o)
 .data          0x00027f44        0x0 c:/Users/guan-ming.dennis-won/Documents/Code/SPI_4_Wire_Serial_Intel_FPGA_IP/software/NIOS_Project_Small_bsp/\libhal_bsp.a(altera_avalon_jtag_uart_write.o)
 .data          0x00027f44        0x0 c:/Users/guan-ming.dennis-won/Documents/Code/SPI_4_Wire_Serial_Intel_FPGA_IP/software/NIOS_Project_Small_bsp/\libhal_bsp.a(altera_avalon_spi.o)
 .data          0x00027f44        0x0 c:/Users/guan-ming.dennis-won/Documents/Code/SPI_4_Wire_Serial_Intel_FPGA_IP/software/NIOS_Project_Small_bsp/\libhal_bsp.a(alt_busy_sleep.o)
 .data          0x00027f44        0x0 c:/Users/guan-ming.dennis-won/Documents/Code/SPI_4_Wire_Serial_Intel_FPGA_IP/software/NIOS_Project_Small_bsp/\libhal_bsp.a(alt_dcache_flush_all.o)
 .data          0x00027f44        0x0 c:/Users/guan-ming.dennis-won/Documents/Code/SPI_4_Wire_Serial_Intel_FPGA_IP/software/NIOS_Project_Small_bsp/\libhal_bsp.a(alt_errno.o)
 .data          0x00027f44        0x0 c:/Users/guan-ming.dennis-won/Documents/Code/SPI_4_Wire_Serial_Intel_FPGA_IP/software/NIOS_Project_Small_bsp/\libhal_bsp.a(alt_exception_entry.o)
 .data          0x00027f44        0x0 c:/Users/guan-ming.dennis-won/Documents/Code/SPI_4_Wire_Serial_Intel_FPGA_IP/software/NIOS_Project_Small_bsp/\libhal_bsp.a(alt_icache_flush_all.o)
 .data          0x00027f44        0x0 c:/Users/guan-ming.dennis-won/Documents/Code/SPI_4_Wire_Serial_Intel_FPGA_IP/software/NIOS_Project_Small_bsp/\libhal_bsp.a(alt_instruction_exception_entry.o)
 .data          0x00027f44        0x0 c:/Users/guan-ming.dennis-won/Documents/Code/SPI_4_Wire_Serial_Intel_FPGA_IP/software/NIOS_Project_Small_bsp/\libhal_bsp.a(altera_nios2_gen2_irq.o)
                0x0002ff44                        _gp = ABSOLUTE ((. + 0x8000))
                [!provide]                        PROVIDE (gp = _gp)
 *(.rwdata .rwdata.*)
 *(.sdata .sdata.* .gnu.linkonce.s.*)
 .sdata         0x00027f44        0x1 obj/default/hello_world_small.o
 *fill*         0x00027f45        0x3 
 .sdata         0x00027f48       0x20 obj/default/imported_source/TENCL040_ESC.o
                0x00027f48                OUT_GENERIC0x7000
                0x00027f4c                IN_GENERIC0x6000
                0x00027f50                sTxPDOassign
                0x00027f54                sRxPDOassign
                0x00027f58                IN_GENERICProcessDataMapping0x1A00
                0x00027f60                OUT_GENERICProcessDataMapping0x1600
 .sdata         0x00027f68       0x3c obj/default/imported_source/coeappl.o
                0x00027f68                sSyncmanagertype
                0x00027f6e                sEntryDesc0x10F8
                0x00027f74                sEntryDesc0x100A
                0x00027f7c                acSoftwareversion
                0x00027f82                sEntryDesc0x1009
                0x00027f88                acHardwareversion
                0x00027f8e                sEntryDesc0x1008
                0x00027f94                sEntryDesc0x1001
                0x00027f9a                sEntryDesc0x1000
                0x00027fa0                u32Devicetype
 .sdata._impure_ptr
                0x00027fa4        0x4 c:/intelfpga_lite/23.1std/nios2eds/bin/gnu/h-x86_64-mingw32/bin/../lib/gcc/nios2-elf/12.3.1/../../../../../H-x86_64-mingw32/nios2-elf/lib/mno-hw-mul\libsmallc.a(libc_a-impure.o)
                0x00027fa4                _impure_ptr
 .sdata         0x00027fa8        0x4 c:/Users/guan-ming.dennis-won/Documents/Code/SPI_4_Wire_Serial_Intel_FPGA_IP/software/NIOS_Project_Small_bsp/\libhal_bsp.a(alt_irq_vars.o)
                0x00027fa8                alt_priority_mask
 .sdata         0x00027fac        0x4 c:/Users/guan-ming.dennis-won/Documents/Code/SPI_4_Wire_Serial_Intel_FPGA_IP/software/NIOS_Project_Small_bsp/\libhal_bsp.a(alt_sbrk.o)
 .sdata         0x00027fb0        0x4 c:/Users/guan-ming.dennis-won/Documents/Code/SPI_4_Wire_Serial_Intel_FPGA_IP/software/NIOS_Project_Small_bsp/\libhal_bsp.a(alt_sys_init.o)
                0x00027fb0                DEBUG
 .sdata         0x00027fb4        0x4 c:/Users/guan-ming.dennis-won/Documents/Code/SPI_4_Wire_Serial_Intel_FPGA_IP/software/NIOS_Project_Small_bsp/\libhal_bsp.a(alt_errno.o)
                0x00027fb4                alt_errno
 *(.sdata2 .sdata2.* .gnu.linkonce.s2.*)
                0x00027fb8                        . = ALIGN (0x4)
                0x00027fb8                        _edata = ABSOLUTE (.)
                [!provide]                        PROVIDE (edata = ABSOLUTE (.))
                0x00027fb8                        PROVIDE (__ram_rwdata_end = ABSOLUTE (.))
                0x00027fb8                        PROVIDE (__flash_rwdata_start = LOADADDR (.rwdata))

.bss            0x000283b8      0x3a0
                0x000283b8                        __bss_start = ABSOLUTE (.)
                [!provide]                        PROVIDE (__sbss_start = ABSOLUTE (.))
                [!provide]                        PROVIDE (___sbss_start = ABSOLUTE (.))
 *(.dynsbss)
 *(.sbss .sbss.* .gnu.linkonce.sb.*)
 .sbss          0x000283b8        0x4 obj/default/imported_source/ax58100_hw.o
                0x000283b8                bootSwitchID
                0x000283ba                EscALEvent
 .sbss          0x000283bc       0x18 obj/default/imported_source/coeappl.o
                0x000283bc                ObjDicList
                0x000283c0                u16ErrorRegister
                0x000283c4                u32CheckForDcOverrunCnt
                0x000283c8                u32LastDc32Value
                0x000283cc                u64Timestamp
 .sbss          0x000283d4       0x2c obj/default/imported_source/ecatappl.o
                0x000283d4                bInitFinished
                0x000283d6                aPdOutputData
                0x000283dc                u32MinCycleTimeValue
                0x000283e0                bMinCycleTimeMeasurementStarted
                0x000283e4                u32SystemTimeReadFailure
                0x000283e8                u32MinCycleTimeStartValue
                0x000283ec                u32CycleTimeStartValue
                0x000283f0                pAPPL_MainLoop
                0x000283f4                pAPPL_CoeWriteInd
                0x000283f8                pAPPL_CoeReadInd
                0x000283fc                bRunApplication
                0x000283fd                bEtherCATErrorLed
                0x000283fe                bEtherCATRunLed
                0x000283ff                bEcatWaitForInputUpdate
 .sbss          0x00028400        0x4 obj/default/imported_source/ecatcoe.o
                0x00028400                pCoeSendStored
 .sbss          0x00028404       0x4b obj/default/imported_source/ecatslv.o
                0x00028404                EepromLoaded
                0x00028406                SyncManInfo
                0x0002840e                SMActivate
                0x0002840f                u8dummy
                0x00028410                u16IdValue
                0x00028412                u16ALEventMask
                0x00028414                nEscAddrInputData
                0x00028416                nEscAddrOutputData
                0x00028418                EcatWdValue
                0x0002841a                bExplicitDevIdRequested
                0x0002841b                nAlStatus
                0x0002841c                nMaxEscAddress
                0x0002841e                nMaxSyncMan
                0x00028420                nPdOutputSize
                0x00028422                nPdInputSize
                0x00028424                nEcatStateTrans
                0x00028426                bEcatWaitForAlControlRes
                0x00028427                bApplEsmPending
                0x00028428                u8LocalErrorState
                0x0002842a                u16LocalErrorCode
                0x0002842c                b3BufferMode
                0x0002842d                bEscIntEnabled
                0x0002842e                b32BitDc
                0x00028430                LatchInputSync0Counter
                0x00028432                LatchInputSync0Value
                0x00028434                Sync1WdValue
                0x00028436                Sync1WdCounter
                0x00028438                Sync0WdValue
                0x0002843a                Sync0WdCounter
                0x0002843c                i16WaitForPllRunningCnt
                0x0002843e                i16WaitForPllRunningTimeout
                0x00028440                bSmSyncSequenceValid
                0x00028442                u16SmSync0Value
                0x00028444                u16SmSync0Counter
                0x00028446                bDcRunning
                0x00028448                EsmTimeoutCounter
                0x0002844a                bDcSyncActive
                0x0002844b                bWdTrigger
                0x0002844c                bEcatFirstOutputsReceived
                0x0002844d                bEcatInputUpdateRunning
                0x0002844e                bEcatOutputUpdateRunning
 *fill*         0x0002844f        0x1 
 .sbss          0x00028450       0x24 obj/default/imported_source/mailbox.o
                0x00028450                bNoMbxMemoryAvailable
                0x00028454                psStoreMbx
                0x00028458                psRepeatMbx
                0x0002845c                psReadMbx
                0x00028460                psWriteMbx
                0x00028464                u8MailboxSendReqStored
                0x00028465                u8MbxReadCounter
                0x00028466                u8MbxWriteCounter
                0x00028468                u16EscAddrSendMbx
                0x0002846a                u16EscAddrReceiveMbx
                0x0002846c                u16ReceiveMbxSize
                0x0002846e                u16SendMbxSize
                0x00028470                bMbxRepeatToggle
                0x00028471                bMbxRunning
                0x00028472                bSendMbxIsFull
                0x00028473                bReceiveMbxIsLocked
 .sbss          0x00028474        0x3 obj/default/imported_source/objdef.o
                0x00028474                sCycleDiag
                0x00028476                bSyncSetByUser
 *fill*         0x00028477        0x1 
 .sbss          0x00028478       0x39 obj/default/imported_source/sdoserv.o
                0x00028478                pSdoSegObjEntry
                0x0002847c                nSdoSegCompleteSize
                0x00028480                bSdoSegLastToggle
                0x00028484                nSdoSegBytesToHandle
                0x00028488                nSdoSegSubindex
                0x0002848a                nSdoSegIndex
                0x0002848c                bSdoSegAccess
                0x0002848d                bSdoSegFollows
                0x0002848e                nSdoSegService
                0x0002848f                bSdoInWork
                0x00028490                pSdoResStored
                0x00028494                pSdoInfoObjEntry
                0x00028498                nSdoInfoIndex
                0x0002849a                nSdoInfoFragmentsLeft
                0x0002849c                pSdoSegData
                0x000284a0                pSdoPendFunc
                0x000284a4                pStoreData
                0x000284a8                u32StoreDataSize
                0x000284ac                u16StoreIndex
                0x000284ae                u8StoreSubindex
                0x000284af                bStoreCompleteAccess
                0x000284b0                u8PendingSdo
 *fill*         0x000284b1        0x3 
 .sbss          0x000284b4        0x4 obj/default/nios_it/nios_it.o
                0x000284b4                edge_capture
 .sbss.__malloc_sbrk_start
                0x000284b8        0x4 c:/intelfpga_lite/23.1std/nios2eds/bin/gnu/h-x86_64-mingw32/bin/../lib/gcc/nios2-elf/12.3.1/../../../../../H-x86_64-mingw32/nios2-elf/lib/mno-hw-mul\libsmallc.a(libc_a-mallocr.o)
                0x000284b8                __malloc_sbrk_start
 .sbss.__malloc_free_list
                0x000284bc        0x4 c:/intelfpga_lite/23.1std/nios2eds/bin/gnu/h-x86_64-mingw32/bin/../lib/gcc/nios2-elf/12.3.1/../../../../../H-x86_64-mingw32/nios2-elf/lib/mno-hw-mul\libsmallc.a(libc_a-mallocr.o)
                0x000284bc                __malloc_free_list
 .sbss.errno    0x000284c0        0x4 c:/intelfpga_lite/23.1std/nios2eds/bin/gnu/h-x86_64-mingw32/bin/../lib/gcc/nios2-elf/12.3.1/../../../../../H-x86_64-mingw32/nios2-elf/lib/mno-hw-mul\libsmallc.a(libc_a-int_errno.o)
                0x000284c0                errno
 .sbss          0x000284c4        0x4 c:/Users/guan-ming.dennis-won/Documents/Code/SPI_4_Wire_Serial_Intel_FPGA_IP/software/NIOS_Project_Small_bsp/\libhal_bsp.a(alt_irq_vars.o)
                0x000284c4                alt_irq_active
 .sbss          0x000284c8        0xc c:/Users/guan-ming.dennis-won/Documents/Code/SPI_4_Wire_Serial_Intel_FPGA_IP/software/NIOS_Project_Small_bsp/\libhal_bsp.a(alt_main.o)
                0x000284c8                alt_envp
                0x000284cc                alt_argv
                0x000284d0                alt_argc
 .sbss          0x000284d4        0x4 c:/Users/guan-ming.dennis-won/Documents/Code/SPI_4_Wire_Serial_Intel_FPGA_IP/software/NIOS_Project_Small_bsp/\libhal_bsp.a(alt_instruction_exception_entry.o)
                0x000284d4                alt_instruction_exception_handler
 *(.sbss2 .sbss2.* .gnu.linkonce.sb2.*)
 *(.scommon)
                [!provide]                        PROVIDE (__sbss_end = ABSOLUTE (.))
                [!provide]                        PROVIDE (___sbss_end = ABSOLUTE (.))
 *(.dynbss)
 *(.bss .bss.* .gnu.linkonce.b.*)
 .bss           0x000284d8        0x0 c:/Users/guan-ming.dennis-won/Documents/Code/SPI_4_Wire_Serial_Intel_FPGA_IP/software/NIOS_Project_Small_bsp//obj/HAL/src/crt0.o
 .bss           0x000284d8        0x0 obj/default/hello_world_small.o
 .bss           0x000284d8        0x0 obj/default/imported_source/TENCL040_ESC.o
 .bss           0x000284d8       0x18 obj/default/imported_source/ax58100_hw.o
                0x000284d8                spiRxBuf
                0x000284e4                spiTxBuf
 .bss           0x000284f0        0x0 obj/default/imported_source/coeappl.o
 .bss           0x000284f0       0x68 obj/default/imported_source/ecatappl.o
                0x000284f0                aPdInputData
 .bss           0x00028558        0x0 obj/default/imported_source/ecatcoe.o
 .bss           0x00028558        0x0 obj/default/imported_source/ecatslv.o
 .bss           0x00028558       0x68 obj/default/imported_source/mailbox.o
                0x00028558                sMbxReceiveQueue
                0x0002858c                sMbxSendQueue
 .bss           0x000285c0       0x88 obj/default/imported_source/objdef.o
                0x000285c0                sSyncManInPar
                0x00028604                sSyncManOutPar
 .bss           0x00028648       0x10 obj/default/imported_source/sdoserv.o
                0x00028648                aSdoInfoHeader
 .bss           0x00028658        0x0 obj/default/nios_it/nios_it.o
 .bss           0x00028658        0x0 obj/default/peripheral/peripheral_linker.o
 .bss           0x00028658        0x0 c:/intelfpga_lite/23.1std/nios2eds/bin/gnu/h-x86_64-mingw32/bin/../lib/gcc/nios2-elf/12.3.1/mno-hw-mul\libgcc.a(lib2-divmod.o)
 .bss           0x00028658        0x0 c:/intelfpga_lite/23.1std/nios2eds/bin/gnu/h-x86_64-mingw32/bin/../lib/gcc/nios2-elf/12.3.1/mno-hw-mul\libgcc.a(lib2-mul.o)
 .bss           0x00028658        0x0 c:/intelfpga_lite/23.1std/nios2eds/bin/gnu/h-x86_64-mingw32/bin/../lib/gcc/nios2-elf/12.3.1/../../../../../H-x86_64-mingw32/nios2-elf/lib/mno-hw-mul\libsmallc.a(libc_a-malloc.o)
 .bss           0x00028658        0x0 c:/intelfpga_lite/23.1std/nios2eds/bin/gnu/h-x86_64-mingw32/bin/../lib/gcc/nios2-elf/12.3.1/../../../../../H-x86_64-mingw32/nios2-elf/lib/mno-hw-mul\libsmallc.a(libc_a-mallocr.o)
 .bss           0x00028658        0x0 c:/intelfpga_lite/23.1std/nios2eds/bin/gnu/h-x86_64-mingw32/bin/../lib/gcc/nios2-elf/12.3.1/../../../../../H-x86_64-mingw32/nios2-elf/lib/mno-hw-mul\libsmallc.a(libc_a-puts.o)
 .bss           0x00028658        0x0 c:/intelfpga_lite/23.1std/nios2eds/bin/gnu/h-x86_64-mingw32/bin/../lib/gcc/nios2-elf/12.3.1/../../../../../H-x86_64-mingw32/nios2-elf/lib/mno-hw-mul\libsmallc.a(libc_a-memcpy.o)
 .bss           0x00028658        0x0 c:/intelfpga_lite/23.1std/nios2eds/bin/gnu/h-x86_64-mingw32/bin/../lib/gcc/nios2-elf/12.3.1/../../../../../H-x86_64-mingw32/nios2-elf/lib/mno-hw-mul\libsmallc.a(libc_a-memset.o)
 .bss           0x00028658        0x0 c:/intelfpga_lite/23.1std/nios2eds/bin/gnu/h-x86_64-mingw32/bin/../lib/gcc/nios2-elf/12.3.1/../../../../../H-x86_64-mingw32/nios2-elf/lib/mno-hw-mul\libsmallc.a(libc_a-strlen.o)
 .bss           0x00028658        0x0 c:/intelfpga_lite/23.1std/nios2eds/bin/gnu/h-x86_64-mingw32/bin/../lib/gcc/nios2-elf/12.3.1/../../../../../H-x86_64-mingw32/nios2-elf/lib/mno-hw-mul\libsmallc.a(libc_a-impure.o)
 .bss           0x00028658        0x0 c:/intelfpga_lite/23.1std/nios2eds/bin/gnu/h-x86_64-mingw32/bin/../lib/gcc/nios2-elf/12.3.1/../../../../../H-x86_64-mingw32/nios2-elf/lib/mno-hw-mul\libsmallc.a(libc_a-sbrkr.o)
 .bss           0x00028658        0x0 c:/intelfpga_lite/23.1std/nios2eds/bin/gnu/h-x86_64-mingw32/bin/../lib/gcc/nios2-elf/12.3.1/../../../../../H-x86_64-mingw32/nios2-elf/lib/mno-hw-mul\libsmallc.a(libc_a-freer.o)
 .bss           0x00028658        0x0 c:/intelfpga_lite/23.1std/nios2eds/bin/gnu/h-x86_64-mingw32/bin/../lib/gcc/nios2-elf/12.3.1/../../../../../H-x86_64-mingw32/nios2-elf/lib/mno-hw-mul\libsmallc.a(libc_a-fvwrite_small_dev.o)
 .bss           0x00028658        0x0 c:/intelfpga_lite/23.1std/nios2eds/bin/gnu/h-x86_64-mingw32/bin/../lib/gcc/nios2-elf/12.3.1/../../../../../H-x86_64-mingw32/nios2-elf/lib/mno-hw-mul\libsmallc.a(libc_a-int_errno.o)
 .bss           0x00028658        0x0 c:/intelfpga_lite/23.1std/nios2eds/bin/gnu/h-x86_64-mingw32/bin/../lib/gcc/nios2-elf/12.3.1/../../../../../H-x86_64-mingw32/nios2-elf/lib/mno-hw-mul\libsmallc.a(libc_a-writer.o)
 .bss           0x00028658        0x0 c:/Users/guan-ming.dennis-won/Documents/Code/SPI_4_Wire_Serial_Intel_FPGA_IP/software/NIOS_Project_Small_bsp/\libhal_bsp.a(alt_iic.o)
 .bss           0x00028658        0x0 c:/Users/guan-ming.dennis-won/Documents/Code/SPI_4_Wire_Serial_Intel_FPGA_IP/software/NIOS_Project_Small_bsp/\libhal_bsp.a(alt_iic_isr_register.o)
 .bss           0x00028658        0x0 c:/Users/guan-ming.dennis-won/Documents/Code/SPI_4_Wire_Serial_Intel_FPGA_IP/software/NIOS_Project_Small_bsp/\libhal_bsp.a(alt_irq_entry.o)
 .bss           0x00028658      0x100 c:/Users/guan-ming.dennis-won/Documents/Code/SPI_4_Wire_Serial_Intel_FPGA_IP/software/NIOS_Project_Small_bsp/\libhal_bsp.a(alt_irq_handler.o)
                0x00028658                alt_irq
 .bss           0x00028758        0x0 c:/Users/guan-ming.dennis-won/Documents/Code/SPI_4_Wire_Serial_Intel_FPGA_IP/software/NIOS_Project_Small_bsp/\libhal_bsp.a(alt_irq_vars.o)
 .bss           0x00028758        0x0 c:/Users/guan-ming.dennis-won/Documents/Code/SPI_4_Wire_Serial_Intel_FPGA_IP/software/NIOS_Project_Small_bsp/\libhal_bsp.a(alt_load.o)
 .bss           0x00028758        0x0 c:/Users/guan-ming.dennis-won/Documents/Code/SPI_4_Wire_Serial_Intel_FPGA_IP/software/NIOS_Project_Small_bsp/\libhal_bsp.a(alt_main.o)
 .bss           0x00028758        0x0 c:/Users/guan-ming.dennis-won/Documents/Code/SPI_4_Wire_Serial_Intel_FPGA_IP/software/NIOS_Project_Small_bsp/\libhal_bsp.a(alt_malloc_lock.o)
 .bss           0x00028758        0x0 c:/Users/guan-ming.dennis-won/Documents/Code/SPI_4_Wire_Serial_Intel_FPGA_IP/software/NIOS_Project_Small_bsp/\libhal_bsp.a(alt_sbrk.o)
 .bss           0x00028758        0x0 c:/Users/guan-ming.dennis-won/Documents/Code/SPI_4_Wire_Serial_Intel_FPGA_IP/software/NIOS_Project_Small_bsp/\libhal_bsp.a(alt_usleep.o)
 .bss           0x00028758        0x0 c:/Users/guan-ming.dennis-won/Documents/Code/SPI_4_Wire_Serial_Intel_FPGA_IP/software/NIOS_Project_Small_bsp/\libhal_bsp.a(alt_write.o)
 .bss           0x00028758        0x0 c:/Users/guan-ming.dennis-won/Documents/Code/SPI_4_Wire_Serial_Intel_FPGA_IP/software/NIOS_Project_Small_bsp/\libhal_bsp.a(alt_sys_init.o)
 .bss           0x00028758        0x0 c:/Users/guan-ming.dennis-won/Documents/Code/SPI_4_Wire_Serial_Intel_FPGA_IP/software/NIOS_Project_Small_bsp/\libhal_bsp.a(altera_avalon_jtag_uart_write.o)
 .bss           0x00028758        0x0 c:/Users/guan-ming.dennis-won/Documents/Code/SPI_4_Wire_Serial_Intel_FPGA_IP/software/NIOS_Project_Small_bsp/\libhal_bsp.a(altera_avalon_spi.o)
 .bss           0x00028758        0x0 c:/Users/guan-ming.dennis-won/Documents/Code/SPI_4_Wire_Serial_Intel_FPGA_IP/software/NIOS_Project_Small_bsp/\libhal_bsp.a(alt_busy_sleep.o)
 .bss           0x00028758        0x0 c:/Users/guan-ming.dennis-won/Documents/Code/SPI_4_Wire_Serial_Intel_FPGA_IP/software/NIOS_Project_Small_bsp/\libhal_bsp.a(alt_dcache_flush_all.o)
 .bss           0x00028758        0x0 c:/Users/guan-ming.dennis-won/Documents/Code/SPI_4_Wire_Serial_Intel_FPGA_IP/software/NIOS_Project_Small_bsp/\libhal_bsp.a(alt_errno.o)
 .bss           0x00028758        0x0 c:/Users/guan-ming.dennis-won/Documents/Code/SPI_4_Wire_Serial_Intel_FPGA_IP/software/NIOS_Project_Small_bsp/\libhal_bsp.a(alt_exception_entry.o)
 .bss           0x00028758        0x0 c:/Users/guan-ming.dennis-won/Documents/Code/SPI_4_Wire_Serial_Intel_FPGA_IP/software/NIOS_Project_Small_bsp/\libhal_bsp.a(alt_icache_flush_all.o)
 .bss           0x00028758        0x0 c:/Users/guan-ming.dennis-won/Documents/Code/SPI_4_Wire_Serial_Intel_FPGA_IP/software/NIOS_Project_Small_bsp/\libhal_bsp.a(alt_instruction_exception_entry.o)
 .bss           0x00028758        0x0 c:/Users/guan-ming.dennis-won/Documents/Code/SPI_4_Wire_Serial_Intel_FPGA_IP/software/NIOS_Project_Small_bsp/\libhal_bsp.a(altera_nios2_gen2_irq.o)
 *(COMMON)
                0x00028758                        . = ALIGN (0x4)
                0x00028758                        __bss_end = ABSOLUTE (.)

.RAM            0x00028758        0x0
                [!provide]                        PROVIDE (_alt_partition_RAM_start = ABSOLUTE (.))
 *(.RAM .RAM. RAM.*)
                0x00028758                        . = ALIGN (0x4)
                [!provide]                        PROVIDE (_alt_partition_RAM_end = ABSOLUTE (.))
                0x00028758                        _end = ABSOLUTE (.)
                0x00028758                        end = ABSOLUTE (.)
                0x00028758                        __alt_stack_base = ABSOLUTE (.)
                [!provide]                        PROVIDE (_alt_partition_RAM_load_addr = LOADADDR (.RAM))

.stab
 *(.stab)

.stabstr
 *(.stabstr)

.stab.excl
 *(.stab.excl)

.stab.exclstr
 *(.stab.exclstr)

.stab.index
 *(.stab.index)

.stab.indexstr
 *(.stab.indexstr)

.comment        0x00000000       0x2d
 *(.comment)
 .comment       0x00000000       0x2d obj/default/hello_world_small.o
                                 0x2e (size before relaxing)
 .comment       0x0000002d       0x2e obj/default/imported_source/TENCL040_ESC.o
 .comment       0x0000002d       0x2e obj/default/imported_source/ax58100_hw.o
 .comment       0x0000002d       0x2e obj/default/imported_source/coeappl.o
 .comment       0x0000002d       0x2e obj/default/imported_source/ecatappl.o
 .comment       0x0000002d       0x2e obj/default/imported_source/ecatcoe.o
 .comment       0x0000002d       0x2e obj/default/imported_source/ecatslv.o
 .comment       0x0000002d       0x2e obj/default/imported_source/mailbox.o
 .comment       0x0000002d       0x2e obj/default/imported_source/objdef.o
 .comment       0x0000002d       0x2e obj/default/imported_source/sdoserv.o
 .comment       0x0000002d       0x2e obj/default/nios_it/nios_it.o
 .comment       0x0000002d       0x2e obj/default/peripheral/peripheral_linker.o
 .comment       0x0000002d       0x2e c:/intelfpga_lite/23.1std/nios2eds/bin/gnu/h-x86_64-mingw32/bin/../lib/gcc/nios2-elf/12.3.1/mno-hw-mul\libgcc.a(lib2-divmod.o)
 .comment       0x0000002d       0x2e c:/intelfpga_lite/23.1std/nios2eds/bin/gnu/h-x86_64-mingw32/bin/../lib/gcc/nios2-elf/12.3.1/mno-hw-mul\libgcc.a(lib2-mul.o)
 .comment       0x0000002d       0x2e c:/intelfpga_lite/23.1std/nios2eds/bin/gnu/h-x86_64-mingw32/bin/../lib/gcc/nios2-elf/12.3.1/../../../../../H-x86_64-mingw32/nios2-elf/lib/mno-hw-mul\libsmallc.a(libc_a-malloc.o)
 .comment       0x0000002d       0x2e c:/intelfpga_lite/23.1std/nios2eds/bin/gnu/h-x86_64-mingw32/bin/../lib/gcc/nios2-elf/12.3.1/../../../../../H-x86_64-mingw32/nios2-elf/lib/mno-hw-mul\libsmallc.a(libc_a-mallocr.o)
 .comment       0x0000002d       0x2e c:/intelfpga_lite/23.1std/nios2eds/bin/gnu/h-x86_64-mingw32/bin/../lib/gcc/nios2-elf/12.3.1/../../../../../H-x86_64-mingw32/nios2-elf/lib/mno-hw-mul\libsmallc.a(libc_a-puts.o)
 .comment       0x0000002d       0x2e c:/intelfpga_lite/23.1std/nios2eds/bin/gnu/h-x86_64-mingw32/bin/../lib/gcc/nios2-elf/12.3.1/../../../../../H-x86_64-mingw32/nios2-elf/lib/mno-hw-mul\libsmallc.a(libc_a-memcpy.o)
 .comment       0x0000002d       0x2e c:/intelfpga_lite/23.1std/nios2eds/bin/gnu/h-x86_64-mingw32/bin/../lib/gcc/nios2-elf/12.3.1/../../../../../H-x86_64-mingw32/nios2-elf/lib/mno-hw-mul\libsmallc.a(libc_a-memset.o)
 .comment       0x0000002d       0x2e c:/intelfpga_lite/23.1std/nios2eds/bin/gnu/h-x86_64-mingw32/bin/../lib/gcc/nios2-elf/12.3.1/../../../../../H-x86_64-mingw32/nios2-elf/lib/mno-hw-mul\libsmallc.a(libc_a-strlen.o)
 .comment       0x0000002d       0x2e c:/intelfpga_lite/23.1std/nios2eds/bin/gnu/h-x86_64-mingw32/bin/../lib/gcc/nios2-elf/12.3.1/../../../../../H-x86_64-mingw32/nios2-elf/lib/mno-hw-mul\libsmallc.a(libc_a-impure.o)
 .comment       0x0000002d       0x2e c:/intelfpga_lite/23.1std/nios2eds/bin/gnu/h-x86_64-mingw32/bin/../lib/gcc/nios2-elf/12.3.1/../../../../../H-x86_64-mingw32/nios2-elf/lib/mno-hw-mul\libsmallc.a(libc_a-sbrkr.o)
 .comment       0x0000002d       0x2e c:/intelfpga_lite/23.1std/nios2eds/bin/gnu/h-x86_64-mingw32/bin/../lib/gcc/nios2-elf/12.3.1/../../../../../H-x86_64-mingw32/nios2-elf/lib/mno-hw-mul\libsmallc.a(libc_a-freer.o)
 .comment       0x0000002d       0x2e c:/intelfpga_lite/23.1std/nios2eds/bin/gnu/h-x86_64-mingw32/bin/../lib/gcc/nios2-elf/12.3.1/../../../../../H-x86_64-mingw32/nios2-elf/lib/mno-hw-mul\libsmallc.a(libc_a-fvwrite_small_dev.o)
 .comment       0x0000002d       0x2e c:/intelfpga_lite/23.1std/nios2eds/bin/gnu/h-x86_64-mingw32/bin/../lib/gcc/nios2-elf/12.3.1/../../../../../H-x86_64-mingw32/nios2-elf/lib/mno-hw-mul\libsmallc.a(libc_a-int_errno.o)
 .comment       0x0000002d       0x2e c:/intelfpga_lite/23.1std/nios2eds/bin/gnu/h-x86_64-mingw32/bin/../lib/gcc/nios2-elf/12.3.1/../../../../../H-x86_64-mingw32/nios2-elf/lib/mno-hw-mul\libsmallc.a(libc_a-writer.o)
 .comment       0x0000002d       0x2e c:/Users/guan-ming.dennis-won/Documents/Code/SPI_4_Wire_Serial_Intel_FPGA_IP/software/NIOS_Project_Small_bsp/\libhal_bsp.a(alt_iic.o)
 .comment       0x0000002d       0x2e c:/Users/guan-ming.dennis-won/Documents/Code/SPI_4_Wire_Serial_Intel_FPGA_IP/software/NIOS_Project_Small_bsp/\libhal_bsp.a(alt_iic_isr_register.o)
 .comment       0x0000002d       0x2e c:/Users/guan-ming.dennis-won/Documents/Code/SPI_4_Wire_Serial_Intel_FPGA_IP/software/NIOS_Project_Small_bsp/\libhal_bsp.a(alt_irq_handler.o)
 .comment       0x0000002d       0x2e c:/Users/guan-ming.dennis-won/Documents/Code/SPI_4_Wire_Serial_Intel_FPGA_IP/software/NIOS_Project_Small_bsp/\libhal_bsp.a(alt_irq_vars.o)
 .comment       0x0000002d       0x2e c:/Users/guan-ming.dennis-won/Documents/Code/SPI_4_Wire_Serial_Intel_FPGA_IP/software/NIOS_Project_Small_bsp/\libhal_bsp.a(alt_load.o)
 .comment       0x0000002d       0x2e c:/Users/guan-ming.dennis-won/Documents/Code/SPI_4_Wire_Serial_Intel_FPGA_IP/software/NIOS_Project_Small_bsp/\libhal_bsp.a(alt_main.o)
 .comment       0x0000002d       0x2e c:/Users/guan-ming.dennis-won/Documents/Code/SPI_4_Wire_Serial_Intel_FPGA_IP/software/NIOS_Project_Small_bsp/\libhal_bsp.a(alt_malloc_lock.o)
 .comment       0x0000002d       0x2e c:/Users/guan-ming.dennis-won/Documents/Code/SPI_4_Wire_Serial_Intel_FPGA_IP/software/NIOS_Project_Small_bsp/\libhal_bsp.a(alt_sbrk.o)
 .comment       0x0000002d       0x2e c:/Users/guan-ming.dennis-won/Documents/Code/SPI_4_Wire_Serial_Intel_FPGA_IP/software/NIOS_Project_Small_bsp/\libhal_bsp.a(alt_usleep.o)
 .comment       0x0000002d       0x2e c:/Users/guan-ming.dennis-won/Documents/Code/SPI_4_Wire_Serial_Intel_FPGA_IP/software/NIOS_Project_Small_bsp/\libhal_bsp.a(alt_write.o)
 .comment       0x0000002d       0x2e c:/Users/guan-ming.dennis-won/Documents/Code/SPI_4_Wire_Serial_Intel_FPGA_IP/software/NIOS_Project_Small_bsp/\libhal_bsp.a(alt_sys_init.o)
 .comment       0x0000002d       0x2e c:/Users/guan-ming.dennis-won/Documents/Code/SPI_4_Wire_Serial_Intel_FPGA_IP/software/NIOS_Project_Small_bsp/\libhal_bsp.a(altera_avalon_jtag_uart_write.o)
 .comment       0x0000002d       0x2e c:/Users/guan-ming.dennis-won/Documents/Code/SPI_4_Wire_Serial_Intel_FPGA_IP/software/NIOS_Project_Small_bsp/\libhal_bsp.a(altera_avalon_spi.o)
 .comment       0x0000002d       0x2e c:/Users/guan-ming.dennis-won/Documents/Code/SPI_4_Wire_Serial_Intel_FPGA_IP/software/NIOS_Project_Small_bsp/\libhal_bsp.a(alt_busy_sleep.o)
 .comment       0x0000002d       0x2e c:/Users/guan-ming.dennis-won/Documents/Code/SPI_4_Wire_Serial_Intel_FPGA_IP/software/NIOS_Project_Small_bsp/\libhal_bsp.a(alt_dcache_flush_all.o)
 .comment       0x0000002d       0x2e c:/Users/guan-ming.dennis-won/Documents/Code/SPI_4_Wire_Serial_Intel_FPGA_IP/software/NIOS_Project_Small_bsp/\libhal_bsp.a(alt_errno.o)
 .comment       0x0000002d       0x2e c:/Users/guan-ming.dennis-won/Documents/Code/SPI_4_Wire_Serial_Intel_FPGA_IP/software/NIOS_Project_Small_bsp/\libhal_bsp.a(alt_icache_flush_all.o)
 .comment       0x0000002d       0x2e c:/Users/guan-ming.dennis-won/Documents/Code/SPI_4_Wire_Serial_Intel_FPGA_IP/software/NIOS_Project_Small_bsp/\libhal_bsp.a(alt_instruction_exception_entry.o)
 .comment       0x0000002d       0x2e c:/Users/guan-ming.dennis-won/Documents/Code/SPI_4_Wire_Serial_Intel_FPGA_IP/software/NIOS_Project_Small_bsp/\libhal_bsp.a(altera_nios2_gen2_irq.o)

.debug
 *(.debug)

.line
 *(.line)

.debug_srcinfo
 *(.debug_srcinfo)

.debug_sfnames
 *(.debug_sfnames)

.debug_aranges  0x00000000      0x628
 *(.debug_aranges)
 .debug_aranges
                0x00000000       0x28 c:/Users/guan-ming.dennis-won/Documents/Code/SPI_4_Wire_Serial_Intel_FPGA_IP/software/NIOS_Project_Small_bsp//obj/HAL/src/crt0.o
 .debug_aranges
                0x00000028       0x20 obj/default/hello_world_small.o
 .debug_aranges
                0x00000048       0x20 obj/default/imported_source/TENCL040_ESC.o
 .debug_aranges
                0x00000068       0x20 obj/default/imported_source/ax58100_hw.o
 .debug_aranges
                0x00000088       0x20 obj/default/imported_source/coeappl.o
 .debug_aranges
                0x000000a8       0x20 obj/default/imported_source/ecatappl.o
 .debug_aranges
                0x000000c8       0x20 obj/default/imported_source/ecatcoe.o
 .debug_aranges
                0x000000e8       0x20 obj/default/imported_source/ecatslv.o
 .debug_aranges
                0x00000108       0x20 obj/default/imported_source/mailbox.o
 .debug_aranges
                0x00000128       0x20 obj/default/imported_source/objdef.o
 .debug_aranges
                0x00000148       0x20 obj/default/imported_source/sdoserv.o
 .debug_aranges
                0x00000168       0x20 obj/default/nios_it/nios_it.o
 .debug_aranges
                0x00000188       0x20 obj/default/peripheral/peripheral_linker.o
 .debug_aranges
                0x000001a8       0x20 c:/intelfpga_lite/23.1std/nios2eds/bin/gnu/h-x86_64-mingw32/bin/../lib/gcc/nios2-elf/12.3.1/mno-hw-mul\libgcc.a(lib2-divmod.o)
 .debug_aranges
                0x000001c8       0x20 c:/intelfpga_lite/23.1std/nios2eds/bin/gnu/h-x86_64-mingw32/bin/../lib/gcc/nios2-elf/12.3.1/mno-hw-mul\libgcc.a(lib2-mul.o)
 .debug_aranges
                0x000001e8       0x28 c:/intelfpga_lite/23.1std/nios2eds/bin/gnu/h-x86_64-mingw32/bin/../lib/gcc/nios2-elf/12.3.1/../../../../../H-x86_64-mingw32/nios2-elf/lib/mno-hw-mul\libsmallc.a(libc_a-malloc.o)
 .debug_aranges
                0x00000210       0x28 c:/intelfpga_lite/23.1std/nios2eds/bin/gnu/h-x86_64-mingw32/bin/../lib/gcc/nios2-elf/12.3.1/../../../../../H-x86_64-mingw32/nios2-elf/lib/mno-hw-mul\libsmallc.a(libc_a-mallocr.o)
 .debug_aranges
                0x00000238       0x28 c:/intelfpga_lite/23.1std/nios2eds/bin/gnu/h-x86_64-mingw32/bin/../lib/gcc/nios2-elf/12.3.1/../../../../../H-x86_64-mingw32/nios2-elf/lib/mno-hw-mul\libsmallc.a(libc_a-puts.o)
 .debug_aranges
                0x00000260       0x20 c:/intelfpga_lite/23.1std/nios2eds/bin/gnu/h-x86_64-mingw32/bin/../lib/gcc/nios2-elf/12.3.1/../../../../../H-x86_64-mingw32/nios2-elf/lib/mno-hw-mul\libsmallc.a(libc_a-memcpy.o)
 .debug_aranges
                0x00000280       0x20 c:/intelfpga_lite/23.1std/nios2eds/bin/gnu/h-x86_64-mingw32/bin/../lib/gcc/nios2-elf/12.3.1/../../../../../H-x86_64-mingw32/nios2-elf/lib/mno-hw-mul\libsmallc.a(libc_a-memset.o)
 .debug_aranges
                0x000002a0       0x20 c:/intelfpga_lite/23.1std/nios2eds/bin/gnu/h-x86_64-mingw32/bin/../lib/gcc/nios2-elf/12.3.1/../../../../../H-x86_64-mingw32/nios2-elf/lib/mno-hw-mul\libsmallc.a(libc_a-strlen.o)
 .debug_aranges
                0x000002c0       0x18 c:/intelfpga_lite/23.1std/nios2eds/bin/gnu/h-x86_64-mingw32/bin/../lib/gcc/nios2-elf/12.3.1/../../../../../H-x86_64-mingw32/nios2-elf/lib/mno-hw-mul\libsmallc.a(libc_a-impure.o)
 .debug_aranges
                0x000002d8       0x20 c:/intelfpga_lite/23.1std/nios2eds/bin/gnu/h-x86_64-mingw32/bin/../lib/gcc/nios2-elf/12.3.1/../../../../../H-x86_64-mingw32/nios2-elf/lib/mno-hw-mul\libsmallc.a(libc_a-sbrkr.o)
 .debug_aranges
                0x000002f8       0x20 c:/intelfpga_lite/23.1std/nios2eds/bin/gnu/h-x86_64-mingw32/bin/../lib/gcc/nios2-elf/12.3.1/../../../../../H-x86_64-mingw32/nios2-elf/lib/mno-hw-mul\libsmallc.a(libc_a-freer.o)
 .debug_aranges
                0x00000318       0x20 c:/intelfpga_lite/23.1std/nios2eds/bin/gnu/h-x86_64-mingw32/bin/../lib/gcc/nios2-elf/12.3.1/../../../../../H-x86_64-mingw32/nios2-elf/lib/mno-hw-mul\libsmallc.a(libc_a-fvwrite_small_dev.o)
 .debug_aranges
                0x00000338       0x18 c:/intelfpga_lite/23.1std/nios2eds/bin/gnu/h-x86_64-mingw32/bin/../lib/gcc/nios2-elf/12.3.1/../../../../../H-x86_64-mingw32/nios2-elf/lib/mno-hw-mul\libsmallc.a(libc_a-int_errno.o)
 .debug_aranges
                0x00000350       0x20 c:/intelfpga_lite/23.1std/nios2eds/bin/gnu/h-x86_64-mingw32/bin/../lib/gcc/nios2-elf/12.3.1/../../../../../H-x86_64-mingw32/nios2-elf/lib/mno-hw-mul\libsmallc.a(libc_a-writer.o)
 .debug_aranges
                0x00000370       0x20 c:/Users/guan-ming.dennis-won/Documents/Code/SPI_4_Wire_Serial_Intel_FPGA_IP/software/NIOS_Project_Small_bsp/\libhal_bsp.a(alt_iic.o)
 .debug_aranges
                0x00000390       0x20 c:/Users/guan-ming.dennis-won/Documents/Code/SPI_4_Wire_Serial_Intel_FPGA_IP/software/NIOS_Project_Small_bsp/\libhal_bsp.a(alt_iic_isr_register.o)
 .debug_aranges
                0x000003b0       0x30 c:/Users/guan-ming.dennis-won/Documents/Code/SPI_4_Wire_Serial_Intel_FPGA_IP/software/NIOS_Project_Small_bsp/\libhal_bsp.a(alt_irq_entry.o)
 .debug_aranges
                0x000003e0       0x20 c:/Users/guan-ming.dennis-won/Documents/Code/SPI_4_Wire_Serial_Intel_FPGA_IP/software/NIOS_Project_Small_bsp/\libhal_bsp.a(alt_irq_handler.o)
 .debug_aranges
                0x00000400       0x18 c:/Users/guan-ming.dennis-won/Documents/Code/SPI_4_Wire_Serial_Intel_FPGA_IP/software/NIOS_Project_Small_bsp/\libhal_bsp.a(alt_irq_vars.o)
 .debug_aranges
                0x00000418       0x20 c:/Users/guan-ming.dennis-won/Documents/Code/SPI_4_Wire_Serial_Intel_FPGA_IP/software/NIOS_Project_Small_bsp/\libhal_bsp.a(alt_load.o)
 .debug_aranges
                0x00000438       0x20 c:/Users/guan-ming.dennis-won/Documents/Code/SPI_4_Wire_Serial_Intel_FPGA_IP/software/NIOS_Project_Small_bsp/\libhal_bsp.a(alt_main.o)
 .debug_aranges
                0x00000458       0x20 c:/Users/guan-ming.dennis-won/Documents/Code/SPI_4_Wire_Serial_Intel_FPGA_IP/software/NIOS_Project_Small_bsp/\libhal_bsp.a(alt_malloc_lock.o)
 .debug_aranges
                0x00000478       0x20 c:/Users/guan-ming.dennis-won/Documents/Code/SPI_4_Wire_Serial_Intel_FPGA_IP/software/NIOS_Project_Small_bsp/\libhal_bsp.a(alt_sbrk.o)
 .debug_aranges
                0x00000498       0x20 c:/Users/guan-ming.dennis-won/Documents/Code/SPI_4_Wire_Serial_Intel_FPGA_IP/software/NIOS_Project_Small_bsp/\libhal_bsp.a(alt_usleep.o)
 .debug_aranges
                0x000004b8       0x20 c:/Users/guan-ming.dennis-won/Documents/Code/SPI_4_Wire_Serial_Intel_FPGA_IP/software/NIOS_Project_Small_bsp/\libhal_bsp.a(alt_write.o)
 .debug_aranges
                0x000004d8       0x20 c:/Users/guan-ming.dennis-won/Documents/Code/SPI_4_Wire_Serial_Intel_FPGA_IP/software/NIOS_Project_Small_bsp/\libhal_bsp.a(alt_sys_init.o)
 .debug_aranges
                0x000004f8       0x20 c:/Users/guan-ming.dennis-won/Documents/Code/SPI_4_Wire_Serial_Intel_FPGA_IP/software/NIOS_Project_Small_bsp/\libhal_bsp.a(altera_avalon_jtag_uart_write.o)
 .debug_aranges
                0x00000518       0x20 c:/Users/guan-ming.dennis-won/Documents/Code/SPI_4_Wire_Serial_Intel_FPGA_IP/software/NIOS_Project_Small_bsp/\libhal_bsp.a(altera_avalon_spi.o)
 .debug_aranges
                0x00000538       0x20 c:/Users/guan-ming.dennis-won/Documents/Code/SPI_4_Wire_Serial_Intel_FPGA_IP/software/NIOS_Project_Small_bsp/\libhal_bsp.a(alt_busy_sleep.o)
 .debug_aranges
                0x00000558       0x20 c:/Users/guan-ming.dennis-won/Documents/Code/SPI_4_Wire_Serial_Intel_FPGA_IP/software/NIOS_Project_Small_bsp/\libhal_bsp.a(alt_dcache_flush_all.o)
 .debug_aranges
                0x00000578       0x18 c:/Users/guan-ming.dennis-won/Documents/Code/SPI_4_Wire_Serial_Intel_FPGA_IP/software/NIOS_Project_Small_bsp/\libhal_bsp.a(alt_errno.o)
 .debug_aranges
                0x00000590       0x30 c:/Users/guan-ming.dennis-won/Documents/Code/SPI_4_Wire_Serial_Intel_FPGA_IP/software/NIOS_Project_Small_bsp/\libhal_bsp.a(alt_exception_entry.o)
 .debug_aranges
                0x000005c0       0x20 c:/Users/guan-ming.dennis-won/Documents/Code/SPI_4_Wire_Serial_Intel_FPGA_IP/software/NIOS_Project_Small_bsp/\libhal_bsp.a(alt_icache_flush_all.o)
 .debug_aranges
                0x000005e0       0x28 c:/Users/guan-ming.dennis-won/Documents/Code/SPI_4_Wire_Serial_Intel_FPGA_IP/software/NIOS_Project_Small_bsp/\libhal_bsp.a(alt_instruction_exception_entry.o)
 .debug_aranges
                0x00000608       0x20 c:/Users/guan-ming.dennis-won/Documents/Code/SPI_4_Wire_Serial_Intel_FPGA_IP/software/NIOS_Project_Small_bsp/\libhal_bsp.a(altera_nios2_gen2_irq.o)

.debug_pubnames
 *(.debug_pubnames)

.debug_info     0x00000000     0xe120
 *(.debug_info .gnu.linkonce.wi.*)
 .debug_info    0x00000000       0x3f c:/Users/guan-ming.dennis-won/Documents/Code/SPI_4_Wire_Serial_Intel_FPGA_IP/software/NIOS_Project_Small_bsp//obj/HAL/src/crt0.o
 .debug_info    0x0000003f      0x116 obj/default/hello_world_small.o
 .debug_info    0x00000155      0x6d5 obj/default/imported_source/TENCL040_ESC.o
 .debug_info    0x0000082a      0x9b0 obj/default/imported_source/ax58100_hw.o
 .debug_info    0x000011da     0x1006 obj/default/imported_source/coeappl.o
 .debug_info    0x000021e0      0xe1c obj/default/imported_source/ecatappl.o
 .debug_info    0x00002ffc      0x55b obj/default/imported_source/ecatcoe.o
 .debug_info    0x00003557     0x16c3 obj/default/imported_source/ecatslv.o
 .debug_info    0x00004c1a      0xd01 obj/default/imported_source/mailbox.o
 .debug_info    0x0000591b     0x1181 obj/default/imported_source/objdef.o
 .debug_info    0x00006a9c     0x14b3 obj/default/imported_source/sdoserv.o
 .debug_info    0x00007f4f      0x197 obj/default/nios_it/nios_it.o
 .debug_info    0x000080e6      0x86e obj/default/peripheral/peripheral_linker.o
 .debug_info    0x00008954      0x347 c:/intelfpga_lite/23.1std/nios2eds/bin/gnu/h-x86_64-mingw32/bin/../lib/gcc/nios2-elf/12.3.1/mno-hw-mul\libgcc.a(lib2-divmod.o)
 .debug_info    0x00008c9b       0xc4 c:/intelfpga_lite/23.1std/nios2eds/bin/gnu/h-x86_64-mingw32/bin/../lib/gcc/nios2-elf/12.3.1/mno-hw-mul\libgcc.a(lib2-mul.o)
 .debug_info    0x00008d5f      0x588 c:/intelfpga_lite/23.1std/nios2eds/bin/gnu/h-x86_64-mingw32/bin/../lib/gcc/nios2-elf/12.3.1/../../../../../H-x86_64-mingw32/nios2-elf/lib/mno-hw-mul\libsmallc.a(libc_a-malloc.o)
 .debug_info    0x000092e7      0x7bd c:/intelfpga_lite/23.1std/nios2eds/bin/gnu/h-x86_64-mingw32/bin/../lib/gcc/nios2-elf/12.3.1/../../../../../H-x86_64-mingw32/nios2-elf/lib/mno-hw-mul\libsmallc.a(libc_a-mallocr.o)
 .debug_info    0x00009aa4      0x5ec c:/intelfpga_lite/23.1std/nios2eds/bin/gnu/h-x86_64-mingw32/bin/../lib/gcc/nios2-elf/12.3.1/../../../../../H-x86_64-mingw32/nios2-elf/lib/mno-hw-mul\libsmallc.a(libc_a-puts.o)
 .debug_info    0x0000a090      0x121 c:/intelfpga_lite/23.1std/nios2eds/bin/gnu/h-x86_64-mingw32/bin/../lib/gcc/nios2-elf/12.3.1/../../../../../H-x86_64-mingw32/nios2-elf/lib/mno-hw-mul\libsmallc.a(libc_a-memcpy.o)
 .debug_info    0x0000a1b1       0xe6 c:/intelfpga_lite/23.1std/nios2eds/bin/gnu/h-x86_64-mingw32/bin/../lib/gcc/nios2-elf/12.3.1/../../../../../H-x86_64-mingw32/nios2-elf/lib/mno-hw-mul\libsmallc.a(libc_a-memset.o)
 .debug_info    0x0000a297       0xd1 c:/intelfpga_lite/23.1std/nios2eds/bin/gnu/h-x86_64-mingw32/bin/../lib/gcc/nios2-elf/12.3.1/../../../../../H-x86_64-mingw32/nios2-elf/lib/mno-hw-mul\libsmallc.a(libc_a-strlen.o)
 .debug_info    0x0000a368      0x4eb c:/intelfpga_lite/23.1std/nios2eds/bin/gnu/h-x86_64-mingw32/bin/../lib/gcc/nios2-elf/12.3.1/../../../../../H-x86_64-mingw32/nios2-elf/lib/mno-hw-mul\libsmallc.a(libc_a-impure.o)
 .debug_info    0x0000a853      0x569 c:/intelfpga_lite/23.1std/nios2eds/bin/gnu/h-x86_64-mingw32/bin/../lib/gcc/nios2-elf/12.3.1/../../../../../H-x86_64-mingw32/nios2-elf/lib/mno-hw-mul\libsmallc.a(libc_a-sbrkr.o)
 .debug_info    0x0000adbc      0x638 c:/intelfpga_lite/23.1std/nios2eds/bin/gnu/h-x86_64-mingw32/bin/../lib/gcc/nios2-elf/12.3.1/../../../../../H-x86_64-mingw32/nios2-elf/lib/mno-hw-mul\libsmallc.a(libc_a-freer.o)
 .debug_info    0x0000b3f4      0x5c4 c:/intelfpga_lite/23.1std/nios2eds/bin/gnu/h-x86_64-mingw32/bin/../lib/gcc/nios2-elf/12.3.1/../../../../../H-x86_64-mingw32/nios2-elf/lib/mno-hw-mul\libsmallc.a(libc_a-fvwrite_small_dev.o)
 .debug_info    0x0000b9b8       0x85 c:/intelfpga_lite/23.1std/nios2eds/bin/gnu/h-x86_64-mingw32/bin/../lib/gcc/nios2-elf/12.3.1/../../../../../H-x86_64-mingw32/nios2-elf/lib/mno-hw-mul\libsmallc.a(libc_a-int_errno.o)
 .debug_info    0x0000ba3d      0x5a4 c:/intelfpga_lite/23.1std/nios2eds/bin/gnu/h-x86_64-mingw32/bin/../lib/gcc/nios2-elf/12.3.1/../../../../../H-x86_64-mingw32/nios2-elf/lib/mno-hw-mul\libsmallc.a(libc_a-writer.o)
 .debug_info    0x0000bfe1      0x3d8 c:/Users/guan-ming.dennis-won/Documents/Code/SPI_4_Wire_Serial_Intel_FPGA_IP/software/NIOS_Project_Small_bsp/\libhal_bsp.a(alt_iic.o)
 .debug_info    0x0000c3b9      0x27f c:/Users/guan-ming.dennis-won/Documents/Code/SPI_4_Wire_Serial_Intel_FPGA_IP/software/NIOS_Project_Small_bsp/\libhal_bsp.a(alt_iic_isr_register.o)
 .debug_info    0x0000c638       0x22 c:/Users/guan-ming.dennis-won/Documents/Code/SPI_4_Wire_Serial_Intel_FPGA_IP/software/NIOS_Project_Small_bsp/\libhal_bsp.a(alt_irq_entry.o)
 .debug_info    0x0000c65a      0x195 c:/Users/guan-ming.dennis-won/Documents/Code/SPI_4_Wire_Serial_Intel_FPGA_IP/software/NIOS_Project_Small_bsp/\libhal_bsp.a(alt_irq_handler.o)
 .debug_info    0x0000c7ef       0x88 c:/Users/guan-ming.dennis-won/Documents/Code/SPI_4_Wire_Serial_Intel_FPGA_IP/software/NIOS_Project_Small_bsp/\libhal_bsp.a(alt_irq_vars.o)
 .debug_info    0x0000c877      0x239 c:/Users/guan-ming.dennis-won/Documents/Code/SPI_4_Wire_Serial_Intel_FPGA_IP/software/NIOS_Project_Small_bsp/\libhal_bsp.a(alt_load.o)
 .debug_info    0x0000cab0      0x13e c:/Users/guan-ming.dennis-won/Documents/Code/SPI_4_Wire_Serial_Intel_FPGA_IP/software/NIOS_Project_Small_bsp/\libhal_bsp.a(alt_main.o)
 .debug_info    0x0000cbee      0x72d c:/Users/guan-ming.dennis-won/Documents/Code/SPI_4_Wire_Serial_Intel_FPGA_IP/software/NIOS_Project_Small_bsp/\libhal_bsp.a(alt_malloc_lock.o)
 .debug_info    0x0000d31b      0x1c2 c:/Users/guan-ming.dennis-won/Documents/Code/SPI_4_Wire_Serial_Intel_FPGA_IP/software/NIOS_Project_Small_bsp/\libhal_bsp.a(alt_sbrk.o)
 .debug_info    0x0000d4dd       0xe4 c:/Users/guan-ming.dennis-won/Documents/Code/SPI_4_Wire_Serial_Intel_FPGA_IP/software/NIOS_Project_Small_bsp/\libhal_bsp.a(alt_usleep.o)
 .debug_info    0x0000d5c1      0x1a8 c:/Users/guan-ming.dennis-won/Documents/Code/SPI_4_Wire_Serial_Intel_FPGA_IP/software/NIOS_Project_Small_bsp/\libhal_bsp.a(alt_write.o)
 .debug_info    0x0000d769      0x127 c:/Users/guan-ming.dennis-won/Documents/Code/SPI_4_Wire_Serial_Intel_FPGA_IP/software/NIOS_Project_Small_bsp/\libhal_bsp.a(alt_sys_init.o)
 .debug_info    0x0000d890      0x149 c:/Users/guan-ming.dennis-won/Documents/Code/SPI_4_Wire_Serial_Intel_FPGA_IP/software/NIOS_Project_Small_bsp/\libhal_bsp.a(altera_avalon_jtag_uart_write.o)
 .debug_info    0x0000d9d9      0x1c2 c:/Users/guan-ming.dennis-won/Documents/Code/SPI_4_Wire_Serial_Intel_FPGA_IP/software/NIOS_Project_Small_bsp/\libhal_bsp.a(altera_avalon_spi.o)
 .debug_info    0x0000db9b      0x10c c:/Users/guan-ming.dennis-won/Documents/Code/SPI_4_Wire_Serial_Intel_FPGA_IP/software/NIOS_Project_Small_bsp/\libhal_bsp.a(alt_busy_sleep.o)
 .debug_info    0x0000dca7       0x8d c:/Users/guan-ming.dennis-won/Documents/Code/SPI_4_Wire_Serial_Intel_FPGA_IP/software/NIOS_Project_Small_bsp/\libhal_bsp.a(alt_dcache_flush_all.o)
 .debug_info    0x0000dd34       0xa8 c:/Users/guan-ming.dennis-won/Documents/Code/SPI_4_Wire_Serial_Intel_FPGA_IP/software/NIOS_Project_Small_bsp/\libhal_bsp.a(alt_errno.o)
 .debug_info    0x0000dddc       0x22 c:/Users/guan-ming.dennis-won/Documents/Code/SPI_4_Wire_Serial_Intel_FPGA_IP/software/NIOS_Project_Small_bsp/\libhal_bsp.a(alt_exception_entry.o)
 .debug_info    0x0000ddfe       0x8d c:/Users/guan-ming.dennis-won/Documents/Code/SPI_4_Wire_Serial_Intel_FPGA_IP/software/NIOS_Project_Small_bsp/\libhal_bsp.a(alt_icache_flush_all.o)
 .debug_info    0x0000de8b      0x208 c:/Users/guan-ming.dennis-won/Documents/Code/SPI_4_Wire_Serial_Intel_FPGA_IP/software/NIOS_Project_Small_bsp/\libhal_bsp.a(alt_instruction_exception_entry.o)
 .debug_info    0x0000e093       0x8d c:/Users/guan-ming.dennis-won/Documents/Code/SPI_4_Wire_Serial_Intel_FPGA_IP/software/NIOS_Project_Small_bsp/\libhal_bsp.a(altera_nios2_gen2_irq.o)

.debug_abbrev   0x00000000     0x4463
 *(.debug_abbrev)
 .debug_abbrev  0x00000000       0x1f c:/Users/guan-ming.dennis-won/Documents/Code/SPI_4_Wire_Serial_Intel_FPGA_IP/software/NIOS_Project_Small_bsp//obj/HAL/src/crt0.o
 .debug_abbrev  0x0000001f       0xc8 obj/default/hello_world_small.o
 .debug_abbrev  0x000000e7      0x327 obj/default/imported_source/TENCL040_ESC.o
 .debug_abbrev  0x0000040e      0x33d obj/default/imported_source/ax58100_hw.o
 .debug_abbrev  0x0000074b      0x354 obj/default/imported_source/coeappl.o
 .debug_abbrev  0x00000a9f      0x2c9 obj/default/imported_source/ecatappl.o
 .debug_abbrev  0x00000d68      0x20c obj/default/imported_source/ecatcoe.o
 .debug_abbrev  0x00000f74      0x39c obj/default/imported_source/ecatslv.o
 .debug_abbrev  0x00001310      0x334 obj/default/imported_source/mailbox.o
 .debug_abbrev  0x00001644      0x373 obj/default/imported_source/objdef.o
 .debug_abbrev  0x000019b7      0x385 obj/default/imported_source/sdoserv.o
 .debug_abbrev  0x00001d3c      0x11b obj/default/nios_it/nios_it.o
 .debug_abbrev  0x00001e57      0x1f0 obj/default/peripheral/peripheral_linker.o
 .debug_abbrev  0x00002047      0x10c c:/intelfpga_lite/23.1std/nios2eds/bin/gnu/h-x86_64-mingw32/bin/../lib/gcc/nios2-elf/12.3.1/mno-hw-mul\libgcc.a(lib2-divmod.o)
 .debug_abbrev  0x00002153       0x80 c:/intelfpga_lite/23.1std/nios2eds/bin/gnu/h-x86_64-mingw32/bin/../lib/gcc/nios2-elf/12.3.1/mno-hw-mul\libgcc.a(lib2-mul.o)
 .debug_abbrev  0x000021d3      0x1cf c:/intelfpga_lite/23.1std/nios2eds/bin/gnu/h-x86_64-mingw32/bin/../lib/gcc/nios2-elf/12.3.1/../../../../../H-x86_64-mingw32/nios2-elf/lib/mno-hw-mul\libsmallc.a(libc_a-malloc.o)
 .debug_abbrev  0x000023a2      0x241 c:/intelfpga_lite/23.1std/nios2eds/bin/gnu/h-x86_64-mingw32/bin/../lib/gcc/nios2-elf/12.3.1/../../../../../H-x86_64-mingw32/nios2-elf/lib/mno-hw-mul\libsmallc.a(libc_a-mallocr.o)
 .debug_abbrev  0x000025e3      0x1db c:/intelfpga_lite/23.1std/nios2eds/bin/gnu/h-x86_64-mingw32/bin/../lib/gcc/nios2-elf/12.3.1/../../../../../H-x86_64-mingw32/nios2-elf/lib/mno-hw-mul\libsmallc.a(libc_a-puts.o)
 .debug_abbrev  0x000027be       0xc1 c:/intelfpga_lite/23.1std/nios2eds/bin/gnu/h-x86_64-mingw32/bin/../lib/gcc/nios2-elf/12.3.1/../../../../../H-x86_64-mingw32/nios2-elf/lib/mno-hw-mul\libsmallc.a(libc_a-memcpy.o)
 .debug_abbrev  0x0000287f       0x9e c:/intelfpga_lite/23.1std/nios2eds/bin/gnu/h-x86_64-mingw32/bin/../lib/gcc/nios2-elf/12.3.1/../../../../../H-x86_64-mingw32/nios2-elf/lib/mno-hw-mul\libsmallc.a(libc_a-memset.o)
 .debug_abbrev  0x0000291d       0x8c c:/intelfpga_lite/23.1std/nios2eds/bin/gnu/h-x86_64-mingw32/bin/../lib/gcc/nios2-elf/12.3.1/../../../../../H-x86_64-mingw32/nios2-elf/lib/mno-hw-mul\libsmallc.a(libc_a-strlen.o)
 .debug_abbrev  0x000029a9      0x142 c:/intelfpga_lite/23.1std/nios2eds/bin/gnu/h-x86_64-mingw32/bin/../lib/gcc/nios2-elf/12.3.1/../../../../../H-x86_64-mingw32/nios2-elf/lib/mno-hw-mul\libsmallc.a(libc_a-impure.o)
 .debug_abbrev  0x00002aeb      0x1c6 c:/intelfpga_lite/23.1std/nios2eds/bin/gnu/h-x86_64-mingw32/bin/../lib/gcc/nios2-elf/12.3.1/../../../../../H-x86_64-mingw32/nios2-elf/lib/mno-hw-mul\libsmallc.a(libc_a-sbrkr.o)
 .debug_abbrev  0x00002cb1      0x23b c:/intelfpga_lite/23.1std/nios2eds/bin/gnu/h-x86_64-mingw32/bin/../lib/gcc/nios2-elf/12.3.1/../../../../../H-x86_64-mingw32/nios2-elf/lib/mno-hw-mul\libsmallc.a(libc_a-freer.o)
 .debug_abbrev  0x00002eec      0x1c9 c:/intelfpga_lite/23.1std/nios2eds/bin/gnu/h-x86_64-mingw32/bin/../lib/gcc/nios2-elf/12.3.1/../../../../../H-x86_64-mingw32/nios2-elf/lib/mno-hw-mul\libsmallc.a(libc_a-fvwrite_small_dev.o)
 .debug_abbrev  0x000030b5       0x39 c:/intelfpga_lite/23.1std/nios2eds/bin/gnu/h-x86_64-mingw32/bin/../lib/gcc/nios2-elf/12.3.1/../../../../../H-x86_64-mingw32/nios2-elf/lib/mno-hw-mul\libsmallc.a(libc_a-int_errno.o)
 .debug_abbrev  0x000030ee      0x1ae c:/intelfpga_lite/23.1std/nios2eds/bin/gnu/h-x86_64-mingw32/bin/../lib/gcc/nios2-elf/12.3.1/../../../../../H-x86_64-mingw32/nios2-elf/lib/mno-hw-mul\libsmallc.a(libc_a-writer.o)
 .debug_abbrev  0x0000329c      0x1dd c:/Users/guan-ming.dennis-won/Documents/Code/SPI_4_Wire_Serial_Intel_FPGA_IP/software/NIOS_Project_Small_bsp/\libhal_bsp.a(alt_iic.o)
 .debug_abbrev  0x00003479      0x1d9 c:/Users/guan-ming.dennis-won/Documents/Code/SPI_4_Wire_Serial_Intel_FPGA_IP/software/NIOS_Project_Small_bsp/\libhal_bsp.a(alt_iic_isr_register.o)
 .debug_abbrev  0x00003652       0x12 c:/Users/guan-ming.dennis-won/Documents/Code/SPI_4_Wire_Serial_Intel_FPGA_IP/software/NIOS_Project_Small_bsp/\libhal_bsp.a(alt_irq_entry.o)
 .debug_abbrev  0x00003664      0x147 c:/Users/guan-ming.dennis-won/Documents/Code/SPI_4_Wire_Serial_Intel_FPGA_IP/software/NIOS_Project_Small_bsp/\libhal_bsp.a(alt_irq_handler.o)
 .debug_abbrev  0x000037ab       0x46 c:/Users/guan-ming.dennis-won/Documents/Code/SPI_4_Wire_Serial_Intel_FPGA_IP/software/NIOS_Project_Small_bsp/\libhal_bsp.a(alt_irq_vars.o)
 .debug_abbrev  0x000037f1      0x12c c:/Users/guan-ming.dennis-won/Documents/Code/SPI_4_Wire_Serial_Intel_FPGA_IP/software/NIOS_Project_Small_bsp/\libhal_bsp.a(alt_load.o)
 .debug_abbrev  0x0000391d       0xeb c:/Users/guan-ming.dennis-won/Documents/Code/SPI_4_Wire_Serial_Intel_FPGA_IP/software/NIOS_Project_Small_bsp/\libhal_bsp.a(alt_main.o)
 .debug_abbrev  0x00003a08      0x1bc c:/Users/guan-ming.dennis-won/Documents/Code/SPI_4_Wire_Serial_Intel_FPGA_IP/software/NIOS_Project_Small_bsp/\libhal_bsp.a(alt_malloc_lock.o)
 .debug_abbrev  0x00003bc4      0x147 c:/Users/guan-ming.dennis-won/Documents/Code/SPI_4_Wire_Serial_Intel_FPGA_IP/software/NIOS_Project_Small_bsp/\libhal_bsp.a(alt_sbrk.o)
 .debug_abbrev  0x00003d0b       0x9b c:/Users/guan-ming.dennis-won/Documents/Code/SPI_4_Wire_Serial_Intel_FPGA_IP/software/NIOS_Project_Small_bsp/\libhal_bsp.a(alt_usleep.o)
 .debug_abbrev  0x00003da6      0x117 c:/Users/guan-ming.dennis-won/Documents/Code/SPI_4_Wire_Serial_Intel_FPGA_IP/software/NIOS_Project_Small_bsp/\libhal_bsp.a(alt_write.o)
 .debug_abbrev  0x00003ebd      0x107 c:/Users/guan-ming.dennis-won/Documents/Code/SPI_4_Wire_Serial_Intel_FPGA_IP/software/NIOS_Project_Small_bsp/\libhal_bsp.a(alt_sys_init.o)
 .debug_abbrev  0x00003fc4       0xdc c:/Users/guan-ming.dennis-won/Documents/Code/SPI_4_Wire_Serial_Intel_FPGA_IP/software/NIOS_Project_Small_bsp/\libhal_bsp.a(altera_avalon_jtag_uart_write.o)
 .debug_abbrev  0x000040a0       0xac c:/Users/guan-ming.dennis-won/Documents/Code/SPI_4_Wire_Serial_Intel_FPGA_IP/software/NIOS_Project_Small_bsp/\libhal_bsp.a(altera_avalon_spi.o)
 .debug_abbrev  0x0000414c       0xb9 c:/Users/guan-ming.dennis-won/Documents/Code/SPI_4_Wire_Serial_Intel_FPGA_IP/software/NIOS_Project_Small_bsp/\libhal_bsp.a(alt_busy_sleep.o)
 .debug_abbrev  0x00004205       0x43 c:/Users/guan-ming.dennis-won/Documents/Code/SPI_4_Wire_Serial_Intel_FPGA_IP/software/NIOS_Project_Small_bsp/\libhal_bsp.a(alt_dcache_flush_all.o)
 .debug_abbrev  0x00004248       0x70 c:/Users/guan-ming.dennis-won/Documents/Code/SPI_4_Wire_Serial_Intel_FPGA_IP/software/NIOS_Project_Small_bsp/\libhal_bsp.a(alt_errno.o)
 .debug_abbrev  0x000042b8       0x12 c:/Users/guan-ming.dennis-won/Documents/Code/SPI_4_Wire_Serial_Intel_FPGA_IP/software/NIOS_Project_Small_bsp/\libhal_bsp.a(alt_exception_entry.o)
 .debug_abbrev  0x000042ca       0x43 c:/Users/guan-ming.dennis-won/Documents/Code/SPI_4_Wire_Serial_Intel_FPGA_IP/software/NIOS_Project_Small_bsp/\libhal_bsp.a(alt_icache_flush_all.o)
 .debug_abbrev  0x0000430d      0x113 c:/Users/guan-ming.dennis-won/Documents/Code/SPI_4_Wire_Serial_Intel_FPGA_IP/software/NIOS_Project_Small_bsp/\libhal_bsp.a(alt_instruction_exception_entry.o)
 .debug_abbrev  0x00004420       0x43 c:/Users/guan-ming.dennis-won/Documents/Code/SPI_4_Wire_Serial_Intel_FPGA_IP/software/NIOS_Project_Small_bsp/\libhal_bsp.a(altera_nios2_gen2_irq.o)

.debug_line     0x00000000     0x8153
 *(.debug_line)
 .debug_line    0x00000000       0x66 c:/Users/guan-ming.dennis-won/Documents/Code/SPI_4_Wire_Serial_Intel_FPGA_IP/software/NIOS_Project_Small_bsp//obj/HAL/src/crt0.o
 .debug_line    0x00000066       0x79 obj/default/hello_world_small.o
 .debug_line    0x000000df      0x3c5 obj/default/imported_source/TENCL040_ESC.o
 .debug_line    0x000004a4      0x4b1 obj/default/imported_source/ax58100_hw.o
 .debug_line    0x00000955      0x5d7 obj/default/imported_source/coeappl.o
 .debug_line    0x00000f2c      0x971 obj/default/imported_source/ecatappl.o
 .debug_line    0x0000189d      0x12a obj/default/imported_source/ecatcoe.o
 .debug_line    0x000019c7     0x1c12 obj/default/imported_source/ecatslv.o
 .debug_line    0x000035d9      0x92a obj/default/imported_source/mailbox.o
 .debug_line    0x00003f03     0x130a obj/default/imported_source/objdef.o
 .debug_line    0x0000520d      0xf90 obj/default/imported_source/sdoserv.o
 .debug_line    0x0000619d       0x84 obj/default/nios_it/nios_it.o
 .debug_line    0x00006221      0x33f obj/default/peripheral/peripheral_linker.o
 .debug_line    0x00006560      0x2e3 c:/intelfpga_lite/23.1std/nios2eds/bin/gnu/h-x86_64-mingw32/bin/../lib/gcc/nios2-elf/12.3.1/mno-hw-mul\libgcc.a(lib2-divmod.o)