Archive member included to satisfy reference by file (symbol)

c:/Users/denni/Documents/Projects/SPI_4_Wire_Serial_Intel_FPGA_IP/software/spi_debug_bsp/\libhal_bsp.a(alt_load.o)
                              c:/Users/denni/Documents/Projects/SPI_4_Wire_Serial_Intel_FPGA_IP/software/spi_debug_bsp//obj/HAL/src/crt0.o (alt_load)
c:/Users/denni/Documents/Projects/SPI_4_Wire_Serial_Intel_FPGA_IP/software/spi_debug_bsp/\libhal_bsp.a(alt_main.o)
                              c:/Users/denni/Documents/Projects/SPI_4_Wire_Serial_Intel_FPGA_IP/software/spi_debug_bsp//obj/HAL/src/crt0.o (alt_main)
c:/Users/denni/Documents/Projects/SPI_4_Wire_Serial_Intel_FPGA_IP/software/spi_debug_bsp/\libhal_bsp.a(alt_putstr.o)
                              obj/default/hello_world_small.o (alt_putstr)
c:/Users/denni/Documents/Projects/SPI_4_Wire_Serial_Intel_FPGA_IP/software/spi_debug_bsp/\libhal_bsp.a(alt_sys_init.o)
                              c:/Users/denni/Documents/Projects/SPI_4_Wire_Serial_Intel_FPGA_IP/software/spi_debug_bsp/\libhal_bsp.a(alt_main.o) (alt_irq_init)
c:/Users/denni/Documents/Projects/SPI_4_Wire_Serial_Intel_FPGA_IP/software/spi_debug_bsp/\libhal_bsp.a(altera_avalon_jtag_uart_fd.o)
                              c:/Users/denni/Documents/Projects/SPI_4_Wire_Serial_Intel_FPGA_IP/software/spi_debug_bsp/\libhal_bsp.a(alt_sys_init.o) (altera_avalon_jtag_uart_read_fd)
c:/Users/denni/Documents/Projects/SPI_4_Wire_Serial_Intel_FPGA_IP/software/spi_debug_bsp/\libhal_bsp.a(altera_avalon_jtag_uart_init.o)
                              c:/Users/denni/Documents/Projects/SPI_4_Wire_Serial_Intel_FPGA_IP/software/spi_debug_bsp/\libhal_bsp.a(alt_sys_init.o) (altera_avalon_jtag_uart_init)
c:/Users/denni/Documents/Projects/SPI_4_Wire_Serial_Intel_FPGA_IP/software/spi_debug_bsp/\libhal_bsp.a(altera_avalon_jtag_uart_ioctl.o)
                              c:/Users/denni/Documents/Projects/SPI_4_Wire_Serial_Intel_FPGA_IP/software/spi_debug_bsp/\libhal_bsp.a(altera_avalon_jtag_uart_fd.o) (altera_avalon_jtag_uart_ioctl)
c:/Users/denni/Documents/Projects/SPI_4_Wire_Serial_Intel_FPGA_IP/software/spi_debug_bsp/\libhal_bsp.a(altera_avalon_jtag_uart_read.o)
                              c:/Users/denni/Documents/Projects/SPI_4_Wire_Serial_Intel_FPGA_IP/software/spi_debug_bsp/\libhal_bsp.a(altera_avalon_jtag_uart_fd.o) (altera_avalon_jtag_uart_read)
c:/Users/denni/Documents/Projects/SPI_4_Wire_Serial_Intel_FPGA_IP/software/spi_debug_bsp/\libhal_bsp.a(altera_avalon_jtag_uart_write.o)
                              c:/Users/denni/Documents/Projects/SPI_4_Wire_Serial_Intel_FPGA_IP/software/spi_debug_bsp/\libhal_bsp.a(altera_avalon_jtag_uart_fd.o) (altera_avalon_jtag_uart_write)
c:/Users/denni/Documents/Projects/SPI_4_Wire_Serial_Intel_FPGA_IP/software/spi_debug_bsp/\libhal_bsp.a(alt_alarm_start.o)
                              c:/Users/denni/Documents/Projects/SPI_4_Wire_Serial_Intel_FPGA_IP/software/spi_debug_bsp/\libhal_bsp.a(altera_avalon_jtag_uart_init.o) (alt_alarm_start)
c:/Users/denni/Documents/Projects/SPI_4_Wire_Serial_Intel_FPGA_IP/software/spi_debug_bsp/\libhal_bsp.a(alt_close.o)
                              c:/Users/denni/Documents/Projects/SPI_4_Wire_Serial_Intel_FPGA_IP/software/spi_debug_bsp/\libhal_bsp.a(alt_main.o) (close)
c:/Users/denni/Documents/Projects/SPI_4_Wire_Serial_Intel_FPGA_IP/software/spi_debug_bsp/\libhal_bsp.a(alt_dcache_flush_all.o)
                              c:/Users/denni/Documents/Projects/SPI_4_Wire_Serial_Intel_FPGA_IP/software/spi_debug_bsp/\libhal_bsp.a(alt_load.o) (alt_dcache_flush_all)
c:/Users/denni/Documents/Projects/SPI_4_Wire_Serial_Intel_FPGA_IP/software/spi_debug_bsp/\libhal_bsp.a(alt_dev.o)
                              c:/Users/denni/Documents/Projects/SPI_4_Wire_Serial_Intel_FPGA_IP/software/spi_debug_bsp/\libhal_bsp.a(alt_sys_init.o) (alt_dev_list)
c:/Users/denni/Documents/Projects/SPI_4_Wire_Serial_Intel_FPGA_IP/software/spi_debug_bsp/\libhal_bsp.a(alt_dev_llist_insert.o)
                              c:/Users/denni/Documents/Projects/SPI_4_Wire_Serial_Intel_FPGA_IP/software/spi_debug_bsp/\libhal_bsp.a(alt_sys_init.o) (alt_dev_llist_insert)
c:/Users/denni/Documents/Projects/SPI_4_Wire_Serial_Intel_FPGA_IP/software/spi_debug_bsp/\libhal_bsp.a(alt_do_ctors.o)
                              c:/Users/denni/Documents/Projects/SPI_4_Wire_Serial_Intel_FPGA_IP/software/spi_debug_bsp/\libhal_bsp.a(alt_main.o) (_do_ctors)
c:/Users/denni/Documents/Projects/SPI_4_Wire_Serial_Intel_FPGA_IP/software/spi_debug_bsp/\libhal_bsp.a(alt_do_dtors.o)
                              c:/Users/denni/Documents/Projects/SPI_4_Wire_Serial_Intel_FPGA_IP/software/spi_debug_bsp/\libhal_bsp.a(alt_main.o) (_do_dtors)
c:/Users/denni/Documents/Projects/SPI_4_Wire_Serial_Intel_FPGA_IP/software/spi_debug_bsp/\libhal_bsp.a(alt_errno.o)
                              c:/Users/denni/Documents/Projects/SPI_4_Wire_Serial_Intel_FPGA_IP/software/spi_debug_bsp/\libhal_bsp.a(alt_close.o) (alt_errno)
[...]
Memory Configuration

Name             Origin             Length             Attributes
reset            0x00010000         0x00000020
RAM              0x00010020         0x00009fe0
*default*        0x00000000         0xffffffff

Linker script and memory map

LOAD c:/Users/denni/Documents/Projects/SPI_4_Wire_Serial_Intel_FPGA_IP/software/spi_debug_bsp//obj/HAL/src/crt0.o
LOAD obj/default/hello_world_small.o
LOAD c:/intelfpga_lite/23.1std/nios2eds/bin/gnu/h-x86_64-mingw32/bin/../lib/gcc/nios2-elf/12.3.1/../../../../../H-x86_64-mingw32/nios2-elf/lib/mno-hw-mul\libstdc++.a
LOAD c:/intelfpga_lite/23.1std/nios2eds/bin/gnu/h-x86_64-mingw32/bin/../lib/gcc/nios2-elf/12.3.1/../../../../../H-x86_64-mingw32/nios2-elf/lib/mno-hw-mul\libm.a
LOAD c:/intelfpga_lite/23.1std/nios2eds/bin/gnu/h-x86_64-mingw32/bin/../lib/gcc/nios2-elf/12.3.1/mno-hw-mul\libgcc.a
START GROUP
LOAD c:/intelfpga_lite/23.1std/nios2eds/bin/gnu/h-x86_64-mingw32/bin/../lib/gcc/nios2-elf/12.3.1/../../../../../H-x86_64-mingw32/nios2-elf/lib/mno-hw-mul\libc.a
LOAD c:/intelfpga_lite/23.1std/nios2eds/bin/gnu/h-x86_64-mingw32/bin/../lib/gcc/nios2-elf/12.3.1/mno-hw-mul\libgcc.a
LOAD c:/Users/denni/Documents/Projects/SPI_4_Wire_Serial_Intel_FPGA_IP/software/spi_debug_bsp/\libhal_bsp.a
LOAD c:/intelfpga_lite/23.1std/nios2eds/bin/gnu/h-x86_64-mingw32/bin/../lib/gcc/nios2-elf/12.3.1/../../../../../H-x86_64-mingw32/nios2-elf/lib/mno-hw-mul\libm.a
END GROUP
LOAD c:/intelfpga_lite/23.1std/nios2eds/bin/gnu/h-x86_64-mingw32/bin/../lib/gcc/nios2-elf/12.3.1/mno-hw-mul\libgcc.a
                0x00010000                        __alt_mem_RAM = 0x10000

.entry          0x00010000       0x20
 *(.entry)
 .entry         0x00010000       0x20 c:/Users/denni/Documents/Projects/SPI_4_Wire_Serial_Intel_FPGA_IP/software/spi_debug_bsp//obj/HAL/src/crt0.o
                0x00010000                __reset

.exceptions     0x00010020      0x204
                0x00010020                        PROVIDE (__ram_exceptions_start = ABSOLUTE (.))
                0x00010020                        . = ALIGN (0x20)
 *(.irq)
 *(.exceptions.entry.label)
 .exceptions.entry.label
                0x00010020        0x0 c:/Users/denni/Documents/Projects/SPI_4_Wire_Serial_Intel_FPGA_IP/software/spi_debug_bsp/\libhal_bsp.a(alt_irq_entry.o)
                0x00010020                alt_irq_entry
 .exceptions.entry.label
                0x00010020        0x0 c:/Users/denni/Documents/Projects/SPI_4_Wire_Serial_Intel_FPGA_IP/software/spi_debug_bsp/\libhal_bsp.a(alt_exception_entry.o)
                0x00010020                alt_exception
 *(.exceptions.entry.user)
 *(.exceptions.entry.ecc_fatal)
 *(.exceptions.entry)
 .exceptions.entry
                0x00010020       0x54 c:/Users/denni/Documents/Projects/SPI_4_Wire_Serial_Intel_FPGA_IP/software/spi_debug_bsp/\libhal_bsp.a(alt_exception_entry.o)
 *(.exceptions.irqtest.user)
 *(.exceptions.irqtest)
 .exceptions.irqtest
                0x00010074       0x10 c:/Users/denni/Documents/Projects/SPI_4_Wire_Serial_Intel_FPGA_IP/software/spi_debug_bsp/\libhal_bsp.a(alt_irq_entry.o)
 *(.exceptions.irqhandler.user)
 *(.exceptions.irqhandler)
 .exceptions.irqhandler
                0x00010084        0x4 c:/Users/denni/Documents/Projects/SPI_4_Wire_Serial_Intel_FPGA_IP/software/spi_debug_bsp/\libhal_bsp.a(alt_irq_entry.o)
 *(.exceptions.irqreturn.user)
 *(.exceptions.irqreturn)
 .exceptions.irqreturn
                0x00010088        0x4 c:/Users/denni/Documents/Projects/SPI_4_Wire_Serial_Intel_FPGA_IP/software/spi_debug_bsp/\libhal_bsp.a(alt_irq_entry.o)
 *(.exceptions.notirq.label)
 .exceptions.notirq.label
                0x0001008c        0x0 c:/Users/denni/Documents/Projects/SPI_4_Wire_Serial_Intel_FPGA_IP/software/spi_debug_bsp/\libhal_bsp.a(alt_irq_entry.o)
 *(.exceptions.notirq.user)
 *(.exceptions.notirq)
 .exceptions.notirq
                0x0001008c        0x8 c:/Users/denni/Documents/Projects/SPI_4_Wire_Serial_Intel_FPGA_IP/software/spi_debug_bsp/\libhal_bsp.a(alt_exception_entry.o)
 *(.exceptions.soft.user)
 *(.exceptions.soft)
 *(.exceptions.unknown.user)
 *(.exceptions.unknown)
 .exceptions.unknown
                0x00010094       0x14 c:/Users/denni/Documents/Projects/SPI_4_Wire_Serial_Intel_FPGA_IP/software/spi_debug_bsp/\libhal_bsp.a(alt_exception_entry.o)
 *(.exceptions.exit.label)
 .exceptions.exit.label
                0x000100a8        0x0 c:/Users/denni/Documents/Projects/SPI_4_Wire_Serial_Intel_FPGA_IP/software/spi_debug_bsp/\libhal_bsp.a(alt_irq_entry.o)
 .exceptions.exit.label
                0x000100a8        0x0 c:/Users/denni/Documents/Projects/SPI_4_Wire_Serial_Intel_FPGA_IP/software/spi_debug_bsp/\libhal_bsp.a(alt_exception_entry.o)
 *(.exceptions.exit.user)
 *(.exceptions.exit)
 .exceptions.exit
                0x000100a8       0x54 c:/Users/denni/Documents/Projects/SPI_4_Wire_Serial_Intel_FPGA_IP/software/spi_debug_bsp/\libhal_bsp.a(alt_exception_entry.o)
 *(.exceptions)
 .exceptions    0x000100fc       0xc8 c:/Users/denni/Documents/Projects/SPI_4_Wire_Serial_Intel_FPGA_IP/software/spi_debug_bsp/\libhal_bsp.a(alt_irq_handler.o)
                0x000100fc                alt_irq_handler
 .exceptions    0x000101c4       0x60 c:/Users/denni/Documents/Projects/SPI_4_Wire_Serial_Intel_FPGA_IP/software/spi_debug_bsp/\libhal_bsp.a(alt_instruction_exception_entry.o)
                0x000101c4                alt_instruction_exception_entry
                0x00010224                        PROVIDE (__ram_exceptions_end = ABSOLUTE (.))
                0x00010020                        PROVIDE (__flash_exceptions_start = LOADADDR (.exceptions))

.text           0x00010224     0x53f4
                [!provide]                        PROVIDE (stext = ABSOLUTE (.))
 *(.interp)
 *(.hash)
 *(.dynsym)
 *(.dynstr)
 *(.gnu.version)
 *(.gnu.version_d)
 *(.gnu.version_r)
 *(.rel.init)
 *(.rela.init)
 *(.rel.text .rel.text.* .rel.gnu.linkonce.t.*)
 *(.rela.text .rela.text.* .rela.gnu.linkonce.t.*)
 *(.rel.fini)
 *(.rela.fini)
 *(.rel.rodata .rel.rodata.* .rel.gnu.linkonce.r.*)
 *(.rela.rodata .rela.rodata.* .rela.gnu.linkonce.r.*)
 *(.rel.data .rel.data.* .rel.gnu.linkonce.d.*)
 *(.rela.data .rela.data.* .rela.gnu.linkonce.d.*)
 *(.rel.tdata .rel.tdata.* .rel.gnu.linkonce.td.*)
 *(.rela.tdata .rela.tdata.* .rela.gnu.linkonce.td.*)
 *(.rel.tbss .rel.tbss.* .rel.gnu.linkonce.tb.*)
 *(.rela.tbss .rela.tbss.* .rela.gnu.linkonce.tb.*)
 *(.rel.ctors)
 *(.rela.ctors)
 *(.rel.dtors)
 *(.rela.dtors)
 *(.rel.got)
 *(.rela.got)
 *(.rel.sdata .rel.sdata.* .rel.gnu.linkonce.s.*)
 *(.rela.sdata .rela.sdata.* .rela.gnu.linkonce.s.*)
 *(.rel.sbss .rel.sbss.* .rel.gnu.linkonce.sb.*)
 *(.rela.sbss .rela.sbss.* .rela.gnu.linkonce.sb.*)
 *(.rel.sdata2 .rel.sdata2.* .rel.gnu.linkonce.s2.*)
 *(.rela.sdata2 .rela.sdata2.* .rela.gnu.linkonce.s2.*)
 *(.rel.sbss2 .rel.sbss2.* .rel.gnu.linkonce.sb2.*)
 *(.rela.sbss2 .rela.sbss2.* .rela.gnu.linkonce.sb2.*)
 *(.rel.bss .rel.bss.* .rel.gnu.linkonce.b.*)
 *(.rela.bss .rela.bss.* .rela.gnu.linkonce.b.*)
 *(.rel.plt)
 *(.rela.plt)
 *(.rel.dyn)
 *(.init)
 *(.plt)
 *(.text .stub .text.* .gnu.linkonce.t.*)
 .text          0x00010224       0x3c c:/Users/denni/Documents/Projects/SPI_4_Wire_Serial_Intel_FPGA_IP/software/spi_debug_bsp//obj/HAL/src/crt0.o
                0x00010224                _start
 .text          0x00010260        0x0 obj/default/hello_world_small.o
 .text.startup  0x00010260       0x18 obj/default/hello_world_small.o
                0x00010260                main
 .text          0x00010278       0xec c:/Users/denni/Documents/Projects/SPI_4_Wire_Serial_Intel_FPGA_IP/software/spi_debug_bsp/\libhal_bsp.a(alt_load.o)
                0x000102e0                alt_load
 .text          0x00010364       0x7c c:/Users/denni/Documents/Projects/SPI_4_Wire_Serial_Intel_FPGA_IP/software/spi_debug_bsp/\libhal_bsp.a(alt_main.o)
                0x00010364                alt_main
 .text          0x000103e0       0x3c c:/Users/denni/Documents/Projects/SPI_4_Wire_Serial_Intel_FPGA_IP/software/spi_debug_bsp/\libhal_bsp.a(alt_putstr.o)
                0x000103e0                alt_putstr
 .text          0x0001041c       0xbc c:/Users/denni/Documents/Projects/SPI_4_Wire_Serial_Intel_FPGA_IP/software/spi_debug_bsp/\libhal_bsp.a(alt_sys_init.o)
                0x00010450                alt_irq_init
                0x0001048c                alt_sys_init
 .text          0x000104d8      0x164 c:/Users/denni/Documents/Projects/SPI_4_Wire_Serial_Intel_FPGA_IP/software/spi_debug_bsp/\libhal_bsp.a(altera_avalon_jtag_uart_fd.o)
                0x000104d8                altera_avalon_jtag_uart_read_fd
                0x00010538                altera_avalon_jtag_uart_write_fd
                0x00010598                altera_avalon_jtag_uart_close_fd
                0x000105e8                altera_avalon_jtag_uart_ioctl_fd
 .text          0x0001063c      0x3e4 c:/Users/denni/Documents/Projects/SPI_4_Wire_Serial_Intel_FPGA_IP/software/spi_debug_bsp/\libhal_bsp.a(altera_avalon_jtag_uart_init.o)
                0x0001063c                altera_avalon_jtag_uart_init
                0x000109b8                altera_avalon_jtag_uart_close
 .text          0x00010a20       0xf4 c:/Users/denni/Documents/Projects/SPI_4_Wire_Serial_Intel_FPGA_IP/software/spi_debug_bsp/\libhal_bsp.a(altera_avalon_jtag_uart_ioctl.o)
                0x00010a20                altera_avalon_jtag_uart_ioctl
 .text          0x00010b14      0x220 c:/Users/denni/Documents/Projects/SPI_4_Wire_Serial_Intel_FPGA_IP/software/spi_debug_bsp/\libhal_bsp.a(altera_avalon_jtag_uart_read.o)
                0x00010b14                altera_avalon_jtag_uart_read
 .text          0x00010d34      0x228 c:/Users/denni/Documents/Projects/SPI_4_Wire_Serial_Intel_FPGA_IP/software/spi_debug_bsp/\libhal_bsp.a(altera_avalon_jtag_uart_write.o)
                0x00010d34                altera_avalon_jtag_uart_write
 .text          0x00010f5c      0x160 c:/Users/denni/Documents/Projects/SPI_4_Wire_Serial_Intel_FPGA_IP/software/spi_debug_bsp/\libhal_bsp.a(alt_alarm_start.o)
                0x00010f5c                alt_alarm_start
 .text          0x000110bc      0x118 c:/Users/denni/Documents/Projects/SPI_4_Wire_Serial_Intel_FPGA_IP/software/spi_debug_bsp/\libhal_bsp.a(alt_close.o)
                0x000110f8                close
 .text          0x000111d4       0x20 c:/Users/denni/Documents/Projects/SPI_4_Wire_Serial_Intel_FPGA_IP/software/spi_debug_bsp/\libhal_bsp.a(alt_dcache_flush_all.o)
                0x000111d4                alt_dcache_flush_all
 .text          0x000111f4       0x2c c:/Users/denni/Documents/Projects/SPI_4_Wire_Serial_Intel_FPGA_IP/software/spi_debug_bsp/\libhal_bsp.a(alt_dev.o)
 .text          0x00011220       0xe4 c:/Users/denni/Documents/Projects/SPI_4_Wire_Serial_Intel_FPGA_IP/software/spi_debug_bsp/\libhal_bsp.a(alt_dev_llist_insert.o)
                0x0001125c                alt_dev_llist_insert
 .text          0x00011304       0x64 c:/Users/denni/Documents/Projects/SPI_4_Wire_Serial_Intel_FPGA_IP/software/spi_debug_bsp/\libhal_bsp.a(alt_do_ctors.o)
                0x00011304                _do_ctors
 .text          0x00011368       0x64 c:/Users/denni/Documents/Projects/SPI_4_Wire_Serial_Intel_FPGA_IP/software/spi_debug_bsp/\libhal_bsp.a(alt_do_dtors.o)
                0x00011368                _do_dtors
 .text          0x000113cc        0x0 c:/Users/denni/Documents/Projects/SPI_4_Wire_Serial_Intel_FPGA_IP/software/spi_debug_bsp/\libhal_bsp.a(alt_errno.o)
 .text          0x000113cc       0x20 c:/Users/denni/Documents/Projects/SPI_4_Wire_Serial_Intel_FPGA_IP/software/spi_debug_bsp/\libhal_bsp.a(alt_icache_flush_all.o)
                0x000113cc                alt_icache_flush_all
 .text          0x000113ec      0x1b0 c:/Users/denni/Documents/Projects/SPI_4_Wire_Serial_Intel_FPGA_IP/software/spi_debug_bsp/\libhal_bsp.a(alt_iic.o)
                0x000113ec                alt_ic_isr_register
                0x0001143c                alt_ic_irq_enable
                0x000114c4                alt_ic_irq_disable
                0x00011550                alt_ic_irq_enabled
 .text          0x0001159c       0xe8 c:/Users/denni/Documents/Projects/SPI_4_Wire_Serial_Intel_FPGA_IP/software/spi_debug_bsp/\libhal_bsp.a(alt_iic_isr_register.o)
                0x0001159c                alt_iic_isr_register
 .text          0x00011684      0x150 c:/Users/denni/Documents/Projects/SPI_4_Wire_Serial_Intel_FPGA_IP/software/spi_debug_bsp/\libhal_bsp.a(alt_io_redirect.o)
                0x00011758                alt_io_redirect
 .text          0x000117d4        0x0 c:/Users/denni/Documents/Projects/SPI_4_Wire_Serial_Intel_FPGA_IP/software/spi_debug_bsp/\libhal_bsp.a(alt_irq_entry.o)
 .text          0x000117d4        0x0 c:/Users/denni/Documents/Projects/SPI_4_Wire_Serial_Intel_FPGA_IP/software/spi_debug_bsp/\libhal_bsp.a(alt_irq_handler.o)
 .text          0x000117d4        0x0 c:/Users/denni/Documents/Projects/SPI_4_Wire_Serial_Intel_FPGA_IP/software/spi_debug_bsp/\libhal_bsp.a(alt_irq_vars.o)
 .text          0x000117d4      0x278 c:/Users/denni/Documents/Projects/SPI_4_Wire_Serial_Intel_FPGA_IP/software/spi_debug_bsp/\libhal_bsp.a(alt_open.o)
                0x000118ec                open
 .text          0x00011a4c       0x70 c:/Users/denni/Documents/Projects/SPI_4_Wire_Serial_Intel_FPGA_IP/software/spi_debug_bsp/\libhal_bsp.a(alt_release_fd.o)
                0x00011a4c                alt_release_fd
 .text          0x00011abc      0x1d0 c:/Users/denni/Documents/Projects/SPI_4_Wire_Serial_Intel_FPGA_IP/software/spi_debug_bsp/\libhal_bsp.a(alt_tick.o)
                0x00011abc                alt_alarm_stop
                0x00011b60                alt_tick
 .text          0x00011c8c       0x24 c:/Users/denni/Documents/Projects/SPI_4_Wire_Serial_Intel_FPGA_IP/software/spi_debug_bsp/\libhal_bsp.a(altera_nios2_gen2_irq.o)
                0x00011c8c                altera_nios2_gen2_irq_init
 .text          0x00011cb0        0x0 c:/Users/denni/Documents/Projects/SPI_4_Wire_Serial_Intel_FPGA_IP/software/spi_debug_bsp/\libhal_bsp.a(alt_exception_entry.o)
 .text          0x00011cb0       0x90 c:/Users/denni/Documents/Projects/SPI_4_Wire_Serial_Intel_FPGA_IP/software/spi_debug_bsp/\libhal_bsp.a(alt_find_dev.o)
                0x00011cb0                alt_find_dev
 .text          0x00011d40      0x108 c:/Users/denni/Documents/Projects/SPI_4_Wire_Serial_Intel_FPGA_IP/software/spi_debug_bsp/\libhal_bsp.a(alt_find_file.o)
                0x00011d40                alt_find_file
 .text          0x00011e48       0xb8 c:/Users/denni/Documents/Projects/SPI_4_Wire_Serial_Intel_FPGA_IP/software/spi_debug_bsp/\libhal_bsp.a(alt_get_fd.o)
                0x00011e48                alt_get_fd
 .text          0x00011f00       0x74 c:/Users/denni/Documents/Projects/SPI_4_Wire_Serial_Intel_FPGA_IP/software/spi_debug_bsp/\libhal_bsp.a(alt_instruction_exception_entry.o)
                0x00011f00                alt_exception_cause_generated_bad_addr
 .text          0x00011f74        0x0 c:/intelfpga_lite/23.1std/nios2eds/bin/gnu/h-x86_64-mingw32/bin/../lib/gcc/nios2-elf/12.3.1/../../../../../H-x86_64-mingw32/nios2-elf/lib/mno-hw-mul\libc.a(libc_a-atexit.o)
 .text.atexit   0x00011f74       0x14 c:/intelfpga_lite/23.1std/nios2eds/bin/gnu/h-x86_64-mingw32/bin/../lib/gcc/nios2-elf/12.3.1/../../../../../H-x86_64-mingw32/nios2-elf/lib/mno-hw-mul\libc.a(libc_a-atexit.o)
                0x00011f74                atexit
 .text          0x00011f88        0x0 c:/intelfpga_lite/23.1std/nios2eds/bin/gnu/h-x86_64-mingw32/bin/../lib/gcc/nios2-elf/12.3.1/../../../../../H-x86_64-mingw32/nios2-elf/lib/mno-hw-mul\libc.a(libc_a-exit.o)
 .text.exit     0x00011f88       0x30 c:/intelfpga_lite/23.1std/nios2eds/bin/gnu/h-x86_64-mingw32/bin/../lib/gcc/nios2-elf/12.3.1/../../../../../H-x86_64-mingw32/nios2-elf/lib/mno-hw-mul\libc.a(libc_a-exit.o)
                0x00011f88                exit
 .text          0x00011fb8        0x0 c:/intelfpga_lite/23.1std/nios2eds/bin/gnu/h-x86_64-mingw32/bin/../lib/gcc/nios2-elf/12.3.1/../../../../../H-x86_64-mingw32/nios2-elf/lib/mno-hw-mul\libc.a(libc_a-fputs.o)
 .text._fputs_r
                0x00011fb8       0x98 c:/intelfpga_lite/23.1std/nios2eds/bin/gnu/h-x86_64-mingw32/bin/../lib/gcc/nios2-elf/12.3.1/../../../../../H-x86_64-mingw32/nios2-elf/lib/mno-hw-mul\libc.a(libc_a-fputs.o)
                0x00011fb8                _fputs_r
 .text.fputs    0x00012050       0x18 c:/intelfpga_lite/23.1std/nios2eds/bin/gnu/h-x86_64-mingw32/bin/../lib/gcc/nios2-elf/12.3.1/../../../../../H-x86_64-mingw32/nios2-elf/lib/mno-hw-mul\libc.a(libc_a-fputs.o)
                0x00012050                fputs
 .text          0x00012068        0x0 c:/intelfpga_lite/23.1std/nios2eds/bin/gnu/h-x86_64-mingw32/bin/../lib/gcc/nios2-elf/12.3.1/../../../../../H-x86_64-mingw32/nios2-elf/lib/mno-hw-mul\libc.a(libc_a-fvwrite.o)
 .text.__sfvwrite_r
                0x00012068      0x4a0 c:/intelfpga_lite/23.1std/nios2eds/bin/gnu/h-x86_64-mingw32/bin/../lib/gcc/nios2-elf/12.3.1/../../../../../H-x86_64-mingw32/nios2-elf/lib/mno-hw-mul\libc.a(libc_a-fvwrite.o)
                0x00012068                __sfvwrite_r
 .text          0x00012508        0x0 c:/intelfpga_lite/23.1std/nios2eds/bin/gnu/h-x86_64-mingw32/bin/../lib/gcc/nios2-elf/12.3.1/../../../../../H-x86_64-mingw32/nios2-elf/lib/mno-hw-mul\libc.a(libc_a-wsetup.o)
 .text.__swsetup_r
                0x00012508      0x144 c:/intelfpga_lite/23.1std/nios2eds/bin/gnu/h-x86_64-mingw32/bin/../lib/gcc/nios2-elf/12.3.1/../../../../../H-x86_64-mingw32/nios2-elf/lib/mno-hw-mul\libc.a(libc_a-wsetup.o)
                0x00012508                __swsetup_r
 .text          0x0001264c        0x0 c:/intelfpga_lite/23.1std/nios2eds/bin/gnu/h-x86_64-mingw32/bin/../lib/gcc/nios2-elf/12.3.1/../../../../../H-x86_64-mingw32/nios2-elf/lib/mno-hw-mul\libc.a(libc_a-memchr.o)
 .text.memchr   0x0001264c       0xfc c:/intelfpga_lite/23.1std/nios2eds/bin/gnu/h-x86_64-mingw32/bin/../lib/gcc/nios2-elf/12.3.1/../../../../../H-x86_64-mingw32/nios2-elf/lib/mno-hw-mul\libc.a(libc_a-memchr.o)
                0x0001264c                memchr
 .text          0x00012748        0x0 c:/intelfpga_lite/23.1std/nios2eds/bin/gnu/h-x86_64-mingw32/bin/../lib/gcc/nios2-elf/12.3.1/../../../../../H-x86_64-mingw32/nios2-elf/lib/mno-hw-mul\libc.a(libc_a-memcmp.o)
 .text.memcmp   0x00012748       0x78 c:/intelfpga_lite/23.1std/nios2eds/bin/gnu/h-x86_64-mingw32/bin/../lib/gcc/nios2-elf/12.3.1/../../../../../H-x86_64-mingw32/nios2-elf/lib/mno-hw-mul\libc.a(libc_a-memcmp.o)
                0x00012748                memcmp
 .text          0x000127c0        0x0 c:/intelfpga_lite/23.1std/nios2eds/bin/gnu/h-x86_64-mingw32/bin/../lib/gcc/nios2-elf/12.3.1/../../../../../H-x86_64-mingw32/nios2-elf/lib/mno-hw-mul\libc.a(libc_a-memcpy.o)
 .text.memcpy   0x000127c0      0x100 c:/intelfpga_lite/23.1std/nios2eds/bin/gnu/h-x86_64-mingw32/bin/../lib/gcc/nios2-elf/12.3.1/../../../../../H-x86_64-mingw32/nios2-elf/lib/mno-hw-mul\libc.a(libc_a-memcpy.o)
                0x000127c0                memcpy
 .text          0x000128c0        0x0 c:/intelfpga_lite/23.1std/nios2eds/bin/gnu/h-x86_64-mingw32/bin/../lib/gcc/nios2-elf/12.3.1/../../../../../H-x86_64-mingw32/nios2-elf/lib/mno-hw-mul\libc.a(libc_a-memmove.o)
 .text.memmove  0x000128c0      0x128 c:/intelfpga_lite/23.1std/nios2eds/bin/gnu/h-x86_64-mingw32/bin/../lib/gcc/nios2-elf/12.3.1/../../../../../H-x86_64-mingw32/nios2-elf/lib/mno-hw-mul\libc.a(libc_a-memmove.o)
                0x000128c0                memmove
 .text          0x000129e8        0x0 c:/intelfpga_lite/23.1std/nios2eds/bin/gnu/h-x86_64-mingw32/bin/../lib/gcc/nios2-elf/12.3.1/../../../../../H-x86_64-mingw32/nios2-elf/lib/mno-hw-mul\libc.a(libc_a-strlen.o)
 .text.strlen   0x000129e8       0x98 c:/intelfpga_lite/23.1std/nios2eds/bin/gnu/h-x86_64-mingw32/bin/../lib/gcc/nios2-elf/12.3.1/../../../../../H-x86_64-mingw32/nios2-elf/lib/mno-hw-mul\libc.a(libc_a-strlen.o)
                0x000129e8                strlen
 .text          0x00012a80        0x0 c:/intelfpga_lite/23.1std/nios2eds/bin/gnu/h-x86_64-mingw32/bin/../lib/gcc/nios2-elf/12.3.1/../../../../../H-x86_64-mingw32/nios2-elf/lib/mno-hw-mul\libc.a(libc_a-int_errno.o)
 .text          0x00012a80        0x0 c:/intelfpga_lite/23.1std/nios2eds/bin/gnu/h-x86_64-mingw32/bin/../lib/gcc/nios2-elf/12.3.1/../../../../../H-x86_64-mingw32/nios2-elf/lib/mno-hw-mul\libc.a(libc_a-impure.o)
 .text          0x00012a80        0x0 c:/intelfpga_lite/23.1std/nios2eds/bin/gnu/h-x86_64-mingw32/bin/../lib/gcc/nios2-elf/12.3.1/../../../../../H-x86_64-mingw32/nios2-elf/lib/mno-hw-mul\libc.a(libc_a-__atexit.o)
 .text.__register_exitproc
                0x00012a80       0x94 c:/intelfpga_lite/23.1std/nios2eds/bin/gnu/h-x86_64-mingw32/bin/../lib/gcc/nios2-elf/12.3.1/../../../../../H-x86_64-mingw32/nios2-elf/lib/mno-hw-mul\libc.a(libc_a-__atexit.o)
                0x00012a80                __register_exitproc
 .text          0x00012b14        0x0 c:/intelfpga_lite/23.1std/nios2eds/bin/gnu/h-x86_64-mingw32/bin/../lib/gcc/nios2-elf/12.3.1/../../../../../H-x86_64-mingw32/nios2-elf/lib/mno-hw-mul\libc.a(libc_a-__call_atexit.o)
 .text.__call_exitprocs
                0x00012b14      0x118 c:/intelfpga_lite/23.1std/nios2eds/bin/gnu/h-x86_64-mingw32/bin/../lib/gcc/nios2-elf/12.3.1/../../../../../H-x86_64-mingw32/nios2-elf/lib/mno-hw-mul\libc.a(libc_a-__call_atexit.o)
                0x00012b14                __call_exitprocs
 .text          0x00012c2c        0x0 c:/intelfpga_lite/23.1std/nios2eds/bin/gnu/h-x86_64-mingw32/bin/../lib/gcc/nios2-elf/12.3.1/../../../../../H-x86_64-mingw32/nios2-elf/lib/mno-hw-mul\libc.a(libc_a-freer.o)
 .text._malloc_trim_r
                0x00012c2c      0x124 c:/intelfpga_lite/23.1std/nios2eds/bin/gnu/h-x86_64-mingw32/bin/../lib/gcc/nios2-elf/12.3.1/../../../../../H-x86_64-mingw32/nios2-elf/lib/mno-hw-mul\libc.a(libc_a-freer.o)
                0x00012c2c                _malloc_trim_r
 .text._free_r  0x00012d50      0x308 c:/intelfpga_lite/23.1std/nios2eds/bin/gnu/h-x86_64-mingw32/bin/../lib/gcc/nios2-elf/12.3.1/../../../../../H-x86_64-mingw32/nios2-elf/lib/mno-hw-mul\libc.a(libc_a-freer.o)
                0x00012d50                _free_r
 .text          0x00013058        0x0 c:/intelfpga_lite/23.1std/nios2eds/bin/gnu/h-x86_64-mingw32/bin/../lib/gcc/nios2-elf/12.3.1/../../../../../H-x86_64-mingw32/nios2-elf/lib/mno-hw-mul\libc.a(libc_a-mallocr.o)
 .text._malloc_r
                0x00013058      0x7c8 c:/intelfpga_lite/23.1std/nios2eds/bin/gnu/h-x86_64-mingw32/bin/../lib/gcc/nios2-elf/12.3.1/../../../../../H-x86_64-mingw32/nios2-elf/lib/mno-hw-mul\libc.a(libc_a-mallocr.o)
                0x00013058                _malloc_r
 .text          0x00013820        0x0 c:/intelfpga_lite/23.1std/nios2eds/bin/gnu/h-x86_64-mingw32/bin/../lib/gcc/nios2-elf/12.3.1/../../../../../H-x86_64-mingw32/nios2-elf/lib/mno-hw-mul\libc.a(libc_a-reallocr.o)
 .text._realloc_r
                0x00013820      0x5ec c:/intelfpga_lite/23.1std/nios2eds/bin/gnu/h-x86_64-mingw32/bin/../lib/gcc/nios2-elf/12.3.1/../../../../../H-x86_64-mingw32/nios2-elf/lib/mno-hw-mul\libc.a(libc_a-reallocr.o)
                0x00013820                _realloc_r
 .text          0x00013e0c        0x0 c:/intelfpga_lite/23.1std/nios2eds/bin/gnu/h-x86_64-mingw32/bin/../lib/gcc/nios2-elf/12.3.1/../../../../../H-x86_64-mingw32/nios2-elf/lib/mno-hw-mul\libc.a(libc_a-fflush.o)
 .text.__sflush_r
                0x00013e0c      0x208 c:/intelfpga_lite/23.1std/nios2eds/bin/gnu/h-x86_64-mingw32/bin/../lib/gcc/nios2-elf/12.3.1/../../../../../H-x86_64-mingw32/nios2-elf/lib/mno-hw-mul\libc.a(libc_a-fflush.o)
                0x00013e0c                __sflush_r
 .text._fflush_r
                0x00014014       0x5c c:/intelfpga_lite/23.1std/nios2eds/bin/gnu/h-x86_64-mingw32/bin/../lib/gcc/nios2-elf/12.3.1/../../../../../H-x86_64-mingw32/nios2-elf/lib/mno-hw-mul\libc.a(libc_a-fflush.o)
                0x00014014                _fflush_r
 .text.fflush   0x00014070       0x8c c:/intelfpga_lite/23.1std/nios2eds/bin/gnu/h-x86_64-mingw32/bin/../lib/gcc/nios2-elf/12.3.1/../../../../../H-x86_64-mingw32/nios2-elf/lib/mno-hw-mul\libc.a(libc_a-fflush.o)
                0x00014070                fflush
 .text          0x000140fc        0x0 c:/intelfpga_lite/23.1std/nios2eds/bin/gnu/h-x86_64-mingw32/bin/../lib/gcc/nios2-elf/12.3.1/../../../../../H-x86_64-mingw32/nios2-elf/lib/mno-hw-mul\libc.a(libc_a-findfp.o)
 .text.__fp_lock
                0x000140fc        0x8 c:/intelfpga_lite/23.1std/nios2eds/bin/gnu/h-x86_64-mingw32/bin/../lib/gcc/nios2-elf/12.3.1/../../../../../H-x86_64-mingw32/nios2-elf/lib/mno-hw-mul\libc.a(libc_a-findfp.o)
 .text.stdio_exit_handler
                0x00014104       0x1c c:/intelfpga_lite/23.1std/nios2eds/bin/gnu/h-x86_64-mingw32/bin/../lib/gcc/nios2-elf/12.3.1/../../../../../H-x86_64-mingw32/nios2-elf/lib/mno-hw-mul\libc.a(libc_a-findfp.o)
 .text.cleanup_stdio
                0x00014120       0x70 c:/intelfpga_lite/23.1std/nios2eds/bin/gnu/h-x86_64-mingw32/bin/../lib/gcc/nios2-elf/12.3.1/../../../../../H-x86_64-mingw32/nios2-elf/lib/mno-hw-mul\libc.a(libc_a-findfp.o)
 .text.__fp_unlock
                0x00014190        0x8 c:/intelfpga_lite/23.1std/nios2eds/bin/gnu/h-x86_64-mingw32/bin/../lib/gcc/nios2-elf/12.3.1/../../../../../H-x86_64-mingw32/nios2-elf/lib/mno-hw-mul\libc.a(libc_a-findfp.o)
 .text.global_stdio_init.part.0
                0x00014198      0x174 c:/intelfpga_lite/23.1std/nios2eds/bin/gnu/h-x86_64-mingw32/bin/../lib/gcc/nios2-elf/12.3.1/../../../../../H-x86_64-mingw32/nios2-elf/lib/mno-hw-mul\libc.a(libc_a-findfp.o)
 .text.__sfp    0x0001430c      0x120 c:/intelfpga_lite/23.1std/nios2eds/bin/gnu/h-x86_64-mingw32/bin/../lib/gcc/nios2-elf/12.3.1/../../../../../H-x86_64-mingw32/nios2-elf/lib/mno-hw-mul\libc.a(libc_a-findfp.o)
                0x0001430c                __sfp
 .text.__sinit  0x0001442c       0x28 c:/intelfpga_lite/23.1std/nios2eds/bin/gnu/h-x86_64-mingw32/bin/../lib/gcc/nios2-elf/12.3.1/../../../../../H-x86_64-mingw32/nios2-elf/lib/mno-hw-mul\libc.a(libc_a-findfp.o)
                0x0001442c                __sinit
 .text.__sfp_lock_acquire
                0x00014454        0x4 c:/intelfpga_lite/23.1std/nios2eds/bin/gnu/h-x86_64-mingw32/bin/../lib/gcc/nios2-elf/12.3.1/../../../../../H-x86_64-mingw32/nios2-elf/lib/mno-hw-mul\libc.a(libc_a-findfp.o)
                0x00014454                __sfp_lock_acquire
 .text.__sfp_lock_release
                0x00014458        0x4 c:/intelfpga_lite/23.1std/nios2eds/bin/gnu/h-x86_64-mingw32/bin/../lib/gcc/nios2-elf/12.3.1/../../../../../H-x86_64-mingw32/nios2-elf/lib/mno-hw-mul\libc.a(libc_a-findfp.o)
                0x00014458                __sfp_lock_release
 .text.__fp_lock_all
                0x0001445c       0x18 c:/intelfpga_lite/23.1std/nios2eds/bin/gnu/h-x86_64-mingw32/bin/../lib/gcc/nios2-elf/12.3.1/../../../../../H-x86_64-mingw32/nios2-elf/lib/mno-hw-mul\libc.a(libc_a-findfp.o)
                0x0001445c                __fp_lock_all
 .text.__fp_unlock_all
                0x00014474       0x18 c:/intelfpga_lite/23.1std/nios2eds/bin/gnu/h-x86_64-mingw32/bin/../lib/gcc/nios2-elf/12.3.1/../../../../../H-x86_64-mingw32/nios2-elf/lib/mno-hw-mul\libc.a(libc_a-findfp.o)
                0x00014474                __fp_unlock_all
 .text          0x0001448c        0x0 c:/intelfpga_lite/23.1std/nios2eds/bin/gnu/h-x86_64-mingw32/bin/../lib/gcc/nios2-elf/12.3.1/../../../../../H-x86_64-mingw32/nios2-elf/lib/mno-hw-mul\libc.a(libc_a-fwalk.o)
 .text._fwalk_sglue
                0x0001448c       0xa8 c:/intelfpga_lite/23.1std/nios2eds/bin/gnu/h-x86_64-mingw32/bin/../lib/gcc/nios2-elf/12.3.1/../../../../../H-x86_64-mingw32/nios2-elf/lib/mno-hw-mul\libc.a(libc_a-fwalk.o)
                0x0001448c                _fwalk_sglue
 .text          0x00014534        0x0 c:/intelfpga_lite/23.1std/nios2eds/bin/gnu/h-x86_64-mingw32/bin/../lib/gcc/nios2-elf/12.3.1/../../../../../H-x86_64-mingw32/nios2-elf/lib/mno-hw-mul\libc.a(libc_a-makebuf.o)
 .text.__smakebuf_r
                0x00014534      0x1a8 c:/intelfpga_lite/23.1std/nios2eds/bin/gnu/h-x86_64-mingw32/bin/../lib/gcc/nios2-elf/12.3.1/../../../../../H-x86_64-mingw32/nios2-elf/lib/mno-hw-mul\libc.a(libc_a-makebuf.o)
                0x00014534                __smakebuf_r
 .text.__swhatbuf_r
                0x000146dc       0x8c c:/intelfpga_lite/23.1std/nios2eds/bin/gnu/h-x86_64-mingw32/bin/../lib/gcc/nios2-elf/12.3.1/../../../../../H-x86_64-mingw32/nios2-elf/lib/mno-hw-mul\libc.a(libc_a-makebuf.o)
                0x000146dc                __swhatbuf_r
 .text          0x00014768        0x0 c:/intelfpga_lite/23.1std/nios2eds/bin/gnu/h-x86_64-mingw32/bin/../lib/gcc/nios2-elf/12.3.1/../../../../../H-x86_64-mingw32/nios2-elf/lib/mno-hw-mul\libc.a(libc_a-stdio.o)
 .text.__sread  0x00014768       0x54 c:/intelfpga_lite/23.1std/nios2eds/bin/gnu/h-x86_64-mingw32/bin/../lib/gcc/nios2-elf/12.3.1/../../../../../H-x86_64-mingw32/nios2-elf/lib/mno-hw-mul\libc.a(libc_a-stdio.o)
                0x00014768                __sread
 .text.__seofread
                0x000147bc        0x8 c:/intelfpga_lite/23.1std/nios2eds/bin/gnu/h-x86_64-mingw32/bin/../lib/gcc/nios2-elf/12.3.1/../../../../../H-x86_64-mingw32/nios2-elf/lib/mno-hw-mul\libc.a(libc_a-stdio.o)
                0x000147bc                __seofread
 .text.__swrite
                0x000147c4       0x80 c:/intelfpga_lite/23.1std/nios2eds/bin/gnu/h-x86_64-mingw32/bin/../lib/gcc/nios2-elf/12.3.1/../../../../../H-x86_64-mingw32/nios2-elf/lib/mno-hw-mul\libc.a(libc_a-stdio.o)
                0x000147c4                __swrite
 .text.__sseek  0x00014844       0x5c c:/intelfpga_lite/23.1std/nios2eds/bin/gnu/h-x86_64-mingw32/bin/../lib/gcc/nios2-elf/12.3.1/../../../../../H-x86_64-mingw32/nios2-elf/lib/mno-hw-mul\libc.a(libc_a-stdio.o)
                0x00014844                __sseek
 .text.__sclose
                0x000148a0        0x8 c:/intelfpga_lite/23.1std/nios2eds/bin/gnu/h-x86_64-mingw32/bin/../lib/gcc/nios2-elf/12.3.1/../../../../../H-x86_64-mingw32/nios2-elf/lib/mno-hw-mul\libc.a(libc_a-stdio.o)
                0x000148a0                __sclose
 .text          0x000148a8        0x0 c:/intelfpga_lite/23.1std/nios2eds/bin/gnu/h-x86_64-mingw32/bin/../lib/gcc/nios2-elf/12.3.1/../../../../../H-x86_64-mingw32/nios2-elf/lib/mno-hw-mul\libc.a(libc_a-memset.o)
 .text.memset   0x000148a8      0x140 c:/intelfpga_lite/23.1std/nios2eds/bin/gnu/h-x86_64-mingw32/bin/../lib/gcc/nios2-elf/12.3.1/../../../../../H-x86_64-mingw32/nios2-elf/lib/mno-hw-mul\libc.a(libc_a-memset.o)
                0x000148a8                memset
 .text          0x000149e8        0x0 c:/intelfpga_lite/23.1std/nios2eds/bin/gnu/h-x86_64-mingw32/bin/../lib/gcc/nios2-elf/12.3.1/../../../../../H-x86_64-mingw32/nios2-elf/lib/mno-hw-mul\libc.a(libc_a-closer.o)
 .text._close_r
                0x000149e8       0x58 c:/intelfpga_lite/23.1std/nios2eds/bin/gnu/h-x86_64-mingw32/bin/../lib/gcc/nios2-elf/12.3.1/../../../../../H-x86_64-mingw32/nios2-elf/lib/mno-hw-mul\libc.a(libc_a-closer.o)
                0x000149e8                _close_r
 .text          0x00014a40        0x0 c:/intelfpga_lite/23.1std/nios2eds/bin/gnu/h-x86_64-mingw32/bin/../lib/gcc/nios2-elf/12.3.1/../../../../../H-x86_64-mingw32/nios2-elf/lib/mno-hw-mul\libc.a(libc_a-fstatr.o)
 .text._fstat_r
                0x00014a40       0x60 c:/intelfpga_lite/23.1std/nios2eds/bin/gnu/h-x86_64-mingw32/bin/../lib/gcc/nios2-elf/12.3.1/../../../../../H-x86_64-mingw32/nios2-elf/lib/mno-hw-mul\libc.a(libc_a-fstatr.o)
                0x00014a40                _fstat_r
 .text          0x00014aa0        0x0 c:/intelfpga_lite/23.1std/nios2eds/bin/gnu/h-x86_64-mingw32/bin/../lib/gcc/nios2-elf/12.3.1/../../../../../H-x86_64-mingw32/nios2-elf/lib/mno-hw-mul\libc.a(libc_a-isattyr.o)
 .text._isatty_r
                0x00014aa0       0x58 c:/intelfpga_lite/23.1std/nios2eds/bin/gnu/h-x86_64-mingw32/bin/../lib/gcc/nios2-elf/12.3.1/../../../../../H-x86_64-mingw32/nios2-elf/lib/mno-hw-mul\libc.a(libc_a-isattyr.o)
                0x00014aa0                _isatty_r
 .text          0x00014af8        0x0 c:/intelfpga_lite/23.1std/nios2eds/bin/gnu/h-x86_64-mingw32/bin/../lib/gcc/nios2-elf/12.3.1/../../../../../H-x86_64-mingw32/nios2-elf/lib/mno-hw-mul\libc.a(libc_a-lseekr.o)
 .text._lseek_r
                0x00014af8       0x64 c:/intelfpga_lite/23.1std/nios2eds/bin/gnu/h-x86_64-mingw32/bin/../lib/gcc/nios2-elf/12.3.1/../../../../../H-x86_64-mingw32/nios2-elf/lib/mno-hw-mul\libc.a(libc_a-lseekr.o)
                0x00014af8                _lseek_r
 .text          0x00014b5c        0x0 c:/intelfpga_lite/23.1std/nios2eds/bin/gnu/h-x86_64-mingw32/bin/../lib/gcc/nios2-elf/12.3.1/../../../../../H-x86_64-mingw32/nios2-elf/lib/mno-hw-mul\libc.a(libc_a-readr.o)
 .text._read_r  0x00014b5c       0x64 c:/intelfpga_lite/23.1std/nios2eds/bin/gnu/h-x86_64-mingw32/bin/../lib/gcc/nios2-elf/12.3.1/../../../../../H-x86_64-mingw32/nios2-elf/lib/mno-hw-mul\libc.a(libc_a-readr.o)
                0x00014b5c                _read_r
 .text          0x00014bc0        0x0 c:/intelfpga_lite/23.1std/nios2eds/bin/gnu/h-x86_64-mingw32/bin/../lib/gcc/nios2-elf/12.3.1/../../../../../H-x86_64-mingw32/nios2-elf/lib/mno-hw-mul\libc.a(libc_a-sbrkr.o)
 .text._sbrk_r  0x00014bc0       0x58 c:/intelfpga_lite/23.1std/nios2eds/bin/gnu/h-x86_64-mingw32/bin/../lib/gcc/nios2-elf/12.3.1/../../../../../H-x86_64-mingw32/nios2-elf/lib/mno-hw-mul\libc.a(libc_a-sbrkr.o)
                0x00014bc0                _sbrk_r
 .text          0x00014c18        0x0 c:/intelfpga_lite/23.1std/nios2eds/bin/gnu/h-x86_64-mingw32/bin/../lib/gcc/nios2-elf/12.3.1/../../../../../H-x86_64-mingw32/nios2-elf/lib/mno-hw-mul\libc.a(libc_a-writer.o)
 .text._write_r
                0x00014c18       0x64 c:/intelfpga_lite/23.1std/nios2eds/bin/gnu/h-x86_64-mingw32/bin/../lib/gcc/nios2-elf/12.3.1/../../../../../H-x86_64-mingw32/nios2-elf/lib/mno-hw-mul\libc.a(libc_a-writer.o)
                0x00014c18                _write_r
 .text          0x00014c7c        0x0 c:/intelfpga_lite/23.1std/nios2eds/bin/gnu/h-x86_64-mingw32/bin/../lib/gcc/nios2-elf/12.3.1/../../../../../H-x86_64-mingw32/nios2-elf/lib/mno-hw-mul\libc.a(libc_a-fclose.o)
 .text._fclose_r
                0x00014c7c       0xf0 c:/intelfpga_lite/23.1std/nios2eds/bin/gnu/h-x86_64-mingw32/bin/../lib/gcc/nios2-elf/12.3.1/../../../../../H-x86_64-mingw32/nios2-elf/lib/mno-hw-mul\libc.a(libc_a-fclose.o)
                0x00014c7c                _fclose_r
 .text.fclose   0x00014d6c       0x10 c:/intelfpga_lite/23.1std/nios2eds/bin/gnu/h-x86_64-mingw32/bin/../lib/gcc/nios2-elf/12.3.1/../../../../../H-x86_64-mingw32/nios2-elf/lib/mno-hw-mul\libc.a(libc_a-fclose.o)
                0x00014d6c                fclose
 .text          0x00014d7c      0x1b4 c:/intelfpga_lite/23.1std/nios2eds/bin/gnu/h-x86_64-mingw32/bin/../lib/gcc/nios2-elf/12.3.1/mno-hw-mul\libgcc.a(lib2-divmod.o)
                0x00014d7c                __divsi3
                0x00014dfc                __modsi3
                0x00014e70                __udivsi3
                0x00014ed4                __umodsi3
 .text          0x00014f30       0x28 c:/intelfpga_lite/23.1std/nios2eds/bin/gnu/h-x86_64-mingw32/bin/../lib/gcc/nios2-elf/12.3.1/mno-hw-mul\libgcc.a(lib2-mul.o)
                0x00014f30                __mulsi3
 .text          0x00014f58       0x3c c:/Users/denni/Documents/Projects/SPI_4_Wire_Serial_Intel_FPGA_IP/software/spi_debug_bsp/\libhal_bsp.a(alt_exit.o)
                0x00014f58                _exit
 .text          0x00014f94       0xf8 c:/Users/denni/Documents/Projects/SPI_4_Wire_Serial_Intel_FPGA_IP/software/spi_debug_bsp/\libhal_bsp.a(alt_fstat.o)
                0x00014fd0                fstat
 .text          0x0001508c       0xec c:/Users/denni/Documents/Projects/SPI_4_Wire_Serial_Intel_FPGA_IP/software/spi_debug_bsp/\libhal_bsp.a(alt_isatty.o)
                0x000150c8                isatty
 .text          0x00015178      0x11c c:/Users/denni/Documents/Projects/SPI_4_Wire_Serial_Intel_FPGA_IP/software/spi_debug_bsp/\libhal_bsp.a(alt_lseek.o)
                0x000151b4                lseek
 .text          0x00015294       0x48 c:/Users/denni/Documents/Projects/SPI_4_Wire_Serial_Intel_FPGA_IP/software/spi_debug_bsp/\libhal_bsp.a(alt_malloc_lock.o)
                0x00015294                __malloc_lock
                0x000152b8                __malloc_unlock
 .text          0x000152dc      0x144 c:/Users/denni/Documents/Projects/SPI_4_Wire_Serial_Intel_FPGA_IP/software/spi_debug_bsp/\libhal_bsp.a(alt_read.o)
                0x00015318                read
 .text          0x00015420       0xb8 c:/Users/denni/Documents/Projects/SPI_4_Wire_Serial_Intel_FPGA_IP/software/spi_debug_bsp/\libhal_bsp.a(alt_sbrk.o)
                0x00015420                sbrk
 .text          0x000154d8      0x140 c:/Users/denni/Documents/Projects/SPI_4_Wire_Serial_Intel_FPGA_IP/software/spi_debug_bsp/\libhal_bsp.a(alt_write.o)
                0x00015514                write
 *(.gnu.warning.*)
 *(.fini)
                [!provide]                        PROVIDE (__etext = ABSOLUTE (.))
                [!provide]                        PROVIDE (_etext = ABSOLUTE (.))
                [!provide]                        PROVIDE (etext = ABSOLUTE (.))
 *(.eh_frame_hdr)
                0x00015618                        . = ALIGN (0x4)
                [!provide]                        PROVIDE (__preinit_array_start = ABSOLUTE (.))
 *(.preinit_array)
                [!provide]                        PROVIDE (__preinit_array_end = ABSOLUTE (.))
                [!provide]                        PROVIDE (__init_array_start = ABSOLUTE (.))
 *(SORT_BY_INIT_PRIORITY(.init_array.*))
 *(.init_array)
                [!provide]                        PROVIDE (__init_array_end = ABSOLUTE (.))
                [!provide]                        PROVIDE (__fini_array_start = ABSOLUTE (.))
 *(.fini_array)
                [!provide]                        PROVIDE (__fini_array_end = ABSOLUTE (.))
 *(.eh_frame)
 *(.gcc_except_table .gcc_except_table.*)
 *(.dynamic)
                0x00015618                        PROVIDE (__CTOR_LIST__ = ABSOLUTE (.))
 *(.ctors)
 *(SORT_BY_NAME(.ctors.*))
                0x00015618                        PROVIDE (__CTOR_END__ = ABSOLUTE (.))
                0x00015618                        PROVIDE (__DTOR_LIST__ = ABSOLUTE (.))
 *(.dtors)
 *(SORT_BY_NAME(.dtors.*))
                0x00015618                        PROVIDE (__DTOR_END__ = ABSOLUTE (.))
 *(.jcr)
                0x00015618                        . = ALIGN (0x4)

.rodata         0x00015618       0x3c
                0x00015618                        PROVIDE (__ram_rodata_start = ABSOLUTE (.))
                0x00015618                        . = ALIGN (0x4)
 *(.rodata .rodata.* .gnu.linkonce.r.*)
 .rodata.str1.4
                0x00015618       0x15 obj/default/hello_world_small.o
 *fill*         0x0001562d        0x3 
 .rodata        0x00015630        0xb c:/Users/denni/Documents/Projects/SPI_4_Wire_Serial_Intel_FPGA_IP/software/spi_debug_bsp/\libhal_bsp.a(alt_main.o)
 *fill*         0x0001563b        0x1 
 .rodata        0x0001563c        0xb c:/Users/denni/Documents/Projects/SPI_4_Wire_Serial_Intel_FPGA_IP/software/spi_debug_bsp/\libhal_bsp.a(alt_sys_init.o)
 *fill*         0x00015647        0x1 
 .rodata        0x00015648        0xa c:/Users/denni/Documents/Projects/SPI_4_Wire_Serial_Intel_FPGA_IP/software/spi_debug_bsp/\libhal_bsp.a(alt_dev.o)
 *(.rodata1)
                0x00015654                        . = ALIGN (0x4)
 *fill*         0x00015652        0x2 
                0x00015654                        PROVIDE (__ram_rodata_end = ABSOLUTE (.))
                0x00015618                        PROVIDE (__flash_rodata_start = LOADADDR (.rodata))

.rwdata         0x00015654     0x176c load address 0x00016dc0
                0x00015654                        PROVIDE (__ram_rwdata_start = ABSOLUTE (.))
                0x00015654                        . = ALIGN (0x4)
 *(.got.plt)
 *(.got)
 *(.data1)
 *(.data .data.* .gnu.linkonce.d.*)
 .data          0x00015654        0x0 c:/Users/denni/Documents/Projects/SPI_4_Wire_Serial_Intel_FPGA_IP/software/spi_debug_bsp//obj/HAL/src/crt0.o
 .data          0x00015654        0x0 obj/default/hello_world_small.o
 .data          0x00015654        0x0 c:/Users/denni/Documents/Projects/SPI_4_Wire_Serial_Intel_FPGA_IP/software/spi_debug_bsp/\libhal_bsp.a(alt_load.o)
 .data          0x00015654        0x0 c:/Users/denni/Documents/Projects/SPI_4_Wire_Serial_Intel_FPGA_IP/software/spi_debug_bsp/\libhal_bsp.a(alt_main.o)
 .data          0x00015654        0x0 c:/Users/denni/Documents/Projects/SPI_4_Wire_Serial_Intel_FPGA_IP/software/spi_debug_bsp/\libhal_bsp.a(alt_putstr.o)
 .data          0x00015654     0x1060 c:/Users/denni/Documents/Projects/SPI_4_Wire_Serial_Intel_FPGA_IP/software/spi_debug_bsp/\libhal_bsp.a(alt_sys_init.o)
 .data          0x000166b4        0x0 c:/Users/denni/Documents/Projects/SPI_4_Wire_Serial_Intel_FPGA_IP/software/spi_debug_bsp/\libhal_bsp.a(altera_avalon_jtag_uart_fd.o)
 .data          0x000166b4        0x0 c:/Users/denni/Documents/Projects/SPI_4_Wire_Serial_Intel_FPGA_IP/software/spi_debug_bsp/\libhal_bsp.a(altera_avalon_jtag_uart_init.o)
 .data          0x000166b4        0x0 c:/Users/denni/Documents/Projects/SPI_4_Wire_Serial_Intel_FPGA_IP/software/spi_debug_bsp/\libhal_bsp.a(altera_avalon_jtag_uart_ioctl.o)
 .data          0x000166b4        0x0 c:/Users/denni/Documents/Projects/SPI_4_Wire_Serial_Intel_FPGA_IP/software/spi_debug_bsp/\libhal_bsp.a(altera_avalon_jtag_uart_read.o)
 .data          0x000166b4        0x0 c:/Users/denni/Documents/Projects/SPI_4_Wire_Serial_Intel_FPGA_IP/software/spi_debug_bsp/\libhal_bsp.a(altera_avalon_jtag_uart_write.o)
 .data          0x000166b4        0x0 c:/Users/denni/Documents/Projects/SPI_4_Wire_Serial_Intel_FPGA_IP/software/spi_debug_bsp/\libhal_bsp.a(alt_alarm_start.o)
 .data          0x000166b4        0x0 c:/Users/denni/Documents/Projects/SPI_4_Wire_Serial_Intel_FPGA_IP/software/spi_debug_bsp/\libhal_bsp.a(alt_close.o)
 .data          0x000166b4        0x0 c:/Users/denni/Documents/Projects/SPI_4_Wire_Serial_Intel_FPGA_IP/software/spi_debug_bsp/\libhal_bsp.a(alt_dcache_flush_all.o)
 .data          0x000166b4      0x1a8 c:/Users/denni/Documents/Projects/SPI_4_Wire_Serial_Intel_FPGA_IP/software/spi_debug_bsp/\libhal_bsp.a(alt_dev.o)
                0x000166b4                alt_dev_null
                0x000166dc                alt_fd_list
 .data          0x0001685c        0x0 c:/Users/denni/Documents/Projects/SPI_4_Wire_Serial_Intel_FPGA_IP/software/spi_debug_bsp/\libhal_bsp.a(alt_dev_llist_insert.o)
 .data          0x0001685c        0x0 c:/Users/denni/Documents/Projects/SPI_4_Wire_Serial_Intel_FPGA_IP/software/spi_debug_bsp/\libhal_bsp.a(alt_do_ctors.o)
 .data          0x0001685c        0x0 c:/Users/denni/Documents/Projects/SPI_4_Wire_Serial_Intel_FPGA_IP/software/spi_debug_bsp/\libhal_bsp.a(alt_do_dtors.o)
 .data          0x0001685c        0x0 c:/Users/denni/Documents/Projects/SPI_4_Wire_Serial_Intel_FPGA_IP/software/spi_debug_bsp/\libhal_bsp.a(alt_errno.o)
 .data          0x0001685c        0x0 c:/Users/denni/Documents/Projects/SPI_4_Wire_Serial_Intel_FPGA_IP/software/spi_debug_bsp/\libhal_bsp.a(alt_icache_flush_all.o)
 .data          0x0001685c        0x0 c:/Users/denni/Documents/Projects/SPI_4_Wire_Serial_Intel_FPGA_IP/software/spi_debug_bsp/\libhal_bsp.a(alt_iic.o)
 .data          0x0001685c        0x0 c:/Users/denni/Documents/Projects/SPI_4_Wire_Serial_Intel_FPGA_IP/software/spi_debug_bsp/\libhal_bsp.a(alt_iic_isr_register.o)
 .data          0x0001685c        0x0 c:/Users/denni/Documents/Projects/SPI_4_Wire_Serial_Intel_FPGA_IP/software/spi_debug_bsp/\libhal_bsp.a(alt_io_redirect.o)
 .data          0x0001685c        0x0 c:/Users/denni/Documents/Projects/SPI_4_Wire_Serial_Intel_FPGA_IP/software/spi_debug_bsp/\libhal_bsp.a(alt_irq_entry.o)
 .data          0x0001685c        0x0 c:/Users/denni/Documents/Projects/SPI_4_Wire_Serial_Intel_FPGA_IP/software/spi_debug_bsp/\libhal_bsp.a(alt_irq_handler.o)
 .data          0x0001685c        0x0 c:/Users/denni/Documents/Projects/SPI_4_Wire_Serial_Intel_FPGA_IP/software/spi_debug_bsp/\libhal_bsp.a(alt_irq_vars.o)
 .data          0x0001685c        0x0 c:/Users/denni/Documents/Projects/SPI_4_Wire_Serial_Intel_FPGA_IP/software/spi_debug_bsp/\libhal_bsp.a(alt_open.o)
 .data          0x0001685c        0x0 c:/Users/denni/Documents/Projects/SPI_4_Wire_Serial_Intel_FPGA_IP/software/spi_debug_bsp/\libhal_bsp.a(alt_release_fd.o)
 .data          0x0001685c        0x0 c:/Users/denni/Documents/Projects/SPI_4_Wire_Serial_Intel_FPGA_IP/software/spi_debug_bsp/\libhal_bsp.a(alt_tick.o)
 .data          0x0001685c        0x0 c:/Users/denni/Documents/Projects/SPI_4_Wire_Serial_Intel_FPGA_IP/software/spi_debug_bsp/\libhal_bsp.a(altera_nios2_gen2_irq.o)
 .data          0x0001685c        0x0 c:/Users/denni/Documents/Projects/SPI_4_Wire_Serial_Intel_FPGA_IP/software/spi_debug_bsp/\libhal_bsp.a(alt_exception_entry.o)
 .data          0x0001685c        0x0 c:/Users/denni/Documents/Projects/SPI_4_Wire_Serial_Intel_FPGA_IP/software/spi_debug_bsp/\libhal_bsp.a(alt_find_dev.o)
 .data          0x0001685c        0x0 c:/Users/denni/Documents/Projects/SPI_4_Wire_Serial_Intel_FPGA_IP/software/spi_debug_bsp/\libhal_bsp.a(alt_find_file.o)
 .data          0x0001685c        0x0 c:/Users/denni/Documents/Projects/SPI_4_Wire_Serial_Intel_FPGA_IP/software/spi_debug_bsp/\libhal_bsp.a(alt_get_fd.o)
 .data          0x0001685c        0x0 c:/Users/denni/Documents/Projects/SPI_4_Wire_Serial_Intel_FPGA_IP/software/spi_debug_bsp/\libhal_bsp.a(alt_instruction_exception_entry.o)
 .data          0x0001685c        0x0 c:/intelfpga_lite/23.1std/nios2eds/bin/gnu/h-x86_64-mingw32/bin/../lib/gcc/nios2-elf/12.3.1/../../../../../H-x86_64-mingw32/nios2-elf/lib/mno-hw-mul\libc.a(libc_a-atexit.o)
 .data          0x0001685c        0x0 c:/intelfpga_lite/23.1std/nios2eds/bin/gnu/h-x86_64-mingw32/bin/../lib/gcc/nios2-elf/12.3.1/../../../../../H-x86_64-mingw32/nios2-elf/lib/mno-hw-mul\libc.a(libc_a-exit.o)
 .data          0x0001685c        0x0 c:/intelfpga_lite/23.1std/nios2eds/bin/gnu/h-x86_64-mingw32/bin/../lib/gcc/nios2-elf/12.3.1/../../../../../H-x86_64-mingw32/nios2-elf/lib/mno-hw-mul\libc.a(libc_a-fputs.o)
 .data          0x0001685c        0x0 c:/intelfpga_lite/23.1std/nios2eds/bin/gnu/h-x86_64-mingw32/bin/../lib/gcc/nios2-elf/12.3.1/../../../../../H-x86_64-mingw32/nios2-elf/lib/mno-hw-mul\libc.a(libc_a-fvwrite.o)
 .data          0x0001685c        0x0 c:/intelfpga_lite/23.1std/nios2eds/bin/gnu/h-x86_64-mingw32/bin/../lib/gcc/nios2-elf/12.3.1/../../../../../H-x86_64-mingw32/nios2-elf/lib/mno-hw-mul\libc.a(libc_a-wsetup.o)
 .data          0x0001685c        0x0 c:/intelfpga_lite/23.1std/nios2eds/bin/gnu/h-x86_64-mingw32/bin/../lib/gcc/nios2-elf/12.3.1/../../../../../H-x86_64-mingw32/nios2-elf/lib/mno-hw-mul\libc.a(libc_a-memchr.o)
 .data          0x0001685c        0x0 c:/intelfpga_lite/23.1std/nios2eds/bin/gnu/h-x86_64-mingw32/bin/../lib/gcc/nios2-elf/12.3.1/../../../../../H-x86_64-mingw32/nios2-elf/lib/mno-hw-mul\libc.a(libc_a-memcmp.o)
 .data          0x0001685c        0x0 c:/intelfpga_lite/23.1std/nios2eds/bin/gnu/h-x86_64-mingw32/bin/../lib/gcc/nios2-elf/12.3.1/../../../../../H-x86_64-mingw32/nios2-elf/lib/mno-hw-mul\libc.a(libc_a-memcpy.o)
 .data          0x0001685c        0x0 c:/intelfpga_lite/23.1std/nios2eds/bin/gnu/h-x86_64-mingw32/bin/../lib/gcc/nios2-elf/12.3.1/../../../../../H-x86_64-mingw32/nios2-elf/lib/mno-hw-mul\libc.a(libc_a-memmove.o)
 .data          0x0001685c        0x0 c:/intelfpga_lite/23.1std/nios2eds/bin/gnu/h-x86_64-mingw32/bin/../lib/gcc/nios2-elf/12.3.1/../../../../../H-x86_64-mingw32/nios2-elf/lib/mno-hw-mul\libc.a(libc_a-strlen.o)
 .data          0x0001685c        0x0 c:/intelfpga_lite/23.1std/nios2eds/bin/gnu/h-x86_64-mingw32/bin/../lib/gcc/nios2-elf/12.3.1/../../../../../H-x86_64-mingw32/nios2-elf/lib/mno-hw-mul\libc.a(libc_a-int_errno.o)
 .data          0x0001685c        0x0 c:/intelfpga_lite/23.1std/nios2eds/bin/gnu/h-x86_64-mingw32/bin/../lib/gcc/nios2-elf/12.3.1/../../../../../H-x86_64-mingw32/nios2-elf/lib/mno-hw-mul\libc.a(libc_a-impure.o)
 .data._impure_data
                0x0001685c      0x11c c:/intelfpga_lite/23.1std/nios2eds/bin/gnu/h-x86_64-mingw32/bin/../lib/gcc/nios2-elf/12.3.1/../../../../../H-x86_64-mingw32/nios2-elf/lib/mno-hw-mul\libc.a(libc_a-impure.o)
                0x0001685c                _impure_data
 .data          0x00016978        0x0 c:/intelfpga_lite/23.1std/nios2eds/bin/gnu/h-x86_64-mingw32/bin/../lib/gcc/nios2-elf/12.3.1/../../../../../H-x86_64-mingw32/nios2-elf/lib/mno-hw-mul\libc.a(libc_a-__atexit.o)
 .data          0x00016978        0x0 c:/intelfpga_lite/23.1std/nios2eds/bin/gnu/h-x86_64-mingw32/bin/../lib/gcc/nios2-elf/12.3.1/../../../../../H-x86_64-mingw32/nios2-elf/lib/mno-hw-mul\libc.a(libc_a-__call_atexit.o)
 .data          0x00016978        0x0 c:/intelfpga_lite/23.1std/nios2eds/bin/gnu/h-x86_64-mingw32/bin/../lib/gcc/nios2-elf/12.3.1/../../../../../H-x86_64-mingw32/nios2-elf/lib/mno-hw-mul\libc.a(libc_a-freer.o)
 .data          0x00016978        0x0 c:/intelfpga_lite/23.1std/nios2eds/bin/gnu/h-x86_64-mingw32/bin/../lib/gcc/nios2-elf/12.3.1/../../../../../H-x86_64-mingw32/nios2-elf/lib/mno-hw-mul\libc.a(libc_a-mallocr.o)
 .data.__malloc_av_
                0x00016978      0x408 c:/intelfpga_lite/23.1std/nios2eds/bin/gnu/h-x86_64-mingw32/bin/../lib/gcc/nios2-elf/12.3.1/../../../../../H-x86_64-mingw32/nios2-elf/lib/mno-hw-mul\libc.a(libc_a-mallocr.o)
                0x00016978                __malloc_av_
 .data          0x00016d80        0x0 c:/intelfpga_lite/23.1std/nios2eds/bin/gnu/h-x86_64-mingw32/bin/../lib/gcc/nios2-elf/12.3.1/../../../../../H-x86_64-mingw32/nios2-elf/lib/mno-hw-mul\libc.a(libc_a-reallocr.o)
 .data          0x00016d80        0x0 c:/intelfpga_lite/23.1std/nios2eds/bin/gnu/h-x86_64-mingw32/bin/../lib/gcc/nios2-elf/12.3.1/../../../../../H-x86_64-mingw32/nios2-elf/lib/mno-hw-mul\libc.a(libc_a-fflush.o)
 .data          0x00016d80        0x0 c:/intelfpga_lite/23.1std/nios2eds/bin/gnu/h-x86_64-mingw32/bin/../lib/gcc/nios2-elf/12.3.1/../../../../../H-x86_64-mingw32/nios2-elf/lib/mno-hw-mul\libc.a(libc_a-findfp.o)
 .data.__sglue  0x00016d80        0xc c:/intelfpga_lite/23.1std/nios2eds/bin/gnu/h-x86_64-mingw32/bin/../lib/gcc/nios2-elf/12.3.1/../../../../../H-x86_64-mingw32/nios2-elf/lib/mno-hw-mul\libc.a(libc_a-findfp.o)
                0x00016d80                __sglue
 .data          0x00016d8c        0x0 c:/intelfpga_lite/23.1std/nios2eds/bin/gnu/h-x86_64-mingw32/bin/../lib/gcc/nios2-elf/12.3.1/../../../../../H-x86_64-mingw32/nios2-elf/lib/mno-hw-mul\libc.a(libc_a-fwalk.o)
 .data          0x00016d8c        0x0 c:/intelfpga_lite/23.1std/nios2eds/bin/gnu/h-x86_64-mingw32/bin/../lib/gcc/nios2-elf/12.3.1/../../../../../H-x86_64-mingw32/nios2-elf/lib/mno-hw-mul\libc.a(libc_a-makebuf.o)
 .data          0x00016d8c        0x0 c:/intelfpga_lite/23.1std/nios2eds/bin/gnu/h-x86_64-mingw32/bin/../lib/gcc/nios2-elf/12.3.1/../../../../../H-x86_64-mingw32/nios2-elf/lib/mno-hw-mul\libc.a(libc_a-stdio.o)
 .data          0x00016d8c        0x0 c:/intelfpga_lite/23.1std/nios2eds/bin/gnu/h-x86_64-mingw32/bin/../lib/gcc/nios2-elf/12.3.1/../../../../../H-x86_64-mingw32/nios2-elf/lib/mno-hw-mul\libc.a(libc_a-memset.o)
 .data          0x00016d8c        0x0 c:/intelfpga_lite/23.1std/nios2eds/bin/gnu/h-x86_64-mingw32/bin/../lib/gcc/nios2-elf/12.3.1/../../../../../H-x86_64-mingw32/nios2-elf/lib/mno-hw-mul\libc.a(libc_a-closer.o)
 .data          0x00016d8c        0x0 c:/intelfpga_lite/23.1std/nios2eds/bin/gnu/h-x86_64-mingw32/bin/../lib/gcc/nios2-elf/12.3.1/../../../../../H-x86_64-mingw32/nios2-elf/lib/mno-hw-mul\libc.a(libc_a-fstatr.o)
 .data          0x00016d8c        0x0 c:/intelfpga_lite/23.1std/nios2eds/bin/gnu/h-x86_64-mingw32/bin/../lib/gcc/nios2-elf/12.3.1/../../../../../H-x86_64-mingw32/nios2-elf/lib/mno-hw-mul\libc.a(libc_a-isattyr.o)
 .data          0x00016d8c        0x0 c:/intelfpga_lite/23.1std/nios2eds/bin/gnu/h-x86_64-mingw32/bin/../lib/gcc/nios2-elf/12.3.1/../../../../../H-x86_64-mingw32/nios2-elf/lib/mno-hw-mul\libc.a(libc_a-lseekr.o)
 .data          0x00016d8c        0x0 c:/intelfpga_lite/23.1std/nios2eds/bin/gnu/h-x86_64-mingw32/bin/../lib/gcc/nios2-elf/12.3.1/../../../../../H-x86_64-mingw32/nios2-elf/lib/mno-hw-mul\libc.a(libc_a-readr.o)
 .data          0x00016d8c        0x0 c:/intelfpga_lite/23.1std/nios2eds/bin/gnu/h-x86_64-mingw32/bin/../lib/gcc/nios2-elf/12.3.1/../../../../../H-x86_64-mingw32/nios2-elf/lib/mno-hw-mul\libc.a(libc_a-sbrkr.o)
 .data          0x00016d8c        0x0 c:/intelfpga_lite/23.1std/nios2eds/bin/gnu/h-x86_64-mingw32/bin/../lib/gcc/nios2-elf/12.3.1/../../../../../H-x86_64-mingw32/nios2-elf/lib/mno-hw-mul\libc.a(libc_a-writer.o)
 .data          0x00016d8c        0x0 c:/intelfpga_lite/23.1std/nios2eds/bin/gnu/h-x86_64-mingw32/bin/../lib/gcc/nios2-elf/12.3.1/../../../../../H-x86_64-mingw32/nios2-elf/lib/mno-hw-mul\libc.a(libc_a-fclose.o)
 .data          0x00016d8c        0x0 c:/intelfpga_lite/23.1std/nios2eds/bin/gnu/h-x86_64-mingw32/bin/../lib/gcc/nios2-elf/12.3.1/mno-hw-mul\libgcc.a(lib2-divmod.o)
 .data          0x00016d8c        0x0 c:/intelfpga_lite/23.1std/nios2eds/bin/gnu/h-x86_64-mingw32/bin/../lib/gcc/nios2-elf/12.3.1/mno-hw-mul\libgcc.a(lib2-mul.o)
 .data          0x00016d8c        0x0 c:/Users/denni/Documents/Projects/SPI_4_Wire_Serial_Intel_FPGA_IP/software/spi_debug_bsp/\libhal_bsp.a(alt_exit.o)
 .data          0x00016d8c        0x0 c:/Users/denni/Documents/Projects/SPI_4_Wire_Serial_Intel_FPGA_IP/software/spi_debug_bsp/\libhal_bsp.a(alt_fstat.o)
 .data          0x00016d8c        0x0 c:/Users/denni/Documents/Projects/SPI_4_Wire_Serial_Intel_FPGA_IP/software/spi_debug_bsp/\libhal_bsp.a(alt_isatty.o)
 .data          0x00016d8c        0x0 c:/Users/denni/Documents/Projects/SPI_4_Wire_Serial_Intel_FPGA_IP/software/spi_debug_bsp/\libhal_bsp.a(alt_lseek.o)
 .data          0x00016d8c        0x0 c:/Users/denni/Documents/Projects/SPI_4_Wire_Serial_Intel_FPGA_IP/software/spi_debug_bsp/\libhal_bsp.a(alt_malloc_lock.o)
 .data          0x00016d8c        0x0 c:/Users/denni/Documents/Projects/SPI_4_Wire_Serial_Intel_FPGA_IP/software/spi_debug_bsp/\libhal_bsp.a(alt_read.o)
 .data          0x00016d8c        0x0 c:/Users/denni/Documents/Projects/SPI_4_Wire_Serial_Intel_FPGA_IP/software/spi_debug_bsp/\libhal_bsp.a(alt_sbrk.o)
 .data          0x00016d8c        0x0 c:/Users/denni/Documents/Projects/SPI_4_Wire_Serial_Intel_FPGA_IP/software/spi_debug_bsp/\libhal_bsp.a(alt_write.o)
                0x0001ed8c                        _gp = ABSOLUTE ((. + 0x8000))
                [!provide]                        PROVIDE (gp = _gp)
 *(.rwdata .rwdata.*)
 *(.sdata .sdata.* .gnu.linkonce.s.*)
 .sdata         0x00016d8c       0x14 c:/Users/denni/Documents/Projects/SPI_4_Wire_Serial_Intel_FPGA_IP/software/spi_debug_bsp/\libhal_bsp.a(alt_dev.o)
                0x00016d8c                alt_fs_list
                0x00016d94                alt_dev_list
                0x00016d9c                alt_max_fd
 .sdata         0x00016da0        0x4 c:/Users/denni/Documents/Projects/SPI_4_Wire_Serial_Intel_FPGA_IP/software/spi_debug_bsp/\libhal_bsp.a(alt_errno.o)
                0x00016da0                alt_errno
 .sdata         0x00016da4        0x4 c:/Users/denni/Documents/Projects/SPI_4_Wire_Serial_Intel_FPGA_IP/software/spi_debug_bsp/\libhal_bsp.a(alt_irq_vars.o)
                0x00016da4                alt_priority_mask
 .sdata         0x00016da8        0x8 c:/Users/denni/Documents/Projects/SPI_4_Wire_Serial_Intel_FPGA_IP/software/spi_debug_bsp/\libhal_bsp.a(alt_tick.o)
                0x00016da8                alt_alarm_list
 .sdata._impure_ptr
                0x00016db0        0x4 c:/intelfpga_lite/23.1std/nios2eds/bin/gnu/h-x86_64-mingw32/bin/../lib/gcc/nios2-elf/12.3.1/../../../../../H-x86_64-mingw32/nios2-elf/lib/mno-hw-mul\libc.a(libc_a-impure.o)
                0x00016db0                _impure_ptr
 .sdata.__malloc_sbrk_base
                0x00016db4        0x4 c:/intelfpga_lite/23.1std/nios2eds/bin/gnu/h-x86_64-mingw32/bin/../lib/gcc/nios2-elf/12.3.1/../../../../../H-x86_64-mingw32/nios2-elf/lib/mno-hw-mul\libc.a(libc_a-mallocr.o)
                0x00016db4                __malloc_sbrk_base
 .sdata.__malloc_trim_threshold
                0x00016db8        0x4 c:/intelfpga_lite/23.1std/nios2eds/bin/gnu/h-x86_64-mingw32/bin/../lib/gcc/nios2-elf/12.3.1/../../../../../H-x86_64-mingw32/nios2-elf/lib/mno-hw-mul\libc.a(libc_a-mallocr.o)
                0x00016db8                __malloc_trim_threshold
 .sdata         0x00016dbc        0x4 c:/Users/denni/Documents/Projects/SPI_4_Wire_Serial_Intel_FPGA_IP/software/spi_debug_bsp/\libhal_bsp.a(alt_sbrk.o)
 *(.sdata2 .sdata2.* .gnu.linkonce.s2.*)
                0x00016dc0                        . = ALIGN (0x4)
                0x00016dc0                        _edata = ABSOLUTE (.)
                [!provide]                        PROVIDE (edata = ABSOLUTE (.))
                0x00016dc0                        PROVIDE (__ram_rwdata_end = ABSOLUTE (.))
                0x00016dc0                        PROVIDE (__flash_rwdata_start = LOADADDR (.rwdata))

.bss            0x0001852c      0x428
                0x0001852c                        __bss_start = ABSOLUTE (.)
                [!provide]                        PROVIDE (__sbss_start = ABSOLUTE (.))
                [!provide]                        PROVIDE (___sbss_start = ABSOLUTE (.))
 *(.dynsbss)
 *(.sbss .sbss.* .gnu.linkonce.sb.*)
 .sbss          0x0001852c        0xc c:/Users/denni/Documents/Projects/SPI_4_Wire_Serial_Intel_FPGA_IP/software/spi_debug_bsp/\libhal_bsp.a(alt_main.o)
                0x0001852c                alt_argc
                0x00018530                alt_argv
                0x00018534                alt_envp
 .sbss          0x00018538        0x4 c:/Users/denni/Documents/Projects/SPI_4_Wire_Serial_Intel_FPGA_IP/software/spi_debug_bsp/\libhal_bsp.a(alt_irq_vars.o)
                0x00018538                alt_irq_active
 .sbss          0x0001853c        0xc c:/Users/denni/Documents/Projects/SPI_4_Wire_Serial_Intel_FPGA_IP/software/spi_debug_bsp/\libhal_bsp.a(alt_tick.o)
                0x0001853c                _alt_tick_rate
                0x00018540                _alt_nticks
 .sbss          0x00018548        0x4 c:/Users/denni/Documents/Projects/SPI_4_Wire_Serial_Intel_FPGA_IP/software/spi_debug_bsp/\libhal_bsp.a(alt_instruction_exception_entry.o)
                0x00018548                alt_instruction_exception_handler
 .sbss.__stdio_exit_handler
                0x0001854c        0x4 c:/intelfpga_lite/23.1std/nios2eds/bin/gnu/h-x86_64-mingw32/bin/../lib/gcc/nios2-elf/12.3.1/../../../../../H-x86_64-mingw32/nios2-elf/lib/mno-hw-mul\libc.a(libc_a-exit.o)
                0x0001854c                __stdio_exit_handler
 .sbss.errno    0x00018550        0x4 c:/intelfpga_lite/23.1std/nios2eds/bin/gnu/h-x86_64-mingw32/bin/../lib/gcc/nios2-elf/12.3.1/../../../../../H-x86_64-mingw32/nios2-elf/lib/mno-hw-mul\libc.a(libc_a-int_errno.o)
                0x00018550                errno
 .sbss.__atexit
                0x00018554        0x4 c:/intelfpga_lite/23.1std/nios2eds/bin/gnu/h-x86_64-mingw32/bin/../lib/gcc/nios2-elf/12.3.1/../../../../../H-x86_64-mingw32/nios2-elf/lib/mno-hw-mul\libc.a(libc_a-__call_atexit.o)
                0x00018554                __atexit
 .sbss.__malloc_max_total_mem
                0x00018558        0x4 c:/intelfpga_lite/23.1std/nios2eds/bin/gnu/h-x86_64-mingw32/bin/../lib/gcc/nios2-elf/12.3.1/../../../../../H-x86_64-mingw32/nios2-elf/lib/mno-hw-mul\libc.a(libc_a-mallocr.o)
                0x00018558                __malloc_max_total_mem
 .sbss.__malloc_max_sbrked_mem
                0x0001855c        0x4 c:/intelfpga_lite/23.1std/nios2eds/bin/gnu/h-x86_64-mingw32/bin/../lib/gcc/nios2-elf/12.3.1/../../../../../H-x86_64-mingw32/nios2-elf/lib/mno-hw-mul\libc.a(libc_a-mallocr.o)
                0x0001855c                __malloc_max_sbrked_mem
 .sbss.__malloc_top_pad
                0x00018560        0x4 c:/intelfpga_lite/23.1std/nios2eds/bin/gnu/h-x86_64-mingw32/bin/../lib/gcc/nios2-elf/12.3.1/../../../../../H-x86_64-mingw32/nios2-elf/lib/mno-hw-mul\libc.a(libc_a-mallocr.o)
                0x00018560                __malloc_top_pad
 *(.sbss2 .sbss2.* .gnu.linkonce.sb2.*)
 *(.scommon)
                [!provide]                        PROVIDE (__sbss_end = ABSOLUTE (.))
                [!provide]                        PROVIDE (___sbss_end = ABSOLUTE (.))
 *(.dynbss)
 *(.bss .bss.* .gnu.linkonce.b.*)
 .bss           0x00018564        0x0 c:/Users/denni/Documents/Projects/SPI_4_Wire_Serial_Intel_FPGA_IP/software/spi_debug_bsp//obj/HAL/src/crt0.o
 .bss           0x00018564        0x0 obj/default/hello_world_small.o
 .bss           0x00018564        0x0 c:/Users/denni/Documents/Projects/SPI_4_Wire_Serial_Intel_FPGA_IP/software/spi_debug_bsp/\libhal_bsp.a(alt_load.o)
 .bss           0x00018564        0x0 c:/Users/denni/Documents/Projects/SPI_4_Wire_Serial_Intel_FPGA_IP/software/spi_debug_bsp/\libhal_bsp.a(alt_main.o)
 .bss           0x00018564        0x0 c:/Users/denni/Documents/Projects/SPI_4_Wire_Serial_Intel_FPGA_IP/software/spi_debug_bsp/\libhal_bsp.a(alt_putstr.o)
 .bss           0x00018564        0x0 c:/Users/denni/Documents/Projects/SPI_4_Wire_Serial_Intel_FPGA_IP/software/spi_debug_bsp/\libhal_bsp.a(alt_sys_init.o)
 .bss           0x00018564        0x0 c:/Users/denni/Documents/Projects/SPI_4_Wire_Serial_Intel_FPGA_IP/software/spi_debug_bsp/\libhal_bsp.a(altera_avalon_jtag_uart_fd.o)
 .bss           0x00018564        0x0 c:/Users/denni/Documents/Projects/SPI_4_Wire_Serial_Intel_FPGA_IP/software/spi_debug_bsp/\libhal_bsp.a(altera_avalon_jtag_uart_init.o)
 .bss           0x00018564        0x0 c:/Users/denni/Documents/Projects/SPI_4_Wire_Serial_Intel_FPGA_IP/software/spi_debug_bsp/\libhal_bsp.a(altera_avalon_jtag_uart_ioctl.o)
 .bss           0x00018564        0x0 c:/Users/denni/Documents/Projects/SPI_4_Wire_Serial_Intel_FPGA_IP/software/spi_debug_bsp/\libhal_bsp.a(altera_avalon_jtag_uart_read.o)
 .bss           0x00018564        0x0 c:/Users/denni/Documents/Projects/SPI_4_Wire_Serial_Intel_FPGA_IP/software/spi_debug_bsp/\libhal_bsp.a(altera_avalon_jtag_uart_write.o)
 .bss           0x00018564        0x0 c:/Users/denni/Documents/Projects/SPI_4_Wire_Serial_Intel_FPGA_IP/software/spi_debug_bsp/\libhal_bsp.a(alt_alarm_start.o)
 .bss           0x00018564        0x0 c:/Users/denni/Documents/Projects/SPI_4_Wire_Serial_Intel_FPGA_IP/software/spi_debug_bsp/\libhal_bsp.a(alt_close.o)
 .bss           0x00018564        0x0 c:/Users/denni/Documents/Projects/SPI_4_Wire_Serial_Intel_FPGA_IP/software/spi_debug_bsp/\libhal_bsp.a(alt_dcache_flush_all.o)
 .bss           0x00018564        0x0 c:/Users/denni/Documents/Projects/SPI_4_Wire_Serial_Intel_FPGA_IP/software/spi_debug_bsp/\libhal_bsp.a(alt_dev.o)
 .bss           0x00018564        0x0 c:/Users/denni/Documents/Projects/SPI_4_Wire_Serial_Intel_FPGA_IP/software/spi_debug_bsp/\libhal_bsp.a(alt_dev_llist_insert.o)
 .bss           0x00018564        0x0 c:/Users/denni/Documents/Projects/SPI_4_Wire_Serial_Intel_FPGA_IP/software/spi_debug_bsp/\libhal_bsp.a(alt_do_ctors.o)
 .bss           0x00018564        0x0 c:/Users/denni/Documents/Projects/SPI_4_Wire_Serial_Intel_FPGA_IP/software/spi_debug_bsp/\libhal_bsp.a(alt_do_dtors.o)
 .bss           0x00018564        0x0 c:/Users/denni/Documents/Projects/SPI_4_Wire_Serial_Intel_FPGA_IP/software/spi_debug_bsp/\libhal_bsp.a(alt_errno.o)
 .bss           0x00018564        0x0 c:/Users/denni/Documents/Projects/SPI_4_Wire_Serial_Intel_FPGA_IP/software/spi_debug_bsp/\libhal_bsp.a(alt_icache_flush_all.o)
 .bss           0x00018564        0x0 c:/Users/denni/Documents/Projects/SPI_4_Wire_Serial_Intel_FPGA_IP/software/spi_debug_bsp/\libhal_bsp.a(alt_iic.o)
 .bss           0x00018564        0x0 c:/Users/denni/Documents/Projects/SPI_4_Wire_Serial_Intel_FPGA_IP/software/spi_debug_bsp/\libhal_bsp.a(alt_iic_isr_register.o)
 .bss           0x00018564        0x0 c:/Users/denni/Documents/Projects/SPI_4_Wire_Serial_Intel_FPGA_IP/software/spi_debug_bsp/\libhal_bsp.a(alt_io_redirect.o)
 .bss           0x00018564        0x0 c:/Users/denni/Documents/Projects/SPI_4_Wire_Serial_Intel_FPGA_IP/software/spi_debug_bsp/\libhal_bsp.a(alt_irq_entry.o)
 .bss           0x00018564      0x100 c:/Users/denni/Documents/Projects/SPI_4_Wire_Serial_Intel_FPGA_IP/software/spi_debug_bsp/\libhal_bsp.a(alt_irq_handler.o)
                0x00018564                alt_irq
 .bss           0x00018664        0x0 c:/Users/denni/Documents/Projects/SPI_4_Wire_Serial_Intel_FPGA_IP/software/spi_debug_bsp/\libhal_bsp.a(alt_irq_vars.o)
 .bss           0x00018664        0x0 c:/Users/denni/Documents/Projects/SPI_4_Wire_Serial_Intel_FPGA_IP/software/spi_debug_bsp/\libhal_bsp.a(alt_open.o)
 .bss           0x00018664        0x0 c:/Users/denni/Documents/Projects/SPI_4_Wire_Serial_Intel_FPGA_IP/software/spi_debug_bsp/\libhal_bsp.a(alt_release_fd.o)
 .bss           0x00018664        0x0 c:/Users/denni/Documents/Projects/SPI_4_Wire_Serial_Intel_FPGA_IP/software/spi_debug_bsp/\libhal_bsp.a(alt_tick.o)
 .bss           0x00018664        0x0 c:/Users/denni/Documents/Projects/SPI_4_Wire_Serial_Intel_FPGA_IP/software/spi_debug_bsp/\libhal_bsp.a(altera_nios2_gen2_irq.o)
 .bss           0x00018664        0x0 c:/Users/denni/Documents/Projects/SPI_4_Wire_Serial_Intel_FPGA_IP/software/spi_debug_bsp/\libhal_bsp.a(alt_exception_entry.o)
 .bss           0x00018664        0x0 c:/Users/denni/Documents/Projects/SPI_4_Wire_Serial_Intel_FPGA_IP/software/spi_debug_bsp/\libhal_bsp.a(alt_find_dev.o)
 .bss           0x00018664        0x0 c:/Users/denni/Documents/Projects/SPI_4_Wire_Serial_Intel_FPGA_IP/software/spi_debug_bsp/\libhal_bsp.a(alt_find_file.o)
 .bss           0x00018664        0x0 c:/Users/denni/Documents/Projects/SPI_4_Wire_Serial_Intel_FPGA_IP/software/spi_debug_bsp/\libhal_bsp.a(alt_get_fd.o)
 .bss           0x00018664        0x0 c:/Users/denni/Documents/Projects/SPI_4_Wire_Serial_Intel_FPGA_IP/software/spi_debug_bsp/\libhal_bsp.a(alt_instruction_exception_entry.o)
 .bss           0x00018664        0x0 c:/intelfpga_lite/23.1std/nios2eds/bin/gnu/h-x86_64-mingw32/bin/../lib/gcc/nios2-elf/12.3.1/../../../../../H-x86_64-mingw32/nios2-elf/lib/mno-hw-mul\libc.a(libc_a-atexit.o)
 .bss           0x00018664        0x0 c:/intelfpga_lite/23.1std/nios2eds/bin/gnu/h-x86_64-mingw32/bin/../lib/gcc/nios2-elf/12.3.1/../../../../../H-x86_64-mingw32/nios2-elf/lib/mno-hw-mul\libc.a(libc_a-exit.o)
 .bss           0x00018664        0x0 c:/intelfpga_lite/23.1std/nios2eds/bin/gnu/h-x86_64-mingw32/bin/../lib/gcc/nios2-elf/12.3.1/../../../../../H-x86_64-mingw32/nios2-elf/lib/mno-hw-mul\libc.a(libc_a-fputs.o)
 .bss           0x00018664        0x0 c:/intelfpga_lite/23.1std/nios2eds/bin/gnu/h-x86_64-mingw32/bin/../lib/gcc/nios2-elf/12.3.1/../../../../../H-x86_64-mingw32/nios2-elf/lib/mno-hw-mul\libc.a(libc_a-fvwrite.o)
 .bss           0x00018664        0x0 c:/intelfpga_lite/23.1std/nios2eds/bin/gnu/h-x86_64-mingw32/bin/../lib/gcc/nios2-elf/12.3.1/../../../../../H-x86_64-mingw32/nios2-elf/lib/mno-hw-mul\libc.a(libc_a-wsetup.o)
 .bss           0x00018664        0x0 c:/intelfpga_lite/23.1std/nios2eds/bin/gnu/h-x86_64-mingw32/bin/../lib/gcc/nios2-elf/12.3.1/../../../../../H-x86_64-mingw32/nios2-elf/lib/mno-hw-mul\libc.a(libc_a-memchr.o)
 .bss           0x00018664        0x0 c:/intelfpga_lite/23.1std/nios2eds/bin/gnu/h-x86_64-mingw32/bin/../lib/gcc/nios2-elf/12.3.1/../../../../../H-x86_64-mingw32/nios2-elf/lib/mno-hw-mul\libc.a(libc_a-memcmp.o)
 .bss           0x00018664        0x0 c:/intelfpga_lite/23.1std/nios2eds/bin/gnu/h-x86_64-mingw32/bin/../lib/gcc/nios2-elf/12.3.1/../../../../../H-x86_64-mingw32/nios2-elf/lib/mno-hw-mul\libc.a(libc_a-memcpy.o)
 .bss           0x00018664        0x0 c:/intelfpga_lite/23.1std/nios2eds/bin/gnu/h-x86_64-mingw32/bin/../lib/gcc/nios2-elf/12.3.1/../../../../../H-x86_64-mingw32/nios2-elf/lib/mno-hw-mul\libc.a(libc_a-memmove.o)
 .bss           0x00018664        0x0 c:/intelfpga_lite/23.1std/nios2eds/bin/gnu/h-x86_64-mingw32/bin/../lib/gcc/nios2-elf/12.3.1/../../../../../H-x86_64-mingw32/nios2-elf/lib/mno-hw-mul\libc.a(libc_a-strlen.o)
 .bss           0x00018664        0x0 c:/intelfpga_lite/23.1std/nios2eds/bin/gnu/h-x86_64-mingw32/bin/../lib/gcc/nios2-elf/12.3.1/../../../../../H-x86_64-mingw32/nios2-elf/lib/mno-hw-mul\libc.a(libc_a-int_errno.o)
 .bss           0x00018664        0x0 c:/intelfpga_lite/23.1std/nios2eds/bin/gnu/h-x86_64-mingw32/bin/../lib/gcc/nios2-elf/12.3.1/../../../../../H-x86_64-mingw32/nios2-elf/lib/mno-hw-mul\libc.a(libc_a-impure.o)
 .bss           0x00018664        0x0 c:/intelfpga_lite/23.1std/nios2eds/bin/gnu/h-x86_64-mingw32/bin/../lib/gcc/nios2-elf/12.3.1/../../../../../H-x86_64-mingw32/nios2-elf/lib/mno-hw-mul\libc.a(libc_a-__atexit.o)
 .bss.__atexit0
                0x00018664      0x190 c:/intelfpga_lite/23.1std/nios2eds/bin/gnu/h-x86_64-mingw32/bin/../lib/gcc/nios2-elf/12.3.1/../../../../../H-x86_64-mingw32/nios2-elf/lib/mno-hw-mul\libc.a(libc_a-__atexit.o)
                0x00018664                __atexit0
 .bss           0x000187f4        0x0 c:/intelfpga_lite/23.1std/nios2eds/bin/gnu/h-x86_64-mingw32/bin/../lib/gcc/nios2-elf/12.3.1/../../../../../H-x86_64-mingw32/nios2-elf/lib/mno-hw-mul\libc.a(libc_a-__call_atexit.o)
 .bss           0x000187f4        0x0 c:/intelfpga_lite/23.1std/nios2eds/bin/gnu/h-x86_64-mingw32/bin/../lib/gcc/nios2-elf/12.3.1/../../../../../H-x86_64-mingw32/nios2-elf/lib/mno-hw-mul\libc.a(libc_a-freer.o)
 .bss           0x000187f4        0x0 c:/intelfpga_lite/23.1std/nios2eds/bin/gnu/h-x86_64-mingw32/bin/../lib/gcc/nios2-elf/12.3.1/../../../../../H-x86_64-mingw32/nios2-elf/lib/mno-hw-mul\libc.a(libc_a-mallocr.o)
 .bss.__malloc_current_mallinfo
                0x000187f4       0x28 c:/intelfpga_lite/23.1std/nios2eds/bin/gnu/h-x86_64-mingw32/bin/../lib/gcc/nios2-elf/12.3.1/../../../../../H-x86_64-mingw32/nios2-elf/lib/mno-hw-mul\libc.a(libc_a-mallocr.o)
                0x000187f4                __malloc_current_mallinfo
 .bss           0x0001881c        0x0 c:/intelfpga_lite/23.1std/nios2eds/bin/gnu/h-x86_64-mingw32/bin/../lib/gcc/nios2-elf/12.3.1/../../../../../H-x86_64-mingw32/nios2-elf/lib/mno-hw-mul\libc.a(libc_a-reallocr.o)
 .bss           0x0001881c        0x0 c:/intelfpga_lite/23.1std/nios2eds/bin/gnu/h-x86_64-mingw32/bin/../lib/gcc/nios2-elf/12.3.1/../../../../../H-x86_64-mingw32/nios2-elf/lib/mno-hw-mul\libc.a(libc_a-fflush.o)
 .bss           0x0001881c        0x0 c:/intelfpga_lite/23.1std/nios2eds/bin/gnu/h-x86_64-mingw32/bin/../lib/gcc/nios2-elf/12.3.1/../../../../../H-x86_64-mingw32/nios2-elf/lib/mno-hw-mul\libc.a(libc_a-findfp.o)
 .bss.__sf      0x0001881c      0x138 c:/intelfpga_lite/23.1std/nios2eds/bin/gnu/h-x86_64-mingw32/bin/../lib/gcc/nios2-elf/12.3.1/../../../../../H-x86_64-mingw32/nios2-elf/lib/mno-hw-mul\libc.a(libc_a-findfp.o)
                0x0001881c                __sf
 .bss           0x00018954        0x0 c:/intelfpga_lite/23.1std/nios2eds/bin/gnu/h-x86_64-mingw32/bin/../lib/gcc/nios2-elf/12.3.1/../../../../../H-x86_64-mingw32/nios2-elf/lib/mno-hw-mul\libc.a(libc_a-fwalk.o)
 .bss           0x00018954        0x0 c:/intelfpga_lite/23.1std/nios2eds/bin/gnu/h-x86_64-mingw32/bin/../lib/gcc/nios2-elf/12.3.1/../../../../../H-x86_64-mingw32/nios2-elf/lib/mno-hw-mul\libc.a(libc_a-makebuf.o)
 .bss           0x00018954        0x0 c:/intelfpga_lite/23.1std/nios2eds/bin/gnu/h-x86_64-mingw32/bin/../lib/gcc/nios2-elf/12.3.1/../../../../../H-x86_64-mingw32/nios2-elf/lib/mno-hw-mul\libc.a(libc_a-stdio.o)
 .bss           0x00018954        0x0 c:/intelfpga_lite/23.1std/nios2eds/bin/gnu/h-x86_64-mingw32/bin/../lib/gcc/nios2-elf/12.3.1/../../../../../H-x86_64-mingw32/nios2-elf/lib/mno-hw-mul\libc.a(libc_a-memset.o)
 .bss           0x00018954        0x0 c:/intelfpga_lite/23.1std/nios2eds/bin/gnu/h-x86_64-mingw32/bin/../lib/gcc/nios2-elf/12.3.1/../../../../../H-x86_64-mingw32/nios2-elf/lib/mno-hw-mul\libc.a(libc_a-closer.o)
 .bss           0x00018954        0x0 c:/intelfpga_lite/23.1std/nios2eds/bin/gnu/h-x86_64-mingw32/bin/../lib/gcc/nios2-elf/12.3.1/../../../../../H-x86_64-mingw32/nios2-elf/lib/mno-hw-mul\libc.a(libc_a-fstatr.o)
 .bss           0x00018954        0x0 c:/intelfpga_lite/23.1std/nios2eds/bin/gnu/h-x86_64-mingw32/bin/../lib/gcc/nios2-elf/12.3.1/../../../../../H-x86_64-mingw32/nios2-elf/lib/mno-hw-mul\libc.a(libc_a-isattyr.o)
 .bss           0x00018954        0x0 c:/intelfpga_lite/23.1std/nios2eds/bin/gnu/h-x86_64-mingw32/bin/../lib/gcc/nios2-elf/12.3.1/../../../../../H-x86_64-mingw32/nios2-elf/lib/mno-hw-mul\libc.a(libc_a-lseekr.o)
 .bss           0x00018954        0x0 c:/intelfpga_lite/23.1std/nios2eds/bin/gnu/h-x86_64-mingw32/bin/../lib/gcc/nios2-elf/12.3.1/../../../../../H-x86_64-mingw32/nios2-elf/lib/mno-hw-mul\libc.a(libc_a-readr.o)
 .bss           0x00018954        0x0 c:/intelfpga_lite/23.1std/nios2eds/bin/gnu/h-x86_64-mingw32/bin/../lib/gcc/nios2-elf/12.3.1/../../../../../H-x86_64-mingw32/nios2-elf/lib/mno-hw-mul\libc.a(libc_a-sbrkr.o)
 .bss           0x00018954        0x0 c:/intelfpga_lite/23.1std/nios2eds/bin/gnu/h-x86_64-mingw32/bin/../lib/gcc/nios2-elf/12.3.1/../../../../../H-x86_64-mingw32/nios2-elf/lib/mno-hw-mul\libc.a(libc_a-writer.o)
 .bss           0x00018954        0x0 c:/intelfpga_lite/23.1std/nios2eds/bin/gnu/h-x86_64-mingw32/bin/../lib/gcc/nios2-elf/12.3.1/../../../../../H-x86_64-mingw32/nios2-elf/lib/mno-hw-mul\libc.a(libc_a-fclose.o)
 .bss           0x00018954        0x0 c:/intelfpga_lite/23.1std/nios2eds/bin/gnu/h-x86_64-mingw32/bin/../lib/gcc/nios2-elf/12.3.1/mno-hw-mul\libgcc.a(lib2-divmod.o)
 .bss           0x00018954        0x0 c:/intelfpga_lite/23.1std/nios2eds/bin/gnu/h-x86_64-mingw32/bin/../lib/gcc/nios2-elf/12.3.1/mno-hw-mul\libgcc.a(lib2-mul.o)
 .bss           0x00018954        0x0 c:/Users/denni/Documents/Projects/SPI_4_Wire_Serial_Intel_FPGA_IP/software/spi_debug_bsp/\libhal_bsp.a(alt_exit.o)
 .bss           0x00018954        0x0 c:/Users/denni/Documents/Projects/SPI_4_Wire_Serial_Intel_FPGA_IP/software/spi_debug_bsp/\libhal_bsp.a(alt_fstat.o)
 .bss           0x00018954        0x0 c:/Users/denni/Documents/Projects/SPI_4_Wire_Serial_Intel_FPGA_IP/software/spi_debug_bsp/\libhal_bsp.a(alt_isatty.o)
 .bss           0x00018954        0x0 c:/Users/denni/Documents/Projects/SPI_4_Wire_Serial_Intel_FPGA_IP/software/spi_debug_bsp/\libhal_bsp.a(alt_lseek.o)
 .bss           0x00018954        0x0 c:/Users/denni/Documents/Projects/SPI_4_Wire_Serial_Intel_FPGA_IP/software/spi_debug_bsp/\libhal_bsp.a(alt_malloc_lock.o)
 .bss           0x00018954        0x0 c:/Users/denni/Documents/Projects/SPI_4_Wire_Serial_Intel_FPGA_IP/software/spi_debug_bsp/\libhal_bsp.a(alt_read.o)
 .bss           0x00018954        0x0 c:/Users/denni/Documents/Projects/SPI_4_Wire_Serial_Intel_FPGA_IP/software/spi_debug_bsp/\libhal_bsp.a(alt_sbrk.o)
 .bss           0x00018954        0x0 c:/Users/denni/Documents/Projects/SPI_4_Wire_Serial_Intel_FPGA_IP/software/spi_debug_bsp/\libhal_bsp.a(alt_write.o)
 *(COMMON)
                0x00018954                        . = ALIGN (0x4)
                0x00018954                        __bss_end = ABSOLUTE (.)

.RAM            0x00018954        0x0
                [!provide]                        PROVIDE (_alt_partition_RAM_start = ABSOLUTE (.))
 *(.RAM .RAM. RAM.*)
                0x00018954                        . = ALIGN (0x4)
                [!provide]                        PROVIDE (_alt_partition_RAM_end = ABSOLUTE (.))
                0x00018954                        _end = ABSOLUTE (.)
                0x00018954                        end = ABSOLUTE (.)
                0x00018954                        __alt_stack_base = ABSOLUTE (.)
                [!provide]                        PROVIDE (_alt_partition_RAM_load_addr = LOADADDR (.RAM))

.stab
 *(.stab)

.stabstr
 *(.stabstr)

.stab.excl
 *(.stab.excl)

.stab.exclstr
 *(.stab.exclstr)

.stab.index
 *(.stab.index)

.stab.indexstr
 *(.stab.indexstr)

.comment        0x00000000       0x2d
 *(.comment)
 .comment       0x00000000       0x2d obj/default/hello_world_small.o
                                 0x2e (size before relaxing)
 .comment       0x0000002d       0x2e c:/Users/denni/Documents/Projects/SPI_4_Wire_Serial_Intel_FPGA_IP/software/spi_debug_bsp/\libhal_bsp.a(alt_load.o)
 .comment       0x0000002d       0x2e c:/Users/denni/Documents/Projects/SPI_4_Wire_Serial_Intel_FPGA_IP/software/spi_debug_bsp/\libhal_bsp.a(alt_main.o)
 .comment       0x0000002d       0x2e c:/Users/denni/Documents/Projects/SPI_4_Wire_Serial_Intel_FPGA_IP/software/spi_debug_bsp/\libhal_bsp.a(alt_putstr.o)
 .comment       0x0000002d       0x2e c:/Users/denni/Documents/Projects/SPI_4_Wire_Serial_Intel_FPGA_IP/software/spi_debug_bsp/\libhal_bsp.a(alt_sys_init.o)
 .comment       0x0000002d       0x2e c:/Users/denni/Documents/Projects/SPI_4_Wire_Serial_Intel_FPGA_IP/software/spi_debug_bsp/\libhal_bsp.a(altera_avalon_jtag_uart_fd.o)
 .comment       0x0000002d       0x2e c:/Users/denni/Documents/Projects/SPI_4_Wire_Serial_Intel_FPGA_IP/software/spi_debug_bsp/\libhal_bsp.a(altera_avalon_jtag_uart_init.o)
 .comment       0x0000002d       0x2e c:/Users/denni/Documents/Projects/SPI_4_Wire_Serial_Intel_FPGA_IP/software/spi_debug_bsp/\libhal_bsp.a(altera_avalon_jtag_uart_ioctl.o)
 .comment       0x0000002d       0x2e c:/Users/denni/Documents/Projects/SPI_4_Wire_Serial_Intel_FPGA_IP/software/spi_debug_bsp/\libhal_bsp.a(altera_avalon_jtag_uart_read.o)
 .comment       0x0000002d       0x2e c:/Users/denni/Documents/Projects/SPI_4_Wire_Serial_Intel_FPGA_IP/software/spi_debug_bsp/\libhal_bsp.a(altera_avalon_jtag_uart_write.o)
 .comment       0x0000002d       0x2e c:/Users/denni/Documents/Projects/SPI_4_Wire_Serial_Intel_FPGA_IP/software/spi_debug_bsp/\libhal_bsp.a(alt_alarm_start.o)
 .comment       0x0000002d       0x2e c:/Users/denni/Documents/Projects/SPI_4_Wire_Serial_Intel_FPGA_IP/software/spi_debug_bsp/\libhal_bsp.a(alt_close.o)
 .comment       0x0000002d       0x2e c:/Users/denni/Documents/Projects/SPI_4_Wire_Serial_Intel_FPGA_IP/software/spi_debug_bsp/\libhal_bsp.a(alt_dcache_flush_all.o)
 .comment       0x0000002d       0x2e c:/Users/denni/Documents/Projects/SPI_4_Wire_Serial_Intel_FPGA_IP/software/spi_debug_bsp/\libhal_bsp.a(alt_dev.o)
 .comment       0x0000002d       0x2e c:/Users/denni/Documents/Projects/SPI_4_Wire_Serial_Intel_FPGA_IP/software/spi_debug_bsp/\libhal_bsp.a(alt_dev_llist_insert.o)
 .comment       0x0000002d       0x2e c:/Users/denni/Documents/Projects/SPI_4_Wire_Serial_Intel_FPGA_IP/software/spi_debug_bsp/\libhal_bsp.a(alt_do_ctors.o)
 .comment       0x0000002d       0x2e c:/Users/denni/Documents/Projects/SPI_4_Wire_Serial_Intel_FPGA_IP/software/spi_debug_bsp/\libhal_bsp.a(alt_do_dtors.o)
 .comment       0x0000002d       0x2e c:/Users/denni/Documents/Projects/SPI_4_Wire_Serial_Intel_FPGA_IP/software/spi_debug_bsp/\libhal_bsp.a(alt_errno.o)
 .comment       0x0000002d       0x2e c:/Users/denni/Documents/Projects/SPI_4_Wire_Serial_Intel_FPGA_IP/software/spi_debug_bsp/\libhal_bsp.a(alt_icache_flush_all.o)
 .comment       0x0000002d       0x2e c:/Users/denni/Documents/Projects/SPI_4_Wire_Serial_Intel_FPGA_IP/software/spi_debug_bsp/\libhal_bsp.a(alt_iic.o)
 .comment       0x0000002d       0x2e c:/Users/denni/Documents/Projects/SPI_4_Wire_Serial_Intel_FPGA_IP/software/spi_debug_bsp/\libhal_bsp.a(alt_iic_isr_register.o)
 .comment       0x0000002d       0x2e c:/Users/denni/Documents/Projects/SPI_4_Wire_Serial_Intel_FPGA_IP/software/spi_debug_bsp/\libhal_bsp.a(alt_io_redirect.o)
 .comment       0x0000002d       0x2e c:/Users/denni/Documents/Projects/SPI_4_Wire_Serial_Intel_FPGA_IP/software/spi_debug_bsp/\libhal_bsp.a(alt_irq_handler.o)
 .comment       0x0000002d       0x2e c:/Users/denni/Documents/Projects/SPI_4_Wire_Serial_Intel_FPGA_IP/software/spi_debug_bsp/\libhal_bsp.a(alt_irq_vars.o)
 .comment       0x0000002d       0x2e c:/Users/denni/Documents/Projects/SPI_4_Wire_Serial_Intel_FPGA_IP/software/spi_debug_bsp/\libhal_bsp.a(alt_open.o)
 .comment       0x0000002d       0x2e c:/Users/denni/Documents/Projects/SPI_4_Wire_Serial_Intel_FPGA_IP/software/spi_debug_bsp/\libhal_bsp.a(alt_release_fd.o)
 .comment       0x0000002d       0x2e c:/Users/denni/Documents/Projects/SPI_4_Wire_Serial_Intel_FPGA_IP/software/spi_debug_bsp/\libhal_bsp.a(alt_tick.o)
 .comment       0x0000002d       0x2e c:/Users/denni/Documents/Projects/SPI_4_Wire_Serial_Intel_FPGA_IP/software/spi_debug_bsp/\libhal_bsp.a(altera_nios2_gen2_irq.o)
 .comment       0x0000002d       0x2e c:/Users/denni/Documents/Projects/SPI_4_Wire_Serial_Intel_FPGA_IP/software/spi_debug_bsp/\libhal_bsp.a(alt_find_dev.o)
 .comment       0x0000002d       0x2e c:/Users/denni/Documents/Projects/SPI_4_Wire_Serial_Intel_FPGA_IP/software/spi_debug_bsp/\libhal_bsp.a(alt_find_file.o)
 .comment       0x0000002d       0x2e c:/Users/denni/Documents/Projects/SPI_4_Wire_Serial_Intel_FPGA_IP/software/spi_debug_bsp/\libhal_bsp.a(alt_get_fd.o)
 .comment       0x0000002d       0x2e c:/Users/denni/Documents/Projects/SPI_4_Wire_Serial_Intel_FPGA_IP/software/spi_debug_bsp/\libhal_bsp.a(alt_instruction_exception_entry.o)
 .comment       0x0000002d       0x2e c:/intelfpga_lite/23.1std/nios2eds/bin/gnu/h-x86_64-mingw32/bin/../lib/gcc/nios2-elf/12.3.1/../../../../../H-x86_64-mingw32/nios2-elf/lib/mno-hw-mul\libc.a(libc_a-atexit.o)
 .comment       0x0000002d       0x2e c:/intelfpga_lite/23.1std/nios2eds/bin/gnu/h-x86_64-mingw32/bin/../lib/gcc/nios2-elf/12.3.1/../../../../../H-x86_64-mingw32/nios2-elf/lib/mno-hw-mul\libc.a(libc_a-exit.o)
 .comment       0x0000002d       0x2e c:/intelfpga_lite/23.1std/nios2eds/bin/gnu/h-x86_64-mingw32/bin/../lib/gcc/nios2-elf/12.3.1/../../../../../H-x86_64-mingw32/nios2-elf/lib/mno-hw-mul\libc.a(libc_a-fputs.o)
 .comment       0x0000002d       0x2e c:/intelfpga_lite/23.1std/nios2eds/bin/gnu/h-x86_64-mingw32/bin/../lib/gcc/nios2-elf/12.3.1/../../../../../H-x86_64-mingw32/nios2-elf/lib/mno-hw-mul\libc.a(libc_a-fvwrite.o)
 .comment       0x0000002d       0x2e c:/intelfpga_lite/23.1std/nios2eds/bin/gnu/h-x86_64-mingw32/bin/../lib/gcc/nios2-elf/12.3.1/../../../../../H-x86_64-mingw32/nios2-elf/lib/mno-hw-mul\libc.a(libc_a-wsetup.o)
 .comment       0x0000002d       0x2e c:/intelfpga_lite/23.1std/nios2eds/bin/gnu/h-x86_64-mingw32/bin/../lib/gcc/nios2-elf/12.3.1/../../../../../H-x86_64-mingw32/nios2-elf/lib/mno-hw-mul\libc.a(libc_a-memchr.o)
 .comment       0x0000002d       0x2e c:/intelfpga_lite/23.1std/nios2eds/bin/gnu/h-x86_64-mingw32/bin/../lib/gcc/nios2-elf/12.3.1/../../../../../H-x86_64-mingw32/nios2-elf/lib/mno-hw-mul\libc.a(libc_a-memcmp.o)
 .comment       0x0000002d       0x2e c:/intelfpga_lite/23.1std/nios2eds/bin/gnu/h-x86_64-mingw32/bin/../lib/gcc/nios2-elf/12.3.1/../../../../../H-x86_64-mingw32/nios2-elf/lib/mno-hw-mul\libc.a(libc_a-memcpy.o)
 .comment       0x0000002d       0x2e c:/intelfpga_lite/23.1std/nios2eds/bin/gnu/h-x86_64-mingw32/bin/../lib/gcc/nios2-elf/12.3.1/../../../../../H-x86_64-mingw32/nios2-elf/lib/mno-hw-mul\libc.a(libc_a-memmove.o)
 .comment       0x0000002d       0x2e c:/intelfpga_lite/23.1std/nios2eds/bin/gnu/h-x86_64-mingw32/bin/../lib/gcc/nios2-elf/12.3.1/../../../../../H-x86_64-mingw32/nios2-elf/lib/mno-hw-mul\libc.a(libc_a-strlen.o)
 .comment       0x0000002d       0x2e c:/intelfpga_lite/23.1std/nios2eds/bin/gnu/h-x86_64-mingw32/bin/../lib/gcc/nios2-elf/12.3.1/../../../../../H-x86_64-mingw32/nios2-elf/lib/mno-hw-mul\libc.a(libc_a-int_errno.o)
 .comment       0x0000002d       0x2e c:/intelfpga_lite/23.1std/nios2eds/bin/gnu/h-x86_64-mingw32/bin/../lib/gcc/nios2-elf/12.3.1/../../../../../H-x86_64-mingw32/nios2-elf/lib/mno-hw-mul\libc.a(libc_a-impure.o)
 .comment       0x0000002d       0x2e c:/intelfpga_lite/23.1std/nios2eds/bin/gnu/h-x86_64-mingw32/bin/../lib/gcc/nios2-elf/12.3.1/../../../../../H-x86_64-mingw32/nios2-elf/lib/mno-hw-mul\libc.a(libc_a-__atexit.o)
 .comment       0x0000002d       0x2e c:/intelfpga_lite/23.1std/nios2eds/bin/gnu/h-x86_64-mingw32/bin/../lib/gcc/nios2-elf/12.3.1/../../../../../H-x86_64-mingw32/nios2-elf/lib/mno-hw-mul\libc.a(libc_a-__call_atexit.o)
 .comment       0x0000002d       0x2e c:/intelfpga_lite/23.1std/nios2eds/bin/gnu/h-x86_64-mingw32/bin/../lib/gcc/nios2-elf/12.3.1/../../../../../H-x86_64-mingw32/nios2-elf/lib/mno-hw-mul\libc.a(libc_a-freer.o)
 .comment       0x0000002d       0x2e c:/intelfpga_lite/23.1std/nios2eds/bin/gnu/h-x86_64-mingw32/bin/../lib/gcc/nios2-elf/12.3.1/../../../../../H-x86_64-mingw32/nios2-elf/lib/mno-hw-mul\libc.a(libc_a-mallocr.o)
 .comment       0x0000002d       0x2e c:/intelfpga_lite/23.1std/nios2eds/bin/gnu/h-x86_64-mingw32/bin/../lib/gcc/nios2-elf/12.3.1/../../../../../H-x86_64-mingw32/nios2-elf/lib/mno-hw-mul\libc.a(libc_a-reallocr.o)
 .comment       0x0000002d       0x2e c:/intelfpga_lite/23.1std/nios2eds/bin/gnu/h-x86_64-mingw32/bin/../lib/gcc/nios2-elf/12.3.1/../../../../../H-x86_64-mingw32/nios2-elf/lib/mno-hw-mul\libc.a(libc_a-fflush.o)
 .comment       0x0000002d       0x2e c:/intelfpga_lite/23.1std/nios2eds/bin/gnu/h-x86_64-mingw32/bin/../lib/gcc/nios2-elf/12.3.1/../../../../../H-x86_64-mingw32/nios2-elf/lib/mno-hw-mul\libc.a(libc_a-findfp.o)
 .comment       0x0000002d       0x2e c:/intelfpga_lite/23.1std/nios2eds/bin/gnu/h-x86_64-mingw32/bin/../lib/gcc/nios2-elf/12.3.1/../../../../../H-x86_64-mingw32/nios2-elf/lib/mno-hw-mul\libc.a(libc_a-fwalk.o)
 .comment       0x0000002d       0x2e c:/intelfpga_lite/23.1std/nios2eds/bin/gnu/h-x86_64-mingw32/bin/../lib/gcc/nios2-elf/12.3.1/../../../../../H-x86_64-mingw32/nios2-elf/lib/mno-hw-mul\libc.a(libc_a-makebuf.o)
 .comment       0x0000002d       0x2e c:/intelfpga_lite/23.1std/nios2eds/bin/gnu/h-x86_64-mingw32/bin/../lib/gcc/nios2-elf/12.3.1/../../../../../H-x86_64-mingw32/nios2-elf/lib/mno-hw-mul\libc.a(libc_a-stdio.o)
 .comment       0x0000002d       0x2e c:/intelfpga_lite/23.1std/nios2eds/bin/gnu/h-x86_64-mingw32/bin/../lib/gcc/nios2-elf/12.3.1/../../../../../H-x86_64-mingw32/nios2-elf/lib/mno-hw-mul\libc.a(libc_a-memset.o)
 .comment       0x0000002d       0x2e c:/intelfpga_lite/23.1std/nios2eds/bin/gnu/h-x86_64-mingw32/bin/../lib/gcc/nios2-elf/12.3.1/../../../../../H-x86_64-mingw32/nios2-elf/lib/mno-hw-mul\libc.a(libc_a-closer.o)
 .comment       0x0000002d       0x2e c:/intelfpga_lite/23.1std/nios2eds/bin/gnu/h-x86_64-mingw32/bin/../lib/gcc/nios2-elf/12.3.1/../../../../../H-x86_64-mingw32/nios2-elf/lib/mno-hw-mul\libc.a(libc_a-fstatr.o)
 .comment       0x0000002d       0x2e c:/intelfpga_lite/23.1std/nios2eds/bin/gnu/h-x86_64-mingw32/bin/../lib/gcc/nios2-elf/12.3.1/../../../../../H-x86_64-mingw32/nios2-elf/lib/mno-hw-mul\libc.a(libc_a-isattyr.o)
 .comment       0x0000002d       0x2e c:/intelfpga_lite/23.1std/nios2eds/bin/gnu/h-x86_64-mingw32/bin/../lib/gcc/nios2-elf/12.3.1/../../../../../H-x86_64-mingw32/nios2-elf/lib/mno-hw-mul\libc.a(libc_a-lseekr.o)
 .comment       0x0000002d       0x2e c:/intelfpga_lite/23.1std/nios2eds/bin/gnu/h-x86_64-mingw32/bin/../lib/gcc/nios2-elf/12.3.1/../../../../../H-x86_64-mingw32/nios2-elf/lib/mno-hw-mul\libc.a(libc_a-readr.o)
 .comment       0x0000002d       0x2e c:/intelfpga_lite/23.1std/nios2eds/bin/gnu/h-x86_64-mingw32/bin/../lib/gcc/nios2-elf/12.3.1/../../../../../H-x86_64-mingw32/nios2-elf/lib/mno-hw-mul\libc.a(libc_a-sbrkr.o)
 .comment       0x0000002d       0x2e c:/intelfpga_lite/23.1std/nios2eds/bin/gnu/h-x86_64-mingw32/bin/../lib/gcc/nios2-elf/12.3.1/../../../../../H-x86_64-mingw32/nios2-elf/lib/mno-hw-mul\libc.a(libc_a-writer.o)
 .comment       0x0000002d       0x2e c:/intelfpga_lite/23.1std/nios2eds/bin/gnu/h-x86_64-mingw32/bin/../lib/gcc/nios2-elf/12.3.1/../../../../../H-x86_64-mingw32/nios2-elf/lib/mno-hw-mul\libc.a(libc_a-fclose.o)
 .comment       0x0000002d       0x2e c:/intelfpga_lite/23.1std/nios2eds/bin/gnu/h-x86_64-mingw32/bin/../lib/gcc/nios2-elf/12.3.1/mno-hw-mul\libgcc.a(lib2-divmod.o)
 .comment       0x0000002d       0x2e c:/intelfpga_lite/23.1std/nios2eds/bin/gnu/h-x86_64-mingw32/bin/../lib/gcc/nios2-elf/12.3.1/mno-hw-mul\libgcc.a(lib2-mul.o)
 .comment       0x0000002d       0x2e c:/Users/denni/Documents/Projects/SPI_4_Wire_Serial_Intel_FPGA_IP/software/spi_debug_bsp/\libhal_bsp.a(alt_exit.o)
 .comment       0x0000002d       0x2e c:/Users/denni/Documents/Projects/SPI_4_Wire_Serial_Intel_FPGA_IP/software/spi_debug_bsp/\libhal_bsp.a(alt_fstat.o)
 .comment       0x0000002d       0x2e c:/Users/denni/Documents/Projects/SPI_4_Wire_Serial_Intel_FPGA_IP/software/spi_debug_bsp/\libhal_bsp.a(alt_isatty.o)
 .comment       0x0000002d       0x2e c:/Users/denni/Documents/Projects/SPI_4_Wire_Serial_Intel_FPGA_IP/software/spi_debug_bsp/\libhal_bsp.a(alt_lseek.o)
 .comment       0x0000002d       0x2e c:/Users/denni/Documents/Projects/SPI_4_Wire_Serial_Intel_FPGA_IP/software/spi_debug_bsp/\libhal_bsp.a(alt_malloc_lock.o)
 .comment       0x0000002d       0x2e c:/Users/denni/Documents/Projects/SPI_4_Wire_Serial_Intel_FPGA_IP/software/spi_debug_bsp/\libhal_bsp.a(alt_read.o)
 .comment       0x0000002d       0x2e c:/Users/denni/Documents/Projects/SPI_4_Wire_Serial_Intel_FPGA_IP/software/spi_debug_bsp/\libhal_bsp.a(alt_sbrk.o)
 .comment       0x0000002d       0x2e c:/Users/denni/Documents/Projects/SPI_4_Wire_Serial_Intel_FPGA_IP/software/spi_debug_bsp/\libhal_bsp.a(alt_write.o)

.debug
 *(.debug)

.line
 *(.line)

.debug_srcinfo
 *(.debug_srcinfo)

.debug_sfnames
 *(.debug_sfnames)

.debug_aranges  0x00000000      0xa30
 *(.debug_aranges)
 .debug_aranges
                0x00000000       0x28 c:/Users/denni/Documents/Projects/SPI_4_Wire_Serial_Intel_FPGA_IP/software/spi_debug_bsp//obj/HAL/src/crt0.o
 .debug_aranges
                0x00000028       0x20 obj/default/hello_world_small.o
 .debug_aranges
                0x00000048       0x20 c:/Users/denni/Documents/Projects/SPI_4_Wire_Serial_Intel_FPGA_IP/software/spi_debug_bsp/\libhal_bsp.a(alt_load.o)
 .debug_aranges
                0x00000068       0x20 c:/Users/denni/Documents/Projects/SPI_4_Wire_Serial_Intel_FPGA_IP/software/spi_debug_bsp/\libhal_bsp.a(alt_main.o)
 .debug_aranges
                0x00000088       0x20 c:/Users/denni/Documents/Projects/SPI_4_Wire_Serial_Intel_FPGA_IP/software/spi_debug_bsp/\libhal_bsp.a(alt_putstr.o)
 .debug_aranges
                0x000000a8       0x20 c:/Users/denni/Documents/Projects/SPI_4_Wire_Serial_Intel_FPGA_IP/software/spi_debug_bsp/\libhal_bsp.a(alt_sys_init.o)
 .debug_aranges
                0x000000c8       0x20 c:/Users/denni/Documents/Projects/SPI_4_Wire_Serial_Intel_FPGA_IP/software/spi_debug_bsp/\libhal_bsp.a(altera_avalon_jtag_uart_fd.o)
 .debug_aranges
                0x000000e8       0x20 c:/Users/denni/Documents/Projects/SPI_4_Wire_Serial_Intel_FPGA_IP/software/spi_debug_bsp/\libhal_bsp.a(altera_avalon_jtag_uart_init.o)
 .debug_aranges
                0x00000108       0x20 c:/Users/denni/Documents/Projects/SPI_4_Wire_Serial_Intel_FPGA_IP/software/spi_debug_bsp/\libhal_bsp.a(altera_avalon_jtag_uart_ioctl.o)
 .debug_aranges
                0x00000128       0x20 c:/Users/denni/Documents/Projects/SPI_4_Wire_Serial_Intel_FPGA_IP/software/spi_debug_bsp/\libhal_bsp.a(altera_avalon_jtag_uart_read.o)
 .debug_aranges
                0x00000148       0x20 c:/Users/denni/Documents/Projects/SPI_4_Wire_Serial_Intel_FPGA_IP/software/spi_debug_bsp/\libhal_bsp.a(altera_avalon_jtag_uart_write.o)
 .debug_aranges
                0x00000168       0x20 c:/Users/denni/Documents/Projects/SPI_4_Wire_Serial_Intel_FPGA_IP/software/spi_debug_bsp/\libhal_bsp.a(alt_alarm_start.o)
 .debug_aranges
                0x00000188       0x20 c:/Users/denni/Documents/Projects/SPI_4_Wire_Serial_Intel_FPGA_IP/software/spi_debug_bsp/\libhal_bsp.a(alt_close.o)
 .debug_aranges
                0x000001a8       0x20 c:/Users/denni/Documents/Projects/SPI_4_Wire_Serial_Intel_FPGA_IP/software/spi_debug_bsp/\libhal_bsp.a(alt_dcache_flush_all.o)
 .debug_aranges
                0x000001c8       0x20 c:/Users/denni/Documents/Projects/SPI_4_Wire_Serial_Intel_FPGA_IP/software/spi_debug_bsp/\libhal_bsp.a(alt_dev.o)
 .debug_aranges
                0x000001e8       0x20 c:/Users/denni/Documents/Projects/SPI_4_Wire_Serial_Intel_FPGA_IP/software/spi_debug_bsp/\libhal_bsp.a(alt_dev_llist_insert.o)
 .debug_aranges
                0x00000208       0x20 c:/Users/denni/Documents/Projects/SPI_4_Wire_Serial_Intel_FPGA_IP/software/spi_debug_bsp/\libhal_bsp.a(alt_do_ctors.o)
 .debug_aranges
                0x00000228       0x20 c:/Users/denni/Documents/Projects/SPI_4_Wire_Serial_Intel_FPGA_IP/software/spi_debug_bsp/\libhal_bsp.a(alt_do_dtors.o)
 .debug_aranges
                0x00000248       0x18 c:/Users/denni/Documents/Projects/SPI_4_Wire_Serial_Intel_FPGA_IP/software/spi_debug_bsp/\libhal_bsp.a(alt_errno.o)
 .debug_aranges
                0x00000260       0x20 c:/Users/denni/Documents/Projects/SPI_4_Wire_Serial_Intel_FPGA_IP/software/spi_debug_bsp/\libhal_bsp.a(alt_icache_flush_all.o)
 .debug_aranges
                0x00000280       0x20 c:/Users/denni/Documents/Projects/SPI_4_Wire_Serial_Intel_FPGA_IP/software/spi_debug_bsp/\libhal_bsp.a(alt_iic.o)
 .debug_aranges
                0x000002a0       0x20 c:/Users/denni/Documents/Projects/SPI_4_Wire_Serial_Intel_FPGA_IP/software/spi_debug_bsp/\libhal_bsp.a(alt_iic_isr_register.o)
 .debug_aranges
                0x000002c0       0x20 c:/Users/denni/Documents/Projects/SPI_4_Wire_Serial_Intel_FPGA_IP/software/spi_debug_bsp/\libhal_bsp.a(alt_io_redirect.o)
 .debug_aranges
                0x000002e0       0x30 c:/Users/denni/Documents/Projects/SPI_4_Wire_Serial_Intel_FPGA_IP/software/spi_debug_bsp/\libhal_bsp.a(alt_irq_entry.o)
 .debug_aranges
                0x00000310       0x20 c:/Users/denni/Documents/Projects/SPI_4_Wire_Serial_Intel_FPGA_IP/software/spi_debug_bsp/\libhal_bsp.a(alt_irq_handler.o)
 .debug_aranges
                0x00000330       0x18 c:/Users/denni/Documents/Projects/SPI_4_Wire_Serial_Intel_FPGA_IP/software/spi_debug_bsp/\libhal_bsp.a(alt_irq_vars.o)
 .debug_aranges
                0x00000348       0x20 c:/Users/denni/Documents/Projects/SPI_4_Wire_Serial_Intel_FPGA_IP/software/spi_debug_bsp/\libhal_bsp.a(alt_open.o)
 .debug_aranges
                0x00000368       0x20 c:/Users/denni/Documents/Projects/SPI_4_Wire_Serial_Intel_FPGA_IP/software/spi_debug_bsp/\libhal_bsp.a(alt_release_fd.o)
 .debug_aranges
                0x00000388       0x20 c:/Users/denni/Documents/Projects/SPI_4_Wire_Serial_Intel_FPGA_IP/software/spi_debug_bsp/\libhal_bsp.a(alt_tick.o)
 .debug_aranges
                0x000003a8       0x20 c:/Users/denni/Documents/Projects/SPI_4_Wire_Serial_Intel_FPGA_IP/software/spi_debug_bsp/\libhal_bsp.a(altera_nios2_gen2_irq.o)
 .debug_aranges