Archive member included to satisfy reference by file (symbol)

c:/intelfpga_lite/23.1std/nios2eds/bin/gnu/h-x86_64-mingw32/bin/../lib/gcc/nios2-elf/12.3.1/mno-hw-mul\libgcc.a(lib2-mul.o)
                              obj/default/hello_world.o (__mulsi3)
c:/intelfpga_lite/23.1std/nios2eds/bin/gnu/h-x86_64-mingw32/bin/../lib/gcc/nios2-elf/12.3.1/../../../../../H-x86_64-mingw32/nios2-elf/lib/mno-hw-mul\libc.a(libc_a-puts.o)
                              obj/default/hello_world.o (puts)
c:/intelfpga_lite/23.1std/nios2eds/bin/gnu/h-x86_64-mingw32/bin/../lib/gcc/nios2-elf/12.3.1/../../../../../H-x86_64-mingw32/nios2-elf/lib/mno-hw-mul\libc.a(libc_a-strlen.o)
                              c:/intelfpga_lite/23.1std/nios2eds/bin/gnu/h-x86_64-mingw32/bin/../lib/gcc/nios2-elf/12.3.1/../../../../../H-x86_64-mingw32/nios2-elf/lib/mno-hw-mul\libc.a(libc_a-puts.o) (strlen)
c:/intelfpga_lite/23.1std/nios2eds/bin/gnu/h-x86_64-mingw32/bin/../lib/gcc/nios2-elf/12.3.1/../../../../../H-x86_64-mingw32/nios2-elf/lib/mno-hw-mul\libc.a(libc_a-impure.o)
                              c:/intelfpga_lite/23.1std/nios2eds/bin/gnu/h-x86_64-mingw32/bin/../lib/gcc/nios2-elf/12.3.1/../../../../../H-x86_64-mingw32/nios2-elf/lib/mno-hw-mul\libc.a(libc_a-puts.o) (_impure_ptr)
c:/intelfpga_lite/23.1std/nios2eds/bin/gnu/h-x86_64-mingw32/bin/../lib/gcc/nios2-elf/12.3.1/../../../../../H-x86_64-mingw32/nios2-elf/lib/mno-hw-mul\libc.a(libc_a-findfp.o)
                              c:/intelfpga_lite/23.1std/nios2eds/bin/gnu/h-x86_64-mingw32/bin/../lib/gcc/nios2-elf/12.3.1/../../../../../H-x86_64-mingw32/nios2-elf/lib/mno-hw-mul\libc.a(libc_a-impure.o) (__sf)
c:/intelfpga_lite/23.1std/nios2eds/bin/gnu/h-x86_64-mingw32/bin/../lib/gcc/nios2-elf/12.3.1/../../../../../H-x86_64-mingw32/nios2-elf/lib/mno-hw-mul\libc.a(libc_a-fvwrite.o)
                              c:/intelfpga_lite/23.1std/nios2eds/bin/gnu/h-x86_64-mingw32/bin/../lib/gcc/nios2-elf/12.3.1/../../../../../H-x86_64-mingw32/nios2-elf/lib/mno-hw-mul\libc.a(libc_a-puts.o) (__sfvwrite_r)
c:/intelfpga_lite/23.1std/nios2eds/bin/gnu/h-x86_64-mingw32/bin/../lib/gcc/nios2-elf/12.3.1/../../../../../H-x86_64-mingw32/nios2-elf/lib/mno-hw-mul\libc.a(libc_a-fwalk.o)
                              c:/intelfpga_lite/23.1std/nios2eds/bin/gnu/h-x86_64-mingw32/bin/../lib/gcc/nios2-elf/12.3.1/../../../../../H-x86_64-mingw32/nios2-elf/lib/mno-hw-mul\libc.a(libc_a-findfp.o) (_fwalk_sglue)
c:/intelfpga_lite/23.1std/nios2eds/bin/gnu/h-x86_64-mingw32/bin/../lib/gcc/nios2-elf/12.3.1/../../../../../H-x86_64-mingw32/nios2-elf/lib/mno-hw-mul\libc.a(libc_a-stdio.o)
                              c:/intelfpga_lite/23.1std/nios2eds/bin/gnu/h-x86_64-mingw32/bin/../lib/gcc/nios2-elf/12.3.1/../../../../../H-x86_64-mingw32/nios2-elf/lib/mno-hw-mul\libc.a(libc_a-findfp.o) (__sread)
c:/intelfpga_lite/23.1std/nios2eds/bin/gnu/h-x86_64-mingw32/bin/../lib/gcc/nios2-elf/12.3.1/../../../../../H-x86_64-mingw32/nios2-elf/lib/mno-hw-mul\libc.a(libc_a-wsetup.o)
                              c:/intelfpga_lite/23.1std/nios2eds/bin/gnu/h-x86_64-mingw32/bin/../lib/gcc/nios2-elf/12.3.1/../../../../../H-x86_64-mingw32/nios2-elf/lib/mno-hw-mul\libc.a(libc_a-fvwrite.o) (__swsetup_r)
c:/intelfpga_lite/23.1std/nios2eds/bin/gnu/h-x86_64-mingw32/bin/../lib/gcc/nios2-elf/12.3.1/../../../../../H-x86_64-mingw32/nios2-elf/lib/mno-hw-mul\libc.a(libc_a-memchr.o)
                              c:/intelfpga_lite/23.1std/nios2eds/bin/gnu/h-x86_64-mingw32/bin/../lib/gcc/nios2-elf/12.3.1/../../../../../H-x86_64-mingw32/nios2-elf/lib/mno-hw-mul\libc.a(libc_a-fvwrite.o) (memchr)
c:/intelfpga_lite/23.1std/nios2eds/bin/gnu/h-x86_64-mingw32/bin/../lib/gcc/nios2-elf/12.3.1/../../../../../H-x86_64-mingw32/nios2-elf/lib/mno-hw-mul\libc.a(libc_a-memcpy.o)
                              c:/intelfpga_lite/23.1std/nios2eds/bin/gnu/h-x86_64-mingw32/bin/../lib/gcc/nios2-elf/12.3.1/../../../../../H-x86_64-mingw32/nios2-elf/lib/mno-hw-mul\libc.a(libc_a-fvwrite.o) (memcpy)
c:/intelfpga_lite/23.1std/nios2eds/bin/gnu/h-x86_64-mingw32/bin/../lib/gcc/nios2-elf/12.3.1/../../../../../H-x86_64-mingw32/nios2-elf/lib/mno-hw-mul\libc.a(libc_a-memmove.o)
                              c:/intelfpga_lite/23.1std/nios2eds/bin/gnu/h-x86_64-mingw32/bin/../lib/gcc/nios2-elf/12.3.1/../../../../../H-x86_64-mingw32/nios2-elf/lib/mno-hw-mul\libc.a(libc_a-fvwrite.o) (memmove)
c:/intelfpga_lite/23.1std/nios2eds/bin/gnu/h-x86_64-mingw32/bin/../lib/gcc/nios2-elf/12.3.1/../../../../../H-x86_64-mingw32/nios2-elf/lib/mno-hw-mul\libc.a(libc_a-memset.o)
                              c:/intelfpga_lite/23.1std/nios2eds/bin/gnu/h-x86_64-mingw32/bin/../lib/gcc/nios2-elf/12.3.1/../../../../../H-x86_64-mingw32/nios2-elf/lib/mno-hw-mul\libc.a(libc_a-findfp.o) (memset)
c:/intelfpga_lite/23.1std/nios2eds/bin/gnu/h-x86_64-mingw32/bin/../lib/gcc/nios2-elf/12.3.1/../../../../../H-x86_64-mingw32/nios2-elf/lib/mno-hw-mul\libc.a(libc_a-closer.o)
[...]
Memory Configuration

Name             Origin             Length             Attributes
reset            0x00010000         0x00000020
RAM              0x00010020         0x00009fe0
*default*        0x00000000         0xffffffff

Linker script and memory map

LOAD c:/Users/guan-ming.dennis-won/Documents/Code/SPI_4_Wire_Serial_Intel_FPGA_IP/software/NIOS_Project_bsp//obj/HAL/src/crt0.o
LOAD obj/default/hello_world.o
LOAD c:/intelfpga_lite/23.1std/nios2eds/bin/gnu/h-x86_64-mingw32/bin/../lib/gcc/nios2-elf/12.3.1/../../../../../H-x86_64-mingw32/nios2-elf/lib/mno-hw-mul\libstdc++.a
LOAD c:/intelfpga_lite/23.1std/nios2eds/bin/gnu/h-x86_64-mingw32/bin/../lib/gcc/nios2-elf/12.3.1/../../../../../H-x86_64-mingw32/nios2-elf/lib/mno-hw-mul\libm.a
LOAD c:/intelfpga_lite/23.1std/nios2eds/bin/gnu/h-x86_64-mingw32/bin/../lib/gcc/nios2-elf/12.3.1/mno-hw-mul\libgcc.a
START GROUP
LOAD c:/intelfpga_lite/23.1std/nios2eds/bin/gnu/h-x86_64-mingw32/bin/../lib/gcc/nios2-elf/12.3.1/../../../../../H-x86_64-mingw32/nios2-elf/lib/mno-hw-mul\libc.a
LOAD c:/intelfpga_lite/23.1std/nios2eds/bin/gnu/h-x86_64-mingw32/bin/../lib/gcc/nios2-elf/12.3.1/mno-hw-mul\libgcc.a
LOAD c:/Users/guan-ming.dennis-won/Documents/Code/SPI_4_Wire_Serial_Intel_FPGA_IP/software/NIOS_Project_bsp/\libhal_bsp.a
LOAD c:/intelfpga_lite/23.1std/nios2eds/bin/gnu/h-x86_64-mingw32/bin/../lib/gcc/nios2-elf/12.3.1/../../../../../H-x86_64-mingw32/nios2-elf/lib/mno-hw-mul\libm.a
END GROUP
LOAD c:/intelfpga_lite/23.1std/nios2eds/bin/gnu/h-x86_64-mingw32/bin/../lib/gcc/nios2-elf/12.3.1/mno-hw-mul\libgcc.a
                0x00010000                        __alt_mem_RAM = 0x10000

.entry          0x00010000       0x20
 *(.entry)
 .entry         0x00010000       0x20 c:/Users/guan-ming.dennis-won/Documents/Code/SPI_4_Wire_Serial_Intel_FPGA_IP/software/NIOS_Project_bsp//obj/HAL/src/crt0.o
                0x00010000                __reset

.exceptions     0x00010020      0x204
                0x00010020                        PROVIDE (__ram_exceptions_start = ABSOLUTE (.))
                0x00010020                        . = ALIGN (0x20)
 *(.irq)
 *(.exceptions.entry.label)
 .exceptions.entry.label
                0x00010020        0x0 c:/Users/guan-ming.dennis-won/Documents/Code/SPI_4_Wire_Serial_Intel_FPGA_IP/software/NIOS_Project_bsp/\libhal_bsp.a(alt_irq_entry.o)
                0x00010020                alt_irq_entry
 .exceptions.entry.label
                0x00010020        0x0 c:/Users/guan-ming.dennis-won/Documents/Code/SPI_4_Wire_Serial_Intel_FPGA_IP/software/NIOS_Project_bsp/\libhal_bsp.a(alt_exception_entry.o)
                0x00010020                alt_exception
 *(.exceptions.entry.user)
 *(.exceptions.entry.ecc_fatal)
 *(.exceptions.entry)
 .exceptions.entry
                0x00010020       0x54 c:/Users/guan-ming.dennis-won/Documents/Code/SPI_4_Wire_Serial_Intel_FPGA_IP/software/NIOS_Project_bsp/\libhal_bsp.a(alt_exception_entry.o)
 *(.exceptions.irqtest.user)
 *(.exceptions.irqtest)
 .exceptions.irqtest
                0x00010074       0x10 c:/Users/guan-ming.dennis-won/Documents/Code/SPI_4_Wire_Serial_Intel_FPGA_IP/software/NIOS_Project_bsp/\libhal_bsp.a(alt_irq_entry.o)
 *(.exceptions.irqhandler.user)
 *(.exceptions.irqhandler)
 .exceptions.irqhandler
                0x00010084        0x4 c:/Users/guan-ming.dennis-won/Documents/Code/SPI_4_Wire_Serial_Intel_FPGA_IP/software/NIOS_Project_bsp/\libhal_bsp.a(alt_irq_entry.o)
 *(.exceptions.irqreturn.user)
 *(.exceptions.irqreturn)
 .exceptions.irqreturn
                0x00010088        0x4 c:/Users/guan-ming.dennis-won/Documents/Code/SPI_4_Wire_Serial_Intel_FPGA_IP/software/NIOS_Project_bsp/\libhal_bsp.a(alt_irq_entry.o)
 *(.exceptions.notirq.label)
 .exceptions.notirq.label
                0x0001008c        0x0 c:/Users/guan-ming.dennis-won/Documents/Code/SPI_4_Wire_Serial_Intel_FPGA_IP/software/NIOS_Project_bsp/\libhal_bsp.a(alt_irq_entry.o)
 *(.exceptions.notirq.user)
 *(.exceptions.notirq)
 .exceptions.notirq
                0x0001008c        0x8 c:/Users/guan-ming.dennis-won/Documents/Code/SPI_4_Wire_Serial_Intel_FPGA_IP/software/NIOS_Project_bsp/\libhal_bsp.a(alt_exception_entry.o)
 *(.exceptions.soft.user)
 *(.exceptions.soft)
 *(.exceptions.unknown.user)
 *(.exceptions.unknown)
 .exceptions.unknown
                0x00010094       0x14 c:/Users/guan-ming.dennis-won/Documents/Code/SPI_4_Wire_Serial_Intel_FPGA_IP/software/NIOS_Project_bsp/\libhal_bsp.a(alt_exception_entry.o)
 *(.exceptions.exit.label)
 .exceptions.exit.label
                0x000100a8        0x0 c:/Users/guan-ming.dennis-won/Documents/Code/SPI_4_Wire_Serial_Intel_FPGA_IP/software/NIOS_Project_bsp/\libhal_bsp.a(alt_irq_entry.o)
 .exceptions.exit.label
                0x000100a8        0x0 c:/Users/guan-ming.dennis-won/Documents/Code/SPI_4_Wire_Serial_Intel_FPGA_IP/software/NIOS_Project_bsp/\libhal_bsp.a(alt_exception_entry.o)
 *(.exceptions.exit.user)
 *(.exceptions.exit)
 .exceptions.exit
                0x000100a8       0x54 c:/Users/guan-ming.dennis-won/Documents/Code/SPI_4_Wire_Serial_Intel_FPGA_IP/software/NIOS_Project_bsp/\libhal_bsp.a(alt_exception_entry.o)
 *(.exceptions)
 .exceptions    0x000100fc       0xc8 c:/Users/guan-ming.dennis-won/Documents/Code/SPI_4_Wire_Serial_Intel_FPGA_IP/software/NIOS_Project_bsp/\libhal_bsp.a(alt_irq_handler.o)
                0x000100fc                alt_irq_handler
 .exceptions    0x000101c4       0x60 c:/Users/guan-ming.dennis-won/Documents/Code/SPI_4_Wire_Serial_Intel_FPGA_IP/software/NIOS_Project_bsp/\libhal_bsp.a(alt_instruction_exception_entry.o)
                0x000101c4                alt_instruction_exception_entry
                0x00010224                        PROVIDE (__ram_exceptions_end = ABSOLUTE (.))
                0x00010020                        PROVIDE (__flash_exceptions_start = LOADADDR (.exceptions))

.text           0x00010224     0x56bc
                [!provide]                        PROVIDE (stext = ABSOLUTE (.))
 *(.interp)
 *(.hash)
 *(.dynsym)
 *(.dynstr)
 *(.gnu.version)
 *(.gnu.version_d)
 *(.gnu.version_r)
 *(.rel.init)
 *(.rela.init)
 *(.rel.text .rel.text.* .rel.gnu.linkonce.t.*)
 *(.rela.text .rela.text.* .rela.gnu.linkonce.t.*)
 *(.rel.fini)
 *(.rela.fini)
 *(.rel.rodata .rel.rodata.* .rel.gnu.linkonce.r.*)
 *(.rela.rodata .rela.rodata.* .rela.gnu.linkonce.r.*)
 *(.rel.data .rel.data.* .rel.gnu.linkonce.d.*)
 *(.rela.data .rela.data.* .rela.gnu.linkonce.d.*)
 *(.rel.tdata .rel.tdata.* .rel.gnu.linkonce.td.*)
 *(.rela.tdata .rela.tdata.* .rela.gnu.linkonce.td.*)
 *(.rel.tbss .rel.tbss.* .rel.gnu.linkonce.tb.*)
 *(.rela.tbss .rela.tbss.* .rela.gnu.linkonce.tb.*)
 *(.rel.ctors)
 *(.rela.ctors)
 *(.rel.dtors)
 *(.rela.dtors)
 *(.rel.got)
 *(.rela.got)
 *(.rel.sdata .rel.sdata.* .rel.gnu.linkonce.s.*)
 *(.rela.sdata .rela.sdata.* .rela.gnu.linkonce.s.*)
 *(.rel.sbss .rel.sbss.* .rel.gnu.linkonce.sb.*)
 *(.rela.sbss .rela.sbss.* .rela.gnu.linkonce.sb.*)
 *(.rel.sdata2 .rel.sdata2.* .rel.gnu.linkonce.s2.*)
 *(.rela.sdata2 .rela.sdata2.* .rela.gnu.linkonce.s2.*)
 *(.rel.sbss2 .rel.sbss2.* .rel.gnu.linkonce.sb2.*)
 *(.rela.sbss2 .rela.sbss2.* .rela.gnu.linkonce.sb2.*)
 *(.rel.bss .rel.bss.* .rel.gnu.linkonce.b.*)
 *(.rela.bss .rela.bss.* .rela.gnu.linkonce.b.*)
 *(.rel.plt)
 *(.rela.plt)
 *(.rel.dyn)
 *(.init)
 *(.plt)
 *(.text .stub .text.* .gnu.linkonce.t.*)
 .text          0x00010224       0x3c c:/Users/guan-ming.dennis-won/Documents/Code/SPI_4_Wire_Serial_Intel_FPGA_IP/software/NIOS_Project_bsp//obj/HAL/src/crt0.o
                0x00010224                _start
 .text          0x00010260       0x98 obj/default/hello_world.o
                0x00010260                delay_ms
                0x000102a0                main
 .text          0x000102f8       0x28 c:/intelfpga_lite/23.1std/nios2eds/bin/gnu/h-x86_64-mingw32/bin/../lib/gcc/nios2-elf/12.3.1/mno-hw-mul\libgcc.a(lib2-mul.o)
                0x000102f8                __mulsi3
 .text          0x00010320        0x0 c:/intelfpga_lite/23.1std/nios2eds/bin/gnu/h-x86_64-mingw32/bin/../lib/gcc/nios2-elf/12.3.1/../../../../../H-x86_64-mingw32/nios2-elf/lib/mno-hw-mul\libc.a(libc_a-puts.o)
 .text._puts_r  0x00010320       0xd0 c:/intelfpga_lite/23.1std/nios2eds/bin/gnu/h-x86_64-mingw32/bin/../lib/gcc/nios2-elf/12.3.1/../../../../../H-x86_64-mingw32/nios2-elf/lib/mno-hw-mul\libc.a(libc_a-puts.o)
                0x00010320                _puts_r
 .text.puts     0x000103f0       0x10 c:/intelfpga_lite/23.1std/nios2eds/bin/gnu/h-x86_64-mingw32/bin/../lib/gcc/nios2-elf/12.3.1/../../../../../H-x86_64-mingw32/nios2-elf/lib/mno-hw-mul\libc.a(libc_a-puts.o)
                0x000103f0                puts
 .text          0x00010400        0x0 c:/intelfpga_lite/23.1std/nios2eds/bin/gnu/h-x86_64-mingw32/bin/../lib/gcc/nios2-elf/12.3.1/../../../../../H-x86_64-mingw32/nios2-elf/lib/mno-hw-mul\libc.a(libc_a-strlen.o)
 .text.strlen   0x00010400       0x98 c:/intelfpga_lite/23.1std/nios2eds/bin/gnu/h-x86_64-mingw32/bin/../lib/gcc/nios2-elf/12.3.1/../../../../../H-x86_64-mingw32/nios2-elf/lib/mno-hw-mul\libc.a(libc_a-strlen.o)
                0x00010400                strlen
 .text          0x00010498        0x0 c:/intelfpga_lite/23.1std/nios2eds/bin/gnu/h-x86_64-mingw32/bin/../lib/gcc/nios2-elf/12.3.1/../../../../../H-x86_64-mingw32/nios2-elf/lib/mno-hw-mul\libc.a(libc_a-impure.o)
 .text          0x00010498        0x0 c:/intelfpga_lite/23.1std/nios2eds/bin/gnu/h-x86_64-mingw32/bin/../lib/gcc/nios2-elf/12.3.1/../../../../../H-x86_64-mingw32/nios2-elf/lib/mno-hw-mul\libc.a(libc_a-findfp.o)
 .text.__fp_lock
                0x00010498        0x8 c:/intelfpga_lite/23.1std/nios2eds/bin/gnu/h-x86_64-mingw32/bin/../lib/gcc/nios2-elf/12.3.1/../../../../../H-x86_64-mingw32/nios2-elf/lib/mno-hw-mul\libc.a(libc_a-findfp.o)
 .text.stdio_exit_handler
                0x000104a0       0x1c c:/intelfpga_lite/23.1std/nios2eds/bin/gnu/h-x86_64-mingw32/bin/../lib/gcc/nios2-elf/12.3.1/../../../../../H-x86_64-mingw32/nios2-elf/lib/mno-hw-mul\libc.a(libc_a-findfp.o)
 .text.cleanup_stdio
                0x000104bc       0x70 c:/intelfpga_lite/23.1std/nios2eds/bin/gnu/h-x86_64-mingw32/bin/../lib/gcc/nios2-elf/12.3.1/../../../../../H-x86_64-mingw32/nios2-elf/lib/mno-hw-mul\libc.a(libc_a-findfp.o)
 .text.__fp_unlock
                0x0001052c        0x8 c:/intelfpga_lite/23.1std/nios2eds/bin/gnu/h-x86_64-mingw32/bin/../lib/gcc/nios2-elf/12.3.1/../../../../../H-x86_64-mingw32/nios2-elf/lib/mno-hw-mul\libc.a(libc_a-findfp.o)
 .text.global_stdio_init.part.0
                0x00010534      0x174 c:/intelfpga_lite/23.1std/nios2eds/bin/gnu/h-x86_64-mingw32/bin/../lib/gcc/nios2-elf/12.3.1/../../../../../H-x86_64-mingw32/nios2-elf/lib/mno-hw-mul\libc.a(libc_a-findfp.o)
 .text.__sfp    0x000106a8      0x120 c:/intelfpga_lite/23.1std/nios2eds/bin/gnu/h-x86_64-mingw32/bin/../lib/gcc/nios2-elf/12.3.1/../../../../../H-x86_64-mingw32/nios2-elf/lib/mno-hw-mul\libc.a(libc_a-findfp.o)
                0x000106a8                __sfp
 .text.__sinit  0x000107c8       0x28 c:/intelfpga_lite/23.1std/nios2eds/bin/gnu/h-x86_64-mingw32/bin/../lib/gcc/nios2-elf/12.3.1/../../../../../H-x86_64-mingw32/nios2-elf/lib/mno-hw-mul\libc.a(libc_a-findfp.o)
                0x000107c8                __sinit
 .text.__sfp_lock_acquire
                0x000107f0        0x4 c:/intelfpga_lite/23.1std/nios2eds/bin/gnu/h-x86_64-mingw32/bin/../lib/gcc/nios2-elf/12.3.1/../../../../../H-x86_64-mingw32/nios2-elf/lib/mno-hw-mul\libc.a(libc_a-findfp.o)
                0x000107f0                __sfp_lock_acquire
 .text.__sfp_lock_release
                0x000107f4        0x4 c:/intelfpga_lite/23.1std/nios2eds/bin/gnu/h-x86_64-mingw32/bin/../lib/gcc/nios2-elf/12.3.1/../../../../../H-x86_64-mingw32/nios2-elf/lib/mno-hw-mul\libc.a(libc_a-findfp.o)
                0x000107f4                __sfp_lock_release
 .text.__fp_lock_all
                0x000107f8       0x18 c:/intelfpga_lite/23.1std/nios2eds/bin/gnu/h-x86_64-mingw32/bin/../lib/gcc/nios2-elf/12.3.1/../../../../../H-x86_64-mingw32/nios2-elf/lib/mno-hw-mul\libc.a(libc_a-findfp.o)
                0x000107f8                __fp_lock_all
 .text.__fp_unlock_all
                0x00010810       0x18 c:/intelfpga_lite/23.1std/nios2eds/bin/gnu/h-x86_64-mingw32/bin/../lib/gcc/nios2-elf/12.3.1/../../../../../H-x86_64-mingw32/nios2-elf/lib/mno-hw-mul\libc.a(libc_a-findfp.o)
                0x00010810                __fp_unlock_all
 .text          0x00010828        0x0 c:/intelfpga_lite/23.1std/nios2eds/bin/gnu/h-x86_64-mingw32/bin/../lib/gcc/nios2-elf/12.3.1/../../../../../H-x86_64-mingw32/nios2-elf/lib/mno-hw-mul\libc.a(libc_a-fvwrite.o)
 .text.__sfvwrite_r
                0x00010828      0x4a0 c:/intelfpga_lite/23.1std/nios2eds/bin/gnu/h-x86_64-mingw32/bin/../lib/gcc/nios2-elf/12.3.1/../../../../../H-x86_64-mingw32/nios2-elf/lib/mno-hw-mul\libc.a(libc_a-fvwrite.o)
                0x00010828                __sfvwrite_r
 .text          0x00010cc8        0x0 c:/intelfpga_lite/23.1std/nios2eds/bin/gnu/h-x86_64-mingw32/bin/../lib/gcc/nios2-elf/12.3.1/../../../../../H-x86_64-mingw32/nios2-elf/lib/mno-hw-mul\libc.a(libc_a-fwalk.o)
 .text._fwalk_sglue
                0x00010cc8       0xa8 c:/intelfpga_lite/23.1std/nios2eds/bin/gnu/h-x86_64-mingw32/bin/../lib/gcc/nios2-elf/12.3.1/../../../../../H-x86_64-mingw32/nios2-elf/lib/mno-hw-mul\libc.a(libc_a-fwalk.o)
                0x00010cc8                _fwalk_sglue
 .text          0x00010d70        0x0 c:/intelfpga_lite/23.1std/nios2eds/bin/gnu/h-x86_64-mingw32/bin/../lib/gcc/nios2-elf/12.3.1/../../../../../H-x86_64-mingw32/nios2-elf/lib/mno-hw-mul\libc.a(libc_a-stdio.o)
 .text.__sread  0x00010d70       0x54 c:/intelfpga_lite/23.1std/nios2eds/bin/gnu/h-x86_64-mingw32/bin/../lib/gcc/nios2-elf/12.3.1/../../../../../H-x86_64-mingw32/nios2-elf/lib/mno-hw-mul\libc.a(libc_a-stdio.o)
                0x00010d70                __sread
 .text.__seofread
                0x00010dc4        0x8 c:/intelfpga_lite/23.1std/nios2eds/bin/gnu/h-x86_64-mingw32/bin/../lib/gcc/nios2-elf/12.3.1/../../../../../H-x86_64-mingw32/nios2-elf/lib/mno-hw-mul\libc.a(libc_a-stdio.o)
                0x00010dc4                __seofread
 .text.__swrite
                0x00010dcc       0x80 c:/intelfpga_lite/23.1std/nios2eds/bin/gnu/h-x86_64-mingw32/bin/../lib/gcc/nios2-elf/12.3.1/../../../../../H-x86_64-mingw32/nios2-elf/lib/mno-hw-mul\libc.a(libc_a-stdio.o)
                0x00010dcc                __swrite
 .text.__sseek  0x00010e4c       0x5c c:/intelfpga_lite/23.1std/nios2eds/bin/gnu/h-x86_64-mingw32/bin/../lib/gcc/nios2-elf/12.3.1/../../../../../H-x86_64-mingw32/nios2-elf/lib/mno-hw-mul\libc.a(libc_a-stdio.o)
                0x00010e4c                __sseek
 .text.__sclose
                0x00010ea8        0x8 c:/intelfpga_lite/23.1std/nios2eds/bin/gnu/h-x86_64-mingw32/bin/../lib/gcc/nios2-elf/12.3.1/../../../../../H-x86_64-mingw32/nios2-elf/lib/mno-hw-mul\libc.a(libc_a-stdio.o)
                0x00010ea8                __sclose
 .text          0x00010eb0        0x0 c:/intelfpga_lite/23.1std/nios2eds/bin/gnu/h-x86_64-mingw32/bin/../lib/gcc/nios2-elf/12.3.1/../../../../../H-x86_64-mingw32/nios2-elf/lib/mno-hw-mul\libc.a(libc_a-wsetup.o)
 .text.__swsetup_r
                0x00010eb0      0x144 c:/intelfpga_lite/23.1std/nios2eds/bin/gnu/h-x86_64-mingw32/bin/../lib/gcc/nios2-elf/12.3.1/../../../../../H-x86_64-mingw32/nios2-elf/lib/mno-hw-mul\libc.a(libc_a-wsetup.o)
                0x00010eb0                __swsetup_r
 .text          0x00010ff4        0x0 c:/intelfpga_lite/23.1std/nios2eds/bin/gnu/h-x86_64-mingw32/bin/../lib/gcc/nios2-elf/12.3.1/../../../../../H-x86_64-mingw32/nios2-elf/lib/mno-hw-mul\libc.a(libc_a-memchr.o)
 .text.memchr   0x00010ff4       0xfc c:/intelfpga_lite/23.1std/nios2eds/bin/gnu/h-x86_64-mingw32/bin/../lib/gcc/nios2-elf/12.3.1/../../../../../H-x86_64-mingw32/nios2-elf/lib/mno-hw-mul\libc.a(libc_a-memchr.o)
                0x00010ff4                memchr
 .text          0x000110f0        0x0 c:/intelfpga_lite/23.1std/nios2eds/bin/gnu/h-x86_64-mingw32/bin/../lib/gcc/nios2-elf/12.3.1/../../../../../H-x86_64-mingw32/nios2-elf/lib/mno-hw-mul\libc.a(libc_a-memcpy.o)
 .text.memcpy   0x000110f0      0x100 c:/intelfpga_lite/23.1std/nios2eds/bin/gnu/h-x86_64-mingw32/bin/../lib/gcc/nios2-elf/12.3.1/../../../../../H-x86_64-mingw32/nios2-elf/lib/mno-hw-mul\libc.a(libc_a-memcpy.o)
                0x000110f0                memcpy
 .text          0x000111f0        0x0 c:/intelfpga_lite/23.1std/nios2eds/bin/gnu/h-x86_64-mingw32/bin/../lib/gcc/nios2-elf/12.3.1/../../../../../H-x86_64-mingw32/nios2-elf/lib/mno-hw-mul\libc.a(libc_a-memmove.o)
 .text.memmove  0x000111f0      0x128 c:/intelfpga_lite/23.1std/nios2eds/bin/gnu/h-x86_64-mingw32/bin/../lib/gcc/nios2-elf/12.3.1/../../../../../H-x86_64-mingw32/nios2-elf/lib/mno-hw-mul\libc.a(libc_a-memmove.o)
                0x000111f0                memmove
 .text          0x00011318        0x0 c:/intelfpga_lite/23.1std/nios2eds/bin/gnu/h-x86_64-mingw32/bin/../lib/gcc/nios2-elf/12.3.1/../../../../../H-x86_64-mingw32/nios2-elf/lib/mno-hw-mul\libc.a(libc_a-memset.o)
 .text.memset   0x00011318      0x140 c:/intelfpga_lite/23.1std/nios2eds/bin/gnu/h-x86_64-mingw32/bin/../lib/gcc/nios2-elf/12.3.1/../../../../../H-x86_64-mingw32/nios2-elf/lib/mno-hw-mul\libc.a(libc_a-memset.o)
                0x00011318                memset
 .text          0x00011458        0x0 c:/intelfpga_lite/23.1std/nios2eds/bin/gnu/h-x86_64-mingw32/bin/../lib/gcc/nios2-elf/12.3.1/../../../../../H-x86_64-mingw32/nios2-elf/lib/mno-hw-mul\libc.a(libc_a-closer.o)
 .text._close_r
                0x00011458       0x58 c:/intelfpga_lite/23.1std/nios2eds/bin/gnu/h-x86_64-mingw32/bin/../lib/gcc/nios2-elf/12.3.1/../../../../../H-x86_64-mingw32/nios2-elf/lib/mno-hw-mul\libc.a(libc_a-closer.o)
                0x00011458                _close_r
 .text          0x000114b0        0x0 c:/intelfpga_lite/23.1std/nios2eds/bin/gnu/h-x86_64-mingw32/bin/../lib/gcc/nios2-elf/12.3.1/../../../../../H-x86_64-mingw32/nios2-elf/lib/mno-hw-mul\libc.a(libc_a-reent.o)
 .text._reclaim_reent
                0x000114b0       0xc8 c:/intelfpga_lite/23.1std/nios2eds/bin/gnu/h-x86_64-mingw32/bin/../lib/gcc/nios2-elf/12.3.1/../../../../../H-x86_64-mingw32/nios2-elf/lib/mno-hw-mul\libc.a(libc_a-reent.o)
                0x000114b0                _reclaim_reent
 .text          0x00011578        0x0 c:/intelfpga_lite/23.1std/nios2eds/bin/gnu/h-x86_64-mingw32/bin/../lib/gcc/nios2-elf/12.3.1/../../../../../H-x86_64-mingw32/nios2-elf/lib/mno-hw-mul\libc.a(libc_a-lseekr.o)
 .text._lseek_r
                0x00011578       0x64 c:/intelfpga_lite/23.1std/nios2eds/bin/gnu/h-x86_64-mingw32/bin/../lib/gcc/nios2-elf/12.3.1/../../../../../H-x86_64-mingw32/nios2-elf/lib/mno-hw-mul\libc.a(libc_a-lseekr.o)
                0x00011578                _lseek_r
 .text          0x000115dc        0x0 c:/intelfpga_lite/23.1std/nios2eds/bin/gnu/h-x86_64-mingw32/bin/../lib/gcc/nios2-elf/12.3.1/../../../../../H-x86_64-mingw32/nios2-elf/lib/mno-hw-mul\libc.a(libc_a-readr.o)
 .text._read_r  0x000115dc       0x64 c:/intelfpga_lite/23.1std/nios2eds/bin/gnu/h-x86_64-mingw32/bin/../lib/gcc/nios2-elf/12.3.1/../../../../../H-x86_64-mingw32/nios2-elf/lib/mno-hw-mul\libc.a(libc_a-readr.o)
                0x000115dc                _read_r
 .text          0x00011640        0x0 c:/intelfpga_lite/23.1std/nios2eds/bin/gnu/h-x86_64-mingw32/bin/../lib/gcc/nios2-elf/12.3.1/../../../../../H-x86_64-mingw32/nios2-elf/lib/mno-hw-mul\libc.a(libc_a-writer.o)
 .text._write_r
                0x00011640       0x64 c:/intelfpga_lite/23.1std/nios2eds/bin/gnu/h-x86_64-mingw32/bin/../lib/gcc/nios2-elf/12.3.1/../../../../../H-x86_64-mingw32/nios2-elf/lib/mno-hw-mul\libc.a(libc_a-writer.o)
                0x00011640                _write_r
 .text          0x000116a4        0x0 c:/intelfpga_lite/23.1std/nios2eds/bin/gnu/h-x86_64-mingw32/bin/../lib/gcc/nios2-elf/12.3.1/../../../../../H-x86_64-mingw32/nios2-elf/lib/mno-hw-mul\libc.a(libc_a-exit.o)
 .text.exit     0x000116a4       0x30 c:/intelfpga_lite/23.1std/nios2eds/bin/gnu/h-x86_64-mingw32/bin/../lib/gcc/nios2-elf/12.3.1/../../../../../H-x86_64-mingw32/nios2-elf/lib/mno-hw-mul\libc.a(libc_a-exit.o)
                0x000116a4                exit
 .text          0x000116d4        0x0 c:/intelfpga_lite/23.1std/nios2eds/bin/gnu/h-x86_64-mingw32/bin/../lib/gcc/nios2-elf/12.3.1/../../../../../H-x86_64-mingw32/nios2-elf/lib/mno-hw-mul\libc.a(libc_a-freer.o)
 .text._malloc_trim_r
                0x000116d4      0x124 c:/intelfpga_lite/23.1std/nios2eds/bin/gnu/h-x86_64-mingw32/bin/../lib/gcc/nios2-elf/12.3.1/../../../../../H-x86_64-mingw32/nios2-elf/lib/mno-hw-mul\libc.a(libc_a-freer.o)
                0x000116d4                _malloc_trim_r
 .text._free_r  0x000117f8      0x308 c:/intelfpga_lite/23.1std/nios2eds/bin/gnu/h-x86_64-mingw32/bin/../lib/gcc/nios2-elf/12.3.1/../../../../../H-x86_64-mingw32/nios2-elf/lib/mno-hw-mul\libc.a(libc_a-freer.o)
                0x000117f8                _free_r
 .text          0x00011b00        0x0 c:/intelfpga_lite/23.1std/nios2eds/bin/gnu/h-x86_64-mingw32/bin/../lib/gcc/nios2-elf/12.3.1/../../../../../H-x86_64-mingw32/nios2-elf/lib/mno-hw-mul\libc.a(libc_a-mallocr.o)
 .text._malloc_r
                0x00011b00      0x7c8 c:/intelfpga_lite/23.1std/nios2eds/bin/gnu/h-x86_64-mingw32/bin/../lib/gcc/nios2-elf/12.3.1/../../../../../H-x86_64-mingw32/nios2-elf/lib/mno-hw-mul\libc.a(libc_a-mallocr.o)
                0x00011b00                _malloc_r
 .text          0x000122c8        0x0 c:/intelfpga_lite/23.1std/nios2eds/bin/gnu/h-x86_64-mingw32/bin/../lib/gcc/nios2-elf/12.3.1/../../../../../H-x86_64-mingw32/nios2-elf/lib/mno-hw-mul\libc.a(libc_a-reallocr.o)
 .text._realloc_r
                0x000122c8      0x5ec c:/intelfpga_lite/23.1std/nios2eds/bin/gnu/h-x86_64-mingw32/bin/../lib/gcc/nios2-elf/12.3.1/../../../../../H-x86_64-mingw32/nios2-elf/lib/mno-hw-mul\libc.a(libc_a-reallocr.o)
                0x000122c8                _realloc_r
 .text          0x000128b4        0x0 c:/intelfpga_lite/23.1std/nios2eds/bin/gnu/h-x86_64-mingw32/bin/../lib/gcc/nios2-elf/12.3.1/../../../../../H-x86_64-mingw32/nios2-elf/lib/mno-hw-mul\libc.a(libc_a-fclose.o)
 .text._fclose_r
                0x000128b4       0xf0 c:/intelfpga_lite/23.1std/nios2eds/bin/gnu/h-x86_64-mingw32/bin/../lib/gcc/nios2-elf/12.3.1/../../../../../H-x86_64-mingw32/nios2-elf/lib/mno-hw-mul\libc.a(libc_a-fclose.o)
                0x000128b4                _fclose_r
 .text.fclose   0x000129a4       0x10 c:/intelfpga_lite/23.1std/nios2eds/bin/gnu/h-x86_64-mingw32/bin/../lib/gcc/nios2-elf/12.3.1/../../../../../H-x86_64-mingw32/nios2-elf/lib/mno-hw-mul\libc.a(libc_a-fclose.o)
                0x000129a4                fclose
 .text          0x000129b4        0x0 c:/intelfpga_lite/23.1std/nios2eds/bin/gnu/h-x86_64-mingw32/bin/../lib/gcc/nios2-elf/12.3.1/../../../../../H-x86_64-mingw32/nios2-elf/lib/mno-hw-mul\libc.a(libc_a-fflush.o)
 .text.__sflush_r
                0x000129b4      0x208 c:/intelfpga_lite/23.1std/nios2eds/bin/gnu/h-x86_64-mingw32/bin/../lib/gcc/nios2-elf/12.3.1/../../../../../H-x86_64-mingw32/nios2-elf/lib/mno-hw-mul\libc.a(libc_a-fflush.o)
                0x000129b4                __sflush_r
 .text._fflush_r
                0x00012bbc       0x5c c:/intelfpga_lite/23.1std/nios2eds/bin/gnu/h-x86_64-mingw32/bin/../lib/gcc/nios2-elf/12.3.1/../../../../../H-x86_64-mingw32/nios2-elf/lib/mno-hw-mul\libc.a(libc_a-fflush.o)
                0x00012bbc                _fflush_r
 .text.fflush   0x00012c18       0x8c c:/intelfpga_lite/23.1std/nios2eds/bin/gnu/h-x86_64-mingw32/bin/../lib/gcc/nios2-elf/12.3.1/../../../../../H-x86_64-mingw32/nios2-elf/lib/mno-hw-mul\libc.a(libc_a-fflush.o)
                0x00012c18                fflush
 .text          0x00012ca4        0x0 c:/intelfpga_lite/23.1std/nios2eds/bin/gnu/h-x86_64-mingw32/bin/../lib/gcc/nios2-elf/12.3.1/../../../../../H-x86_64-mingw32/nios2-elf/lib/mno-hw-mul\libc.a(libc_a-makebuf.o)
 .text.__smakebuf_r
                0x00012ca4      0x1a8 c:/intelfpga_lite/23.1std/nios2eds/bin/gnu/h-x86_64-mingw32/bin/../lib/gcc/nios2-elf/12.3.1/../../../../../H-x86_64-mingw32/nios2-elf/lib/mno-hw-mul\libc.a(libc_a-makebuf.o)
                0x00012ca4                __smakebuf_r
 .text.__swhatbuf_r
                0x00012e4c       0x8c c:/intelfpga_lite/23.1std/nios2eds/bin/gnu/h-x86_64-mingw32/bin/../lib/gcc/nios2-elf/12.3.1/../../../../../H-x86_64-mingw32/nios2-elf/lib/mno-hw-mul\libc.a(libc_a-makebuf.o)
                0x00012e4c                __swhatbuf_r
 .text          0x00012ed8        0x0 c:/intelfpga_lite/23.1std/nios2eds/bin/gnu/h-x86_64-mingw32/bin/../lib/gcc/nios2-elf/12.3.1/../../../../../H-x86_64-mingw32/nios2-elf/lib/mno-hw-mul\libc.a(libc_a-fstatr.o)
 .text._fstat_r
                0x00012ed8       0x60 c:/intelfpga_lite/23.1std/nios2eds/bin/gnu/h-x86_64-mingw32/bin/../lib/gcc/nios2-elf/12.3.1/../../../../../H-x86_64-mingw32/nios2-elf/lib/mno-hw-mul\libc.a(libc_a-fstatr.o)
                0x00012ed8                _fstat_r
 .text          0x00012f38        0x0 c:/intelfpga_lite/23.1std/nios2eds/bin/gnu/h-x86_64-mingw32/bin/../lib/gcc/nios2-elf/12.3.1/../../../../../H-x86_64-mingw32/nios2-elf/lib/mno-hw-mul\libc.a(libc_a-isattyr.o)
 .text._isatty_r
                0x00012f38       0x58 c:/intelfpga_lite/23.1std/nios2eds/bin/gnu/h-x86_64-mingw32/bin/../lib/gcc/nios2-elf/12.3.1/../../../../../H-x86_64-mingw32/nios2-elf/lib/mno-hw-mul\libc.a(libc_a-isattyr.o)
                0x00012f38                _isatty_r
 .text          0x00012f90        0x0 c:/intelfpga_lite/23.1std/nios2eds/bin/gnu/h-x86_64-mingw32/bin/../lib/gcc/nios2-elf/12.3.1/../../../../../H-x86_64-mingw32/nios2-elf/lib/mno-hw-mul\libc.a(libc_a-sbrkr.o)
 .text._sbrk_r  0x00012f90       0x58 c:/intelfpga_lite/23.1std/nios2eds/bin/gnu/h-x86_64-mingw32/bin/../lib/gcc/nios2-elf/12.3.1/../../../../../H-x86_64-mingw32/nios2-elf/lib/mno-hw-mul\libc.a(libc_a-sbrkr.o)
                0x00012f90                _sbrk_r
 .text          0x00012fe8        0x0 c:/intelfpga_lite/23.1std/nios2eds/bin/gnu/h-x86_64-mingw32/bin/../lib/gcc/nios2-elf/12.3.1/../../../../../H-x86_64-mingw32/nios2-elf/lib/mno-hw-mul\libc.a(libc_a-__call_atexit.o)
 .text.__call_exitprocs
                0x00012fe8      0x118 c:/intelfpga_lite/23.1std/nios2eds/bin/gnu/h-x86_64-mingw32/bin/../lib/gcc/nios2-elf/12.3.1/../../../../../H-x86_64-mingw32/nios2-elf/lib/mno-hw-mul\libc.a(libc_a-__call_atexit.o)
                0x00012fe8                __call_exitprocs
 .text          0x00013100      0x1b4 c:/intelfpga_lite/23.1std/nios2eds/bin/gnu/h-x86_64-mingw32/bin/../lib/gcc/nios2-elf/12.3.1/mno-hw-mul\libgcc.a(lib2-divmod.o)
                0x00013100                __divsi3
                0x00013180                __modsi3
                0x000131f4                __udivsi3
                0x00013258                __umodsi3
 .text          0x000132b4      0x118 c:/Users/guan-ming.dennis-won/Documents/Code/SPI_4_Wire_Serial_Intel_FPGA_IP/software/NIOS_Project_bsp/\libhal_bsp.a(alt_close.o)
                0x000132f0                close
 .text          0x000133cc       0x2c c:/Users/guan-ming.dennis-won/Documents/Code/SPI_4_Wire_Serial_Intel_FPGA_IP/software/NIOS_Project_bsp/\libhal_bsp.a(alt_dev.o)
 .text          0x000133f8        0x0 c:/Users/guan-ming.dennis-won/Documents/Code/SPI_4_Wire_Serial_Intel_FPGA_IP/software/NIOS_Project_bsp/\libhal_bsp.a(alt_errno.o)
 .text          0x000133f8       0x3c c:/Users/guan-ming.dennis-won/Documents/Code/SPI_4_Wire_Serial_Intel_FPGA_IP/software/NIOS_Project_bsp/\libhal_bsp.a(alt_exit.o)
                0x000133f8                _exit
 .text          0x00013434       0xf8 c:/Users/guan-ming.dennis-won/Documents/Code/SPI_4_Wire_Serial_Intel_FPGA_IP/software/NIOS_Project_bsp/\libhal_bsp.a(alt_fstat.o)
                0x00013470                fstat
 .text          0x0001352c       0xec c:/Users/guan-ming.dennis-won/Documents/Code/SPI_4_Wire_Serial_Intel_FPGA_IP/software/NIOS_Project_bsp/\libhal_bsp.a(alt_isatty.o)
                0x00013568                isatty
 .text          0x00013618       0xec c:/Users/guan-ming.dennis-won/Documents/Code/SPI_4_Wire_Serial_Intel_FPGA_IP/software/NIOS_Project_bsp/\libhal_bsp.a(alt_load.o)
                0x00013680                alt_load
 .text          0x00013704      0x11c c:/Users/guan-ming.dennis-won/Documents/Code/SPI_4_Wire_Serial_Intel_FPGA_IP/software/NIOS_Project_bsp/\libhal_bsp.a(alt_lseek.o)
                0x00013740                lseek
 .text          0x00013820       0x7c c:/Users/guan-ming.dennis-won/Documents/Code/SPI_4_Wire_Serial_Intel_FPGA_IP/software/NIOS_Project_bsp/\libhal_bsp.a(alt_main.o)
                0x00013820                alt_main
 .text          0x0001389c       0x48 c:/Users/guan-ming.dennis-won/Documents/Code/SPI_4_Wire_Serial_Intel_FPGA_IP/software/NIOS_Project_bsp/\libhal_bsp.a(alt_malloc_lock.o)
                0x0001389c                __malloc_lock
                0x000138c0                __malloc_unlock
 .text          0x000138e4      0x144 c:/Users/guan-ming.dennis-won/Documents/Code/SPI_4_Wire_Serial_Intel_FPGA_IP/software/NIOS_Project_bsp/\libhal_bsp.a(alt_read.o)
                0x00013920                read
 .text          0x00013a28       0x70 c:/Users/guan-ming.dennis-won/Documents/Code/SPI_4_Wire_Serial_Intel_FPGA_IP/software/NIOS_Project_bsp/\libhal_bsp.a(alt_release_fd.o)
                0x00013a28                alt_release_fd
 .text          0x00013a98       0xb8 c:/Users/guan-ming.dennis-won/Documents/Code/SPI_4_Wire_Serial_Intel_FPGA_IP/software/NIOS_Project_bsp/\libhal_bsp.a(alt_sbrk.o)
                0x00013a98                sbrk
 .text          0x00013b50       0x30 c:/Users/guan-ming.dennis-won/Documents/Code/SPI_4_Wire_Serial_Intel_FPGA_IP/software/NIOS_Project_bsp/\libhal_bsp.a(alt_usleep.o)
                0x00013b50                usleep
 .text          0x00013b80      0x140 c:/Users/guan-ming.dennis-won/Documents/Code/SPI_4_Wire_Serial_Intel_FPGA_IP/software/NIOS_Project_bsp/\libhal_bsp.a(alt_write.o)
                0x00013bbc                write
 .text          0x00013cc0       0xc0 c:/Users/guan-ming.dennis-won/Documents/Code/SPI_4_Wire_Serial_Intel_FPGA_IP/software/NIOS_Project_bsp/\libhal_bsp.a(alt_sys_init.o)
                0x00013cf4                alt_irq_init
                0x00013d30                alt_sys_init
 .text          0x00013d80      0x164 c:/Users/guan-ming.dennis-won/Documents/Code/SPI_4_Wire_Serial_Intel_FPGA_IP/software/NIOS_Project_bsp/\libhal_bsp.a(altera_avalon_jtag_uart_fd.o)
                0x00013d80                altera_avalon_jtag_uart_read_fd
                0x00013de0                altera_avalon_jtag_uart_write_fd
                0x00013e40                altera_avalon_jtag_uart_close_fd
                0x00013e90                altera_avalon_jtag_uart_ioctl_fd
 .text          0x00013ee4      0x3e4 c:/Users/guan-ming.dennis-won/Documents/Code/SPI_4_Wire_Serial_Intel_FPGA_IP/software/NIOS_Project_bsp/\libhal_bsp.a(altera_avalon_jtag_uart_init.o)
                0x00013ee4                altera_avalon_jtag_uart_init
                0x00014260                altera_avalon_jtag_uart_close
 .text          0x000142c8       0xf4 c:/Users/guan-ming.dennis-won/Documents/Code/SPI_4_Wire_Serial_Intel_FPGA_IP/software/NIOS_Project_bsp/\libhal_bsp.a(altera_avalon_jtag_uart_ioctl.o)
                0x000142c8                altera_avalon_jtag_uart_ioctl
 .text          0x000143bc      0x220 c:/Users/guan-ming.dennis-won/Documents/Code/SPI_4_Wire_Serial_Intel_FPGA_IP/software/NIOS_Project_bsp/\libhal_bsp.a(altera_avalon_jtag_uart_read.o)
                0x000143bc                altera_avalon_jtag_uart_read
 .text          0x000145dc      0x228 c:/Users/guan-ming.dennis-won/Documents/Code/SPI_4_Wire_Serial_Intel_FPGA_IP/software/NIOS_Project_bsp/\libhal_bsp.a(altera_avalon_jtag_uart_write.o)
                0x000145dc                altera_avalon_jtag_uart_write
 .text          0x00014804      0x160 c:/Users/guan-ming.dennis-won/Documents/Code/SPI_4_Wire_Serial_Intel_FPGA_IP/software/NIOS_Project_bsp/\libhal_bsp.a(alt_alarm_start.o)
                0x00014804                alt_alarm_start
 .text          0x00014964      0x158 c:/Users/guan-ming.dennis-won/Documents/Code/SPI_4_Wire_Serial_Intel_FPGA_IP/software/NIOS_Project_bsp/\libhal_bsp.a(alt_busy_sleep.o)
                0x00014964                alt_busy_sleep
 .text          0x00014abc       0x20 c:/Users/guan-ming.dennis-won/Documents/Code/SPI_4_Wire_Serial_Intel_FPGA_IP/software/NIOS_Project_bsp/\libhal_bsp.a(alt_dcache_flush_all.o)
                0x00014abc                alt_dcache_flush_all
 .text          0x00014adc       0xe4 c:/Users/guan-ming.dennis-won/Documents/Code/SPI_4_Wire_Serial_Intel_FPGA_IP/software/NIOS_Project_bsp/\libhal_bsp.a(alt_dev_llist_insert.o)
                0x00014b18                alt_dev_llist_insert
 .text          0x00014bc0       0x64 c:/Users/guan-ming.dennis-won/Documents/Code/SPI_4_Wire_Serial_Intel_FPGA_IP/software/NIOS_Project_bsp/\libhal_bsp.a(alt_do_ctors.o)
                0x00014bc0                _do_ctors
 .text          0x00014c24       0x64 c:/Users/guan-ming.dennis-won/Documents/Code/SPI_4_Wire_Serial_Intel_FPGA_IP/software/NIOS_Project_bsp/\libhal_bsp.a(alt_do_dtors.o)
                0x00014c24                _do_dtors
 .text          0x00014c88       0x20 c:/Users/guan-ming.dennis-won/Documents/Code/SPI_4_Wire_Serial_Intel_FPGA_IP/software/NIOS_Project_bsp/\libhal_bsp.a(alt_icache_flush_all.o)
                0x00014c88                alt_icache_flush_all
 .text          0x00014ca8      0x1b0 c:/Users/guan-ming.dennis-won/Documents/Code/SPI_4_Wire_Serial_Intel_FPGA_IP/software/NIOS_Project_bsp/\libhal_bsp.a(alt_iic.o)
                0x00014ca8                alt_ic_isr_register
                0x00014cf8                alt_ic_irq_enable
                0x00014d80                alt_ic_irq_disable
                0x00014e0c                alt_ic_irq_enabled
 .text          0x00014e58       0xe8 c:/Users/guan-ming.dennis-won/Documents/Code/SPI_4_Wire_Serial_Intel_FPGA_IP/software/NIOS_Project_bsp/\libhal_bsp.a(alt_iic_isr_register.o)
                0x00014e58                alt_iic_isr_register
 .text          0x00014f40      0x150 c:/Users/guan-ming.dennis-won/Documents/Code/SPI_4_Wire_Serial_Intel_FPGA_IP/software/NIOS_Project_bsp/\libhal_bsp.a(alt_io_redirect.o)
                0x00015014                alt_io_redirect
 .text          0x00015090        0x0 c:/Users/guan-ming.dennis-won/Documents/Code/SPI_4_Wire_Serial_Intel_FPGA_IP/software/NIOS_Project_bsp/\libhal_bsp.a(alt_irq_entry.o)
 .text          0x00015090        0x0 c:/Users/guan-ming.dennis-won/Documents/Code/SPI_4_Wire_Serial_Intel_FPGA_IP/software/NIOS_Project_bsp/\libhal_bsp.a(alt_irq_handler.o)
 .text          0x00015090        0x0 c:/Users/guan-ming.dennis-won/Documents/Code/SPI_4_Wire_Serial_Intel_FPGA_IP/software/NIOS_Project_bsp/\libhal_bsp.a(alt_irq_vars.o)
 .text          0x00015090      0x278 c:/Users/guan-ming.dennis-won/Documents/Code/SPI_4_Wire_Serial_Intel_FPGA_IP/software/NIOS_Project_bsp/\libhal_bsp.a(alt_open.o)
                0x000151a8                open
 .text          0x00015308      0x1d0 c:/Users/guan-ming.dennis-won/Documents/Code/SPI_4_Wire_Serial_Intel_FPGA_IP/software/NIOS_Project_bsp/\libhal_bsp.a(alt_tick.o)
                0x00015308                alt_alarm_stop
                0x000153ac                alt_tick
 .text          0x000154d8       0x24 c:/Users/guan-ming.dennis-won/Documents/Code/SPI_4_Wire_Serial_Intel_FPGA_IP/software/NIOS_Project_bsp/\libhal_bsp.a(altera_nios2_gen2_irq.o)
                0x000154d8                altera_nios2_gen2_irq_init
 .text          0x000154fc        0x0 c:/Users/guan-ming.dennis-won/Documents/Code/SPI_4_Wire_Serial_Intel_FPGA_IP/software/NIOS_Project_bsp/\libhal_bsp.a(alt_exception_entry.o)
 .text          0x000154fc       0x90 c:/Users/guan-ming.dennis-won/Documents/Code/SPI_4_Wire_Serial_Intel_FPGA_IP/software/NIOS_Project_bsp/\libhal_bsp.a(alt_find_dev.o)
                0x000154fc                alt_find_dev
 .text          0x0001558c      0x108 c:/Users/guan-ming.dennis-won/Documents/Code/SPI_4_Wire_Serial_Intel_FPGA_IP/software/NIOS_Project_bsp/\libhal_bsp.a(alt_find_file.o)
                0x0001558c                alt_find_file
 .text          0x00015694       0xb8 c:/Users/guan-ming.dennis-won/Documents/Code/SPI_4_Wire_Serial_Intel_FPGA_IP/software/NIOS_Project_bsp/\libhal_bsp.a(alt_get_fd.o)
                0x00015694                alt_get_fd
 .text          0x0001574c       0x74 c:/Users/guan-ming.dennis-won/Documents/Code/SPI_4_Wire_Serial_Intel_FPGA_IP/software/NIOS_Project_bsp/\libhal_bsp.a(alt_instruction_exception_entry.o)
                0x0001574c                alt_exception_cause_generated_bad_addr
 .text          0x000157c0        0x0 c:/intelfpga_lite/23.1std/nios2eds/bin/gnu/h-x86_64-mingw32/bin/../lib/gcc/nios2-elf/12.3.1/../../../../../H-x86_64-mingw32/nios2-elf/lib/mno-hw-mul\libc.a(libc_a-atexit.o)
 .text.atexit   0x000157c0       0x14 c:/intelfpga_lite/23.1std/nios2eds/bin/gnu/h-x86_64-mingw32/bin/../lib/gcc/nios2-elf/12.3.1/../../../../../H-x86_64-mingw32/nios2-elf/lib/mno-hw-mul\libc.a(libc_a-atexit.o)
                0x000157c0                atexit
 .text          0x000157d4        0x0 c:/intelfpga_lite/23.1std/nios2eds/bin/gnu/h-x86_64-mingw32/bin/../lib/gcc/nios2-elf/12.3.1/../../../../../H-x86_64-mingw32/nios2-elf/lib/mno-hw-mul\libc.a(libc_a-memcmp.o)
 .text.memcmp   0x000157d4       0x78 c:/intelfpga_lite/23.1std/nios2eds/bin/gnu/h-x86_64-mingw32/bin/../lib/gcc/nios2-elf/12.3.1/../../../../../H-x86_64-mingw32/nios2-elf/lib/mno-hw-mul\libc.a(libc_a-memcmp.o)
                0x000157d4                memcmp
 .text          0x0001584c        0x0 c:/intelfpga_lite/23.1std/nios2eds/bin/gnu/h-x86_64-mingw32/bin/../lib/gcc/nios2-elf/12.3.1/../../../../../H-x86_64-mingw32/nios2-elf/lib/mno-hw-mul\libc.a(libc_a-__atexit.o)
 .text.__register_exitproc
                0x0001584c       0x94 c:/intelfpga_lite/23.1std/nios2eds/bin/gnu/h-x86_64-mingw32/bin/../lib/gcc/nios2-elf/12.3.1/../../../../../H-x86_64-mingw32/nios2-elf/lib/mno-hw-mul\libc.a(libc_a-__atexit.o)
                0x0001584c                __register_exitproc
 *(.gnu.warning.*)
 *(.fini)
                [!provide]                        PROVIDE (__etext = ABSOLUTE (.))
                [!provide]                        PROVIDE (_etext = ABSOLUTE (.))
                [!provide]                        PROVIDE (etext = ABSOLUTE (.))
 *(.eh_frame_hdr)
                0x000158e0                        . = ALIGN (0x4)
                [!provide]                        PROVIDE (__preinit_array_start = ABSOLUTE (.))
 *(.preinit_array)
                [!provide]                        PROVIDE (__preinit_array_end = ABSOLUTE (.))
                [!provide]                        PROVIDE (__init_array_start = ABSOLUTE (.))
 *(SORT_BY_INIT_PRIORITY(.init_array.*))
 *(.init_array)
                [!provide]                        PROVIDE (__init_array_end = ABSOLUTE (.))
                [!provide]                        PROVIDE (__fini_array_start = ABSOLUTE (.))
 *(.fini_array)
                [!provide]                        PROVIDE (__fini_array_end = ABSOLUTE (.))
 *(.eh_frame)
 *(.gcc_except_table .gcc_except_table.*)
 *(.dynamic)
                0x000158e0                        PROVIDE (__CTOR_LIST__ = ABSOLUTE (.))
 *(.ctors)
 *(SORT_BY_NAME(.ctors.*))
                0x000158e0                        PROVIDE (__CTOR_END__ = ABSOLUTE (.))
                0x000158e0                        PROVIDE (__DTOR_LIST__ = ABSOLUTE (.))
 *(.dtors)
 *(SORT_BY_NAME(.dtors.*))
                0x000158e0                        PROVIDE (__DTOR_END__ = ABSOLUTE (.))
 *(.jcr)
                0x000158e0                        . = ALIGN (0x4)

.rodata         0x000158e0       0x3c
                0x000158e0                        PROVIDE (__ram_rodata_start = ABSOLUTE (.))
                0x000158e0                        . = ALIGN (0x4)
 *(.rodata .rodata.* .gnu.linkonce.r.*)
 .rodata        0x000158e0       0x14 obj/default/hello_world.o
 .rodata._puts_r.str1.4
                0x000158f4        0x2 c:/intelfpga_lite/23.1std/nios2eds/bin/gnu/h-x86_64-mingw32/bin/../lib/gcc/nios2-elf/12.3.1/../../../../../H-x86_64-mingw32/nios2-elf/lib/mno-hw-mul\libc.a(libc_a-puts.o)
 *fill*         0x000158f6        0x2 
 .rodata        0x000158f8        0xa c:/Users/guan-ming.dennis-won/Documents/Code/SPI_4_Wire_Serial_Intel_FPGA_IP/software/NIOS_Project_bsp/\libhal_bsp.a(alt_dev.o)
 *fill*         0x00015902        0x2 
 .rodata        0x00015904        0xb c:/Users/guan-ming.dennis-won/Documents/Code/SPI_4_Wire_Serial_Intel_FPGA_IP/software/NIOS_Project_bsp/\libhal_bsp.a(alt_main.o)
 *fill*         0x0001590f        0x1 
 .rodata        0x00015910        0xb c:/Users/guan-ming.dennis-won/Documents/Code/SPI_4_Wire_Serial_Intel_FPGA_IP/software/NIOS_Project_bsp/\libhal_bsp.a(alt_sys_init.o)
 *(.rodata1)
                0x0001591c                        . = ALIGN (0x4)
 *fill*         0x0001591b        0x1 
                0x0001591c                        PROVIDE (__ram_rodata_end = ABSOLUTE (.))
                0x000158e0                        PROVIDE (__flash_rodata_start = LOADADDR (.rodata))

.rwdata         0x0001591c     0x1770 load address 0x0001708c
                0x0001591c                        PROVIDE (__ram_rwdata_start = ABSOLUTE (.))
                0x0001591c                        . = ALIGN (0x4)
 *(.got.plt)
 *(.got)
 *(.data1)
 *(.data .data.* .gnu.linkonce.d.*)
 .data          0x0001591c        0x0 c:/Users/guan-ming.dennis-won/Documents/Code/SPI_4_Wire_Serial_Intel_FPGA_IP/software/NIOS_Project_bsp//obj/HAL/src/crt0.o
 .data          0x0001591c        0x0 obj/default/hello_world.o
 .data          0x0001591c        0x0 c:/intelfpga_lite/23.1std/nios2eds/bin/gnu/h-x86_64-mingw32/bin/../lib/gcc/nios2-elf/12.3.1/mno-hw-mul\libgcc.a(lib2-mul.o)
 .data          0x0001591c        0x0 c:/intelfpga_lite/23.1std/nios2eds/bin/gnu/h-x86_64-mingw32/bin/../lib/gcc/nios2-elf/12.3.1/../../../../../H-x86_64-mingw32/nios2-elf/lib/mno-hw-mul\libc.a(libc_a-puts.o)
 .data          0x0001591c        0x0 c:/intelfpga_lite/23.1std/nios2eds/bin/gnu/h-x86_64-mingw32/bin/../lib/gcc/nios2-elf/12.3.1/../../../../../H-x86_64-mingw32/nios2-elf/lib/mno-hw-mul\libc.a(libc_a-strlen.o)
 .data          0x0001591c        0x0 c:/intelfpga_lite/23.1std/nios2eds/bin/gnu/h-x86_64-mingw32/bin/../lib/gcc/nios2-elf/12.3.1/../../../../../H-x86_64-mingw32/nios2-elf/lib/mno-hw-mul\libc.a(libc_a-impure.o)
 .data._impure_data
                0x0001591c      0x11c c:/intelfpga_lite/23.1std/nios2eds/bin/gnu/h-x86_64-mingw32/bin/../lib/gcc/nios2-elf/12.3.1/../../../../../H-x86_64-mingw32/nios2-elf/lib/mno-hw-mul\libc.a(libc_a-impure.o)
                0x0001591c                _impure_data
 .data          0x00015a38        0x0 c:/intelfpga_lite/23.1std/nios2eds/bin/gnu/h-x86_64-mingw32/bin/../lib/gcc/nios2-elf/12.3.1/../../../../../H-x86_64-mingw32/nios2-elf/lib/mno-hw-mul\libc.a(libc_a-findfp.o)
 .data.__sglue  0x00015a38        0xc c:/intelfpga_lite/23.1std/nios2eds/bin/gnu/h-x86_64-mingw32/bin/../lib/gcc/nios2-elf/12.3.1/../../../../../H-x86_64-mingw32/nios2-elf/lib/mno-hw-mul\libc.a(libc_a-findfp.o)
                0x00015a38                __sglue
 .data          0x00015a44        0x0 c:/intelfpga_lite/23.1std/nios2eds/bin/gnu/h-x86_64-mingw32/bin/../lib/gcc/nios2-elf/12.3.1/../../../../../H-x86_64-mingw32/nios2-elf/lib/mno-hw-mul\libc.a(libc_a-fvwrite.o)
 .data          0x00015a44        0x0 c:/intelfpga_lite/23.1std/nios2eds/bin/gnu/h-x86_64-mingw32/bin/../lib/gcc/nios2-elf/12.3.1/../../../../../H-x86_64-mingw32/nios2-elf/lib/mno-hw-mul\libc.a(libc_a-fwalk.o)
 .data          0x00015a44        0x0 c:/intelfpga_lite/23.1std/nios2eds/bin/gnu/h-x86_64-mingw32/bin/../lib/gcc/nios2-elf/12.3.1/../../../../../H-x86_64-mingw32/nios2-elf/lib/mno-hw-mul\libc.a(libc_a-stdio.o)
 .data          0x00015a44        0x0 c:/intelfpga_lite/23.1std/nios2eds/bin/gnu/h-x86_64-mingw32/bin/../lib/gcc/nios2-elf/12.3.1/../../../../../H-x86_64-mingw32/nios2-elf/lib/mno-hw-mul\libc.a(libc_a-wsetup.o)
 .data          0x00015a44        0x0 c:/intelfpga_lite/23.1std/nios2eds/bin/gnu/h-x86_64-mingw32/bin/../lib/gcc/nios2-elf/12.3.1/../../../../../H-x86_64-mingw32/nios2-elf/lib/mno-hw-mul\libc.a(libc_a-memchr.o)
 .data          0x00015a44        0x0 c:/intelfpga_lite/23.1std/nios2eds/bin/gnu/h-x86_64-mingw32/bin/../lib/gcc/nios2-elf/12.3.1/../../../../../H-x86_64-mingw32/nios2-elf/lib/mno-hw-mul\libc.a(libc_a-memcpy.o)
 .data          0x00015a44        0x0 c:/intelfpga_lite/23.1std/nios2eds/bin/gnu/h-x86_64-mingw32/bin/../lib/gcc/nios2-elf/12.3.1/../../../../../H-x86_64-mingw32/nios2-elf/lib/mno-hw-mul\libc.a(libc_a-memmove.o)
 .data          0x00015a44        0x0 c:/intelfpga_lite/23.1std/nios2eds/bin/gnu/h-x86_64-mingw32/bin/../lib/gcc/nios2-elf/12.3.1/../../../../../H-x86_64-mingw32/nios2-elf/lib/mno-hw-mul\libc.a(libc_a-memset.o)
 .data          0x00015a44        0x0 c:/intelfpga_lite/23.1std/nios2eds/bin/gnu/h-x86_64-mingw32/bin/../lib/gcc/nios2-elf/12.3.1/../../../../../H-x86_64-mingw32/nios2-elf/lib/mno-hw-mul\libc.a(libc_a-closer.o)
 .data          0x00015a44        0x0 c:/intelfpga_lite/23.1std/nios2eds/bin/gnu/h-x86_64-mingw32/bin/../lib/gcc/nios2-elf/12.3.1/../../../../../H-x86_64-mingw32/nios2-elf/lib/mno-hw-mul\libc.a(libc_a-reent.o)
 .data          0x00015a44        0x0 c:/intelfpga_lite/23.1std/nios2eds/bin/gnu/h-x86_64-mingw32/bin/../lib/gcc/nios2-elf/12.3.1/../../../../../H-x86_64-mingw32/nios2-elf/lib/mno-hw-mul\libc.a(libc_a-lseekr.o)
 .data          0x00015a44        0x0 c:/intelfpga_lite/23.1std/nios2eds/bin/gnu/h-x86_64-mingw32/bin/../lib/gcc/nios2-elf/12.3.1/../../../../../H-x86_64-mingw32/nios2-elf/lib/mno-hw-mul\libc.a(libc_a-readr.o)
 .data          0x00015a44        0x0 c:/intelfpga_lite/23.1std/nios2eds/bin/gnu/h-x86_64-mingw32/bin/../lib/gcc/nios2-elf/12.3.1/../../../../../H-x86_64-mingw32/nios2-elf/lib/mno-hw-mul\libc.a(libc_a-writer.o)
 .data          0x00015a44        0x0 c:/intelfpga_lite/23.1std/nios2eds/bin/gnu/h-x86_64-mingw32/bin/../lib/gcc/nios2-elf/12.3.1/../../../../../H-x86_64-mingw32/nios2-elf/lib/mno-hw-mul\libc.a(libc_a-exit.o)
 .data          0x00015a44        0x0 c:/intelfpga_lite/23.1std/nios2eds/bin/gnu/h-x86_64-mingw32/bin/../lib/gcc/nios2-elf/12.3.1/../../../../../H-x86_64-mingw32/nios2-elf/lib/mno-hw-mul\libc.a(libc_a-freer.o)
 .data          0x00015a44        0x0 c:/intelfpga_lite/23.1std/nios2eds/bin/gnu/h-x86_64-mingw32/bin/../lib/gcc/nios2-elf/12.3.1/../../../../../H-x86_64-mingw32/nios2-elf/lib/mno-hw-mul\libc.a(libc_a-mallocr.o)
 .data.__malloc_av_
                0x00015a44      0x408 c:/intelfpga_lite/23.1std/nios2eds/bin/gnu/h-x86_64-mingw32/bin/../lib/gcc/nios2-elf/12.3.1/../../../../../H-x86_64-mingw32/nios2-elf/lib/mno-hw-mul\libc.a(libc_a-mallocr.o)
                0x00015a44                __malloc_av_
 .data          0x00015e4c        0x0 c:/intelfpga_lite/23.1std/nios2eds/bin/gnu/h-x86_64-mingw32/bin/../lib/gcc/nios2-elf/12.3.1/../../../../../H-x86_64-mingw32/nios2-elf/lib/mno-hw-mul\libc.a(libc_a-reallocr.o)
 .data          0x00015e4c        0x0 c:/intelfpga_lite/23.1std/nios2eds/bin/gnu/h-x86_64-mingw32/bin/../lib/gcc/nios2-elf/12.3.1/../../../../../H-x86_64-mingw32/nios2-elf/lib/mno-hw-mul\libc.a(libc_a-fclose.o)
 .data          0x00015e4c        0x0 c:/intelfpga_lite/23.1std/nios2eds/bin/gnu/h-x86_64-mingw32/bin/../lib/gcc/nios2-elf/12.3.1/../../../../../H-x86_64-mingw32/nios2-elf/lib/mno-hw-mul\libc.a(libc_a-fflush.o)
 .data          0x00015e4c        0x0 c:/intelfpga_lite/23.1std/nios2eds/bin/gnu/h-x86_64-mingw32/bin/../lib/gcc/nios2-elf/12.3.1/../../../../../H-x86_64-mingw32/nios2-elf/lib/mno-hw-mul\libc.a(libc_a-makebuf.o)
 .data          0x00015e4c        0x0 c:/intelfpga_lite/23.1std/nios2eds/bin/gnu/h-x86_64-mingw32/bin/../lib/gcc/nios2-elf/12.3.1/../../../../../H-x86_64-mingw32/nios2-elf/lib/mno-hw-mul\libc.a(libc_a-fstatr.o)
 .data          0x00015e4c        0x0 c:/intelfpga_lite/23.1std/nios2eds/bin/gnu/h-x86_64-mingw32/bin/../lib/gcc/nios2-elf/12.3.1/../../../../../H-x86_64-mingw32/nios2-elf/lib/mno-hw-mul\libc.a(libc_a-isattyr.o)
 .data          0x00015e4c        0x0 c:/intelfpga_lite/23.1std/nios2eds/bin/gnu/h-x86_64-mingw32/bin/../lib/gcc/nios2-elf/12.3.1/../../../../../H-x86_64-mingw32/nios2-elf/lib/mno-hw-mul\libc.a(libc_a-sbrkr.o)
 .data          0x00015e4c        0x0 c:/intelfpga_lite/23.1std/nios2eds/bin/gnu/h-x86_64-mingw32/bin/../lib/gcc/nios2-elf/12.3.1/../../../../../H-x86_64-mingw32/nios2-elf/lib/mno-hw-mul\libc.a(libc_a-__call_atexit.o)
 .data          0x00015e4c        0x0 c:/intelfpga_lite/23.1std/nios2eds/bin/gnu/h-x86_64-mingw32/bin/../lib/gcc/nios2-elf/12.3.1/mno-hw-mul\libgcc.a(lib2-divmod.o)
 .data          0x00015e4c        0x0 c:/Users/guan-ming.dennis-won/Documents/Code/SPI_4_Wire_Serial_Intel_FPGA_IP/software/NIOS_Project_bsp/\libhal_bsp.a(alt_close.o)
 .data          0x00015e4c      0x1a8 c:/Users/guan-ming.dennis-won/Documents/Code/SPI_4_Wire_Serial_Intel_FPGA_IP/software/NIOS_Project_bsp/\libhal_bsp.a(alt_dev.o)
                0x00015e4c                alt_dev_null
                0x00015e74                alt_fd_list
 .data          0x00015ff4        0x0 c:/Users/guan-ming.dennis-won/Documents/Code/SPI_4_Wire_Serial_Intel_FPGA_IP/software/NIOS_Project_bsp/\libhal_bsp.a(alt_errno.o)
 .data          0x00015ff4        0x0 c:/Users/guan-ming.dennis-won/Documents/Code/SPI_4_Wire_Serial_Intel_FPGA_IP/software/NIOS_Project_bsp/\libhal_bsp.a(alt_exit.o)
 .data          0x00015ff4        0x0 c:/Users/guan-ming.dennis-won/Documents/Code/SPI_4_Wire_Serial_Intel_FPGA_IP/software/NIOS_Project_bsp/\libhal_bsp.a(alt_fstat.o)
 .data          0x00015ff4        0x0 c:/Users/guan-ming.dennis-won/Documents/Code/SPI_4_Wire_Serial_Intel_FPGA_IP/software/NIOS_Project_bsp/\libhal_bsp.a(alt_isatty.o)
 .data          0x00015ff4        0x0 c:/Users/guan-ming.dennis-won/Documents/Code/SPI_4_Wire_Serial_Intel_FPGA_IP/software/NIOS_Project_bsp/\libhal_bsp.a(alt_load.o)
 .data          0x00015ff4        0x0 c:/Users/guan-ming.dennis-won/Documents/Code/SPI_4_Wire_Serial_Intel_FPGA_IP/software/NIOS_Project_bsp/\libhal_bsp.a(alt_lseek.o)
 .data          0x00015ff4        0x0 c:/Users/guan-ming.dennis-won/Documents/Code/SPI_4_Wire_Serial_Intel_FPGA_IP/software/NIOS_Project_bsp/\libhal_bsp.a(alt_main.o)
 .data          0x00015ff4        0x0 c:/Users/guan-ming.dennis-won/Documents/Code/SPI_4_Wire_Serial_Intel_FPGA_IP/software/NIOS_Project_bsp/\libhal_bsp.a(alt_malloc_lock.o)
 .data          0x00015ff4        0x0 c:/Users/guan-ming.dennis-won/Documents/Code/SPI_4_Wire_Serial_Intel_FPGA_IP/software/NIOS_Project_bsp/\libhal_bsp.a(alt_read.o)
 .data          0x00015ff4        0x0 c:/Users/guan-ming.dennis-won/Documents/Code/SPI_4_Wire_Serial_Intel_FPGA_IP/software/NIOS_Project_bsp/\libhal_bsp.a(alt_release_fd.o)
 .data          0x00015ff4        0x0 c:/Users/guan-ming.dennis-won/Documents/Code/SPI_4_Wire_Serial_Intel_FPGA_IP/software/NIOS_Project_bsp/\libhal_bsp.a(alt_sbrk.o)
 .data          0x00015ff4        0x0 c:/Users/guan-ming.dennis-won/Documents/Code/SPI_4_Wire_Serial_Intel_FPGA_IP/software/NIOS_Project_bsp/\libhal_bsp.a(alt_usleep.o)
 .data          0x00015ff4        0x0 c:/Users/guan-ming.dennis-won/Documents/Code/SPI_4_Wire_Serial_Intel_FPGA_IP/software/NIOS_Project_bsp/\libhal_bsp.a(alt_write.o)
 .data          0x00015ff4     0x1060 c:/Users/guan-ming.dennis-won/Documents/Code/SPI_4_Wire_Serial_Intel_FPGA_IP/software/NIOS_Project_bsp/\libhal_bsp.a(alt_sys_init.o)
 .data          0x00017054        0x0 c:/Users/guan-ming.dennis-won/Documents/Code/SPI_4_Wire_Serial_Intel_FPGA_IP/software/NIOS_Project_bsp/\libhal_bsp.a(altera_avalon_jtag_uart_fd.o)
 .data          0x00017054        0x0 c:/Users/guan-ming.dennis-won/Documents/Code/SPI_4_Wire_Serial_Intel_FPGA_IP/software/NIOS_Project_bsp/\libhal_bsp.a(altera_avalon_jtag_uart_init.o)
 .data          0x00017054        0x0 c:/Users/guan-ming.dennis-won/Documents/Code/SPI_4_Wire_Serial_Intel_FPGA_IP/software/NIOS_Project_bsp/\libhal_bsp.a(altera_avalon_jtag_uart_ioctl.o)
 .data          0x00017054        0x0 c:/Users/guan-ming.dennis-won/Documents/Code/SPI_4_Wire_Serial_Intel_FPGA_IP/software/NIOS_Project_bsp/\libhal_bsp.a(altera_avalon_jtag_uart_read.o)
 .data          0x00017054        0x0 c:/Users/guan-ming.dennis-won/Documents/Code/SPI_4_Wire_Serial_Intel_FPGA_IP/software/NIOS_Project_bsp/\libhal_bsp.a(altera_avalon_jtag_uart_write.o)
 .data          0x00017054        0x0 c:/Users/guan-ming.dennis-won/Documents/Code/SPI_4_Wire_Serial_Intel_FPGA_IP/software/NIOS_Project_bsp/\libhal_bsp.a(alt_alarm_start.o)
 .data          0x00017054        0x0 c:/Users/guan-ming.dennis-won/Documents/Code/SPI_4_Wire_Serial_Intel_FPGA_IP/software/NIOS_Project_bsp/\libhal_bsp.a(alt_busy_sleep.o)
 .data          0x00017054        0x0 c:/Users/guan-ming.dennis-won/Documents/Code/SPI_4_Wire_Serial_Intel_FPGA_IP/software/NIOS_Project_bsp/\libhal_bsp.a(alt_dcache_flush_all.o)
 .data          0x00017054        0x0 c:/Users/guan-ming.dennis-won/Documents/Code/SPI_4_Wire_Serial_Intel_FPGA_IP/software/NIOS_Project_bsp/\libhal_bsp.a(alt_dev_llist_insert.o)
 .data          0x00017054        0x0 c:/Users/guan-ming.dennis-won/Documents/Code/SPI_4_Wire_Serial_Intel_FPGA_IP/software/NIOS_Project_bsp/\libhal_bsp.a(alt_do_ctors.o)
 .data          0x00017054        0x0 c:/Users/guan-ming.dennis-won/Documents/Code/SPI_4_Wire_Serial_Intel_FPGA_IP/software/NIOS_Project_bsp/\libhal_bsp.a(alt_do_dtors.o)
 .data          0x00017054        0x0 c:/Users/guan-ming.dennis-won/Documents/Code/SPI_4_Wire_Serial_Intel_FPGA_IP/software/NIOS_Project_bsp/\libhal_bsp.a(alt_icache_flush_all.o)
 .data          0x00017054        0x0 c:/Users/guan-ming.dennis-won/Documents/Code/SPI_4_Wire_Serial_Intel_FPGA_IP/software/NIOS_Project_bsp/\libhal_bsp.a(alt_iic.o)
 .data          0x00017054        0x0 c:/Users/guan-ming.dennis-won/Documents/Code/SPI_4_Wire_Serial_Intel_FPGA_IP/software/NIOS_Project_bsp/\libhal_bsp.a(alt_iic_isr_register.o)
 .data          0x00017054        0x0 c:/Users/guan-ming.dennis-won/Documents/Code/SPI_4_Wire_Serial_Intel_FPGA_IP/software/NIOS_Project_bsp/\libhal_bsp.a(alt_io_redirect.o)
 .data          0x00017054        0x0 c:/Users/guan-ming.dennis-won/Documents/Code/SPI_4_Wire_Serial_Intel_FPGA_IP/software/NIOS_Project_bsp/\libhal_bsp.a(alt_irq_entry.o)
 .data          0x00017054        0x0 c:/Users/guan-ming.dennis-won/Documents/Code/SPI_4_Wire_Serial_Intel_FPGA_IP/software/NIOS_Project_bsp/\libhal_bsp.a(alt_irq_handler.o)
 .data          0x00017054        0x0 c:/Users/guan-ming.dennis-won/Documents/Code/SPI_4_Wire_Serial_Intel_FPGA_IP/software/NIOS_Project_bsp/\libhal_bsp.a(alt_irq_vars.o)
 .data          0x00017054        0x0 c:/Users/guan-ming.dennis-won/Documents/Code/SPI_4_Wire_Serial_Intel_FPGA_IP/software/NIOS_Project_bsp/\libhal_bsp.a(alt_open.o)
 .data          0x00017054        0x0 c:/Users/guan-ming.dennis-won/Documents/Code/SPI_4_Wire_Serial_Intel_FPGA_IP/software/NIOS_Project_bsp/\libhal_bsp.a(alt_tick.o)
 .data          0x00017054        0x0 c:/Users/guan-ming.dennis-won/Documents/Code/SPI_4_Wire_Serial_Intel_FPGA_IP/software/NIOS_Project_bsp/\libhal_bsp.a(altera_nios2_gen2_irq.o)
 .data          0x00017054        0x0 c:/Users/guan-ming.dennis-won/Documents/Code/SPI_4_Wire_Serial_Intel_FPGA_IP/software/NIOS_Project_bsp/\libhal_bsp.a(alt_exception_entry.o)
 .data          0x00017054        0x0 c:/Users/guan-ming.dennis-won/Documents/Code/SPI_4_Wire_Serial_Intel_FPGA_IP/software/NIOS_Project_bsp/\libhal_bsp.a(alt_find_dev.o)
 .data          0x00017054        0x0 c:/Users/guan-ming.dennis-won/Documents/Code/SPI_4_Wire_Serial_Intel_FPGA_IP/software/NIOS_Project_bsp/\libhal_bsp.a(alt_find_file.o)
 .data          0x00017054        0x0 c:/Users/guan-ming.dennis-won/Documents/Code/SPI_4_Wire_Serial_Intel_FPGA_IP/software/NIOS_Project_bsp/\libhal_bsp.a(alt_get_fd.o)
 .data          0x00017054        0x0 c:/Users/guan-ming.dennis-won/Documents/Code/SPI_4_Wire_Serial_Intel_FPGA_IP/software/NIOS_Project_bsp/\libhal_bsp.a(alt_instruction_exception_entry.o)
 .data          0x00017054        0x0 c:/intelfpga_lite/23.1std/nios2eds/bin/gnu/h-x86_64-mingw32/bin/../lib/gcc/nios2-elf/12.3.1/../../../../../H-x86_64-mingw32/nios2-elf/lib/mno-hw-mul\libc.a(libc_a-atexit.o)
 .data          0x00017054        0x0 c:/intelfpga_lite/23.1std/nios2eds/bin/gnu/h-x86_64-mingw32/bin/../lib/gcc/nios2-elf/12.3.1/../../../../../H-x86_64-mingw32/nios2-elf/lib/mno-hw-mul\libc.a(libc_a-memcmp.o)
 .data          0x00017054        0x0 c:/intelfpga_lite/23.1std/nios2eds/bin/gnu/h-x86_64-mingw32/bin/../lib/gcc/nios2-elf/12.3.1/../../../../../H-x86_64-mingw32/nios2-elf/lib/mno-hw-mul\libc.a(libc_a-__atexit.o)
                0x0001f054                        _gp = ABSOLUTE ((. + 0x8000))
                [!provide]                        PROVIDE (gp = _gp)
 *(.rwdata .rwdata.*)
 *(.sdata .sdata.* .gnu.linkonce.s.*)
 .sdata         0x00017054        0x1 obj/default/hello_world.o
 *fill*         0x00017055        0x3 
 .sdata._impure_ptr
                0x00017058        0x4 c:/intelfpga_lite/23.1std/nios2eds/bin/gnu/h-x86_64-mingw32/bin/../lib/gcc/nios2-elf/12.3.1/../../../../../H-x86_64-mingw32/nios2-elf/lib/mno-hw-mul\libc.a(libc_a-impure.o)
                0x00017058                _impure_ptr
 .sdata.__malloc_sbrk_base
                0x0001705c        0x4 c:/intelfpga_lite/23.1std/nios2eds/bin/gnu/h-x86_64-mingw32/bin/../lib/gcc/nios2-elf/12.3.1/../../../../../H-x86_64-mingw32/nios2-elf/lib/mno-hw-mul\libc.a(libc_a-mallocr.o)
                0x0001705c                __malloc_sbrk_base
 .sdata.__malloc_trim_threshold
                0x00017060        0x4 c:/intelfpga_lite/23.1std/nios2eds/bin/gnu/h-x86_64-mingw32/bin/../lib/gcc/nios2-elf/12.3.1/../../../../../H-x86_64-mingw32/nios2-elf/lib/mno-hw-mul\libc.a(libc_a-mallocr.o)
                0x00017060                __malloc_trim_threshold
 .sdata         0x00017064       0x14 c:/Users/guan-ming.dennis-won/Documents/Code/SPI_4_Wire_Serial_Intel_FPGA_IP/software/NIOS_Project_bsp/\libhal_bsp.a(alt_dev.o)
                0x00017064                alt_fs_list
                0x0001706c                alt_dev_list
                0x00017074                alt_max_fd
 .sdata         0x00017078        0x4 c:/Users/guan-ming.dennis-won/Documents/Code/SPI_4_Wire_Serial_Intel_FPGA_IP/software/NIOS_Project_bsp/\libhal_bsp.a(alt_errno.o)
                0x00017078                alt_errno
 .sdata         0x0001707c        0x4 c:/Users/guan-ming.dennis-won/Documents/Code/SPI_4_Wire_Serial_Intel_FPGA_IP/software/NIOS_Project_bsp/\libhal_bsp.a(alt_sbrk.o)
 .sdata         0x00017080        0x4 c:/Users/guan-ming.dennis-won/Documents/Code/SPI_4_Wire_Serial_Intel_FPGA_IP/software/NIOS_Project_bsp/\libhal_bsp.a(alt_irq_vars.o)
                0x00017080                alt_priority_mask
 .sdata         0x00017084        0x8 c:/Users/guan-ming.dennis-won/Documents/Code/SPI_4_Wire_Serial_Intel_FPGA_IP/software/NIOS_Project_bsp/\libhal_bsp.a(alt_tick.o)
                0x00017084                alt_alarm_list
 *(.sdata2 .sdata2.* .gnu.linkonce.s2.*)
                0x0001708c                        . = ALIGN (0x4)
                0x0001708c                        _edata = ABSOLUTE (.)
                [!provide]                        PROVIDE (edata = ABSOLUTE (.))
                0x0001708c                        PROVIDE (__ram_rwdata_end = ABSOLUTE (.))
                0x0001708c                        PROVIDE (__flash_rwdata_start = LOADADDR (.rwdata))

.bss            0x000187fc      0x428
                0x000187fc                        __bss_start = ABSOLUTE (.)
                [!provide]                        PROVIDE (__sbss_start = ABSOLUTE (.))
                [!provide]                        PROVIDE (___sbss_start = ABSOLUTE (.))
 *(.dynsbss)
 *(.sbss .sbss.* .gnu.linkonce.sb.*)
 .sbss.errno    0x000187fc        0x4 c:/intelfpga_lite/23.1std/nios2eds/bin/gnu/h-x86_64-mingw32/bin/../lib/gcc/nios2-elf/12.3.1/../../../../../H-x86_64-mingw32/nios2-elf/lib/mno-hw-mul\libc.a(libc_a-reent.o)
                0x000187fc                errno
 .sbss.__stdio_exit_handler
                0x00018800        0x4 c:/intelfpga_lite/23.1std/nios2eds/bin/gnu/h-x86_64-mingw32/bin/../lib/gcc/nios2-elf/12.3.1/../../../../../H-x86_64-mingw32/nios2-elf/lib/mno-hw-mul\libc.a(libc_a-exit.o)
                0x00018800                __stdio_exit_handler
 .sbss.__malloc_max_total_mem
                0x00018804        0x4 c:/intelfpga_lite/23.1std/nios2eds/bin/gnu/h-x86_64-mingw32/bin/../lib/gcc/nios2-elf/12.3.1/../../../../../H-x86_64-mingw32/nios2-elf/lib/mno-hw-mul\libc.a(libc_a-mallocr.o)
                0x00018804                __malloc_max_total_mem
 .sbss.__malloc_max_sbrked_mem
                0x00018808        0x4 c:/intelfpga_lite/23.1std/nios2eds/bin/gnu/h-x86_64-mingw32/bin/../lib/gcc/nios2-elf/12.3.1/../../../../../H-x86_64-mingw32/nios2-elf/lib/mno-hw-mul\libc.a(libc_a-mallocr.o)
                0x00018808                __malloc_max_sbrked_mem
 .sbss.__malloc_top_pad
                0x0001880c        0x4 c:/intelfpga_lite/23.1std/nios2eds/bin/gnu/h-x86_64-mingw32/bin/../lib/gcc/nios2-elf/12.3.1/../../../../../H-x86_64-mingw32/nios2-elf/lib/mno-hw-mul\libc.a(libc_a-mallocr.o)
                0x0001880c                __malloc_top_pad
 .sbss.__atexit
                0x00018810        0x4 c:/intelfpga_lite/23.1std/nios2eds/bin/gnu/h-x86_64-mingw32/bin/../lib/gcc/nios2-elf/12.3.1/../../../../../H-x86_64-mingw32/nios2-elf/lib/mno-hw-mul\libc.a(libc_a-__call_atexit.o)
                0x00018810                __atexit
 .sbss          0x00018814        0xc c:/Users/guan-ming.dennis-won/Documents/Code/SPI_4_Wire_Serial_Intel_FPGA_IP/software/NIOS_Project_bsp/\libhal_bsp.a(alt_main.o)
                0x00018814                alt_argc
                0x00018818                alt_argv
                0x0001881c                alt_envp
 .sbss          0x00018820        0x4 c:/Users/guan-ming.dennis-won/Documents/Code/SPI_4_Wire_Serial_Intel_FPGA_IP/software/NIOS_Project_bsp/\libhal_bsp.a(alt_irq_vars.o)
                0x00018820                alt_irq_active
 .sbss          0x00018824        0xc c:/Users/guan-ming.dennis-won/Documents/Code/SPI_4_Wire_Serial_Intel_FPGA_IP/software/NIOS_Project_bsp/\libhal_bsp.a(alt_tick.o)
                0x00018824                _alt_tick_rate
                0x00018828                _alt_nticks
 .sbss          0x00018830        0x4 c:/Users/guan-ming.dennis-won/Documents/Code/SPI_4_Wire_Serial_Intel_FPGA_IP/software/NIOS_Project_bsp/\libhal_bsp.a(alt_instruction_exception_entry.o)
                0x00018830                alt_instruction_exception_handler
 *(.sbss2 .sbss2.* .gnu.linkonce.sb2.*)
 *(.scommon)
                [!provide]                        PROVIDE (__sbss_end = ABSOLUTE (.))
                [!provide]                        PROVIDE (___sbss_end = ABSOLUTE (.))
 *(.dynbss)
 *(.bss .bss.* .gnu.linkonce.b.*)
 .bss           0x00018834        0x0 c:/Users/guan-ming.dennis-won/Documents/Code/SPI_4_Wire_Serial_Intel_FPGA_IP/software/NIOS_Project_bsp//obj/HAL/src/crt0.o
 .bss           0x00018834        0x0 obj/default/hello_world.o
 .bss           0x00018834        0x0 c:/intelfpga_lite/23.1std/nios2eds/bin/gnu/h-x86_64-mingw32/bin/../lib/gcc/nios2-elf/12.3.1/mno-hw-mul\libgcc.a(lib2-mul.o)
 .bss           0x00018834        0x0 c:/intelfpga_lite/23.1std/nios2eds/bin/gnu/h-x86_64-mingw32/bin/../lib/gcc/nios2-elf/12.3.1/../../../../../H-x86_64-mingw32/nios2-elf/lib/mno-hw-mul\libc.a(libc_a-puts.o)
 .bss           0x00018834        0x0 c:/intelfpga_lite/23.1std/nios2eds/bin/gnu/h-x86_64-mingw32/bin/../lib/gcc/nios2-elf/12.3.1/../../../../../H-x86_64-mingw32/nios2-elf/lib/mno-hw-mul\libc.a(libc_a-strlen.o)
 .bss           0x00018834        0x0 c:/intelfpga_lite/23.1std/nios2eds/bin/gnu/h-x86_64-mingw32/bin/../lib/gcc/nios2-elf/12.3.1/../../../../../H-x86_64-mingw32/nios2-elf/lib/mno-hw-mul\libc.a(libc_a-impure.o)
 .bss           0x00018834        0x0 c:/intelfpga_lite/23.1std/nios2eds/bin/gnu/h-x86_64-mingw32/bin/../lib/gcc/nios2-elf/12.3.1/../../../../../H-x86_64-mingw32/nios2-elf/lib/mno-hw-mul\libc.a(libc_a-findfp.o)
 .bss.__sf      0x00018834      0x138 c:/intelfpga_lite/23.1std/nios2eds/bin/gnu/h-x86_64-mingw32/bin/../lib/gcc/nios2-elf/12.3.1/../../../../../H-x86_64-mingw32/nios2-elf/lib/mno-hw-mul\libc.a(libc_a-findfp.o)
                0x00018834                __sf
 .bss           0x0001896c        0x0 c:/intelfpga_lite/23.1std/nios2eds/bin/gnu/h-x86_64-mingw32/bin/../lib/gcc/nios2-elf/12.3.1/../../../../../H-x86_64-mingw32/nios2-elf/lib/mno-hw-mul\libc.a(libc_a-fvwrite.o)
 .bss           0x0001896c        0x0 c:/intelfpga_lite/23.1std/nios2eds/bin/gnu/h-x86_64-mingw32/bin/../lib/gcc/nios2-elf/12.3.1/../../../../../H-x86_64-mingw32/nios2-elf/lib/mno-hw-mul\libc.a(libc_a-fwalk.o)
 .bss           0x0001896c        0x0 c:/intelfpga_lite/23.1std/nios2eds/bin/gnu/h-x86_64-mingw32/bin/../lib/gcc/nios2-elf/12.3.1/../../../../../H-x86_64-mingw32/nios2-elf/lib/mno-hw-mul\libc.a(libc_a-stdio.o)
 .bss           0x0001896c        0x0 c:/intelfpga_lite/23.1std/nios2eds/bin/gnu/h-x86_64-mingw32/bin/../lib/gcc/nios2-elf/12.3.1/../../../../../H-x86_64-mingw32/nios2-elf/lib/mno-hw-mul\libc.a(libc_a-wsetup.o)
 .bss           0x0001896c        0x0 c:/intelfpga_lite/23.1std/nios2eds/bin/gnu/h-x86_64-mingw32/bin/../lib/gcc/nios2-elf/12.3.1/../../../../../H-x86_64-mingw32/nios2-elf/lib/mno-hw-mul\libc.a(libc_a-memchr.o)
 .bss           0x0001896c        0x0 c:/intelfpga_lite/23.1std/nios2eds/bin/gnu/h-x86_64-mingw32/bin/../lib/gcc/nios2-elf/12.3.1/../../../../../H-x86_64-mingw32/nios2-elf/lib/mno-hw-mul\libc.a(libc_a-memcpy.o)
 .bss           0x0001896c        0x0 c:/intelfpga_lite/23.1std/nios2eds/bin/gnu/h-x86_64-mingw32/bin/../lib/gcc/nios2-elf/12.3.1/../../../../../H-x86_64-mingw32/nios2-elf/lib/mno-hw-mul\libc.a(libc_a-memmove.o)
 .bss           0x0001896c        0x0 c:/intelfpga_lite/23.1std/nios2eds/bin/gnu/h-x86_64-mingw32/bin/../lib/gcc/nios2-elf/12.3.1/../../../../../H-x86_64-mingw32/nios2-elf/lib/mno-hw-mul\libc.a(libc_a-memset.o)
 .bss           0x0001896c        0x0 c:/intelfpga_lite/23.1std/nios2eds/bin/gnu/h-x86_64-mingw32/bin/../lib/gcc/nios2-elf/12.3.1/../../../../../H-x86_64-mingw32/nios2-elf/lib/mno-hw-mul\libc.a(libc_a-closer.o)
 .bss           0x0001896c        0x0 c:/intelfpga_lite/23.1std/nios2eds/bin/gnu/h-x86_64-mingw32/bin/../lib/gcc/nios2-elf/12.3.1/../../../../../H-x86_64-mingw32/nios2-elf/lib/mno-hw-mul\libc.a(libc_a-reent.o)
 .bss           0x0001896c        0x0 c:/intelfpga_lite/23.1std/nios2eds/bin/gnu/h-x86_64-mingw32/bin/../lib/gcc/nios2-elf/12.3.1/../../../../../H-x86_64-mingw32/nios2-elf/lib/mno-hw-mul\libc.a(libc_a-lseekr.o)
 .bss           0x0001896c        0x0 c:/intelfpga_lite/23.1std/nios2eds/bin/gnu/h-x86_64-mingw32/bin/../lib/gcc/nios2-elf/12.3.1/../../../../../H-x86_64-mingw32/nios2-elf/lib/mno-hw-mul\libc.a(libc_a-readr.o)
 .bss           0x0001896c        0x0 c:/intelfpga_lite/23.1std/nios2eds/bin/gnu/h-x86_64-mingw32/bin/../lib/gcc/nios2-elf/12.3.1/../../../../../H-x86_64-mingw32/nios2-elf/lib/mno-hw-mul\libc.a(libc_a-writer.o)
 .bss           0x0001896c        0x0 c:/intelfpga_lite/23.1std/nios2eds/bin/gnu/h-x86_64-mingw32/bin/../lib/gcc/nios2-elf/12.3.1/../../../../../H-x86_64-mingw32/nios2-elf/lib/mno-hw-mul\libc.a(libc_a-exit.o)
 .bss           0x0001896c        0x0 c:/intelfpga_lite/23.1std/nios2eds/bin/gnu/h-x86_64-mingw32/bin/../lib/gcc/nios2-elf/12.3.1/../../../../../H-x86_64-mingw32/nios2-elf/lib/mno-hw-mul\libc.a(libc_a-freer.o)
 .bss           0x0001896c        0x0 c:/intelfpga_lite/23.1std/nios2eds/bin/gnu/h-x86_64-mingw32/bin/../lib/gcc/nios2-elf/12.3.1/../../../../../H-x86_64-mingw32/nios2-elf/lib/mno-hw-mul\libc.a(libc_a-mallocr.o)
 .bss.__malloc_current_mallinfo
                0x0001896c       0x28 c:/intelfpga_lite/23.1std/nios2eds/bin/gnu/h-x86_64-mingw32/bin/../lib/gcc/nios2-elf/12.3.1/../../../../../H-x86_64-mingw32/nios2-elf/lib/mno-hw-mul\libc.a(libc_a-mallocr.o)
                0x0001896c                __malloc_current_mallinfo
 .bss           0x00018994        0x0 c:/intelfpga_lite/23.1std/nios2eds/bin/gnu/h-x86_64-mingw32/bin/../lib/gcc/nios2-elf/12.3.1/../../../../../H-x86_64-mingw32/nios2-elf/lib/mno-hw-mul\libc.a(libc_a-reallocr.o)
 .bss           0x00018994        0x0 c:/intelfpga_lite/23.1std/nios2eds/bin/gnu/h-x86_64-mingw32/bin/../lib/gcc/nios2-elf/12.3.1/../../../../../H-x86_64-mingw32/nios2-elf/lib/mno-hw-mul\libc.a(libc_a-fclose.o)
 .bss           0x00018994        0x0 c:/intelfpga_lite/23.1std/nios2eds/bin/gnu/h-x86_64-mingw32/bin/../lib/gcc/nios2-elf/12.3.1/../../../../../H-x86_64-mingw32/nios2-elf/lib/mno-hw-mul\libc.a(libc_a-fflush.o)
 .bss           0x00018994        0x0 c:/intelfpga_lite/23.1std/nios2eds/bin/gnu/h-x86_64-mingw32/bin/../lib/gcc/nios2-elf/12.3.1/../../../../../H-x86_64-mingw32/nios2-elf/lib/mno-hw-mul\libc.a(libc_a-makebuf.o)
 .bss           0x00018994        0x0 c:/intelfpga_lite/23.1std/nios2eds/bin/gnu/h-x86_64-mingw32/bin/../lib/gcc/nios2-elf/12.3.1/../../../../../H-x86_64-mingw32/nios2-elf/lib/mno-hw-mul\libc.a(libc_a-fstatr.o)
 .bss           0x00018994        0x0 c:/intelfpga_lite/23.1std/nios2eds/bin/gnu/h-x86_64-mingw32/bin/../lib/gcc/nios2-elf/12.3.1/../../../../../H-x86_64-mingw32/nios2-elf/lib/mno-hw-mul\libc.a(libc_a-isattyr.o)
 .bss           0x00018994        0x0 c:/intelfpga_lite/23.1std/nios2eds/bin/gnu/h-x86_64-mingw32/bin/../lib/gcc/nios2-elf/12.3.1/../../../../../H-x86_64-mingw32/nios2-elf/lib/mno-hw-mul\libc.a(libc_a-sbrkr.o)
 .bss           0x00018994        0x0 c:/intelfpga_lite/23.1std/nios2eds/bin/gnu/h-x86_64-mingw32/bin/../lib/gcc/nios2-elf/12.3.1/../../../../../H-x86_64-mingw32/nios2-elf/lib/mno-hw-mul\libc.a(libc_a-__call_atexit.o)
 .bss           0x00018994        0x0 c:/intelfpga_lite/23.1std/nios2eds/bin/gnu/h-x86_64-mingw32/bin/../lib/gcc/nios2-elf/12.3.1/mno-hw-mul\libgcc.a(lib2-divmod.o)
 .bss           0x00018994        0x0 c:/Users/guan-ming.dennis-won/Documents/Code/SPI_4_Wire_Serial_Intel_FPGA_IP/software/NIOS_Project_bsp/\libhal_bsp.a(alt_close.o)
 .bss           0x00018994        0x0 c:/Users/guan-ming.dennis-won/Documents/Code/SPI_4_Wire_Serial_Intel_FPGA_IP/software/NIOS_Project_bsp/\libhal_bsp.a(alt_dev.o)
 .bss           0x00018994        0x0 c:/Users/guan-ming.dennis-won/Documents/Code/SPI_4_Wire_Serial_Intel_FPGA_IP/software/NIOS_Project_bsp/\libhal_bsp.a(alt_errno.o)
 .bss           0x00018994        0x0 c:/Users/guan-ming.dennis-won/Documents/Code/SPI_4_Wire_Serial_Intel_FPGA_IP/software/NIOS_Project_bsp/\libhal_bsp.a(alt_exit.o)
 .bss           0x00018994        0x0 c:/Users/guan-ming.dennis-won/Documents/Code/SPI_4_Wire_Serial_Intel_FPGA_IP/software/NIOS_Project_bsp/\libhal_bsp.a(alt_fstat.o)
 .bss           0x00018994        0x0 c:/Users/guan-ming.dennis-won/Documents/Code/SPI_4_Wire_Serial_Intel_FPGA_IP/software/NIOS_Project_bsp/\libhal_bsp.a(alt_isatty.o)
 .bss           0x00018994        0x0 c:/Users/guan-ming.dennis-won/Documents/Code/SPI_4_Wire_Serial_Intel_FPGA_IP/software/NIOS_Project_bsp/\libhal_bsp.a(alt_load.o)
 .bss           0x00018994        0x0 c:/Users/guan-ming.dennis-won/Documents/Code/SPI_4_Wire_Serial_Intel_FPGA_IP/software/NIOS_Project_bsp/\libhal_bsp.a(alt_lseek.o)
 .bss           0x00018994        0x0 c:/Users/guan-ming.dennis-won/Documents/Code/SPI_4_Wire_Serial_Intel_FPGA_IP/software/NIOS_Project_bsp/\libhal_bsp.a(alt_main.o)
 .bss           0x00018994        0x0 c:/Users/guan-ming.dennis-won/Documents/Code/SPI_4_Wire_Serial_Intel_FPGA_IP/software/NIOS_Project_bsp/\libhal_bsp.a(alt_malloc_lock.o)
 .bss           0x00018994        0x0 c:/Users/guan-ming.dennis-won/Documents/Code/SPI_4_Wire_Serial_Intel_FPGA_IP/software/NIOS_Project_bsp/\libhal_bsp.a(alt_read.o)
 .bss           0x00018994        0x0 c:/Users/guan-ming.dennis-won/Documents/Code/SPI_4_Wire_Serial_Intel_FPGA_IP/software/NIOS_Project_bsp/\libhal_bsp.a(alt_release_fd.o)
 .bss           0x00018994        0x0 c:/Users/guan-ming.dennis-won/Documents/Code/SPI_4_Wire_Serial_Intel_FPGA_IP/software/NIOS_Project_bsp/\libhal_bsp.a(alt_sbrk.o)
 .bss           0x00018994        0x0 c:/Users/guan-ming.dennis-won/Documents/Code/SPI_4_Wire_Serial_Intel_FPGA_IP/software/NIOS_Project_bsp/\libhal_bsp.a(alt_usleep.o)
 .bss           0x00018994        0x0 c:/Users/guan-ming.dennis-won/Documents/Code/SPI_4_Wire_Serial_Intel_FPGA_IP/software/NIOS_Project_bsp/\libhal_bsp.a(alt_write.o)
 .bss           0x00018994        0x0 c:/Users/guan-ming.dennis-won/Documents/Code/SPI_4_Wire_Serial_Intel_FPGA_IP/software/NIOS_Project_bsp/\libhal_bsp.a(alt_sys_init.o)
 .bss           0x00018994        0x0 c:/Users/guan-ming.dennis-won/Documents/Code/SPI_4_Wire_Serial_Intel_FPGA_IP/software/NIOS_Project_bsp/\libhal_bsp.a(altera_avalon_jtag_uart_fd.o)
 .bss           0x00018994        0x0 c:/Users/guan-ming.dennis-won/Documents/Code/SPI_4_Wire_Serial_Intel_FPGA_IP/software/NIOS_Project_bsp/\libhal_bsp.a(altera_avalon_jtag_uart_init.o)
 .bss           0x00018994        0x0 c:/Users/guan-ming.dennis-won/Documents/Code/SPI_4_Wire_Serial_Intel_FPGA_IP/software/NIOS_Project_bsp/\libhal_bsp.a(altera_avalon_jtag_uart_ioctl.o)
 .bss           0x00018994        0x0 c:/Users/guan-ming.dennis-won/Documents/Code/SPI_4_Wire_Serial_Intel_FPGA_IP/software/NIOS_Project_bsp/\libhal_bsp.a(altera_avalon_jtag_uart_read.o)
 .bss           0x00018994        0x0 c:/Users/guan-ming.dennis-won/Documents/Code/SPI_4_Wire_Serial_Intel_FPGA_IP/software/NIOS_Project_bsp/\libhal_bsp.a(altera_avalon_jtag_uart_write.o)
 .bss           0x00018994        0x0 c:/Users/guan-ming.dennis-won/Documents/Code/SPI_4_Wire_Serial_Intel_FPGA_IP/software/NIOS_Project_bsp/\libhal_bsp.a(alt_alarm_start.o)
 .bss           0x00018994        0x0 c:/Users/guan-ming.dennis-won/Documents/Code/SPI_4_Wire_Serial_Intel_FPGA_IP/software/NIOS_Project_bsp/\libhal_bsp.a(alt_busy_sleep.o)
 .bss           0x00018994        0x0 c:/Users/guan-ming.dennis-won/Documents/Code/SPI_4_Wire_Serial_Intel_FPGA_IP/software/NIOS_Project_bsp/\libhal_bsp.a(alt_dcache_flush_all.o)
 .bss           0x00018994        0x0 c:/Users/guan-ming.dennis-won/Documents/Code/SPI_4_Wire_Serial_Intel_FPGA_IP/software/NIOS_Project_bsp/\libhal_bsp.a(alt_dev_llist_insert.o)
 .bss           0x00018994        0x0 c:/Users/guan-ming.dennis-won/Documents/Code/SPI_4_Wire_Serial_Intel_FPGA_IP/software/NIOS_Project_bsp/\libhal_bsp.a(alt_do_ctors.o)
 .bss           0x00018994        0x0 c:/Users/guan-ming.dennis-won/Documents/Code/SPI_4_Wire_Serial_Intel_FPGA_IP/software/NIOS_Project_bsp/\libhal_bsp.a(alt_do_dtors.o)
 .bss           0x00018994        0x0 c:/Users/guan-ming.dennis-won/Documents/Code/SPI_4_Wire_Serial_Intel_FPGA_IP/software/NIOS_Project_bsp/\libhal_bsp.a(alt_icache_flush_all.o)
 .bss           0x00018994        0x0 c:/Users/guan-ming.dennis-won/Documents/Code/SPI_4_Wire_Serial_Intel_FPGA_IP/software/NIOS_Project_bsp/\libhal_bsp.a(alt_iic.o)
 .bss           0x00018994        0x0 c:/Users/guan-ming.dennis-won/Documents/Code/SPI_4_Wire_Serial_Intel_FPGA_IP/software/NIOS_Project_bsp/\libhal_bsp.a(alt_iic_isr_register.o)
 .bss           0x00018994        0x0 c:/Users/guan-ming.dennis-won/Documents/Code/SPI_4_Wire_Serial_Intel_FPGA_IP/software/NIOS_Project_bsp/\libhal_bsp.a(alt_io_redirect.o)
 .bss           0x00018994        0x0 c:/Users/guan-ming.dennis-won/Documents/Code/SPI_4_Wire_Serial_Intel_FPGA_IP/software/NIOS_Project_bsp/\libhal_bsp.a(alt_irq_entry.o)
 .bss           0x00018994      0x100 c:/Users/guan-ming.dennis-won/Documents/Code/SPI_4_Wire_Serial_Intel_FPGA_IP/software/NIOS_Project_bsp/\libhal_bsp.a(alt_irq_handler.o)
                0x00018994                alt_irq
 .bss           0x00018a94        0x0 c:/Users/guan-ming.dennis-won/Documents/Code/SPI_4_Wire_Serial_Intel_FPGA_IP/software/NIOS_Project_bsp/\libhal_bsp.a(alt_irq_vars.o)
 .bss           0x00018a94        0x0 c:/Users/guan-ming.dennis-won/Documents/Code/SPI_4_Wire_Serial_Intel_FPGA_IP/software/NIOS_Project_bsp/\libhal_bsp.a(alt_open.o)
 .bss           0x00018a94        0x0 c:/Users/guan-ming.dennis-won/Documents/Code/SPI_4_Wire_Serial_Intel_FPGA_IP/software/NIOS_Project_bsp/\libhal_bsp.a(alt_tick.o)
 .bss           0x00018a94        0x0 c:/Users/guan-ming.dennis-won/Documents/Code/SPI_4_Wire_Serial_Intel_FPGA_IP/software/NIOS_Project_bsp/\libhal_bsp.a(altera_nios2_gen2_irq.o)
 .bss           0x00018a94        0x0 c:/Users/guan-ming.dennis-won/Documents/Code/SPI_4_Wire_Serial_Intel_FPGA_IP/software/NIOS_Project_bsp/\libhal_bsp.a(alt_exception_entry.o)
 .bss           0x00018a94        0x0 c:/Users/guan-ming.dennis-won/Documents/Code/SPI_4_Wire_Serial_Intel_FPGA_IP/software/NIOS_Project_bsp/\libhal_bsp.a(alt_find_dev.o)
 .bss           0x00018a94        0x0 c:/Users/guan-ming.dennis-won/Documents/Code/SPI_4_Wire_Serial_Intel_FPGA_IP/software/NIOS_Project_bsp/\libhal_bsp.a(alt_find_file.o)
 .bss           0x00018a94        0x0 c:/Users/guan-ming.dennis-won/Documents/Code/SPI_4_Wire_Serial_Intel_FPGA_IP/software/NIOS_Project_bsp/\libhal_bsp.a(alt_get_fd.o)
 .bss           0x00018a94        0x0 c:/Users/guan-ming.dennis-won/Documents/Code/SPI_4_Wire_Serial_Intel_FPGA_IP/software/NIOS_Project_bsp/\libhal_bsp.a(alt_instruction_exception_entry.o)
 .bss           0x00018a94        0x0 c:/intelfpga_lite/23.1std/nios2eds/bin/gnu/h-x86_64-mingw32/bin/../lib/gcc/nios2-elf/12.3.1/../../../../../H-x86_64-mingw32/nios2-elf/lib/mno-hw-mul\libc.a(libc_a-atexit.o)
 .bss           0x00018a94        0x0 c:/intelfpga_lite/23.1std/nios2eds/bin/gnu/h-x86_64-mingw32/bin/../lib/gcc/nios2-elf/12.3.1/../../../../../H-x86_64-mingw32/nios2-elf/lib/mno-hw-mul\libc.a(libc_a-memcmp.o)
 .bss           0x00018a94        0x0 c:/intelfpga_lite/23.1std/nios2eds/bin/gnu/h-x86_64-mingw32/bin/../lib/gcc/nios2-elf/12.3.1/../../../../../H-x86_64-mingw32/nios2-elf/lib/mno-hw-mul\libc.a(libc_a-__atexit.o)
 .bss.__atexit0
                0x00018a94      0x190 c:/intelfpga_lite/23.1std/nios2eds/bin/gnu/h-x86_64-mingw32/bin/../lib/gcc/nios2-elf/12.3.1/../../../../../H-x86_64-mingw32/nios2-elf/lib/mno-hw-mul\libc.a(libc_a-__atexit.o)
                0x00018a94                __atexit0
 *(COMMON)
                0x00018c24                        . = ALIGN (0x4)
                0x00018c24                        __bss_end = ABSOLUTE (.)

.RAM            0x00018c24        0x0
                [!provide]                        PROVIDE (_alt_partition_RAM_start = ABSOLUTE (.))
 *(.RAM .RAM. RAM.*)
                0x00018c24                        . = ALIGN (0x4)
                [!provide]                        PROVIDE (_alt_partition_RAM_end = ABSOLUTE (.))
                0x00018c24                        _end = ABSOLUTE (.)
                0x00018c24                        end = ABSOLUTE (.)
                0x00018c24                        __alt_stack_base = ABSOLUTE (.)
                [!provide]                        PROVIDE (_alt_partition_RAM_load_addr = LOADADDR (.RAM))

.stab
 *(.stab)

.stabstr
 *(.stabstr)

.stab.excl
 *(.stab.excl)

.stab.exclstr
 *(.stab.exclstr)

.stab.index
 *(.stab.index)

.stab.indexstr
 *(.stab.indexstr)

.comment        0x00000000       0x2d
 *(.comment)
 .comment       0x00000000       0x2d obj/default/hello_world.o
                                 0x2e (size before relaxing)
 .comment       0x0000002d       0x2e c:/intelfpga_lite/23.1std/nios2eds/bin/gnu/h-x86_64-mingw32/bin/../lib/gcc/nios2-elf/12.3.1/mno-hw-mul\libgcc.a(lib2-mul.o)
 .comment       0x0000002d       0x2e c:/intelfpga_lite/23.1std/nios2eds/bin/gnu/h-x86_64-mingw32/bin/../lib/gcc/nios2-elf/12.3.1/../../../../../H-x86_64-mingw32/nios2-elf/lib/mno-hw-mul\libc.a(libc_a-puts.o)
 .comment       0x0000002d       0x2e c:/intelfpga_lite/23.1std/nios2eds/bin/gnu/h-x86_64-mingw32/bin/../lib/gcc/nios2-elf/12.3.1/../../../../../H-x86_64-mingw32/nios2-elf/lib/mno-hw-mul\libc.a(libc_a-strlen.o)
 .comment       0x0000002d       0x2e c:/intelfpga_lite/23.1std/nios2eds/bin/gnu/h-x86_64-mingw32/bin/../lib/gcc/nios2-elf/12.3.1/../../../../../H-x86_64-mingw32/nios2-elf/lib/mno-hw-mul\libc.a(libc_a-impure.o)
 .comment       0x0000002d       0x2e c:/intelfpga_lite/23.1std/nios2eds/bin/gnu/h-x86_64-mingw32/bin/../lib/gcc/nios2-elf/12.3.1/../../../../../H-x86_64-mingw32/nios2-elf/lib/mno-hw-mul\libc.a(libc_a-findfp.o)
 .comment       0x0000002d       0x2e c:/intelfpga_lite/23.1std/nios2eds/bin/gnu/h-x86_64-mingw32/bin/../lib/gcc/nios2-elf/12.3.1/../../../../../H-x86_64-mingw32/nios2-elf/lib/mno-hw-mul\libc.a(libc_a-fvwrite.o)
 .comment       0x0000002d       0x2e c:/intelfpga_lite/23.1std/nios2eds/bin/gnu/h-x86_64-mingw32/bin/../lib/gcc/nios2-elf/12.3.1/../../../../../H-x86_64-mingw32/nios2-elf/lib/mno-hw-mul\libc.a(libc_a-fwalk.o)
 .comment       0x0000002d       0x2e c:/intelfpga_lite/23.1std/nios2eds/bin/gnu/h-x86_64-mingw32/bin/../lib/gcc/nios2-elf/12.3.1/../../../../../H-x86_64-mingw32/nios2-elf/lib/mno-hw-mul\libc.a(libc_a-stdio.o)
 .comment       0x0000002d       0x2e c:/intelfpga_lite/23.1std/nios2eds/bin/gnu/h-x86_64-mingw32/bin/../lib/gcc/nios2-elf/12.3.1/../../../../../H-x86_64-mingw32/nios2-elf/lib/mno-hw-mul\libc.a(libc_a-wsetup.o)
 .comment       0x0000002d       0x2e c:/intelfpga_lite/23.1std/nios2eds/bin/gnu/h-x86_64-mingw32/bin/../lib/gcc/nios2-elf/12.3.1/../../../../../H-x86_64-mingw32/nios2-elf/lib/mno-hw-mul\libc.a(libc_a-memchr.o)
 .comment       0x0000002d       0x2e c:/intelfpga_lite/23.1std/nios2eds/bin/gnu/h-x86_64-mingw32/bin/../lib/gcc/nios2-elf/12.3.1/../../../../../H-x86_64-mingw32/nios2-elf/lib/mno-hw-mul\libc.a(libc_a-memcpy.o)
 .comment       0x0000002d       0x2e c:/intelfpga_lite/23.1std/nios2eds/bin/gnu/h-x86_64-mingw32/bin/../lib/gcc/nios2-elf/12.3.1/../../../../../H-x86_64-mingw32/nios2-elf/lib/mno-hw-mul\libc.a(libc_a-memmove.o)
 .comment       0x0000002d       0x2e c:/intelfpga_lite/23.1std/nios2eds/bin/gnu/h-x86_64-mingw32/bin/../lib/gcc/nios2-elf/12.3.1/../../../../../H-x86_64-mingw32/nios2-elf/lib/mno-hw-mul\libc.a(libc_a-memset.o)
 .comment       0x0000002d       0x2e c:/intelfpga_lite/23.1std/nios2eds/bin/gnu/h-x86_64-mingw32/bin/../lib/gcc/nios2-elf/12.3.1/../../../../../H-x86_64-mingw32/nios2-elf/lib/mno-hw-mul\libc.a(libc_a-closer.o)
 .comment       0x0000002d       0x2e c:/intelfpga_lite/23.1std/nios2eds/bin/gnu/h-x86_64-mingw32/bin/../lib/gcc/nios2-elf/12.3.1/../../../../../H-x86_64-mingw32/nios2-elf/lib/mno-hw-mul\libc.a(libc_a-reent.o)
 .comment       0x0000002d       0x2e c:/intelfpga_lite/23.1std/nios2eds/bin/gnu/h-x86_64-mingw32/bin/../lib/gcc/nios2-elf/12.3.1/../../../../../H-x86_64-mingw32/nios2-elf/lib/mno-hw-mul\libc.a(libc_a-lseekr.o)
 .comment       0x0000002d       0x2e c:/intelfpga_lite/23.1std/nios2eds/bin/gnu/h-x86_64-mingw32/bin/../lib/gcc/nios2-elf/12.3.1/../../../../../H-x86_64-mingw32/nios2-elf/lib/mno-hw-mul\libc.a(libc_a-readr.o)
 .comment       0x0000002d       0x2e c:/intelfpga_lite/23.1std/nios2eds/bin/gnu/h-x86_64-mingw32/bin/../lib/gcc/nios2-elf/12.3.1/../../../../../H-x86_64-mingw32/nios2-elf/lib/mno-hw-mul\libc.a(libc_a-writer.o)
 .comment       0x0000002d       0x2e c:/intelfpga_lite/23.1std/nios2eds/bin/gnu/h-x86_64-mingw32/bin/../lib/gcc/nios2-elf/12.3.1/../../../../../H-x86_64-mingw32/nios2-elf/lib/mno-hw-mul\libc.a(libc_a-exit.o)
 .comment       0x0000002d       0x2e c:/intelfpga_lite/23.1std/nios2eds/bin/gnu/h-x86_64-mingw32/bin/../lib/gcc/nios2-elf/12.3.1/../../../../../H-x86_64-mingw32/nios2-elf/lib/mno-hw-mul\libc.a(libc_a-freer.o)
 .comment       0x0000002d       0x2e c:/intelfpga_lite/23.1std/nios2eds/bin/gnu/h-x86_64-mingw32/bin/../lib/gcc/nios2-elf/12.3.1/../../../../../H-x86_64-mingw32/nios2-elf/lib/mno-hw-mul\libc.a(libc_a-mallocr.o)
 .comment       0x0000002d       0x2e c:/intelfpga_lite/23.1std/nios2eds/bin/gnu/h-x86_64-mingw32/bin/../lib/gcc/nios2-elf/12.3.1/../../../../../H-x86_64-mingw32/nios2-elf/lib/mno-hw-mul\libc.a(libc_a-reallocr.o)
 .comment       0x0000002d       0x2e c:/intelfpga_lite/23.1std/nios2eds/bin/gnu/h-x86_64-mingw32/bin/../lib/gcc/nios2-elf/12.3.1/../../../../../H-x86_64-mingw32/nios2-elf/lib/mno-hw-mul\libc.a(libc_a-fclose.o)
 .comment       0x0000002d       0x2e c:/intelfpga_lite/23.1std/nios2eds/bin/gnu/h-x86_64-mingw32/bin/../lib/gcc/nios2-elf/12.3.1/../../../../../H-x86_64-mingw32/nios2-elf/lib/mno-hw-mul\libc.a(libc_a-fflush.o)
 .comment       0x0000002d       0x2e c:/intelfpga_lite/23.1std/nios2eds/bin/gnu/h-x86_64-mingw32/bin/../lib/gcc/nios2-elf/12.3.1/../../../../../H-x86_64-mingw32/nios2-elf/lib/mno-hw-mul\libc.a(libc_a-makebuf.o)
 .comment       0x0000002d       0x2e c:/intelfpga_lite/23.1std/nios2eds/bin/gnu/h-x86_64-mingw32/bin/../lib/gcc/nios2-elf/12.3.1/../../../../../H-x86_64-mingw32/nios2-elf/lib/mno-hw-mul\libc.a(libc_a-fstatr.o)
 .comment       0x0000002d       0x2e c:/intelfpga_lite/23.1std/nios2eds/bin/gnu/h-x86_64-mingw32/bin/../lib/gcc/nios2-elf/12.3.1/../../../../../H-x86_64-mingw32/nios2-elf/lib/mno-hw-mul\libc.a(libc_a-isattyr.o)
 .comment       0x0000002d       0x2e c:/intelfpga_lite/23.1std/nios2eds/bin/gnu/h-x86_64-mingw32/bin/../lib/gcc/nios2-elf/12.3.1/../../../../../H-x86_64-mingw32/nios2-elf/lib/mno-hw-mul\libc.a(libc_a-sbrkr.o)
 .comment       0x0000002d       0x2e c:/intelfpga_lite/23.1std/nios2eds/bin/gnu/h-x86_64-mingw32/bin/../lib/gcc/nios2-elf/12.3.1/../../../../../H-x86_64-mingw32/nios2-elf/lib/mno-hw-mul\libc.a(libc_a-__call_atexit.o)
 .comment       0x0000002d       0x2e c:/intelfpga_lite/23.1std/nios2eds/bin/gnu/h-x86_64-mingw32/bin/../lib/gcc/nios2-elf/12.3.1/mno-hw-mul\libgcc.a(lib2-divmod.o)
 .comment       0x0000002d       0x2e c:/Users/guan-ming.dennis-won/Documents/Code/SPI_4_Wire_Serial_Intel_FPGA_IP/software/NIOS_Project_bsp/\libhal_bsp.a(alt_close.o)
 .comment       0x0000002d       0x2e c:/Users/guan-ming.dennis-won/Documents/Code/SPI_4_Wire_Serial_Intel_FPGA_IP/software/NIOS_Project_bsp/\libhal_bsp.a(alt_dev.o)
 .comment       0x0000002d       0x2e c:/Users/guan-ming.dennis-won/Documents/Code/SPI_4_Wire_Serial_Intel_FPGA_IP/software/NIOS_Project_bsp/\libhal_bsp.a(alt_errno.o)
 .comment       0x0000002d       0x2e c:/Users/guan-ming.dennis-won/Documents/Code/SPI_4_Wire_Serial_Intel_FPGA_IP/software/NIOS_Project_bsp/\libhal_bsp.a(alt_exit.o)
 .comment       0x0000002d       0x2e c:/Users/guan-ming.dennis-won/Documents/Code/SPI_4_Wire_Serial_Intel_FPGA_IP/software/NIOS_Project_bsp/\libhal_bsp.a(alt_fstat.o)
 .comment       0x0000002d       0x2e c:/Users/guan-ming.dennis-won/Documents/Code/SPI_4_Wire_Serial_Intel_FPGA_IP/software/NIOS_Project_bsp/\libhal_bsp.a(alt_isatty.o)
 .comment       0x0000002d       0x2e c:/Users/guan-ming.dennis-won/Documents/Code/SPI_4_Wire_Serial_Intel_FPGA_IP/software/NIOS_Project_bsp/\libhal_bsp.a(alt_load.o)
 .comment       0x0000002d       0x2e c:/Users/guan-ming.dennis-won/Documents/Code/SPI_4_Wire_Serial_Intel_FPGA_IP/software/NIOS_Project_bsp/\libhal_bsp.a(alt_lseek.o)
 .comment       0x0000002d       0x2e c:/Users/guan-ming.dennis-won/Documents/Code/SPI_4_Wire_Serial_Intel_FPGA_IP/software/NIOS_Project_bsp/\libhal_bsp.a(alt_main.o)
 .comment       0x0000002d       0x2e c:/Users/guan-ming.dennis-won/Documents/Code/SPI_4_Wire_Serial_Intel_FPGA_IP/software/NIOS_Project_bsp/\libhal_bsp.a(alt_malloc_lock.o)
 .comment       0x0000002d       0x2e c:/Users/guan-ming.dennis-won/Documents/Code/SPI_4_Wire_Serial_Intel_FPGA_IP/software/NIOS_Project_bsp/\libhal_bsp.a(alt_read.o)
 .comment       0x0000002d       0x2e c:/Users/guan-ming.dennis-won/Documents/Code/SPI_4_Wire_Serial_Intel_FPGA_IP/software/NIOS_Project_bsp/\libhal_bsp.a(alt_release_fd.o)
 .comment       0x0000002d       0x2e c:/Users/guan-ming.dennis-won/Documents/Code/SPI_4_Wire_Serial_Intel_FPGA_IP/software/NIOS_Project_bsp/\libhal_bsp.a(alt_sbrk.o)
 .comment       0x0000002d       0x2e c:/Users/guan-ming.dennis-won/Documents/Code/SPI_4_Wire_Serial_Intel_FPGA_IP/software/NIOS_Project_bsp/\libhal_bsp.a(alt_usleep.o)
 .comment       0x0000002d       0x2e c:/Users/guan-ming.dennis-won/Documents/Code/SPI_4_Wire_Serial_Intel_FPGA_IP/software/NIOS_Project_bsp/\libhal_bsp.a(alt_write.o)
 .comment       0x0000002d       0x2e c:/Users/guan-ming.dennis-won/Documents/Code/SPI_4_Wire_Serial_Intel_FPGA_IP/software/NIOS_Project_bsp/\libhal_bsp.a(alt_sys_init.o)
 .comment       0x0000002d       0x2e c:/Users/guan-ming.dennis-won/Documents/Code/SPI_4_Wire_Serial_Intel_FPGA_IP/software/NIOS_Project_bsp/\libhal_bsp.a(altera_avalon_jtag_uart_fd.o)
 .comment       0x0000002d       0x2e c:/Users/guan-ming.dennis-won/Documents/Code/SPI_4_Wire_Serial_Intel_FPGA_IP/software/NIOS_Project_bsp/\libhal_bsp.a(altera_avalon_jtag_uart_init.o)
 .comment       0x0000002d       0x2e c:/Users/guan-ming.dennis-won/Documents/Code/SPI_4_Wire_Serial_Intel_FPGA_IP/software/NIOS_Project_bsp/\libhal_bsp.a(altera_avalon_jtag_uart_ioctl.o)
 .comment       0x0000002d       0x2e c:/Users/guan-ming.dennis-won/Documents/Code/SPI_4_Wire_Serial_Intel_FPGA_IP/software/NIOS_Project_bsp/\libhal_bsp.a(altera_avalon_jtag_uart_read.o)
 .comment       0x0000002d       0x2e c:/Users/guan-ming.dennis-won/Documents/Code/SPI_4_Wire_Serial_Intel_FPGA_IP/software/NIOS_Project_bsp/\libhal_bsp.a(altera_avalon_jtag_uart_write.o)
 .comment       0x0000002d       0x2e c:/Users/guan-ming.dennis-won/Documents/Code/SPI_4_Wire_Serial_Intel_FPGA_IP/software/NIOS_Project_bsp/\libhal_bsp.a(alt_alarm_start.o)
 .comment       0x0000002d       0x2e c:/Users/guan-ming.dennis-won/Documents/Code/SPI_4_Wire_Serial_Intel_FPGA_IP/software/NIOS_Project_bsp/\libhal_bsp.a(alt_busy_sleep.o)
 .comment       0x0000002d       0x2e c:/Users/guan-ming.dennis-won/Documents/Code/SPI_4_Wire_Serial_Intel_FPGA_IP/software/NIOS_Project_bsp/\libhal_bsp.a(alt_dcache_flush_all.o)
 .comment       0x0000002d       0x2e c:/Users/guan-ming.dennis-won/Documents/Code/SPI_4_Wire_Serial_Intel_FPGA_IP/software/NIOS_Project_bsp/\libhal_bsp.a(alt_dev_llist_insert.o)
 .comment       0x0000002d       0x2e c:/Users/guan-ming.dennis-won/Documents/Code/SPI_4_Wire_Serial_Intel_FPGA_IP/software/NIOS_Project_bsp/\libhal_bsp.a(alt_do_ctors.o)
 .comment       0x0000002d       0x2e c:/Users/guan-ming.dennis-won/Documents/Code/SPI_4_Wire_Serial_Intel_FPGA_IP/software/NIOS_Project_bsp/\libhal_bsp.a(alt_do_dtors.o)
 .comment       0x0000002d       0x2e c:/Users/guan-ming.dennis-won/Documents/Code/SPI_4_Wire_Serial_Intel_FPGA_IP/software/NIOS_Project_bsp/\libhal_bsp.a(alt_icache_flush_all.o)
 .comment       0x0000002d       0x2e c:/Users/guan-ming.dennis-won/Documents/Code/SPI_4_Wire_Serial_Intel_FPGA_IP/software/NIOS_Project_bsp/\libhal_bsp.a(alt_iic.o)
 .comment       0x0000002d       0x2e c:/Users/guan-ming.dennis-won/Documents/Code/SPI_4_Wire_Serial_Intel_FPGA_IP/software/NIOS_Project_bsp/\libhal_bsp.a(alt_iic_isr_register.o)
 .comment       0x0000002d       0x2e c:/Users/guan-ming.dennis-won/Documents/Code/SPI_4_Wire_Serial_Intel_FPGA_IP/software/NIOS_Project_bsp/\libhal_bsp.a(alt_io_redirect.o)
 .comment       0x0000002d       0x2e c:/Users/guan-ming.dennis-won/Documents/Code/SPI_4_Wire_Serial_Intel_FPGA_IP/software/NIOS_Project_bsp/\libhal_bsp.a(alt_irq_handler.o)
 .comment       0x0000002d       0x2e c:/Users/guan-ming.dennis-won/Documents/Code/SPI_4_Wire_Serial_Intel_FPGA_IP/software/NIOS_Project_bsp/\libhal_bsp.a(alt_irq_vars.o)
 .comment       0x0000002d       0x2e c:/Users/guan-ming.dennis-won/Documents/Code/SPI_4_Wire_Serial_Intel_FPGA_IP/software/NIOS_Project_bsp/\libhal_bsp.a(alt_open.o)
 .comment       0x0000002d       0x2e c:/Users/guan-ming.dennis-won/Documents/Code/SPI_4_Wire_Serial_Intel_FPGA_IP/software/NIOS_Project_bsp/\libhal_bsp.a(alt_tick.o)
 .comment       0x0000002d       0x2e c:/Users/guan-ming.dennis-won/Documents/Code/SPI_4_Wire_Serial_Intel_FPGA_IP/software/NIOS_Project_bsp/\libhal_bsp.a(altera_nios2_gen2_irq.o)
 .comment       0x0000002d       0x2e c:/Users/guan-ming.dennis-won/Documents/Code/SPI_4_Wire_Serial_Intel_FPGA_IP/software/NIOS_Project_bsp/\libhal_bsp.a(alt_find_dev.o)
 .comment       0x0000002d       0x2e c:/Users/guan-ming.dennis-won/Documents/Code/SPI_4_Wire_Serial_Intel_FPGA_IP/software/NIOS_Project_bsp/\libhal_bsp.a(alt_find_file.o)
 .comment       0x0000002d       0x2e c:/Users/guan-ming.dennis-won/Documents/Code/SPI_4_Wire_Serial_Intel_FPGA_IP/software/NIOS_Project_bsp/\libhal_bsp.a(alt_get_fd.o)
 .comment       0x0000002d       0x2e c:/Users/guan-ming.dennis-won/Documents/Code/SPI_4_Wire_Serial_Intel_FPGA_IP/software/NIOS_Project_bsp/\libhal_bsp.a(alt_instruction_exception_entry.o)
 .comment       0x0000002d       0x2e c:/intelfpga_lite/23.1std/nios2eds/bin/gnu/h-x86_64-mingw32/bin/../lib/gcc/nios2-elf/12.3.1/../../../../../H-x86_64-mingw32/nios2-elf/lib/mno-hw-mul\libc.a(libc_a-atexit.o)
 .comment       0x0000002d       0x2e c:/intelfpga_lite/23.1std/nios2eds/bin/gnu/h-x86_64-mingw32/bin/../lib/gcc/nios2-elf/12.3.1/../../../../../H-x86_64-mingw32/nios2-elf/lib/mno-hw-mul\libc.a(libc_a-memcmp.o)
 .comment       0x0000002d       0x2e c:/intelfpga_lite/23.1std/nios2eds/bin/gnu/h-x86_64-mingw32/bin/../lib/gcc/nios2-elf/12.3.1/../../../../../H-x86_64-mingw32/nios2-elf/lib/mno-hw-mul\libc.a(libc_a-__atexit.o)

.debug
 *(.debug)

.line
 *(.line)

.debug_srcinfo
 *(.debug_srcinfo)

.debug_sfnames
 *(.debug_sfnames)

.debug_aranges  0x00000000      0xa58
 *(.debug_aranges)
 .debug_aranges
                0x00000000       0x28 c:/Users/guan-ming.dennis-won/Documents/Code/SPI_4_Wire_Serial_Intel_FPGA_IP/software/NIOS_Project_bsp//obj/HAL/src/crt0.o
 .debug_aranges
                0x00000028       0x20 obj/default/hello_world.o
 .debug_aranges
                0x00000048       0x20 c:/intelfpga_lite/23.1std/nios2eds/bin/gnu/h-x86_64-mingw32/bin/../lib/gcc/nios2-elf/12.3.1/mno-hw-mul\libgcc.a(lib2-mul.o)
 .debug_aranges
                0x00000068       0x28 c:/intelfpga_lite/23.1std/nios2eds/bin/gnu/h-x86_64-mingw32/bin/../lib/gcc/nios2-elf/12.3.1/../../../../../H-x86_64-mingw32/nios2-elf/lib/mno-hw-mul\libc.a(libc_a-puts.o)
 .debug_aranges
                0x00000090       0x20 c:/intelfpga_lite/23.1std/nios2eds/bin/gnu/h-x86_64-mingw32/bin/../lib/gcc/nios2-elf/12.3.1/../../../../../H-x86_64-mingw32/nios2-elf/lib/mno-hw-mul\libc.a(libc_a-strlen.o)
 .debug_aranges
                0x000000b0       0x18 c:/intelfpga_lite/23.1std/nios2eds/bin/gnu/h-x86_64-mingw32/bin/../lib/gcc/nios2-elf/12.3.1/../../../../../H-x86_64-mingw32/nios2-elf/lib/mno-hw-mul\libc.a(libc_a-impure.o)
 .debug_aranges