Archive member included to satisfy reference by file (symbol)

c:/intelfpga_lite/23.1std/nios2eds/bin/gnu/h-x86_64-mingw32/bin/../lib/gcc/nios2-elf/12.3.1/mno-hw-mul\libgcc.a(lib2-divmod.o)
                              obj/default/imported_source/ecatslv.o (__divsi3)
c:/intelfpga_lite/23.1std/nios2eds/bin/gnu/h-x86_64-mingw32/bin/../lib/gcc/nios2-elf/12.3.1/mno-hw-mul\libgcc.a(lib2-mul.o)
                              obj/default/imported_source/ecatslv.o (__mulsi3)
c:/intelfpga_lite/23.1std/nios2eds/bin/gnu/h-x86_64-mingw32/bin/../lib/gcc/nios2-elf/12.3.1/../../../../../H-x86_64-mingw32/nios2-elf/lib/mno-hw-mul\libc.a(libc_a-malloc.o)
                              obj/default/imported_source/ecatcoe.o (malloc)
c:/intelfpga_lite/23.1std/nios2eds/bin/gnu/h-x86_64-mingw32/bin/../lib/gcc/nios2-elf/12.3.1/../../../../../H-x86_64-mingw32/nios2-elf/lib/mno-hw-mul\libc.a(libc_a-mallocr.o)
                              c:/intelfpga_lite/23.1std/nios2eds/bin/gnu/h-x86_64-mingw32/bin/../lib/gcc/nios2-elf/12.3.1/../../../../../H-x86_64-mingw32/nios2-elf/lib/mno-hw-mul\libc.a(libc_a-malloc.o) (_malloc_r)
c:/intelfpga_lite/23.1std/nios2eds/bin/gnu/h-x86_64-mingw32/bin/../lib/gcc/nios2-elf/12.3.1/../../../../../H-x86_64-mingw32/nios2-elf/lib/mno-hw-mul\libc.a(libc_a-puts.o)
                              obj/default/hello_world.o (puts)
c:/intelfpga_lite/23.1std/nios2eds/bin/gnu/h-x86_64-mingw32/bin/../lib/gcc/nios2-elf/12.3.1/../../../../../H-x86_64-mingw32/nios2-elf/lib/mno-hw-mul\libc.a(libc_a-memcpy.o)
                              obj/default/imported_source/ViCAT_LSC.o (memcpy)
c:/intelfpga_lite/23.1std/nios2eds/bin/gnu/h-x86_64-mingw32/bin/../lib/gcc/nios2-elf/12.3.1/../../../../../H-x86_64-mingw32/nios2-elf/lib/mno-hw-mul\libc.a(libc_a-memset.o)
                              obj/default/imported_source/ax58100_hw.o (memset)
c:/intelfpga_lite/23.1std/nios2eds/bin/gnu/h-x86_64-mingw32/bin/../lib/gcc/nios2-elf/12.3.1/../../../../../H-x86_64-mingw32/nios2-elf/lib/mno-hw-mul\libc.a(libc_a-strlen.o)
                              obj/default/imported_source/objdef.o (strlen)
c:/intelfpga_lite/23.1std/nios2eds/bin/gnu/h-x86_64-mingw32/bin/../lib/gcc/nios2-elf/12.3.1/../../../../../H-x86_64-mingw32/nios2-elf/lib/mno-hw-mul\libc.a(libc_a-impure.o)
                              c:/intelfpga_lite/23.1std/nios2eds/bin/gnu/h-x86_64-mingw32/bin/../lib/gcc/nios2-elf/12.3.1/../../../../../H-x86_64-mingw32/nios2-elf/lib/mno-hw-mul\libc.a(libc_a-malloc.o) (_impure_ptr)
c:/intelfpga_lite/23.1std/nios2eds/bin/gnu/h-x86_64-mingw32/bin/../lib/gcc/nios2-elf/12.3.1/../../../../../H-x86_64-mingw32/nios2-elf/lib/mno-hw-mul\libc.a(libc_a-sbrkr.o)
                              c:/intelfpga_lite/23.1std/nios2eds/bin/gnu/h-x86_64-mingw32/bin/../lib/gcc/nios2-elf/12.3.1/../../../../../H-x86_64-mingw32/nios2-elf/lib/mno-hw-mul\libc.a(libc_a-mallocr.o) (_sbrk_r)
c:/intelfpga_lite/23.1std/nios2eds/bin/gnu/h-x86_64-mingw32/bin/../lib/gcc/nios2-elf/12.3.1/../../../../../H-x86_64-mingw32/nios2-elf/lib/mno-hw-mul\libc.a(libc_a-freer.o)
                              c:/intelfpga_lite/23.1std/nios2eds/bin/gnu/h-x86_64-mingw32/bin/../lib/gcc/nios2-elf/12.3.1/../../../../../H-x86_64-mingw32/nios2-elf/lib/mno-hw-mul\libc.a(libc_a-malloc.o) (_free_r)
c:/intelfpga_lite/23.1std/nios2eds/bin/gnu/h-x86_64-mingw32/bin/../lib/gcc/nios2-elf/12.3.1/../../../../../H-x86_64-mingw32/nios2-elf/lib/mno-hw-mul\libc.a(libc_a-findfp.o)
                              c:/intelfpga_lite/23.1std/nios2eds/bin/gnu/h-x86_64-mingw32/bin/../lib/gcc/nios2-elf/12.3.1/../../../../../H-x86_64-mingw32/nios2-elf/lib/mno-hw-mul\libc.a(libc_a-impure.o) (__sf)
c:/intelfpga_lite/23.1std/nios2eds/bin/gnu/h-x86_64-mingw32/bin/../lib/gcc/nios2-elf/12.3.1/../../../../../H-x86_64-mingw32/nios2-elf/lib/mno-hw-mul\libc.a(libc_a-fvwrite.o)
                              c:/intelfpga_lite/23.1std/nios2eds/bin/gnu/h-x86_64-mingw32/bin/../lib/gcc/nios2-elf/12.3.1/../../../../../H-x86_64-mingw32/nios2-elf/lib/mno-hw-mul\libc.a(libc_a-puts.o) (__sfvwrite_r)
c:/intelfpga_lite/23.1std/nios2eds/bin/gnu/h-x86_64-mingw32/bin/../lib/gcc/nios2-elf/12.3.1/../../../../../H-x86_64-mingw32/nios2-elf/lib/mno-hw-mul\libc.a(libc_a-fwalk.o)
                              c:/intelfpga_lite/23.1std/nios2eds/bin/gnu/h-x86_64-mingw32/bin/../lib/gcc/nios2-elf/12.3.1/../../../../../H-x86_64-mingw32/nios2-elf/lib/mno-hw-mul\libc.a(libc_a-findfp.o) (_fwalk_sglue)
c:/intelfpga_lite/23.1std/nios2eds/bin/gnu/h-x86_64-mingw32/bin/../lib/gcc/nios2-elf/12.3.1/../../../../../H-x86_64-mingw32/nios2-elf/lib/mno-hw-mul\libc.a(libc_a-stdio.o)
                              c:/intelfpga_lite/23.1std/nios2eds/bin/gnu/h-x86_64-mingw32/bin/../lib/gcc/nios2-elf/12.3.1/../../../../../H-x86_64-mingw32/nios2-elf/lib/mno-hw-mul\libc.a(libc_a-findfp.o) (__sread)
c:/intelfpga_lite/23.1std/nios2eds/bin/gnu/h-x86_64-mingw32/bin/../lib/gcc/nios2-elf/12.3.1/../../../../../H-x86_64-mingw32/nios2-elf/lib/mno-hw-mul\libc.a(libc_a-wsetup.o)
[...]
Memory Configuration

Name             Origin             Length             Attributes
reset            0x00020000         0x00000020
RAM              0x00020020         0x00013fe0
*default*        0x00000000         0xffffffff

Linker script and memory map

LOAD c:/Users/guan-ming.dennis-won/Documents/Code/SPI_4_Wire_Serial_Intel_FPGA_IP/software/NIOS_Project_bsp//obj/HAL/src/crt0.o
LOAD obj/default/hello_world.o
LOAD obj/default/imported_source/ViCAT_LSC.o
LOAD obj/default/imported_source/ax58100_hw.o
LOAD obj/default/imported_source/bootmode.o
LOAD obj/default/imported_source/coeappl.o
LOAD obj/default/imported_source/ecatappl.o
LOAD obj/default/imported_source/ecatcoe.o
LOAD obj/default/imported_source/ecatfoe.o
LOAD obj/default/imported_source/ecatslv.o
LOAD obj/default/imported_source/foeappl.o
LOAD obj/default/imported_source/mailbox.o
LOAD obj/default/imported_source/objdef.o
LOAD obj/default/imported_source/sdoserv.o
LOAD obj/default/peripheral/peripheral_linker.o
LOAD c:/intelfpga_lite/23.1std/nios2eds/bin/gnu/h-x86_64-mingw32/bin/../lib/gcc/nios2-elf/12.3.1/../../../../../H-x86_64-mingw32/nios2-elf/lib/mno-hw-mul\libstdc++.a
LOAD c:/intelfpga_lite/23.1std/nios2eds/bin/gnu/h-x86_64-mingw32/bin/../lib/gcc/nios2-elf/12.3.1/../../../../../H-x86_64-mingw32/nios2-elf/lib/mno-hw-mul\libm.a
LOAD c:/intelfpga_lite/23.1std/nios2eds/bin/gnu/h-x86_64-mingw32/bin/../lib/gcc/nios2-elf/12.3.1/mno-hw-mul\libgcc.a
START GROUP
LOAD c:/intelfpga_lite/23.1std/nios2eds/bin/gnu/h-x86_64-mingw32/bin/../lib/gcc/nios2-elf/12.3.1/../../../../../H-x86_64-mingw32/nios2-elf/lib/mno-hw-mul\libc.a
LOAD c:/intelfpga_lite/23.1std/nios2eds/bin/gnu/h-x86_64-mingw32/bin/../lib/gcc/nios2-elf/12.3.1/mno-hw-mul\libgcc.a
LOAD c:/Users/guan-ming.dennis-won/Documents/Code/SPI_4_Wire_Serial_Intel_FPGA_IP/software/NIOS_Project_bsp/\libhal_bsp.a
LOAD c:/intelfpga_lite/23.1std/nios2eds/bin/gnu/h-x86_64-mingw32/bin/../lib/gcc/nios2-elf/12.3.1/../../../../../H-x86_64-mingw32/nios2-elf/lib/mno-hw-mul\libm.a
END GROUP
LOAD c:/intelfpga_lite/23.1std/nios2eds/bin/gnu/h-x86_64-mingw32/bin/../lib/gcc/nios2-elf/12.3.1/mno-hw-mul\libgcc.a
                0x00020000                        __alt_mem_RAM = 0x20000

.entry          0x00020000       0x20
 *(.entry)
 .entry         0x00020000       0x20 c:/Users/guan-ming.dennis-won/Documents/Code/SPI_4_Wire_Serial_Intel_FPGA_IP/software/NIOS_Project_bsp//obj/HAL/src/crt0.o
                0x00020000                __reset

.exceptions     0x00020020      0x204
                0x00020020                        PROVIDE (__ram_exceptions_start = ABSOLUTE (.))
                0x00020020                        . = ALIGN (0x20)
 *(.irq)
 *(.exceptions.entry.label)
 .exceptions.entry.label
                0x00020020        0x0 c:/Users/guan-ming.dennis-won/Documents/Code/SPI_4_Wire_Serial_Intel_FPGA_IP/software/NIOS_Project_bsp/\libhal_bsp.a(alt_irq_entry.o)
                0x00020020                alt_irq_entry
 .exceptions.entry.label
                0x00020020        0x0 c:/Users/guan-ming.dennis-won/Documents/Code/SPI_4_Wire_Serial_Intel_FPGA_IP/software/NIOS_Project_bsp/\libhal_bsp.a(alt_exception_entry.o)
                0x00020020                alt_exception
 *(.exceptions.entry.user)
 *(.exceptions.entry.ecc_fatal)
 *(.exceptions.entry)
 .exceptions.entry
                0x00020020       0x54 c:/Users/guan-ming.dennis-won/Documents/Code/SPI_4_Wire_Serial_Intel_FPGA_IP/software/NIOS_Project_bsp/\libhal_bsp.a(alt_exception_entry.o)
 *(.exceptions.irqtest.user)
 *(.exceptions.irqtest)
 .exceptions.irqtest
                0x00020074       0x10 c:/Users/guan-ming.dennis-won/Documents/Code/SPI_4_Wire_Serial_Intel_FPGA_IP/software/NIOS_Project_bsp/\libhal_bsp.a(alt_irq_entry.o)
 *(.exceptions.irqhandler.user)
 *(.exceptions.irqhandler)
 .exceptions.irqhandler
                0x00020084        0x4 c:/Users/guan-ming.dennis-won/Documents/Code/SPI_4_Wire_Serial_Intel_FPGA_IP/software/NIOS_Project_bsp/\libhal_bsp.a(alt_irq_entry.o)
 *(.exceptions.irqreturn.user)
 *(.exceptions.irqreturn)
 .exceptions.irqreturn
                0x00020088        0x4 c:/Users/guan-ming.dennis-won/Documents/Code/SPI_4_Wire_Serial_Intel_FPGA_IP/software/NIOS_Project_bsp/\libhal_bsp.a(alt_irq_entry.o)
 *(.exceptions.notirq.label)
 .exceptions.notirq.label
                0x0002008c        0x0 c:/Users/guan-ming.dennis-won/Documents/Code/SPI_4_Wire_Serial_Intel_FPGA_IP/software/NIOS_Project_bsp/\libhal_bsp.a(alt_irq_entry.o)
 *(.exceptions.notirq.user)
 *(.exceptions.notirq)
 .exceptions.notirq
                0x0002008c        0x8 c:/Users/guan-ming.dennis-won/Documents/Code/SPI_4_Wire_Serial_Intel_FPGA_IP/software/NIOS_Project_bsp/\libhal_bsp.a(alt_exception_entry.o)
 *(.exceptions.soft.user)
 *(.exceptions.soft)
 *(.exceptions.unknown.user)
 *(.exceptions.unknown)
 .exceptions.unknown
                0x00020094       0x14 c:/Users/guan-ming.dennis-won/Documents/Code/SPI_4_Wire_Serial_Intel_FPGA_IP/software/NIOS_Project_bsp/\libhal_bsp.a(alt_exception_entry.o)
 *(.exceptions.exit.label)
 .exceptions.exit.label
                0x000200a8        0x0 c:/Users/guan-ming.dennis-won/Documents/Code/SPI_4_Wire_Serial_Intel_FPGA_IP/software/NIOS_Project_bsp/\libhal_bsp.a(alt_irq_entry.o)
 .exceptions.exit.label
                0x000200a8        0x0 c:/Users/guan-ming.dennis-won/Documents/Code/SPI_4_Wire_Serial_Intel_FPGA_IP/software/NIOS_Project_bsp/\libhal_bsp.a(alt_exception_entry.o)
 *(.exceptions.exit.user)
 *(.exceptions.exit)
 .exceptions.exit
                0x000200a8       0x54 c:/Users/guan-ming.dennis-won/Documents/Code/SPI_4_Wire_Serial_Intel_FPGA_IP/software/NIOS_Project_bsp/\libhal_bsp.a(alt_exception_entry.o)
 *(.exceptions)
 .exceptions    0x000200fc       0xc8 c:/Users/guan-ming.dennis-won/Documents/Code/SPI_4_Wire_Serial_Intel_FPGA_IP/software/NIOS_Project_bsp/\libhal_bsp.a(alt_irq_handler.o)
                0x000200fc                alt_irq_handler
 .exceptions    0x000201c4       0x60 c:/Users/guan-ming.dennis-won/Documents/Code/SPI_4_Wire_Serial_Intel_FPGA_IP/software/NIOS_Project_bsp/\libhal_bsp.a(alt_instruction_exception_entry.o)
                0x000201c4                alt_instruction_exception_entry
                0x00020224                        PROVIDE (__ram_exceptions_end = ABSOLUTE (.))
                0x00020020                        PROVIDE (__flash_exceptions_start = LOADADDR (.exceptions))

.text           0x00020224    0x10b78
                [!provide]                        PROVIDE (stext = ABSOLUTE (.))
 *(.interp)
 *(.hash)
 *(.dynsym)
 *(.dynstr)
 *(.gnu.version)
 *(.gnu.version_d)
 *(.gnu.version_r)
 *(.rel.init)
 *(.rela.init)
 *(.rel.text .rel.text.* .rel.gnu.linkonce.t.*)
 *(.rela.text .rela.text.* .rela.gnu.linkonce.t.*)
 *(.rel.fini)
 *(.rela.fini)
 *(.rel.rodata .rel.rodata.* .rel.gnu.linkonce.r.*)
 *(.rela.rodata .rela.rodata.* .rela.gnu.linkonce.r.*)
 *(.rel.data .rel.data.* .rel.gnu.linkonce.d.*)
 *(.rela.data .rela.data.* .rela.gnu.linkonce.d.*)
 *(.rel.tdata .rel.tdata.* .rel.gnu.linkonce.td.*)
 *(.rela.tdata .rela.tdata.* .rela.gnu.linkonce.td.*)
 *(.rel.tbss .rel.tbss.* .rel.gnu.linkonce.tb.*)
 *(.rela.tbss .rela.tbss.* .rela.gnu.linkonce.tb.*)
 *(.rel.ctors)
 *(.rela.ctors)
 *(.rel.dtors)
 *(.rela.dtors)
 *(.rel.got)
 *(.rela.got)
 *(.rel.sdata .rel.sdata.* .rel.gnu.linkonce.s.*)
 *(.rela.sdata .rela.sdata.* .rela.gnu.linkonce.s.*)
 *(.rel.sbss .rel.sbss.* .rel.gnu.linkonce.sb.*)
 *(.rela.sbss .rela.sbss.* .rela.gnu.linkonce.sb.*)
 *(.rel.sdata2 .rel.sdata2.* .rel.gnu.linkonce.s2.*)
 *(.rela.sdata2 .rela.sdata2.* .rela.gnu.linkonce.s2.*)
 *(.rel.sbss2 .rel.sbss2.* .rel.gnu.linkonce.sb2.*)
 *(.rela.sbss2 .rela.sbss2.* .rela.gnu.linkonce.sb2.*)
 *(.rel.bss .rel.bss.* .rel.gnu.linkonce.b.*)
 *(.rela.bss .rela.bss.* .rela.gnu.linkonce.b.*)
 *(.rel.plt)
 *(.rela.plt)
 *(.rel.dyn)
 *(.init)
 *(.plt)
 *(.text .stub .text.* .gnu.linkonce.t.*)
 .text          0x00020224       0x3c c:/Users/guan-ming.dennis-won/Documents/Code/SPI_4_Wire_Serial_Intel_FPGA_IP/software/NIOS_Project_bsp//obj/HAL/src/crt0.o
                0x00020224                _start
 .text          0x00020260       0x58 obj/default/hello_world.o
                0x00020260                main
 .text          0x000202b8      0x534 obj/default/imported_source/ViCAT_LSC.o
                0x000202b8                APPL_AckErrorInd
                0x000202e0                APPL_StartMailboxHandler
                0x00020300                APPL_StopMailboxHandler
                0x00020320                APPL_StartInputHandler
                0x00020344                APPL_StopInputHandler
                0x00020364                APPL_StartOutputHandler
                0x00020384                APPL_StopOutputHandler
                0x000203a4                APPL_GenerateMapping
                0x0002060c                APPL_InputMapping
                0x000206ac                APPL_OutputMapping
                0x0002074c                APPL_Application
                0x0002077c                APPL_GetDeviceID
                0x0002079c                main_initial
 .text          0x000207ec      0x844 obj/default/imported_source/ax58100_hw.o
                0x00020c80                HW_Init
                0x00020d30                HW_Release
                0x00020d50                HW_GetALEventRegister
                0x00020d7c                HW_GetALEventRegister_Isr
                0x00020da8                HW_EscRead
                0x00020e2c                HW_EscReadIsr
                0x00020e84                HW_EscWrite
                0x00020f08                HW_EscWriteIsr
                0x00020f60                HW_RestartTarget
                0x00020f80                HW_ALEVENT_IRQHandler
                0x00020fac                HW_SYNC0_IRQHandler
                0x00020fd8                HW_SYNC1_IRQHandler
                0x00021004                HW_TIMETASK_IRQHandler
 .text          0x00021030       0x98 obj/default/imported_source/bootmode.o
                0x00021030                BL_Start
                0x00021058                BL_Stop
                0x00021078                BL_StartDownload
                0x0002109c                BL_Data
 .text          0x000210c8      0x8b4 obj/default/imported_source/coeappl.o
                0x000210c8                Read0x10F8
                0x00021170                COE_SyncTimeStamp
                0x00021284                COE_GetObjectDictionary
                0x000212a4                COE_UpdateSyncErrorStatus
                0x00021350                COE_ObjInit
                0x000214e0                COE_AddObjectToDic
                0x00021660                COE_RemoveDicEntry
                0x00021738                COE_ClearObjDictionary
                0x000217a0                AddObjectsToObjDictionary
                0x00021818                COE_ObjDictionaryInit
                0x00021878                COE_Main
 .text          0x0002197c     0x104c obj/default/imported_source/ecatappl.o
                0x0002197c                PDO_InputMapping
                0x00021a64                PDO_OutputMapping
                0x00021b5c                ECAT_CheckTimer
                0x00021c54                HandleCycleTimeMeasurement
                0x00021cfc                GetSystemTimeDelay
                0x00021dac                PDI_Isr
                0x00021fd0                Sync0_Isr
                0x000221d0                Sync1_Isr
                0x00022240                MainInit
                0x000223b4                MainLoop
                0x000224bc                ECAT_Application
                0x00022520                ESC_EepromAccess
                0x00022898                ESC_EepromWriteCRC
 .text          0x000229c8      0x160 obj/default/imported_source/ecatcoe.o
                0x000229c8                COE_Init
                0x000229f0                COE_ServiceInd
                0x00022a9c                COE_ContinueInd
 .text          0x00022b28      0x6ec obj/default/imported_source/ecatfoe.o
                0x00022b28                FOE_Init
                0x00022b54                FOE_ServiceInd
                0x000231c4                FOE_ContinueInd
 .text          0x00023214     0x2cec obj/default/imported_source/ecatslv.o
                0x00023214                ResetALEventMask
                0x0002327c                SetALEventMask
                0x000232e4                UpdateEEPROMLoadedState
                0x00023360                GetSyncMan
                0x000233b0                DisableSyncManChannel
                0x0002343c                EnableSyncManChannel
                0x000234c4                CheckSmSettings
                0x00023a5c                StartInputHandler
                0x00024530                StartOutputHandler
                0x000245e8                StopOutputHandler
                0x00024610                StopInputHandler
                0x00024708                BackToInitTransition
                0x0002472c                SetALStatus
                0x00024838                AL_ControlInd
                0x0002522c                AL_ControlRes
                0x00025614                DC_CheckWatchdog
                0x00025780                CheckIfEcatError
                0x00025868                ECAT_StateChange
                0x00025b70                ECAT_Init
                0x00025c80                ECAT_Main
 .text          0x00025f00      0x250 obj/default/imported_source/foeappl.o
                0x00025f00                FOE_Read
                0x00025f74                FOE_Write
                0x00025fd0                FOE_Data
                0x00026078                FOE_Ack
                0x000260d0                FOE_Busy
                0x00026110                FOE_Error
 .text          0x00026150      0xdb4 obj/default/imported_source/mailbox.o
                0x00026150                PutInMbxQueue
                0x000261ec                GetOutOfMbxQueue
                0x00026298                MBX_Init
                0x00026380                MBX_StartMailboxHandler
                0x000264c0                MBX_StopMailboxHandler
                0x0002661c                MailboxServiceInd
                0x000266d0                MBX_MailboxWriteInd
                0x00026818                MBX_MailboxReadInd
                0x00026938                MBX_MailboxRepeatReq
                0x000269bc                MBX_MailboxSendReq
                0x00026af0                MBX_CheckAndCopyMailbox
                0x00026cb8                MBX_CopyToSendMailbox
                0x00026e44                MBX_Main
 .text          0x00026f04     0x2670 obj/default/imported_source/objdef.o
                0x00026f04                OBJ_GetObjectHandle
                0x00026f70                OBJ_GetObjectLength
                0x0002719c                OBJ_CopyNumberToString
                0x00027284                OBJ_GetNoOfObjects
                0x00027384                OBJ_GetObjectList
                0x00027530                OBJ_GetDesc
                0x000277ec                OBJ_GetEntryDesc
                0x0002788c                OBJ_GetObjDesc
                0x000278b4                OBJ_GetEntryOffset
                0x00027bd0                CheckSyncTypeValue
                0x00027e1c                OBJ_Read
                0x00028958                OBJ_Write
 .text          0x00029574     0x1bc8 obj/default/imported_source/sdoserv.o
                0x00029d9c                SdoRes
                0x0002a038                SDOS_SdoInd
                0x0002a7f4                SDOS_SdoRes
                0x0002a980                SDOS_ClearPendingResponse
                0x0002aa28                SDOS_SdoInfoInd
 .text          0x0002b13c      0x518 obj/default/peripheral/peripheral_linker.o
                0x0002b13c                delay_ms
                0x0002b17c                adc_init
                0x0002b328                spi_transmit_receive
                0x0002b4ec                adc_init_spi_transmit_receive
 .text          0x0002b654      0x1b4 c:/intelfpga_lite/23.1std/nios2eds/bin/gnu/h-x86_64-mingw32/bin/../lib/gcc/nios2-elf/12.3.1/mno-hw-mul\libgcc.a(lib2-divmod.o)
                0x0002b654                __divsi3
                0x0002b6d4                __modsi3
                0x0002b748                __udivsi3
                0x0002b7ac                __umodsi3
 .text          0x0002b808       0x28 c:/intelfpga_lite/23.1std/nios2eds/bin/gnu/h-x86_64-mingw32/bin/../lib/gcc/nios2-elf/12.3.1/mno-hw-mul\libgcc.a(lib2-mul.o)
                0x0002b808                __mulsi3
 .text          0x0002b830        0x0 c:/intelfpga_lite/23.1std/nios2eds/bin/gnu/h-x86_64-mingw32/bin/../lib/gcc/nios2-elf/12.3.1/../../../../../H-x86_64-mingw32/nios2-elf/lib/mno-hw-mul\libc.a(libc_a-malloc.o)
 .text.malloc   0x0002b830       0x10 c:/intelfpga_lite/23.1std/nios2eds/bin/gnu/h-x86_64-mingw32/bin/../lib/gcc/nios2-elf/12.3.1/../../../../../H-x86_64-mingw32/nios2-elf/lib/mno-hw-mul\libc.a(libc_a-malloc.o)
                0x0002b830                malloc
 .text.free     0x0002b840       0x10 c:/intelfpga_lite/23.1std/nios2eds/bin/gnu/h-x86_64-mingw32/bin/../lib/gcc/nios2-elf/12.3.1/../../../../../H-x86_64-mingw32/nios2-elf/lib/mno-hw-mul\libc.a(libc_a-malloc.o)
                0x0002b840                free
 .text          0x0002b850        0x0 c:/intelfpga_lite/23.1std/nios2eds/bin/gnu/h-x86_64-mingw32/bin/../lib/gcc/nios2-elf/12.3.1/../../../../../H-x86_64-mingw32/nios2-elf/lib/mno-hw-mul\libc.a(libc_a-mallocr.o)
 .text._malloc_r
                0x0002b850      0x7c8 c:/intelfpga_lite/23.1std/nios2eds/bin/gnu/h-x86_64-mingw32/bin/../lib/gcc/nios2-elf/12.3.1/../../../../../H-x86_64-mingw32/nios2-elf/lib/mno-hw-mul\libc.a(libc_a-mallocr.o)
                0x0002b850                _malloc_r
 .text          0x0002c018        0x0 c:/intelfpga_lite/23.1std/nios2eds/bin/gnu/h-x86_64-mingw32/bin/../lib/gcc/nios2-elf/12.3.1/../../../../../H-x86_64-mingw32/nios2-elf/lib/mno-hw-mul\libc.a(libc_a-puts.o)
 .text._puts_r  0x0002c018       0xd0 c:/intelfpga_lite/23.1std/nios2eds/bin/gnu/h-x86_64-mingw32/bin/../lib/gcc/nios2-elf/12.3.1/../../../../../H-x86_64-mingw32/nios2-elf/lib/mno-hw-mul\libc.a(libc_a-puts.o)
                0x0002c018                _puts_r
 .text.puts     0x0002c0e8       0x10 c:/intelfpga_lite/23.1std/nios2eds/bin/gnu/h-x86_64-mingw32/bin/../lib/gcc/nios2-elf/12.3.1/../../../../../H-x86_64-mingw32/nios2-elf/lib/mno-hw-mul\libc.a(libc_a-puts.o)
                0x0002c0e8                puts
 .text          0x0002c0f8        0x0 c:/intelfpga_lite/23.1std/nios2eds/bin/gnu/h-x86_64-mingw32/bin/../lib/gcc/nios2-elf/12.3.1/../../../../../H-x86_64-mingw32/nios2-elf/lib/mno-hw-mul\libc.a(libc_a-memcpy.o)
 .text.memcpy   0x0002c0f8      0x100 c:/intelfpga_lite/23.1std/nios2eds/bin/gnu/h-x86_64-mingw32/bin/../lib/gcc/nios2-elf/12.3.1/../../../../../H-x86_64-mingw32/nios2-elf/lib/mno-hw-mul\libc.a(libc_a-memcpy.o)
                0x0002c0f8                memcpy
 .text          0x0002c1f8        0x0 c:/intelfpga_lite/23.1std/nios2eds/bin/gnu/h-x86_64-mingw32/bin/../lib/gcc/nios2-elf/12.3.1/../../../../../H-x86_64-mingw32/nios2-elf/lib/mno-hw-mul\libc.a(libc_a-memset.o)
 .text.memset   0x0002c1f8      0x140 c:/intelfpga_lite/23.1std/nios2eds/bin/gnu/h-x86_64-mingw32/bin/../lib/gcc/nios2-elf/12.3.1/../../../../../H-x86_64-mingw32/nios2-elf/lib/mno-hw-mul\libc.a(libc_a-memset.o)
                0x0002c1f8                memset
 .text          0x0002c338        0x0 c:/intelfpga_lite/23.1std/nios2eds/bin/gnu/h-x86_64-mingw32/bin/../lib/gcc/nios2-elf/12.3.1/../../../../../H-x86_64-mingw32/nios2-elf/lib/mno-hw-mul\libc.a(libc_a-strlen.o)
 .text.strlen   0x0002c338       0x98 c:/intelfpga_lite/23.1std/nios2eds/bin/gnu/h-x86_64-mingw32/bin/../lib/gcc/nios2-elf/12.3.1/../../../../../H-x86_64-mingw32/nios2-elf/lib/mno-hw-mul\libc.a(libc_a-strlen.o)
                0x0002c338                strlen
 .text          0x0002c3d0        0x0 c:/intelfpga_lite/23.1std/nios2eds/bin/gnu/h-x86_64-mingw32/bin/../lib/gcc/nios2-elf/12.3.1/../../../../../H-x86_64-mingw32/nios2-elf/lib/mno-hw-mul\libc.a(libc_a-impure.o)
 .text          0x0002c3d0        0x0 c:/intelfpga_lite/23.1std/nios2eds/bin/gnu/h-x86_64-mingw32/bin/../lib/gcc/nios2-elf/12.3.1/../../../../../H-x86_64-mingw32/nios2-elf/lib/mno-hw-mul\libc.a(libc_a-sbrkr.o)
 .text._sbrk_r  0x0002c3d0       0x58 c:/intelfpga_lite/23.1std/nios2eds/bin/gnu/h-x86_64-mingw32/bin/../lib/gcc/nios2-elf/12.3.1/../../../../../H-x86_64-mingw32/nios2-elf/lib/mno-hw-mul\libc.a(libc_a-sbrkr.o)
                0x0002c3d0                _sbrk_r
 .text          0x0002c428        0x0 c:/intelfpga_lite/23.1std/nios2eds/bin/gnu/h-x86_64-mingw32/bin/../lib/gcc/nios2-elf/12.3.1/../../../../../H-x86_64-mingw32/nios2-elf/lib/mno-hw-mul\libc.a(libc_a-freer.o)
 .text._malloc_trim_r
                0x0002c428      0x124 c:/intelfpga_lite/23.1std/nios2eds/bin/gnu/h-x86_64-mingw32/bin/../lib/gcc/nios2-elf/12.3.1/../../../../../H-x86_64-mingw32/nios2-elf/lib/mno-hw-mul\libc.a(libc_a-freer.o)
                0x0002c428                _malloc_trim_r
 .text._free_r  0x0002c54c      0x308 c:/intelfpga_lite/23.1std/nios2eds/bin/gnu/h-x86_64-mingw32/bin/../lib/gcc/nios2-elf/12.3.1/../../../../../H-x86_64-mingw32/nios2-elf/lib/mno-hw-mul\libc.a(libc_a-freer.o)
                0x0002c54c                _free_r
 .text          0x0002c854        0x0 c:/intelfpga_lite/23.1std/nios2eds/bin/gnu/h-x86_64-mingw32/bin/../lib/gcc/nios2-elf/12.3.1/../../../../../H-x86_64-mingw32/nios2-elf/lib/mno-hw-mul\libc.a(libc_a-findfp.o)
 .text.__fp_lock
                0x0002c854        0x8 c:/intelfpga_lite/23.1std/nios2eds/bin/gnu/h-x86_64-mingw32/bin/../lib/gcc/nios2-elf/12.3.1/../../../../../H-x86_64-mingw32/nios2-elf/lib/mno-hw-mul\libc.a(libc_a-findfp.o)
 .text.stdio_exit_handler
                0x0002c85c       0x1c c:/intelfpga_lite/23.1std/nios2eds/bin/gnu/h-x86_64-mingw32/bin/../lib/gcc/nios2-elf/12.3.1/../../../../../H-x86_64-mingw32/nios2-elf/lib/mno-hw-mul\libc.a(libc_a-findfp.o)
 .text.cleanup_stdio
                0x0002c878       0x70 c:/intelfpga_lite/23.1std/nios2eds/bin/gnu/h-x86_64-mingw32/bin/../lib/gcc/nios2-elf/12.3.1/../../../../../H-x86_64-mingw32/nios2-elf/lib/mno-hw-mul\libc.a(libc_a-findfp.o)
 .text.__fp_unlock
                0x0002c8e8        0x8 c:/intelfpga_lite/23.1std/nios2eds/bin/gnu/h-x86_64-mingw32/bin/../lib/gcc/nios2-elf/12.3.1/../../../../../H-x86_64-mingw32/nios2-elf/lib/mno-hw-mul\libc.a(libc_a-findfp.o)
 .text.global_stdio_init.part.0
                0x0002c8f0      0x174 c:/intelfpga_lite/23.1std/nios2eds/bin/gnu/h-x86_64-mingw32/bin/../lib/gcc/nios2-elf/12.3.1/../../../../../H-x86_64-mingw32/nios2-elf/lib/mno-hw-mul\libc.a(libc_a-findfp.o)
 .text.__sfp    0x0002ca64      0x120 c:/intelfpga_lite/23.1std/nios2eds/bin/gnu/h-x86_64-mingw32/bin/../lib/gcc/nios2-elf/12.3.1/../../../../../H-x86_64-mingw32/nios2-elf/lib/mno-hw-mul\libc.a(libc_a-findfp.o)
                0x0002ca64                __sfp
 .text.__sinit  0x0002cb84       0x28 c:/intelfpga_lite/23.1std/nios2eds/bin/gnu/h-x86_64-mingw32/bin/../lib/gcc/nios2-elf/12.3.1/../../../../../H-x86_64-mingw32/nios2-elf/lib/mno-hw-mul\libc.a(libc_a-findfp.o)
                0x0002cb84                __sinit
 .text.__sfp_lock_acquire
                0x0002cbac        0x4 c:/intelfpga_lite/23.1std/nios2eds/bin/gnu/h-x86_64-mingw32/bin/../lib/gcc/nios2-elf/12.3.1/../../../../../H-x86_64-mingw32/nios2-elf/lib/mno-hw-mul\libc.a(libc_a-findfp.o)
                0x0002cbac                __sfp_lock_acquire
 .text.__sfp_lock_release
                0x0002cbb0        0x4 c:/intelfpga_lite/23.1std/nios2eds/bin/gnu/h-x86_64-mingw32/bin/../lib/gcc/nios2-elf/12.3.1/../../../../../H-x86_64-mingw32/nios2-elf/lib/mno-hw-mul\libc.a(libc_a-findfp.o)
                0x0002cbb0                __sfp_lock_release
 .text.__fp_lock_all
                0x0002cbb4       0x18 c:/intelfpga_lite/23.1std/nios2eds/bin/gnu/h-x86_64-mingw32/bin/../lib/gcc/nios2-elf/12.3.1/../../../../../H-x86_64-mingw32/nios2-elf/lib/mno-hw-mul\libc.a(libc_a-findfp.o)
                0x0002cbb4                __fp_lock_all
 .text.__fp_unlock_all
                0x0002cbcc       0x18 c:/intelfpga_lite/23.1std/nios2eds/bin/gnu/h-x86_64-mingw32/bin/../lib/gcc/nios2-elf/12.3.1/../../../../../H-x86_64-mingw32/nios2-elf/lib/mno-hw-mul\libc.a(libc_a-findfp.o)
                0x0002cbcc                __fp_unlock_all
 .text          0x0002cbe4        0x0 c:/intelfpga_lite/23.1std/nios2eds/bin/gnu/h-x86_64-mingw32/bin/../lib/gcc/nios2-elf/12.3.1/../../../../../H-x86_64-mingw32/nios2-elf/lib/mno-hw-mul\libc.a(libc_a-fvwrite.o)
 .text.__sfvwrite_r
                0x0002cbe4      0x4a0 c:/intelfpga_lite/23.1std/nios2eds/bin/gnu/h-x86_64-mingw32/bin/../lib/gcc/nios2-elf/12.3.1/../../../../../H-x86_64-mingw32/nios2-elf/lib/mno-hw-mul\libc.a(libc_a-fvwrite.o)
                0x0002cbe4                __sfvwrite_r
 .text          0x0002d084        0x0 c:/intelfpga_lite/23.1std/nios2eds/bin/gnu/h-x86_64-mingw32/bin/../lib/gcc/nios2-elf/12.3.1/../../../../../H-x86_64-mingw32/nios2-elf/lib/mno-hw-mul\libc.a(libc_a-fwalk.o)
 .text._fwalk_sglue
                0x0002d084       0xa8 c:/intelfpga_lite/23.1std/nios2eds/bin/gnu/h-x86_64-mingw32/bin/../lib/gcc/nios2-elf/12.3.1/../../../../../H-x86_64-mingw32/nios2-elf/lib/mno-hw-mul\libc.a(libc_a-fwalk.o)
                0x0002d084                _fwalk_sglue
 .text          0x0002d12c        0x0 c:/intelfpga_lite/23.1std/nios2eds/bin/gnu/h-x86_64-mingw32/bin/../lib/gcc/nios2-elf/12.3.1/../../../../../H-x86_64-mingw32/nios2-elf/lib/mno-hw-mul\libc.a(libc_a-stdio.o)
 .text.__sread  0x0002d12c       0x54 c:/intelfpga_lite/23.1std/nios2eds/bin/gnu/h-x86_64-mingw32/bin/../lib/gcc/nios2-elf/12.3.1/../../../../../H-x86_64-mingw32/nios2-elf/lib/mno-hw-mul\libc.a(libc_a-stdio.o)
                0x0002d12c                __sread
 .text.__seofread
                0x0002d180        0x8 c:/intelfpga_lite/23.1std/nios2eds/bin/gnu/h-x86_64-mingw32/bin/../lib/gcc/nios2-elf/12.3.1/../../../../../H-x86_64-mingw32/nios2-elf/lib/mno-hw-mul\libc.a(libc_a-stdio.o)
                0x0002d180                __seofread
 .text.__swrite
                0x0002d188       0x80 c:/intelfpga_lite/23.1std/nios2eds/bin/gnu/h-x86_64-mingw32/bin/../lib/gcc/nios2-elf/12.3.1/../../../../../H-x86_64-mingw32/nios2-elf/lib/mno-hw-mul\libc.a(libc_a-stdio.o)
                0x0002d188                __swrite
 .text.__sseek  0x0002d208       0x5c c:/intelfpga_lite/23.1std/nios2eds/bin/gnu/h-x86_64-mingw32/bin/../lib/gcc/nios2-elf/12.3.1/../../../../../H-x86_64-mingw32/nios2-elf/lib/mno-hw-mul\libc.a(libc_a-stdio.o)
                0x0002d208                __sseek
 .text.__sclose
                0x0002d264        0x8 c:/intelfpga_lite/23.1std/nios2eds/bin/gnu/h-x86_64-mingw32/bin/../lib/gcc/nios2-elf/12.3.1/../../../../../H-x86_64-mingw32/nios2-elf/lib/mno-hw-mul\libc.a(libc_a-stdio.o)
                0x0002d264                __sclose
 .text          0x0002d26c        0x0 c:/intelfpga_lite/23.1std/nios2eds/bin/gnu/h-x86_64-mingw32/bin/../lib/gcc/nios2-elf/12.3.1/../../../../../H-x86_64-mingw32/nios2-elf/lib/mno-hw-mul\libc.a(libc_a-wsetup.o)
 .text.__swsetup_r
                0x0002d26c      0x144 c:/intelfpga_lite/23.1std/nios2eds/bin/gnu/h-x86_64-mingw32/bin/../lib/gcc/nios2-elf/12.3.1/../../../../../H-x86_64-mingw32/nios2-elf/lib/mno-hw-mul\libc.a(libc_a-wsetup.o)
                0x0002d26c                __swsetup_r
 .text          0x0002d3b0        0x0 c:/intelfpga_lite/23.1std/nios2eds/bin/gnu/h-x86_64-mingw32/bin/../lib/gcc/nios2-elf/12.3.1/../../../../../H-x86_64-mingw32/nios2-elf/lib/mno-hw-mul\libc.a(libc_a-memchr.o)
 .text.memchr   0x0002d3b0       0xfc c:/intelfpga_lite/23.1std/nios2eds/bin/gnu/h-x86_64-mingw32/bin/../lib/gcc/nios2-elf/12.3.1/../../../../../H-x86_64-mingw32/nios2-elf/lib/mno-hw-mul\libc.a(libc_a-memchr.o)
                0x0002d3b0                memchr
 .text          0x0002d4ac        0x0 c:/intelfpga_lite/23.1std/nios2eds/bin/gnu/h-x86_64-mingw32/bin/../lib/gcc/nios2-elf/12.3.1/../../../../../H-x86_64-mingw32/nios2-elf/lib/mno-hw-mul\libc.a(libc_a-memmove.o)
 .text.memmove  0x0002d4ac      0x128 c:/intelfpga_lite/23.1std/nios2eds/bin/gnu/h-x86_64-mingw32/bin/../lib/gcc/nios2-elf/12.3.1/../../../../../H-x86_64-mingw32/nios2-elf/lib/mno-hw-mul\libc.a(libc_a-memmove.o)
                0x0002d4ac                memmove
 .text          0x0002d5d4        0x0 c:/intelfpga_lite/23.1std/nios2eds/bin/gnu/h-x86_64-mingw32/bin/../lib/gcc/nios2-elf/12.3.1/../../../../../H-x86_64-mingw32/nios2-elf/lib/mno-hw-mul\libc.a(libc_a-int_errno.o)
 .text          0x0002d5d4        0x0 c:/intelfpga_lite/23.1std/nios2eds/bin/gnu/h-x86_64-mingw32/bin/../lib/gcc/nios2-elf/12.3.1/../../../../../H-x86_64-mingw32/nios2-elf/lib/mno-hw-mul\libc.a(libc_a-closer.o)
 .text._close_r
                0x0002d5d4       0x58 c:/intelfpga_lite/23.1std/nios2eds/bin/gnu/h-x86_64-mingw32/bin/../lib/gcc/nios2-elf/12.3.1/../../../../../H-x86_64-mingw32/nios2-elf/lib/mno-hw-mul\libc.a(libc_a-closer.o)
                0x0002d5d4                _close_r
 .text          0x0002d62c        0x0 c:/intelfpga_lite/23.1std/nios2eds/bin/gnu/h-x86_64-mingw32/bin/../lib/gcc/nios2-elf/12.3.1/../../../../../H-x86_64-mingw32/nios2-elf/lib/mno-hw-mul\libc.a(libc_a-lseekr.o)
 .text._lseek_r
                0x0002d62c       0x64 c:/intelfpga_lite/23.1std/nios2eds/bin/gnu/h-x86_64-mingw32/bin/../lib/gcc/nios2-elf/12.3.1/../../../../../H-x86_64-mingw32/nios2-elf/lib/mno-hw-mul\libc.a(libc_a-lseekr.o)
                0x0002d62c                _lseek_r
 .text          0x0002d690        0x0 c:/intelfpga_lite/23.1std/nios2eds/bin/gnu/h-x86_64-mingw32/bin/../lib/gcc/nios2-elf/12.3.1/../../../../../H-x86_64-mingw32/nios2-elf/lib/mno-hw-mul\libc.a(libc_a-readr.o)
 .text._read_r  0x0002d690       0x64 c:/intelfpga_lite/23.1std/nios2eds/bin/gnu/h-x86_64-mingw32/bin/../lib/gcc/nios2-elf/12.3.1/../../../../../H-x86_64-mingw32/nios2-elf/lib/mno-hw-mul\libc.a(libc_a-readr.o)
                0x0002d690                _read_r
 .text          0x0002d6f4        0x0 c:/intelfpga_lite/23.1std/nios2eds/bin/gnu/h-x86_64-mingw32/bin/../lib/gcc/nios2-elf/12.3.1/../../../../../H-x86_64-mingw32/nios2-elf/lib/mno-hw-mul\libc.a(libc_a-writer.o)
 .text._write_r
                0x0002d6f4       0x64 c:/intelfpga_lite/23.1std/nios2eds/bin/gnu/h-x86_64-mingw32/bin/../lib/gcc/nios2-elf/12.3.1/../../../../../H-x86_64-mingw32/nios2-elf/lib/mno-hw-mul\libc.a(libc_a-writer.o)
                0x0002d6f4                _write_r
 .text          0x0002d758        0x0 c:/intelfpga_lite/23.1std/nios2eds/bin/gnu/h-x86_64-mingw32/bin/../lib/gcc/nios2-elf/12.3.1/../../../../../H-x86_64-mingw32/nios2-elf/lib/mno-hw-mul\libc.a(libc_a-exit.o)
 .text.exit     0x0002d758       0x30 c:/intelfpga_lite/23.1std/nios2eds/bin/gnu/h-x86_64-mingw32/bin/../lib/gcc/nios2-elf/12.3.1/../../../../../H-x86_64-mingw32/nios2-elf/lib/mno-hw-mul\libc.a(libc_a-exit.o)
                0x0002d758                exit
 .text          0x0002d788        0x0 c:/intelfpga_lite/23.1std/nios2eds/bin/gnu/h-x86_64-mingw32/bin/../lib/gcc/nios2-elf/12.3.1/../../../../../H-x86_64-mingw32/nios2-elf/lib/mno-hw-mul\libc.a(libc_a-reallocr.o)
 .text._realloc_r
                0x0002d788      0x5ec c:/intelfpga_lite/23.1std/nios2eds/bin/gnu/h-x86_64-mingw32/bin/../lib/gcc/nios2-elf/12.3.1/../../../../../H-x86_64-mingw32/nios2-elf/lib/mno-hw-mul\libc.a(libc_a-reallocr.o)
                0x0002d788                _realloc_r
 .text          0x0002dd74        0x0 c:/intelfpga_lite/23.1std/nios2eds/bin/gnu/h-x86_64-mingw32/bin/../lib/gcc/nios2-elf/12.3.1/../../../../../H-x86_64-mingw32/nios2-elf/lib/mno-hw-mul\libc.a(libc_a-fclose.o)
 .text._fclose_r
                0x0002dd74       0xf0 c:/intelfpga_lite/23.1std/nios2eds/bin/gnu/h-x86_64-mingw32/bin/../lib/gcc/nios2-elf/12.3.1/../../../../../H-x86_64-mingw32/nios2-elf/lib/mno-hw-mul\libc.a(libc_a-fclose.o)
                0x0002dd74                _fclose_r
 .text.fclose   0x0002de64       0x10 c:/intelfpga_lite/23.1std/nios2eds/bin/gnu/h-x86_64-mingw32/bin/../lib/gcc/nios2-elf/12.3.1/../../../../../H-x86_64-mingw32/nios2-elf/lib/mno-hw-mul\libc.a(libc_a-fclose.o)
                0x0002de64                fclose
 .text          0x0002de74        0x0 c:/intelfpga_lite/23.1std/nios2eds/bin/gnu/h-x86_64-mingw32/bin/../lib/gcc/nios2-elf/12.3.1/../../../../../H-x86_64-mingw32/nios2-elf/lib/mno-hw-mul\libc.a(libc_a-fflush.o)
 .text.__sflush_r
                0x0002de74      0x208 c:/intelfpga_lite/23.1std/nios2eds/bin/gnu/h-x86_64-mingw32/bin/../lib/gcc/nios2-elf/12.3.1/../../../../../H-x86_64-mingw32/nios2-elf/lib/mno-hw-mul\libc.a(libc_a-fflush.o)
                0x0002de74                __sflush_r
 .text._fflush_r
                0x0002e07c       0x5c c:/intelfpga_lite/23.1std/nios2eds/bin/gnu/h-x86_64-mingw32/bin/../lib/gcc/nios2-elf/12.3.1/../../../../../H-x86_64-mingw32/nios2-elf/lib/mno-hw-mul\libc.a(libc_a-fflush.o)
                0x0002e07c                _fflush_r
 .text.fflush   0x0002e0d8       0x8c c:/intelfpga_lite/23.1std/nios2eds/bin/gnu/h-x86_64-mingw32/bin/../lib/gcc/nios2-elf/12.3.1/../../../../../H-x86_64-mingw32/nios2-elf/lib/mno-hw-mul\libc.a(libc_a-fflush.o)
                0x0002e0d8                fflush
 .text          0x0002e164        0x0 c:/intelfpga_lite/23.1std/nios2eds/bin/gnu/h-x86_64-mingw32/bin/../lib/gcc/nios2-elf/12.3.1/../../../../../H-x86_64-mingw32/nios2-elf/lib/mno-hw-mul\libc.a(libc_a-makebuf.o)
 .text.__smakebuf_r
                0x0002e164      0x1a8 c:/intelfpga_lite/23.1std/nios2eds/bin/gnu/h-x86_64-mingw32/bin/../lib/gcc/nios2-elf/12.3.1/../../../../../H-x86_64-mingw32/nios2-elf/lib/mno-hw-mul\libc.a(libc_a-makebuf.o)
                0x0002e164                __smakebuf_r
 .text.__swhatbuf_r
                0x0002e30c       0x8c c:/intelfpga_lite/23.1std/nios2eds/bin/gnu/h-x86_64-mingw32/bin/../lib/gcc/nios2-elf/12.3.1/../../../../../H-x86_64-mingw32/nios2-elf/lib/mno-hw-mul\libc.a(libc_a-makebuf.o)
                0x0002e30c                __swhatbuf_r
 .text          0x0002e398        0x0 c:/intelfpga_lite/23.1std/nios2eds/bin/gnu/h-x86_64-mingw32/bin/../lib/gcc/nios2-elf/12.3.1/../../../../../H-x86_64-mingw32/nios2-elf/lib/mno-hw-mul\libc.a(libc_a-fstatr.o)
 .text._fstat_r
                0x0002e398       0x60 c:/intelfpga_lite/23.1std/nios2eds/bin/gnu/h-x86_64-mingw32/bin/../lib/gcc/nios2-elf/12.3.1/../../../../../H-x86_64-mingw32/nios2-elf/lib/mno-hw-mul\libc.a(libc_a-fstatr.o)
                0x0002e398                _fstat_r
 .text          0x0002e3f8        0x0 c:/intelfpga_lite/23.1std/nios2eds/bin/gnu/h-x86_64-mingw32/bin/../lib/gcc/nios2-elf/12.3.1/../../../../../H-x86_64-mingw32/nios2-elf/lib/mno-hw-mul\libc.a(libc_a-isattyr.o)
 .text._isatty_r
                0x0002e3f8       0x58 c:/intelfpga_lite/23.1std/nios2eds/bin/gnu/h-x86_64-mingw32/bin/../lib/gcc/nios2-elf/12.3.1/../../../../../H-x86_64-mingw32/nios2-elf/lib/mno-hw-mul\libc.a(libc_a-isattyr.o)
                0x0002e3f8                _isatty_r
 .text          0x0002e450        0x0 c:/intelfpga_lite/23.1std/nios2eds/bin/gnu/h-x86_64-mingw32/bin/../lib/gcc/nios2-elf/12.3.1/../../../../../H-x86_64-mingw32/nios2-elf/lib/mno-hw-mul\libc.a(libc_a-__call_atexit.o)
 .text.__call_exitprocs
                0x0002e450      0x118 c:/intelfpga_lite/23.1std/nios2eds/bin/gnu/h-x86_64-mingw32/bin/../lib/gcc/nios2-elf/12.3.1/../../../../../H-x86_64-mingw32/nios2-elf/lib/mno-hw-mul\libc.a(libc_a-__call_atexit.o)
                0x0002e450                __call_exitprocs
 .text          0x0002e568      0x118 c:/Users/guan-ming.dennis-won/Documents/Code/SPI_4_Wire_Serial_Intel_FPGA_IP/software/NIOS_Project_bsp/\libhal_bsp.a(alt_close.o)
                0x0002e5a4                close
 .text          0x0002e680       0x2c c:/Users/guan-ming.dennis-won/Documents/Code/SPI_4_Wire_Serial_Intel_FPGA_IP/software/NIOS_Project_bsp/\libhal_bsp.a(alt_dev.o)
 .text          0x0002e6ac        0x0 c:/Users/guan-ming.dennis-won/Documents/Code/SPI_4_Wire_Serial_Intel_FPGA_IP/software/NIOS_Project_bsp/\libhal_bsp.a(alt_errno.o)
 .text          0x0002e6ac       0x3c c:/Users/guan-ming.dennis-won/Documents/Code/SPI_4_Wire_Serial_Intel_FPGA_IP/software/NIOS_Project_bsp/\libhal_bsp.a(alt_exit.o)
                0x0002e6ac                _exit
 .text          0x0002e6e8       0xf8 c:/Users/guan-ming.dennis-won/Documents/Code/SPI_4_Wire_Serial_Intel_FPGA_IP/software/NIOS_Project_bsp/\libhal_bsp.a(alt_fstat.o)
                0x0002e724                fstat
 .text          0x0002e7e0       0xec c:/Users/guan-ming.dennis-won/Documents/Code/SPI_4_Wire_Serial_Intel_FPGA_IP/software/NIOS_Project_bsp/\libhal_bsp.a(alt_isatty.o)
                0x0002e81c                isatty
 .text          0x0002e8cc       0xec c:/Users/guan-ming.dennis-won/Documents/Code/SPI_4_Wire_Serial_Intel_FPGA_IP/software/NIOS_Project_bsp/\libhal_bsp.a(alt_load.o)
                0x0002e934                alt_load
 .text          0x0002e9b8      0x11c c:/Users/guan-ming.dennis-won/Documents/Code/SPI_4_Wire_Serial_Intel_FPGA_IP/software/NIOS_Project_bsp/\libhal_bsp.a(alt_lseek.o)
                0x0002e9f4                lseek
 .text          0x0002ead4       0x7c c:/Users/guan-ming.dennis-won/Documents/Code/SPI_4_Wire_Serial_Intel_FPGA_IP/software/NIOS_Project_bsp/\libhal_bsp.a(alt_main.o)
                0x0002ead4                alt_main
 .text          0x0002eb50       0x48 c:/Users/guan-ming.dennis-won/Documents/Code/SPI_4_Wire_Serial_Intel_FPGA_IP/software/NIOS_Project_bsp/\libhal_bsp.a(alt_malloc_lock.o)
                0x0002eb50                __malloc_lock
                0x0002eb74                __malloc_unlock
 .text          0x0002eb98      0x144 c:/Users/guan-ming.dennis-won/Documents/Code/SPI_4_Wire_Serial_Intel_FPGA_IP/software/NIOS_Project_bsp/\libhal_bsp.a(alt_read.o)
                0x0002ebd4                read
 .text          0x0002ecdc       0x70 c:/Users/guan-ming.dennis-won/Documents/Code/SPI_4_Wire_Serial_Intel_FPGA_IP/software/NIOS_Project_bsp/\libhal_bsp.a(alt_release_fd.o)
                0x0002ecdc                alt_release_fd
 .text          0x0002ed4c       0xb8 c:/Users/guan-ming.dennis-won/Documents/Code/SPI_4_Wire_Serial_Intel_FPGA_IP/software/NIOS_Project_bsp/\libhal_bsp.a(alt_sbrk.o)
                0x0002ed4c                sbrk
 .text          0x0002ee04       0x30 c:/Users/guan-ming.dennis-won/Documents/Code/SPI_4_Wire_Serial_Intel_FPGA_IP/software/NIOS_Project_bsp/\libhal_bsp.a(alt_usleep.o)
                0x0002ee04                usleep
 .text          0x0002ee34      0x140 c:/Users/guan-ming.dennis-won/Documents/Code/SPI_4_Wire_Serial_Intel_FPGA_IP/software/NIOS_Project_bsp/\libhal_bsp.a(alt_write.o)
                0x0002ee70                write
 .text          0x0002ef74       0xc0 c:/Users/guan-ming.dennis-won/Documents/Code/SPI_4_Wire_Serial_Intel_FPGA_IP/software/NIOS_Project_bsp/\libhal_bsp.a(alt_sys_init.o)
                0x0002efa8                alt_irq_init
                0x0002efe4                alt_sys_init
 .text          0x0002f034      0x164 c:/Users/guan-ming.dennis-won/Documents/Code/SPI_4_Wire_Serial_Intel_FPGA_IP/software/NIOS_Project_bsp/\libhal_bsp.a(altera_avalon_jtag_uart_fd.o)
                0x0002f034                altera_avalon_jtag_uart_read_fd
                0x0002f094                altera_avalon_jtag_uart_write_fd
                0x0002f0f4                altera_avalon_jtag_uart_close_fd
                0x0002f144                altera_avalon_jtag_uart_ioctl_fd
 .text          0x0002f198      0x3e4 c:/Users/guan-ming.dennis-won/Documents/Code/SPI_4_Wire_Serial_Intel_FPGA_IP/software/NIOS_Project_bsp/\libhal_bsp.a(altera_avalon_jtag_uart_init.o)
                0x0002f198                altera_avalon_jtag_uart_init
                0x0002f514                altera_avalon_jtag_uart_close
 .text          0x0002f57c       0xf4 c:/Users/guan-ming.dennis-won/Documents/Code/SPI_4_Wire_Serial_Intel_FPGA_IP/software/NIOS_Project_bsp/\libhal_bsp.a(altera_avalon_jtag_uart_ioctl.o)
                0x0002f57c                altera_avalon_jtag_uart_ioctl
 .text          0x0002f670      0x220 c:/Users/guan-ming.dennis-won/Documents/Code/SPI_4_Wire_Serial_Intel_FPGA_IP/software/NIOS_Project_bsp/\libhal_bsp.a(altera_avalon_jtag_uart_read.o)
                0x0002f670                altera_avalon_jtag_uart_read
 .text          0x0002f890      0x228 c:/Users/guan-ming.dennis-won/Documents/Code/SPI_4_Wire_Serial_Intel_FPGA_IP/software/NIOS_Project_bsp/\libhal_bsp.a(altera_avalon_jtag_uart_write.o)
                0x0002f890                altera_avalon_jtag_uart_write
 .text          0x0002fab8      0x208 c:/Users/guan-ming.dennis-won/Documents/Code/SPI_4_Wire_Serial_Intel_FPGA_IP/software/NIOS_Project_bsp/\libhal_bsp.a(altera_avalon_spi.o)
                0x0002fab8                alt_avalon_spi_command
 .text          0x0002fcc0      0x160 c:/Users/guan-ming.dennis-won/Documents/Code/SPI_4_Wire_Serial_Intel_FPGA_IP/software/NIOS_Project_bsp/\libhal_bsp.a(alt_alarm_start.o)
                0x0002fcc0                alt_alarm_start
 .text          0x0002fe20      0x158 c:/Users/guan-ming.dennis-won/Documents/Code/SPI_4_Wire_Serial_Intel_FPGA_IP/software/NIOS_Project_bsp/\libhal_bsp.a(alt_busy_sleep.o)
                0x0002fe20                alt_busy_sleep
 .text          0x0002ff78       0x20 c:/Users/guan-ming.dennis-won/Documents/Code/SPI_4_Wire_Serial_Intel_FPGA_IP/software/NIOS_Project_bsp/\libhal_bsp.a(alt_dcache_flush_all.o)
                0x0002ff78                alt_dcache_flush_all
 .text          0x0002ff98       0xe4 c:/Users/guan-ming.dennis-won/Documents/Code/SPI_4_Wire_Serial_Intel_FPGA_IP/software/NIOS_Project_bsp/\libhal_bsp.a(alt_dev_llist_insert.o)
                0x0002ffd4                alt_dev_llist_insert
 .text          0x0003007c       0x64 c:/Users/guan-ming.dennis-won/Documents/Code/SPI_4_Wire_Serial_Intel_FPGA_IP/software/NIOS_Project_bsp/\libhal_bsp.a(alt_do_ctors.o)
                0x0003007c                _do_ctors
 .text          0x000300e0       0x64 c:/Users/guan-ming.dennis-won/Documents/Code/SPI_4_Wire_Serial_Intel_FPGA_IP/software/NIOS_Project_bsp/\libhal_bsp.a(alt_do_dtors.o)
                0x000300e0                _do_dtors
 .text          0x00030144       0x20 c:/Users/guan-ming.dennis-won/Documents/Code/SPI_4_Wire_Serial_Intel_FPGA_IP/software/NIOS_Project_bsp/\libhal_bsp.a(alt_icache_flush_all.o)
                0x00030144                alt_icache_flush_all
 .text          0x00030164      0x1b0 c:/Users/guan-ming.dennis-won/Documents/Code/SPI_4_Wire_Serial_Intel_FPGA_IP/software/NIOS_Project_bsp/\libhal_bsp.a(alt_iic.o)
                0x00030164                alt_ic_isr_register
                0x000301b4                alt_ic_irq_enable
                0x0003023c                alt_ic_irq_disable
                0x000302c8                alt_ic_irq_enabled
 .text          0x00030314       0xe8 c:/Users/guan-ming.dennis-won/Documents/Code/SPI_4_Wire_Serial_Intel_FPGA_IP/software/NIOS_Project_bsp/\libhal_bsp.a(alt_iic_isr_register.o)
                0x00030314                alt_iic_isr_register
 .text          0x000303fc      0x150 c:/Users/guan-ming.dennis-won/Documents/Code/SPI_4_Wire_Serial_Intel_FPGA_IP/software/NIOS_Project_bsp/\libhal_bsp.a(alt_io_redirect.o)
                0x000304d0                alt_io_redirect
 .text          0x0003054c        0x0 c:/Users/guan-ming.dennis-won/Documents/Code/SPI_4_Wire_Serial_Intel_FPGA_IP/software/NIOS_Project_bsp/\libhal_bsp.a(alt_irq_entry.o)
 .text          0x0003054c        0x0 c:/Users/guan-ming.dennis-won/Documents/Code/SPI_4_Wire_Serial_Intel_FPGA_IP/software/NIOS_Project_bsp/\libhal_bsp.a(alt_irq_handler.o)
 .text          0x0003054c        0x0 c:/Users/guan-ming.dennis-won/Documents/Code/SPI_4_Wire_Serial_Intel_FPGA_IP/software/NIOS_Project_bsp/\libhal_bsp.a(alt_irq_vars.o)
 .text          0x0003054c      0x278 c:/Users/guan-ming.dennis-won/Documents/Code/SPI_4_Wire_Serial_Intel_FPGA_IP/software/NIOS_Project_bsp/\libhal_bsp.a(alt_open.o)
                0x00030664                open
 .text          0x000307c4      0x1d0 c:/Users/guan-ming.dennis-won/Documents/Code/SPI_4_Wire_Serial_Intel_FPGA_IP/software/NIOS_Project_bsp/\libhal_bsp.a(alt_tick.o)
                0x000307c4                alt_alarm_stop
                0x00030868                alt_tick
 .text          0x00030994       0x24 c:/Users/guan-ming.dennis-won/Documents/Code/SPI_4_Wire_Serial_Intel_FPGA_IP/software/NIOS_Project_bsp/\libhal_bsp.a(altera_nios2_gen2_irq.o)
                0x00030994                altera_nios2_gen2_irq_init
 .text          0x000309b8        0x0 c:/Users/guan-ming.dennis-won/Documents/Code/SPI_4_Wire_Serial_Intel_FPGA_IP/software/NIOS_Project_bsp/\libhal_bsp.a(alt_exception_entry.o)
 .text          0x000309b8       0x90 c:/Users/guan-ming.dennis-won/Documents/Code/SPI_4_Wire_Serial_Intel_FPGA_IP/software/NIOS_Project_bsp/\libhal_bsp.a(alt_find_dev.o)
                0x000309b8                alt_find_dev
 .text          0x00030a48      0x108 c:/Users/guan-ming.dennis-won/Documents/Code/SPI_4_Wire_Serial_Intel_FPGA_IP/software/NIOS_Project_bsp/\libhal_bsp.a(alt_find_file.o)
                0x00030a48                alt_find_file
 .text          0x00030b50       0xb8 c:/Users/guan-ming.dennis-won/Documents/Code/SPI_4_Wire_Serial_Intel_FPGA_IP/software/NIOS_Project_bsp/\libhal_bsp.a(alt_get_fd.o)
                0x00030b50                alt_get_fd
 .text          0x00030c08       0x74 c:/Users/guan-ming.dennis-won/Documents/Code/SPI_4_Wire_Serial_Intel_FPGA_IP/software/NIOS_Project_bsp/\libhal_bsp.a(alt_instruction_exception_entry.o)
                0x00030c08                alt_exception_cause_generated_bad_addr
 .text          0x00030c7c        0x0 c:/intelfpga_lite/23.1std/nios2eds/bin/gnu/h-x86_64-mingw32/bin/../lib/gcc/nios2-elf/12.3.1/../../../../../H-x86_64-mingw32/nios2-elf/lib/mno-hw-mul\libc.a(libc_a-atexit.o)
 .text.atexit   0x00030c7c       0x14 c:/intelfpga_lite/23.1std/nios2eds/bin/gnu/h-x86_64-mingw32/bin/../lib/gcc/nios2-elf/12.3.1/../../../../../H-x86_64-mingw32/nios2-elf/lib/mno-hw-mul\libc.a(libc_a-atexit.o)
                0x00030c7c                atexit
 .text          0x00030c90        0x0 c:/intelfpga_lite/23.1std/nios2eds/bin/gnu/h-x86_64-mingw32/bin/../lib/gcc/nios2-elf/12.3.1/../../../../../H-x86_64-mingw32/nios2-elf/lib/mno-hw-mul\libc.a(libc_a-memcmp.o)
 .text.memcmp   0x00030c90       0x78 c:/intelfpga_lite/23.1std/nios2eds/bin/gnu/h-x86_64-mingw32/bin/../lib/gcc/nios2-elf/12.3.1/../../../../../H-x86_64-mingw32/nios2-elf/lib/mno-hw-mul\libc.a(libc_a-memcmp.o)
                0x00030c90                memcmp
 .text          0x00030d08        0x0 c:/intelfpga_lite/23.1std/nios2eds/bin/gnu/h-x86_64-mingw32/bin/../lib/gcc/nios2-elf/12.3.1/../../../../../H-x86_64-mingw32/nios2-elf/lib/mno-hw-mul\libc.a(libc_a-__atexit.o)
 .text.__register_exitproc
                0x00030d08       0x94 c:/intelfpga_lite/23.1std/nios2eds/bin/gnu/h-x86_64-mingw32/bin/../lib/gcc/nios2-elf/12.3.1/../../../../../H-x86_64-mingw32/nios2-elf/lib/mno-hw-mul\libc.a(libc_a-__atexit.o)
                0x00030d08                __register_exitproc
 *(.gnu.warning.*)
 *(.fini)
                [!provide]                        PROVIDE (__etext = ABSOLUTE (.))
                [!provide]                        PROVIDE (_etext = ABSOLUTE (.))
                [!provide]                        PROVIDE (etext = ABSOLUTE (.))
 *(.eh_frame_hdr)
                0x00030d9c                        . = ALIGN (0x4)
                [!provide]                        PROVIDE (__preinit_array_start = ABSOLUTE (.))
 *(.preinit_array)
                [!provide]                        PROVIDE (__preinit_array_end = ABSOLUTE (.))
                [!provide]                        PROVIDE (__init_array_start = ABSOLUTE (.))
 *(SORT_BY_INIT_PRIORITY(.init_array.*))
 *(.init_array)
                [!provide]                        PROVIDE (__init_array_end = ABSOLUTE (.))
                [!provide]                        PROVIDE (__fini_array_start = ABSOLUTE (.))
 *(.fini_array)
                [!provide]                        PROVIDE (__fini_array_end = ABSOLUTE (.))
 *(.eh_frame)
 *(.gcc_except_table .gcc_except_table.*)
 *(.dynamic)
                0x00030d9c                        PROVIDE (__CTOR_LIST__ = ABSOLUTE (.))
 *(.ctors)
 *(SORT_BY_NAME(.ctors.*))
                0x00030d9c                        PROVIDE (__CTOR_END__ = ABSOLUTE (.))
                0x00030d9c                        PROVIDE (__DTOR_LIST__ = ABSOLUTE (.))
 *(.dtors)
 *(SORT_BY_NAME(.dtors.*))
                0x00030d9c                        PROVIDE (__DTOR_END__ = ABSOLUTE (.))
 *(.jcr)
                0x00030d9c                        . = ALIGN (0x4)

.rodata         0x00030d9c      0x6cc
                0x00030d9c                        PROVIDE (__ram_rodata_start = ABSOLUTE (.))
                0x00030d9c                        . = ALIGN (0x4)
 *(.rodata .rodata.* .gnu.linkonce.r.*)
 .rodata        0x00030d9c       0x14 obj/default/hello_world.o
 .rodata        0x00030db0      0x5f7 obj/default/imported_source/coeappl.o
                0x00030db0                asEntryDesc0x1600
                0x00030dbc                aName0x1600
                0x00030dec                asEntryDesc0x1A00
                0x00030df8                aName0x1A00
                0x00030e28                asEntryDesc0x1C12
                0x00030e34                aName0x1C12
                0x00030e50                asEntryDesc0x1C13
                0x00030e5c                aName0x1C13
                0x00030e78                asEntryDesc0x6000
                0x00030e84                aName0x6000
                0x00030e9e                asEntryDesc0x7000
                0x00030eac                aName0x7000
                0x00030ec8                asEntryDesc0x8000
                0x00030edc                aName0x8000
                0x00030f0e                asEntryDesc0x8008
                0x00030f28                aName0x8008
                0x00030f80                aName0x1000
                0x00030f8c                aName0x1001
                0x00030f9c                aName0x1008
                0x00030fa8                aName0x1009
                0x00030fc8                aName0x100A
                0x00030fe6                asEntryDesc0x1018
                0x00031004                aName0x1018
                0x0003104c                asEntryDesc0x10F1
                0x00031060                aName0x10F1
                0x000310a0                aName0x10F8
                0x000310b4                asEntryDesc0x1C00
                0x000310c0                aName0x1C00
                0x000310d2                asEntryDesc0x1C3x
                0x00031198                aName0x1C32
                0x000312a0                aName0x1C33
 *fill*         0x000313a7        0x1 
 .rodata        0x000313a8       0x20 obj/default/imported_source/objdef.o
                0x000313a8                cBitMask
 .rodata        0x000313c8       0x78 obj/default/imported_source/sdoserv.o
                0x000313c8                cAbortCode
 .rodata._puts_r.str1.4
                0x00031440        0x2 c:/intelfpga_lite/23.1std/nios2eds/bin/gnu/h-x86_64-mingw32/bin/../lib/gcc/nios2-elf/12.3.1/../../../../../H-x86_64-mingw32/nios2-elf/lib/mno-hw-mul\libc.a(libc_a-puts.o)
 *fill*         0x00031442        0x2 
 .rodata        0x00031444        0xa c:/Users/guan-ming.dennis-won/Documents/Code/SPI_4_Wire_Serial_Intel_FPGA_IP/software/NIOS_Project_bsp/\libhal_bsp.a(alt_dev.o)
 *fill*         0x0003144e        0x2 
 .rodata        0x00031450        0xb c:/Users/guan-ming.dennis-won/Documents/Code/SPI_4_Wire_Serial_Intel_FPGA_IP/software/NIOS_Project_bsp/\libhal_bsp.a(alt_main.o)
 *fill*         0x0003145b        0x1 
 .rodata        0x0003145c        0xb c:/Users/guan-ming.dennis-won/Documents/Code/SPI_4_Wire_Serial_Intel_FPGA_IP/software/NIOS_Project_bsp/\libhal_bsp.a(alt_sys_init.o)
 *(.rodata1)
                0x00031468                        . = ALIGN (0x4)
 *fill*         0x00031467        0x1 
                0x00031468                        PROVIDE (__ram_rodata_end = ABSOLUTE (.))
                0x00030d9c                        PROVIDE (__flash_rodata_start = LOADADDR (.rodata))

.rwdata         0x00031468     0x1b68 load address 0x00032fd0
                0x00031468                        PROVIDE (__ram_rwdata_start = ABSOLUTE (.))
                0x00031468                        . = ALIGN (0x4)
 *(.got.plt)
 *(.got)
 *(.data1)
 *(.data .data.* .gnu.linkonce.d.*)
 .data          0x00031468        0x0 c:/Users/guan-ming.dennis-won/Documents/Code/SPI_4_Wire_Serial_Intel_FPGA_IP/software/NIOS_Project_bsp//obj/HAL/src/crt0.o
 .data          0x00031468        0x0 obj/default/hello_world.o
 .data          0x00031468       0x18 obj/default/imported_source/ViCAT_LSC.o
                0x00031468                MLParameterSetting0x8000
                0x00031474                ADCParameterSetting0x8008
 .data          0x00031480        0x0 obj/default/imported_source/ax58100_hw.o
 .data          0x00031480        0x0 obj/default/imported_source/bootmode.o
 .data          0x00031480      0x368 obj/default/imported_source/coeappl.o
                0x00031480                ApplicationObjDic
                0x000315e8                acDevicename
                0x000315f4                sIdentity
                0x00031608                GenObjDic
 .data          0x000317e8        0x0 obj/default/imported_source/ecatappl.o
 .data          0x000317e8        0x0 obj/default/imported_source/ecatcoe.o
 .data          0x000317e8        0x0 obj/default/imported_source/ecatfoe.o
 .data          0x000317e8        0x0 obj/default/imported_source/ecatslv.o
 .data          0x000317e8        0x0 obj/default/imported_source/foeappl.o
 .data          0x000317e8        0x0 obj/default/imported_source/mailbox.o
 .data          0x000317e8       0x19 obj/default/imported_source/objdef.o
                0x000317e8                sErrorSettings
                0x000317f4                aSubindexDesc
 .data          0x00031801        0x0 obj/default/imported_source/sdoserv.o
 .data          0x00031801        0x0 obj/default/peripheral/peripheral_linker.o
 .data          0x00031801        0x0 c:/intelfpga_lite/23.1std/nios2eds/bin/gnu/h-x86_64-mingw32/bin/../lib/gcc/nios2-elf/12.3.1/mno-hw-mul\libgcc.a(lib2-divmod.o)
 .data          0x00031801        0x0 c:/intelfpga_lite/23.1std/nios2eds/bin/gnu/h-x86_64-mingw32/bin/../lib/gcc/nios2-elf/12.3.1/mno-hw-mul\libgcc.a(lib2-mul.o)
 .data          0x00031801        0x0 c:/intelfpga_lite/23.1std/nios2eds/bin/gnu/h-x86_64-mingw32/bin/../lib/gcc/nios2-elf/12.3.1/../../../../../H-x86_64-mingw32/nios2-elf/lib/mno-hw-mul\libc.a(libc_a-malloc.o)
 .data          0x00031801        0x0 c:/intelfpga_lite/23.1std/nios2eds/bin/gnu/h-x86_64-mingw32/bin/../lib/gcc/nios2-elf/12.3.1/../../../../../H-x86_64-mingw32/nios2-elf/lib/mno-hw-mul\libc.a(libc_a-mallocr.o)
 *fill*         0x00031801        0x3 
 .data.__malloc_av_
                0x00031804      0x408 c:/intelfpga_lite/23.1std/nios2eds/bin/gnu/h-x86_64-mingw32/bin/../lib/gcc/nios2-elf/12.3.1/../../../../../H-x86_64-mingw32/nios2-elf/lib/mno-hw-mul\libc.a(libc_a-mallocr.o)
                0x00031804                __malloc_av_
 .data          0x00031c0c        0x0 c:/intelfpga_lite/23.1std/nios2eds/bin/gnu/h-x86_64-mingw32/bin/../lib/gcc/nios2-elf/12.3.1/../../../../../H-x86_64-mingw32/nios2-elf/lib/mno-hw-mul\libc.a(libc_a-puts.o)
 .data          0x00031c0c        0x0 c:/intelfpga_lite/23.1std/nios2eds/bin/gnu/h-x86_64-mingw32/bin/../lib/gcc/nios2-elf/12.3.1/../../../../../H-x86_64-mingw32/nios2-elf/lib/mno-hw-mul\libc.a(libc_a-memcpy.o)
 .data          0x00031c0c        0x0 c:/intelfpga_lite/23.1std/nios2eds/bin/gnu/h-x86_64-mingw32/bin/../lib/gcc/nios2-elf/12.3.1/../../../../../H-x86_64-mingw32/nios2-elf/lib/mno-hw-mul\libc.a(libc_a-memset.o)
 .data          0x00031c0c        0x0 c:/intelfpga_lite/23.1std/nios2eds/bin/gnu/h-x86_64-mingw32/bin/../lib/gcc/nios2-elf/12.3.1/../../../../../H-x86_64-mingw32/nios2-elf/lib/mno-hw-mul\libc.a(libc_a-strlen.o)
 .data          0x00031c0c        0x0 c:/intelfpga_lite/23.1std/nios2eds/bin/gnu/h-x86_64-mingw32/bin/../lib/gcc/nios2-elf/12.3.1/../../../../../H-x86_64-mingw32/nios2-elf/lib/mno-hw-mul\libc.a(libc_a-impure.o)
 .data._impure_data
                0x00031c0c      0x11c c:/intelfpga_lite/23.1std/nios2eds/bin/gnu/h-x86_64-mingw32/bin/../lib/gcc/nios2-elf/12.3.1/../../../../../H-x86_64-mingw32/nios2-elf/lib/mno-hw-mul\libc.a(libc_a-impure.o)
                0x00031c0c                _impure_data
 .data          0x00031d28        0x0 c:/intelfpga_lite/23.1std/nios2eds/bin/gnu/h-x86_64-mingw32/bin/../lib/gcc/nios2-elf/12.3.1/../../../../../H-x86_64-mingw32/nios2-elf/lib/mno-hw-mul\libc.a(libc_a-sbrkr.o)
 .data          0x00031d28        0x0 c:/intelfpga_lite/23.1std/nios2eds/bin/gnu/h-x86_64-mingw32/bin/../lib/gcc/nios2-elf/12.3.1/../../../../../H-x86_64-mingw32/nios2-elf/lib/mno-hw-mul\libc.a(libc_a-freer.o)
 .data          0x00031d28        0x0 c:/intelfpga_lite/23.1std/nios2eds/bin/gnu/h-x86_64-mingw32/bin/../lib/gcc/nios2-elf/12.3.1/../../../../../H-x86_64-mingw32/nios2-elf/lib/mno-hw-mul\libc.a(libc_a-findfp.o)
 .data.__sglue  0x00031d28        0xc c:/intelfpga_lite/23.1std/nios2eds/bin/gnu/h-x86_64-mingw32/bin/../lib/gcc/nios2-elf/12.3.1/../../../../../H-x86_64-mingw32/nios2-elf/lib/mno-hw-mul\libc.a(libc_a-findfp.o)
                0x00031d28                __sglue
 .data          0x00031d34        0x0 c:/intelfpga_lite/23.1std/nios2eds/bin/gnu/h-x86_64-mingw32/bin/../lib/gcc/nios2-elf/12.3.1/../../../../../H-x86_64-mingw32/nios2-elf/lib/mno-hw-mul\libc.a(libc_a-fvwrite.o)
 .data          0x00031d34        0x0 c:/intelfpga_lite/23.1std/nios2eds/bin/gnu/h-x86_64-mingw32/bin/../lib/gcc/nios2-elf/12.3.1/../../../../../H-x86_64-mingw32/nios2-elf/lib/mno-hw-mul\libc.a(libc_a-fwalk.o)
 .data          0x00031d34        0x0 c:/intelfpga_lite/23.1std/nios2eds/bin/gnu/h-x86_64-mingw32/bin/../lib/gcc/nios2-elf/12.3.1/../../../../../H-x86_64-mingw32/nios2-elf/lib/mno-hw-mul\libc.a(libc_a-stdio.o)
 .data          0x00031d34        0x0 c:/intelfpga_lite/23.1std/nios2eds/bin/gnu/h-x86_64-mingw32/bin/../lib/gcc/nios2-elf/12.3.1/../../../../../H-x86_64-mingw32/nios2-elf/lib/mno-hw-mul\libc.a(libc_a-wsetup.o)
 .data          0x00031d34        0x0 c:/intelfpga_lite/23.1std/nios2eds/bin/gnu/h-x86_64-mingw32/bin/../lib/gcc/nios2-elf/12.3.1/../../../../../H-x86_64-mingw32/nios2-elf/lib/mno-hw-mul\libc.a(libc_a-memchr.o)
 .data          0x00031d34        0x0 c:/intelfpga_lite/23.1std/nios2eds/bin/gnu/h-x86_64-mingw32/bin/../lib/gcc/nios2-elf/12.3.1/../../../../../H-x86_64-mingw32/nios2-elf/lib/mno-hw-mul\libc.a(libc_a-memmove.o)
 .data          0x00031d34        0x0 c:/intelfpga_lite/23.1std/nios2eds/bin/gnu/h-x86_64-mingw32/bin/../lib/gcc/nios2-elf/12.3.1/../../../../../H-x86_64-mingw32/nios2-elf/lib/mno-hw-mul\libc.a(libc_a-int_errno.o)
 .data          0x00031d34        0x0 c:/intelfpga_lite/23.1std/nios2eds/bin/gnu/h-x86_64-mingw32/bin/../lib/gcc/nios2-elf/12.3.1/../../../../../H-x86_64-mingw32/nios2-elf/lib/mno-hw-mul\libc.a(libc_a-closer.o)
 .data          0x00031d34        0x0 c:/intelfpga_lite/23.1std/nios2eds/bin/gnu/h-x86_64-mingw32/bin/../lib/gcc/nios2-elf/12.3.1/../../../../../H-x86_64-mingw32/nios2-elf/lib/mno-hw-mul\libc.a(libc_a-lseekr.o)
 .data          0x00031d34        0x0 c:/intelfpga_lite/23.1std/nios2eds/bin/gnu/h-x86_64-mingw32/bin/../lib/gcc/nios2-elf/12.3.1/../../../../../H-x86_64-mingw32/nios2-elf/lib/mno-hw-mul\libc.a(libc_a-readr.o)
 .data          0x00031d34        0x0 c:/intelfpga_lite/23.1std/nios2eds/bin/gnu/h-x86_64-mingw32/bin/../lib/gcc/nios2-elf/12.3.1/../../../../../H-x86_64-mingw32/nios2-elf/lib/mno-hw-mul\libc.a(libc_a-writer.o)
 .data          0x00031d34        0x0 c:/intelfpga_lite/23.1std/nios2eds/bin/gnu/h-x86_64-mingw32/bin/../lib/gcc/nios2-elf/12.3.1/../../../../../H-x86_64-mingw32/nios2-elf/lib/mno-hw-mul\libc.a(libc_a-exit.o)
 .data          0x00031d34        0x0 c:/intelfpga_lite/23.1std/nios2eds/bin/gnu/h-x86_64-mingw32/bin/../lib/gcc/nios2-elf/12.3.1/../../../../../H-x86_64-mingw32/nios2-elf/lib/mno-hw-mul\libc.a(libc_a-reallocr.o)
 .data          0x00031d34        0x0 c:/intelfpga_lite/23.1std/nios2eds/bin/gnu/h-x86_64-mingw32/bin/../lib/gcc/nios2-elf/12.3.1/../../../../../H-x86_64-mingw32/nios2-elf/lib/mno-hw-mul\libc.a(libc_a-fclose.o)
 .data          0x00031d34        0x0 c:/intelfpga_lite/23.1std/nios2eds/bin/gnu/h-x86_64-mingw32/bin/../lib/gcc/nios2-elf/12.3.1/../../../../../H-x86_64-mingw32/nios2-elf/lib/mno-hw-mul\libc.a(libc_a-fflush.o)
 .data          0x00031d34        0x0 c:/intelfpga_lite/23.1std/nios2eds/bin/gnu/h-x86_64-mingw32/bin/../lib/gcc/nios2-elf/12.3.1/../../../../../H-x86_64-mingw32/nios2-elf/lib/mno-hw-mul\libc.a(libc_a-makebuf.o)
 .data          0x00031d34        0x0 c:/intelfpga_lite/23.1std/nios2eds/bin/gnu/h-x86_64-mingw32/bin/../lib/gcc/nios2-elf/12.3.1/../../../../../H-x86_64-mingw32/nios2-elf/lib/mno-hw-mul\libc.a(libc_a-fstatr.o)
 .data          0x00031d34        0x0 c:/intelfpga_lite/23.1std/nios2eds/bin/gnu/h-x86_64-mingw32/bin/../lib/gcc/nios2-elf/12.3.1/../../../../../H-x86_64-mingw32/nios2-elf/lib/mno-hw-mul\libc.a(libc_a-isattyr.o)
 .data          0x00031d34        0x0 c:/intelfpga_lite/23.1std/nios2eds/bin/gnu/h-x86_64-mingw32/bin/../lib/gcc/nios2-elf/12.3.1/../../../../../H-x86_64-mingw32/nios2-elf/lib/mno-hw-mul\libc.a(libc_a-__call_atexit.o)
 .data          0x00031d34        0x0 c:/Users/guan-ming.dennis-won/Documents/Code/SPI_4_Wire_Serial_Intel_FPGA_IP/software/NIOS_Project_bsp/\libhal_bsp.a(alt_close.o)
 .data          0x00031d34      0x1a8 c:/Users/guan-ming.dennis-won/Documents/Code/SPI_4_Wire_Serial_Intel_FPGA_IP/software/NIOS_Project_bsp/\libhal_bsp.a(alt_dev.o)
                0x00031d34                alt_dev_null
                0x00031d5c                alt_fd_list
 .data          0x00031edc        0x0 c:/Users/guan-ming.dennis-won/Documents/Code/SPI_4_Wire_Serial_Intel_FPGA_IP/software/NIOS_Project_bsp/\libhal_bsp.a(alt_errno.o)
 .data          0x00031edc        0x0 c:/Users/guan-ming.dennis-won/Documents/Code/SPI_4_Wire_Serial_Intel_FPGA_IP/software/NIOS_Project_bsp/\libhal_bsp.a(alt_exit.o)
 .data          0x00031edc        0x0 c:/Users/guan-ming.dennis-won/Documents/Code/SPI_4_Wire_Serial_Intel_FPGA_IP/software/NIOS_Project_bsp/\libhal_bsp.a(alt_fstat.o)
 .data          0x00031edc        0x0 c:/Users/guan-ming.dennis-won/Documents/Code/SPI_4_Wire_Serial_Intel_FPGA_IP/software/NIOS_Project_bsp/\libhal_bsp.a(alt_isatty.o)
 .data          0x00031edc        0x0 c:/Users/guan-ming.dennis-won/Documents/Code/SPI_4_Wire_Serial_Intel_FPGA_IP/software/NIOS_Project_bsp/\libhal_bsp.a(alt_load.o)
 .data          0x00031edc        0x0 c:/Users/guan-ming.dennis-won/Documents/Code/SPI_4_Wire_Serial_Intel_FPGA_IP/software/NIOS_Project_bsp/\libhal_bsp.a(alt_lseek.o)
 .data          0x00031edc        0x0 c:/Users/guan-ming.dennis-won/Documents/Code/SPI_4_Wire_Serial_Intel_FPGA_IP/software/NIOS_Project_bsp/\libhal_bsp.a(alt_main.o)
 .data          0x00031edc        0x0 c:/Users/guan-ming.dennis-won/Documents/Code/SPI_4_Wire_Serial_Intel_FPGA_IP/software/NIOS_Project_bsp/\libhal_bsp.a(alt_malloc_lock.o)
 .data          0x00031edc        0x0 c:/Users/guan-ming.dennis-won/Documents/Code/SPI_4_Wire_Serial_Intel_FPGA_IP/software/NIOS_Project_bsp/\libhal_bsp.a(alt_read.o)
 .data          0x00031edc        0x0 c:/Users/guan-ming.dennis-won/Documents/Code/SPI_4_Wire_Serial_Intel_FPGA_IP/software/NIOS_Project_bsp/\libhal_bsp.a(alt_release_fd.o)
 .data          0x00031edc        0x0 c:/Users/guan-ming.dennis-won/Documents/Code/SPI_4_Wire_Serial_Intel_FPGA_IP/software/NIOS_Project_bsp/\libhal_bsp.a(alt_sbrk.o)
 .data          0x00031edc        0x0 c:/Users/guan-ming.dennis-won/Documents/Code/SPI_4_Wire_Serial_Intel_FPGA_IP/software/NIOS_Project_bsp/\libhal_bsp.a(alt_usleep.o)
 .data          0x00031edc        0x0 c:/Users/guan-ming.dennis-won/Documents/Code/SPI_4_Wire_Serial_Intel_FPGA_IP/software/NIOS_Project_bsp/\libhal_bsp.a(alt_write.o)
 .data          0x00031edc     0x1060 c:/Users/guan-ming.dennis-won/Documents/Code/SPI_4_Wire_Serial_Intel_FPGA_IP/software/NIOS_Project_bsp/\libhal_bsp.a(alt_sys_init.o)
 .data          0x00032f3c        0x0 c:/Users/guan-ming.dennis-won/Documents/Code/SPI_4_Wire_Serial_Intel_FPGA_IP/software/NIOS_Project_bsp/\libhal_bsp.a(altera_avalon_jtag_uart_fd.o)
 .data          0x00032f3c        0x0 c:/Users/guan-ming.dennis-won/Documents/Code/SPI_4_Wire_Serial_Intel_FPGA_IP/software/NIOS_Project_bsp/\libhal_bsp.a(altera_avalon_jtag_uart_init.o)
 .data          0x00032f3c        0x0 c:/Users/guan-ming.dennis-won/Documents/Code/SPI_4_Wire_Serial_Intel_FPGA_IP/software/NIOS_Project_bsp/\libhal_bsp.a(altera_avalon_jtag_uart_ioctl.o)
 .data          0x00032f3c        0x0 c:/Users/guan-ming.dennis-won/Documents/Code/SPI_4_Wire_Serial_Intel_FPGA_IP/software/NIOS_Project_bsp/\libhal_bsp.a(altera_avalon_jtag_uart_read.o)
 .data          0x00032f3c        0x0 c:/Users/guan-ming.dennis-won/Documents/Code/SPI_4_Wire_Serial_Intel_FPGA_IP/software/NIOS_Project_bsp/\libhal_bsp.a(altera_avalon_jtag_uart_write.o)
 .data          0x00032f3c        0x0 c:/Users/guan-ming.dennis-won/Documents/Code/SPI_4_Wire_Serial_Intel_FPGA_IP/software/NIOS_Project_bsp/\libhal_bsp.a(altera_avalon_spi.o)
 .data          0x00032f3c        0x0 c:/Users/guan-ming.dennis-won/Documents/Code/SPI_4_Wire_Serial_Intel_FPGA_IP/software/NIOS_Project_bsp/\libhal_bsp.a(alt_alarm_start.o)
 .data          0x00032f3c        0x0 c:/Users/guan-ming.dennis-won/Documents/Code/SPI_4_Wire_Serial_Intel_FPGA_IP/software/NIOS_Project_bsp/\libhal_bsp.a(alt_busy_sleep.o)
 .data          0x00032f3c        0x0 c:/Users/guan-ming.dennis-won/Documents/Code/SPI_4_Wire_Serial_Intel_FPGA_IP/software/NIOS_Project_bsp/\libhal_bsp.a(alt_dcache_flush_all.o)
 .data          0x00032f3c        0x0 c:/Users/guan-ming.dennis-won/Documents/Code/SPI_4_Wire_Serial_Intel_FPGA_IP/software/NIOS_Project_bsp/\libhal_bsp.a(alt_dev_llist_insert.o)
 .data          0x00032f3c        0x0 c:/Users/guan-ming.dennis-won/Documents/Code/SPI_4_Wire_Serial_Intel_FPGA_IP/software/NIOS_Project_bsp/\libhal_bsp.a(alt_do_ctors.o)
 .data          0x00032f3c        0x0 c:/Users/guan-ming.dennis-won/Documents/Code/SPI_4_Wire_Serial_Intel_FPGA_IP/software/NIOS_Project_bsp/\libhal_bsp.a(alt_do_dtors.o)
 .data          0x00032f3c        0x0 c:/Users/guan-ming.dennis-won/Documents/Code/SPI_4_Wire_Serial_Intel_FPGA_IP/software/NIOS_Project_bsp/\libhal_bsp.a(alt_icache_flush_all.o)
 .data          0x00032f3c        0x0 c:/Users/guan-ming.dennis-won/Documents/Code/SPI_4_Wire_Serial_Intel_FPGA_IP/software/NIOS_Project_bsp/\libhal_bsp.a(alt_iic.o)
 .data          0x00032f3c        0x0 c:/Users/guan-ming.dennis-won/Documents/Code/SPI_4_Wire_Serial_Intel_FPGA_IP/software/NIOS_Project_bsp/\libhal_bsp.a(alt_iic_isr_register.o)
 .data          0x00032f3c        0x0 c:/Users/guan-ming.dennis-won/Documents/Code/SPI_4_Wire_Serial_Intel_FPGA_IP/software/NIOS_Project_bsp/\libhal_bsp.a(alt_io_redirect.o)
 .data          0x00032f3c        0x0 c:/Users/guan-ming.dennis-won/Documents/Code/SPI_4_Wire_Serial_Intel_FPGA_IP/software/NIOS_Project_bsp/\libhal_bsp.a(alt_irq_entry.o)
 .data          0x00032f3c        0x0 c:/Users/guan-ming.dennis-won/Documents/Code/SPI_4_Wire_Serial_Intel_FPGA_IP/software/NIOS_Project_bsp/\libhal_bsp.a(alt_irq_handler.o)
 .data          0x00032f3c        0x0 c:/Users/guan-ming.dennis-won/Documents/Code/SPI_4_Wire_Serial_Intel_FPGA_IP/software/NIOS_Project_bsp/\libhal_bsp.a(alt_irq_vars.o)
 .data          0x00032f3c        0x0 c:/Users/guan-ming.dennis-won/Documents/Code/SPI_4_Wire_Serial_Intel_FPGA_IP/software/NIOS_Project_bsp/\libhal_bsp.a(alt_open.o)
 .data          0x00032f3c        0x0 c:/Users/guan-ming.dennis-won/Documents/Code/SPI_4_Wire_Serial_Intel_FPGA_IP/software/NIOS_Project_bsp/\libhal_bsp.a(alt_tick.o)
 .data          0x00032f3c        0x0 c:/Users/guan-ming.dennis-won/Documents/Code/SPI_4_Wire_Serial_Intel_FPGA_IP/software/NIOS_Project_bsp/\libhal_bsp.a(altera_nios2_gen2_irq.o)
 .data          0x00032f3c        0x0 c:/Users/guan-ming.dennis-won/Documents/Code/SPI_4_Wire_Serial_Intel_FPGA_IP/software/NIOS_Project_bsp/\libhal_bsp.a(alt_exception_entry.o)
 .data          0x00032f3c        0x0 c:/Users/guan-ming.dennis-won/Documents/Code/SPI_4_Wire_Serial_Intel_FPGA_IP/software/NIOS_Project_bsp/\libhal_bsp.a(alt_find_dev.o)
 .data          0x00032f3c        0x0 c:/Users/guan-ming.dennis-won/Documents/Code/SPI_4_Wire_Serial_Intel_FPGA_IP/software/NIOS_Project_bsp/\libhal_bsp.a(alt_find_file.o)
 .data          0x00032f3c        0x0 c:/Users/guan-ming.dennis-won/Documents/Code/SPI_4_Wire_Serial_Intel_FPGA_IP/software/NIOS_Project_bsp/\libhal_bsp.a(alt_get_fd.o)
 .data          0x00032f3c        0x0 c:/Users/guan-ming.dennis-won/Documents/Code/SPI_4_Wire_Serial_Intel_FPGA_IP/software/NIOS_Project_bsp/\libhal_bsp.a(alt_instruction_exception_entry.o)
 .data          0x00032f3c        0x0 c:/intelfpga_lite/23.1std/nios2eds/bin/gnu/h-x86_64-mingw32/bin/../lib/gcc/nios2-elf/12.3.1/../../../../../H-x86_64-mingw32/nios2-elf/lib/mno-hw-mul\libc.a(libc_a-atexit.o)
 .data          0x00032f3c        0x0 c:/intelfpga_lite/23.1std/nios2eds/bin/gnu/h-x86_64-mingw32/bin/../lib/gcc/nios2-elf/12.3.1/../../../../../H-x86_64-mingw32/nios2-elf/lib/mno-hw-mul\libc.a(libc_a-memcmp.o)
 .data          0x00032f3c        0x0 c:/intelfpga_lite/23.1std/nios2eds/bin/gnu/h-x86_64-mingw32/bin/../lib/gcc/nios2-elf/12.3.1/../../../../../H-x86_64-mingw32/nios2-elf/lib/mno-hw-mul\libc.a(libc_a-__atexit.o)
                0x0003af3c                        _gp = ABSOLUTE ((. + 0x8000))
                [!provide]                        PROVIDE (gp = _gp)
 *(.rwdata .rwdata.*)
 *(.sdata .sdata.* .gnu.linkonce.s.*)
 .sdata         0x00032f3c        0x1 obj/default/hello_world.o
 *fill*         0x00032f3d        0x3 
 .sdata         0x00032f40       0x20 obj/default/imported_source/ViCAT_LSC.o
                0x00032f40                OUT_GENERICProcessDataMapping0x1600
                0x00032f48                IN_GENERICProcessDataMapping0x1A00
                0x00032f50                sRxPDOassign
                0x00032f54                sTxPDOassign
                0x00032f58                IN_GENERIC0x6000
                0x00032f5c                OUT_GENERIC0x7000
 .sdata         0x00032f60       0x3c obj/default/imported_source/coeappl.o
                0x00032f60                u32Devicetype
                0x00032f64                sEntryDesc0x1000
                0x00032f6a                sEntryDesc0x1001
                0x00032f70                sEntryDesc0x1008
                0x00032f78                acHardwareversion
                0x00032f7e                sEntryDesc0x1009
                0x00032f84                acSoftwareversion
                0x00032f8a                sEntryDesc0x100A
                0x00032f90                sEntryDesc0x10F8
                0x00032f96                sSyncmanagertype
 .sdata.__malloc_sbrk_base
                0x00032f9c        0x4 c:/intelfpga_lite/23.1std/nios2eds/bin/gnu/h-x86_64-mingw32/bin/../lib/gcc/nios2-elf/12.3.1/../../../../../H-x86_64-mingw32/nios2-elf/lib/mno-hw-mul\libc.a(libc_a-mallocr.o)
                0x00032f9c                __malloc_sbrk_base
 .sdata.__malloc_trim_threshold
                0x00032fa0        0x4 c:/intelfpga_lite/23.1std/nios2eds/bin/gnu/h-x86_64-mingw32/bin/../lib/gcc/nios2-elf/12.3.1/../../../../../H-x86_64-mingw32/nios2-elf/lib/mno-hw-mul\libc.a(libc_a-mallocr.o)
                0x00032fa0                __malloc_trim_threshold
 .sdata._impure_ptr
                0x00032fa4        0x4 c:/intelfpga_lite/23.1std/nios2eds/bin/gnu/h-x86_64-mingw32/bin/../lib/gcc/nios2-elf/12.3.1/../../../../../H-x86_64-mingw32/nios2-elf/lib/mno-hw-mul\libc.a(libc_a-impure.o)
                0x00032fa4                _impure_ptr
 .sdata         0x00032fa8       0x14 c:/Users/guan-ming.dennis-won/Documents/Code/SPI_4_Wire_Serial_Intel_FPGA_IP/software/NIOS_Project_bsp/\libhal_bsp.a(alt_dev.o)
                0x00032fa8                alt_fs_list
                0x00032fb0                alt_dev_list
                0x00032fb8                alt_max_fd
 .sdata         0x00032fbc        0x4 c:/Users/guan-ming.dennis-won/Documents/Code/SPI_4_Wire_Serial_Intel_FPGA_IP/software/NIOS_Project_bsp/\libhal_bsp.a(alt_errno.o)
                0x00032fbc                alt_errno
 .sdata         0x00032fc0        0x4 c:/Users/guan-ming.dennis-won/Documents/Code/SPI_4_Wire_Serial_Intel_FPGA_IP/software/NIOS_Project_bsp/\libhal_bsp.a(alt_sbrk.o)
 .sdata         0x00032fc4        0x4 c:/Users/guan-ming.dennis-won/Documents/Code/SPI_4_Wire_Serial_Intel_FPGA_IP/software/NIOS_Project_bsp/\libhal_bsp.a(alt_irq_vars.o)
                0x00032fc4                alt_priority_mask
 .sdata         0x00032fc8        0x8 c:/Users/guan-ming.dennis-won/Documents/Code/SPI_4_Wire_Serial_Intel_FPGA_IP/software/NIOS_Project_bsp/\libhal_bsp.a(alt_tick.o)
                0x00032fc8                alt_alarm_list
 *(.sdata2 .sdata2.* .gnu.linkonce.s2.*)
                0x00032fd0                        . = ALIGN (0x4)
                0x00032fd0                        _edata = ABSOLUTE (.)
                [!provide]                        PROVIDE (edata = ABSOLUTE (.))
                0x00032fd0                        PROVIDE (__ram_rwdata_end = ABSOLUTE (.))
                0x00032fd0                        PROVIDE (__flash_rwdata_start = LOADADDR (.rwdata))

.bss            0x00034b38      0x89c
                0x00034b38                        __bss_start = ABSOLUTE (.)
                [!provide]                        PROVIDE (__sbss_start = ABSOLUTE (.))
                [!provide]                        PROVIDE (___sbss_start = ABSOLUTE (.))
 *(.dynsbss)
 *(.sbss .sbss.* .gnu.linkonce.sb.*)
 .sbss          0x00034b38        0x4 obj/default/imported_source/ViCAT_LSC.o
 .sbss          0x00034b3c        0x4 obj/default/imported_source/ax58100_hw.o
                0x00034b3c                EscALEvent
                0x00034b3e                bootSwitchID
 .sbss          0x00034b40       0x18 obj/default/imported_source/coeappl.o
                0x00034b40                u64Timestamp
                0x00034b48                u32LastDc32Value
                0x00034b4c                u32CheckForDcOverrunCnt
                0x00034b50                u16ErrorRegister
                0x00034b54                ObjDicList
 .sbss          0x00034b58       0x39 obj/default/imported_source/ecatappl.o
                0x00034b58                bEcatWaitForInputUpdate
                0x00034b59                bEtherCATRunLed
                0x00034b5a                bEtherCATErrorLed
                0x00034b5b                bRunApplication
                0x00034b5c                pAPPL_FoeRead
                0x00034b60                pAPPL_FoeReadData
                0x00034b64                pAPPL_FoeError
                0x00034b68                pAPPL_FoeWrite
                0x00034b6c                pAPPL_FoeWriteData
                0x00034b70                pAPPL_CoeReadInd
                0x00034b74                pAPPL_CoeWriteInd
                0x00034b78                pAPPL_MainLoop
                0x00034b7c                u32CycleTimeStartValue
                0x00034b80                u32MinCycleTimeStartValue
                0x00034b84                u32SystemTimeReadFailure
                0x00034b88                bMinCycleTimeMeasurementStarted
                0x00034b8c                u32MinCycleTimeValue
                0x00034b90                bInitFinished
 *fill*         0x00034b91        0x3 
 .sbss          0x00034b94        0x4 obj/default/imported_source/ecatcoe.o
                0x00034b94                pCoeSendStored
 .sbss          0x00034b98       0x16 obj/default/imported_source/ecatfoe.o
                0x00034b98                u32PacketNo
                0x00034b9c                u32FileOffset
                0x00034ba0                u32LastFileOffset
                0x00034ba4                u16FileAccessState
                0x00034ba8                pFoeSendStored
                0x00034bac                u16FoeMaxSendBlockSize
 .sbss          0x00034bae       0x4b obj/default/imported_source/ecatslv.o
                0x00034bae                bBootMode
                0x00034baf                bEcatOutputUpdateRunning
                0x00034bb0                bEcatInputUpdateRunning
                0x00034bb1                bEcatFirstOutputsReceived
                0x00034bb2                bWdTrigger
                0x00034bb3                bDcSyncActive
                0x00034bb4                EsmTimeoutCounter
                0x00034bb6                bDcRunning
                0x00034bb8                u16SmSync0Counter
                0x00034bba                u16SmSync0Value
                0x00034bbc                bSmSyncSequenceValid
                0x00034bbe                i16WaitForPllRunningTimeout
                0x00034bc0                i16WaitForPllRunningCnt
                0x00034bc2                Sync0WdCounter
                0x00034bc4                Sync0WdValue
                0x00034bc6                Sync1WdCounter
                0x00034bc8                Sync1WdValue
                0x00034bca                LatchInputSync0Value
                0x00034bcc                LatchInputSync0Counter
                0x00034bce                b32BitDc
                0x00034bcf                bEscIntEnabled
                0x00034bd0                b3BufferMode
                0x00034bd2                u16LocalErrorCode
                0x00034bd4                u8LocalErrorState
                0x00034bd5                bApplEsmPending
                0x00034bd6                bEcatWaitForAlControlRes
                0x00034bd8                nEcatStateTrans
                0x00034bda                nPdInputSize
                0x00034bdc                nPdOutputSize
                0x00034bde                nMaxSyncMan
                0x00034be0                nMaxEscAddress
                0x00034be2                nAlStatus
                0x00034be3                bExplicitDevIdRequested
                0x00034be4                EcatWdValue
                0x00034be6                nEscAddrOutputData
                0x00034be8                nEscAddrInputData
                0x00034bea                u16ALEventMask
                0x00034bec                u16IdValue
                0x00034bee                u8dummy
                0x00034bef                SMActivate
                0x00034bf0                SyncManInfo
                0x00034bf8                EepromLoaded
 *fill*         0x00034bf9        0x3 
 .sbss          0x00034bfc       0x21 obj/default/imported_source/mailbox.o
                0x00034bfc                bReceiveMbxIsLocked
                0x00034bfd                bSendMbxIsFull
                0x00034bfe                bMbxRunning
                0x00034bff                bMbxRepeatToggle
                0x00034c00                u16SendMbxSize
                0x00034c02                u16ReceiveMbxSize
                0x00034c04                u16EscAddrReceiveMbx
                0x00034c06                u16EscAddrSendMbx
                0x00034c08                u8MbxWriteCounter
                0x00034c09                u8MbxReadCounter
                0x00034c0a                u8MailboxSendReqStored
                0x00034c0c                psWriteMbx
                0x00034c10                psReadMbx
                0x00034c14                psRepeatMbx
                0x00034c18                psStoreMbx
                0x00034c1c                bNoMbxMemoryAvailable
 *fill*         0x00034c1d        0x1 
 .sbss          0x00034c1e        0x4 obj/default/imported_source/objdef.o
                0x00034c1e                bSyncSetByUser
                0x00034c20                sCycleDiag
 *fill*         0x00034c22        0x2 
 .sbss          0x00034c24       0x3c obj/default/imported_source/sdoserv.o
                0x00034c24                u8PendingSdo
                0x00034c25                bStoreCompleteAccess
                0x00034c26                u8StoreSubindex
                0x00034c28                u16StoreIndex
                0x00034c2c                u32StoreDataSize
                0x00034c30                pStoreData
                0x00034c34                pSdoPendFunc
                0x00034c38                pSdoSegData
                0x00034c3c                nSdoInfoFragmentsLeft
                0x00034c3e                nSdoInfoIndex
                0x00034c40                pSdoInfoObjEntry
                0x00034c44                pSdoResStored
                0x00034c48                bSdoInWork
                0x00034c49                nSdoSegService
                0x00034c4a                bSdoSegFollows
                0x00034c4b                bSdoSegAccess
                0x00034c4c                nSdoSegIndex
                0x00034c4e                nSdoSegSubindex
                0x00034c50                nSdoSegBytesToHandle
                0x00034c54                bSdoSegLastToggle
                0x00034c58                nSdoSegCompleteSize
                0x00034c5c                pSdoSegObjEntry
 .sbss.__malloc_max_total_mem
                0x00034c60        0x4 c:/intelfpga_lite/23.1std/nios2eds/bin/gnu/h-x86_64-mingw32/bin/../lib/gcc/nios2-elf/12.3.1/../../../../../H-x86_64-mingw32/nios2-elf/lib/mno-hw-mul\libc.a(libc_a-mallocr.o)
                0x00034c60                __malloc_max_total_mem
 .sbss.__malloc_max_sbrked_mem
                0x00034c64        0x4 c:/intelfpga_lite/23.1std/nios2eds/bin/gnu/h-x86_64-mingw32/bin/../lib/gcc/nios2-elf/12.3.1/../../../../../H-x86_64-mingw32/nios2-elf/lib/mno-hw-mul\libc.a(libc_a-mallocr.o)
                0x00034c64                __malloc_max_sbrked_mem
 .sbss.__malloc_top_pad
                0x00034c68        0x4 c:/intelfpga_lite/23.1std/nios2eds/bin/gnu/h-x86_64-mingw32/bin/../lib/gcc/nios2-elf/12.3.1/../../../../../H-x86_64-mingw32/nios2-elf/lib/mno-hw-mul\libc.a(libc_a-mallocr.o)
                0x00034c68                __malloc_top_pad
 .sbss.errno    0x00034c6c        0x4 c:/intelfpga_lite/23.1std/nios2eds/bin/gnu/h-x86_64-mingw32/bin/../lib/gcc/nios2-elf/12.3.1/../../../../../H-x86_64-mingw32/nios2-elf/lib/mno-hw-mul\libc.a(libc_a-int_errno.o)
                0x00034c6c                errno
 .sbss.__stdio_exit_handler
                0x00034c70        0x4 c:/intelfpga_lite/23.1std/nios2eds/bin/gnu/h-x86_64-mingw32/bin/../lib/gcc/nios2-elf/12.3.1/../../../../../H-x86_64-mingw32/nios2-elf/lib/mno-hw-mul\libc.a(libc_a-exit.o)
                0x00034c70                __stdio_exit_handler
 .sbss.__atexit
                0x00034c74        0x4 c:/intelfpga_lite/23.1std/nios2eds/bin/gnu/h-x86_64-mingw32/bin/../lib/gcc/nios2-elf/12.3.1/../../../../../H-x86_64-mingw32/nios2-elf/lib/mno-hw-mul\libc.a(libc_a-__call_atexit.o)
                0x00034c74                __atexit
 .sbss          0x00034c78        0xc c:/Users/guan-ming.dennis-won/Documents/Code/SPI_4_Wire_Serial_Intel_FPGA_IP/software/NIOS_Project_bsp/\libhal_bsp.a(alt_main.o)
                0x00034c78                alt_argc
                0x00034c7c                alt_argv
                0x00034c80                alt_envp
 .sbss          0x00034c84        0x4 c:/Users/guan-ming.dennis-won/Documents/Code/SPI_4_Wire_Serial_Intel_FPGA_IP/software/NIOS_Project_bsp/\libhal_bsp.a(alt_irq_vars.o)
                0x00034c84                alt_irq_active
 .sbss          0x00034c88        0xc c:/Users/guan-ming.dennis-won/Documents/Code/SPI_4_Wire_Serial_Intel_FPGA_IP/software/NIOS_Project_bsp/\libhal_bsp.a(alt_tick.o)
                0x00034c88                _alt_tick_rate
                0x00034c8c                _alt_nticks
 .sbss          0x00034c94        0x4 c:/Users/guan-ming.dennis-won/Documents/Code/SPI_4_Wire_Serial_Intel_FPGA_IP/software/NIOS_Project_bsp/\libhal_bsp.a(alt_instruction_exception_entry.o)
                0x00034c94                alt_instruction_exception_handler
 *(.sbss2 .sbss2.* .gnu.linkonce.sb2.*)
 *(.scommon)
                [!provide]                        PROVIDE (__sbss_end = ABSOLUTE (.))
                [!provide]                        PROVIDE (___sbss_end = ABSOLUTE (.))
 *(.dynbss)
 *(.bss .bss.* .gnu.linkonce.b.*)
 .bss           0x00034c98        0x0 c:/Users/guan-ming.dennis-won/Documents/Code/SPI_4_Wire_Serial_Intel_FPGA_IP/software/NIOS_Project_bsp//obj/HAL/src/crt0.o
 .bss           0x00034c98        0x0 obj/default/hello_world.o
 .bss           0x00034c98        0x0 obj/default/imported_source/ViCAT_LSC.o
 .bss           0x00034c98       0x18 obj/default/imported_source/ax58100_hw.o
                0x00034c98                spiTxBuf
                0x00034ca4                spiRxBuf
 .bss           0x00034cb0        0x0 obj/default/imported_source/bootmode.o
 .bss           0x00034cb0        0x0 obj/default/imported_source/coeappl.o
 .bss           0x00034cb0      0x234 obj/default/imported_source/ecatappl.o
                0x00034cb0                aPdOutputData
                0x00034cc0                aPdInputData
 .bss           0x00034ee4        0x0 obj/default/imported_source/ecatcoe.o
 .bss           0x00034ee4        0x0 obj/default/imported_source/ecatfoe.o
 .bss           0x00034ee4        0x0 obj/default/imported_source/ecatslv.o
 .bss           0x00034ee4        0x0 obj/default/imported_source/foeappl.o
 .bss           0x00034ee4       0x68 obj/default/imported_source/mailbox.o
                0x00034ee4                sMbxSendQueue
                0x00034f18                sMbxReceiveQueue
 .bss           0x00034f4c       0x88 obj/default/imported_source/objdef.o
                0x00034f4c                sSyncManOutPar
                0x00034f90                sSyncManInPar
 .bss           0x00034fd4       0x10 obj/default/imported_source/sdoserv.o
                0x00034fd4                aSdoInfoHeader
 .bss           0x00034fe4        0x0 obj/default/peripheral/peripheral_linker.o
 .bss           0x00034fe4        0x0 c:/intelfpga_lite/23.1std/nios2eds/bin/gnu/h-x86_64-mingw32/bin/../lib/gcc/nios2-elf/12.3.1/mno-hw-mul\libgcc.a(lib2-divmod.o)
 .bss           0x00034fe4        0x0 c:/intelfpga_lite/23.1std/nios2eds/bin/gnu/h-x86_64-mingw32/bin/../lib/gcc/nios2-elf/12.3.1/mno-hw-mul\libgcc.a(lib2-mul.o)
 .bss           0x00034fe4        0x0 c:/intelfpga_lite/23.1std/nios2eds/bin/gnu/h-x86_64-mingw32/bin/../lib/gcc/nios2-elf/12.3.1/../../../../../H-x86_64-mingw32/nios2-elf/lib/mno-hw-mul\libc.a(libc_a-malloc.o)
 .bss           0x00034fe4        0x0 c:/intelfpga_lite/23.1std/nios2eds/bin/gnu/h-x86_64-mingw32/bin/../lib/gcc/nios2-elf/12.3.1/../../../../../H-x86_64-mingw32/nios2-elf/lib/mno-hw-mul\libc.a(libc_a-mallocr.o)
 .bss.__malloc_current_mallinfo
                0x00034fe4       0x28 c:/intelfpga_lite/23.1std/nios2eds/bin/gnu/h-x86_64-mingw32/bin/../lib/gcc/nios2-elf/12.3.1/../../../../../H-x86_64-mingw32/nios2-elf/lib/mno-hw-mul\libc.a(libc_a-mallocr.o)
                0x00034fe4                __malloc_current_mallinfo
 .bss           0x0003500c        0x0 c:/intelfpga_lite/23.1std/nios2eds/bin/gnu/h-x86_64-mingw32/bin/../lib/gcc/nios2-elf/12.3.1/../../../../../H-x86_64-mingw32/nios2-elf/lib/mno-hw-mul\libc.a(libc_a-puts.o)
 .bss           0x0003500c        0x0 c:/intelfpga_lite/23.1std/nios2eds/bin/gnu/h-x86_64-mingw32/bin/../lib/gcc/nios2-elf/12.3.1/../../../../../H-x86_64-mingw32/nios2-elf/lib/mno-hw-mul\libc.a(libc_a-memcpy.o)
 .bss           0x0003500c        0x0 c:/intelfpga_lite/23.1std/nios2eds/bin/gnu/h-x86_64-mingw32/bin/../lib/gcc/nios2-elf/12.3.1/../../../../../H-x86_64-mingw32/nios2-elf/lib/mno-hw-mul\libc.a(libc_a-memset.o)
 .bss           0x0003500c        0x0 c:/intelfpga_lite/23.1std/nios2eds/bin/gnu/h-x86_64-mingw32/bin/../lib/gcc/nios2-elf/12.3.1/../../../../../H-x86_64-mingw32/nios2-elf/lib/mno-hw-mul\libc.a(libc_a-strlen.o)
 .bss           0x0003500c        0x0 c:/intelfpga_lite/23.1std/nios2eds/bin/gnu/h-x86_64-mingw32/bin/../lib/gcc/nios2-elf/12.3.1/../../../../../H-x86_64-mingw32/nios2-elf/lib/mno-hw-mul\libc.a(libc_a-impure.o)
 .bss           0x0003500c        0x0 c:/intelfpga_lite/23.1std/nios2eds/bin/gnu/h-x86_64-mingw32/bin/../lib/gcc/nios2-elf/12.3.1/../../../../../H-x86_64-mingw32/nios2-elf/lib/mno-hw-mul\libc.a(libc_a-sbrkr.o)
 .bss           0x0003500c        0x0 c:/intelfpga_lite/23.1std/nios2eds/bin/gnu/h-x86_64-mingw32/bin/../lib/gcc/nios2-elf/12.3.1/../../../../../H-x86_64-mingw32/nios2-elf/lib/mno-hw-mul\libc.a(libc_a-freer.o)
 .bss           0x0003500c        0x0 c:/intelfpga_lite/23.1std/nios2eds/bin/gnu/h-x86_64-mingw32/bin/../lib/gcc/nios2-elf/12.3.1/../../../../../H-x86_64-mingw32/nios2-elf/lib/mno-hw-mul\libc.a(libc_a-findfp.o)
 .bss.__sf      0x0003500c      0x138 c:/intelfpga_lite/23.1std/nios2eds/bin/gnu/h-x86_64-mingw32/bin/../lib/gcc/nios2-elf/12.3.1/../../../../../H-x86_64-mingw32/nios2-elf/lib/mno-hw-mul\libc.a(libc_a-findfp.o)
                0x0003500c                __sf
 .bss           0x00035144        0x0 c:/intelfpga_lite/23.1std/nios2eds/bin/gnu/h-x86_64-mingw32/bin/../lib/gcc/nios2-elf/12.3.1/../../../../../H-x86_64-mingw32/nios2-elf/lib/mno-hw-mul\libc.a(libc_a-fvwrite.o)
 .bss           0x00035144        0x0 c:/intelfpga_lite/23.1std/nios2eds/bin/gnu/h-x86_64-mingw32/bin/../lib/gcc/nios2-elf/12.3.1/../../../../../H-x86_64-mingw32/nios2-elf/lib/mno-hw-mul\libc.a(libc_a-fwalk.o)
 .bss           0x00035144        0x0 c:/intelfpga_lite/23.1std/nios2eds/bin/gnu/h-x86_64-mingw32/bin/../lib/gcc/nios2-elf/12.3.1/../../../../../H-x86_64-mingw32/nios2-elf/lib/mno-hw-mul\libc.a(libc_a-stdio.o)
 .bss           0x00035144        0x0 c:/intelfpga_lite/23.1std/nios2eds/bin/gnu/h-x86_64-mingw32/bin/../lib/gcc/nios2-elf/12.3.1/../../../../../H-x86_64-mingw32/nios2-elf/lib/mno-hw-mul\libc.a(libc_a-wsetup.o)
 .bss           0x00035144        0x0 c:/intelfpga_lite/23.1std/nios2eds/bin/gnu/h-x86_64-mingw32/bin/../lib/gcc/nios2-elf/12.3.1/../../../../../H-x86_64-mingw32/nios2-elf/lib/mno-hw-mul\libc.a(libc_a-memchr.o)
 .bss           0x00035144        0x0 c:/intelfpga_lite/23.1std/nios2eds/bin/gnu/h-x86_64-mingw32/bin/../lib/gcc/nios2-elf/12.3.1/../../../../../H-x86_64-mingw32/nios2-elf/lib/mno-hw-mul\libc.a(libc_a-memmove.o)
 .bss           0x00035144        0x0 c:/intelfpga_lite/23.1std/nios2eds/bin/gnu/h-x86_64-mingw32/bin/../lib/gcc/nios2-elf/12.3.1/../../../../../H-x86_64-mingw32/nios2-elf/lib/mno-hw-mul\libc.a(libc_a-int_errno.o)
 .bss           0x00035144        0x0 c:/intelfpga_lite/23.1std/nios2eds/bin/gnu/h-x86_64-mingw32/bin/../lib/gcc/nios2-elf/12.3.1/../../../../../H-x86_64-mingw32/nios2-elf/lib/mno-hw-mul\libc.a(libc_a-closer.o)
 .bss           0x00035144        0x0 c:/intelfpga_lite/23.1std/nios2eds/bin/gnu/h-x86_64-mingw32/bin/../lib/gcc/nios2-elf/12.3.1/../../../../../H-x86_64-mingw32/nios2-elf/lib/mno-hw-mul\libc.a(libc_a-lseekr.o)
 .bss           0x00035144        0x0 c:/intelfpga_lite/23.1std/nios2eds/bin/gnu/h-x86_64-mingw32/bin/../lib/gcc/nios2-elf/12.3.1/../../../../../H-x86_64-mingw32/nios2-elf/lib/mno-hw-mul\libc.a(libc_a-readr.o)
 .bss           0x00035144        0x0 c:/intelfpga_lite/23.1std/nios2eds/bin/gnu/h-x86_64-mingw32/bin/../lib/gcc/nios2-elf/12.3.1/../../../../../H-x86_64-mingw32/nios2-elf/lib/mno-hw-mul\libc.a(libc_a-writer.o)
 .bss           0x00035144        0x0 c:/intelfpga_lite/23.1std/nios2eds/bin/gnu/h-x86_64-mingw32/bin/../lib/gcc/nios2-elf/12.3.1/../../../../../H-x86_64-mingw32/nios2-elf/lib/mno-hw-mul\libc.a(libc_a-exit.o)
 .bss           0x00035144        0x0 c:/intelfpga_lite/23.1std/nios2eds/bin/gnu/h-x86_64-mingw32/bin/../lib/gcc/nios2-elf/12.3.1/../../../../../H-x86_64-mingw32/nios2-elf/lib/mno-hw-mul\libc.a(libc_a-reallocr.o)
 .bss           0x00035144        0x0 c:/intelfpga_lite/23.1std/nios2eds/bin/gnu/h-x86_64-mingw32/bin/../lib/gcc/nios2-elf/12.3.1/../../../../../H-x86_64-mingw32/nios2-elf/lib/mno-hw-mul\libc.a(libc_a-fclose.o)
 .bss           0x00035144        0x0 c:/intelfpga_lite/23.1std/nios2eds/bin/gnu/h-x86_64-mingw32/bin/../lib/gcc/nios2-elf/12.3.1/../../../../../H-x86_64-mingw32/nios2-elf/lib/mno-hw-mul\libc.a(libc_a-fflush.o)
 .bss           0x00035144        0x0 c:/intelfpga_lite/23.1std/nios2eds/bin/gnu/h-x86_64-mingw32/bin/../lib/gcc/nios2-elf/12.3.1/../../../../../H-x86_64-mingw32/nios2-elf/lib/mno-hw-mul\libc.a(libc_a-makebuf.o)
 .bss           0x00035144        0x0 c:/intelfpga_lite/23.1std/nios2eds/bin/gnu/h-x86_64-mingw32/bin/../lib/gcc/nios2-elf/12.3.1/../../../../../H-x86_64-mingw32/nios2-elf/lib/mno-hw-mul\libc.a(libc_a-fstatr.o)
 .bss           0x00035144        0x0 c:/intelfpga_lite/23.1std/nios2eds/bin/gnu/h-x86_64-mingw32/bin/../lib/gcc/nios2-elf/12.3.1/../../../../../H-x86_64-mingw32/nios2-elf/lib/mno-hw-mul\libc.a(libc_a-isattyr.o)
 .bss           0x00035144        0x0 c:/intelfpga_lite/23.1std/nios2eds/bin/gnu/h-x86_64-mingw32/bin/../lib/gcc/nios2-elf/12.3.1/../../../../../H-x86_64-mingw32/nios2-elf/lib/mno-hw-mul\libc.a(libc_a-__call_atexit.o)
 .bss           0x00035144        0x0 c:/Users/guan-ming.dennis-won/Documents/Code/SPI_4_Wire_Serial_Intel_FPGA_IP/software/NIOS_Project_bsp/\libhal_bsp.a(alt_close.o)
 .bss           0x00035144        0x0 c:/Users/guan-ming.dennis-won/Documents/Code/SPI_4_Wire_Serial_Intel_FPGA_IP/software/NIOS_Project_bsp/\libhal_bsp.a(alt_dev.o)
 .bss           0x00035144        0x0 c:/Users/guan-ming.dennis-won/Documents/Code/SPI_4_Wire_Serial_Intel_FPGA_IP/software/NIOS_Project_bsp/\libhal_bsp.a(alt_errno.o)
 .bss           0x00035144        0x0 c:/Users/guan-ming.dennis-won/Documents/Code/SPI_4_Wire_Serial_Intel_FPGA_IP/software/NIOS_Project_bsp/\libhal_bsp.a(alt_exit.o)
 .bss           0x00035144        0x0 c:/Users/guan-ming.dennis-won/Documents/Code/SPI_4_Wire_Serial_Intel_FPGA_IP/software/NIOS_Project_bsp/\libhal_bsp.a(alt_fstat.o)